******************************************************************************
            TI ARM Clang Linker PC v4.0.4                      
******************************************************************************
>> Linked Tue Jul 28 16:47:44 2026

OUTPUT FILE NAME:   <ElcContestTest.out>
ENTRY POINT SYMBOL: "_c_int00_noargs"  address: 00005289


MEMORY CONFIGURATION

         name            origin    length      used     unused   attr    fill
----------------------  --------  ---------  --------  --------  ----  --------
  FLASH                 00000000   00020000  00008b08  000174f8  R  X
  SRAM                  20200000   00008000  000004e2  00007b1e  RW X
  BCR_CONFIG            41c00000   000000ff  00000060  0000009f  R   
  BSL_CONFIG            41c00100   00000080  00000058  00000028  R   


SEGMENT ALLOCATION MAP

run origin  load origin   length   init length attrs members
----------  ----------- ---------- ----------- ----- -------
00000000    00000000    00008b08   00008b08    r-x
  00000000    00000000    000000c0   000000c0    r-- .intvecs
  000000c0    000000c0    00005430   00005430    r-x .text
  000054f0    000054f0    000035d0   000035d0    r-- .rodata
  00008ac0    00008ac0    00000048   00000048    r-- .cinit
20200000    20200000    000002e4   00000000    rw-
  20200000    20200000    0000025a   00000000    rw- .bss
  2020025c    2020025c    00000088   00000000    rw- .data
20207e00    20207e00    00000200   00000000    rw-
  20207e00    20207e00    00000200   00000000    rw- .stack
41c00000    41c00000    00000060   00000060    r--
  41c00000    41c00000    00000060   00000060    r-- .BCRConfig
41c00100    41c00100    00000058   00000058    r--
  41c00100    41c00100    00000058   00000058    r-- .BSLConfig


SECTION ALLOCATION MAP

 output                                  attributes/
section   page    origin      length       input sections
--------  ----  ----------  ----------   ----------------
.intvecs   0    00000000    000000c0     
                  00000000    000000c0     startup_mspm0g350x_ticlang.o (.intvecs)

.text      0    000000c0    00005430     
                  000000c0    00000de8     lcd_init.o (.text.LCD_Init)
                  00000ea8    000009d0     libc.a : _printfi.c.obj (.text:__TI_printfi)
                  00001878    00000400     lcd.o (.text.LCD_ShowChar)
                  00001c78    000002c0     lcd.o (.text.LCD_Fill)
                  00001f38    00000294     IMU.o (.text.CopeSerial2Data)
                  000021cc    0000022c     lcd_init.o (.text.LCD_Address_Set)
                  000023f8    00000220     libc.a : _printfi.c.obj (.text._pconv_a)
                  00002618    00000214     empty.o (.text.Run_Turn)
                  0000282c    000001dc     libc.a : _printfi.c.obj (.text._pconv_g)
                  00002a08    000001d0     empty.o (.text.Run_Track)
                  00002bd8    00000192     libclang_rt.builtins.a : adddf3.S.obj (.text.adddf3_subdf3)
                  00002d6a    00000002     startup_mspm0g350x_ticlang.o (.text.Default_Handler)
                  00002d6c    0000016c     empty.o (.text.PID_Get)
                  00002ed8    00000154     YAW_PID.o (.text.YawPID_Compute)
                  0000302c    0000013c     empty.o (.text.Show_Init)
                  00003168    0000013c     libc.a : _printfi.c.obj (.text.fcvt)
                  000032a4    00000124     ti_msp_dl_config.o (.text.SYSCFG_DL_GPIO_init)
                  000033c8    00000120     libc.a : _printfi.c.obj (.text._pconv_e)
                  000034e8    0000011c     empty.o (.text.main)
                  00003604    0000010c     libclang_rt.builtins.a : divdf3.S.obj (.text.__divdf3)
                  00003710    00000104     driverlib.a : dl_timer.o (.text.DL_Timer_initFourCCPWMMode)
                  00003814    000000fc                 : dl_timer.o (.text.DL_Timer_initTimerMode)
                  00003910    000000e4     empty.o (.text.Run_AngleHold)
                  000039f4    000000e4     libclang_rt.builtins.a : muldf3.S.obj (.text.__muldf3)
                  00003ad8    000000e0     empty.o (.text.ALL_Init)
                  00003bb8    000000e0     empty.o (.text.Velocity_Get)
                  00003c98    000000d8     libc.a : s_scalbn.c.obj (.text.scalbn)
                  00003d70    000000d8     libclang_rt.builtins.a : addsf3.S.obj (.text)
                  00003e48    000000d4     board.o (.text.uart0_send_SendByte)
                  00003f1c    000000a8     TRACK.o (.text.Track_Get)
                  00003fc4    000000a2     libclang_rt.builtins.a : udivmoddi4.S.obj (.text)
                  00004066    0000009a     libc.a : memcpy16.S.obj (.text:memcpy)
                  00004100    0000008c     libclang_rt.builtins.a : mulsf3.S.obj (.text.__mulsf3)
                  0000418c    00000082                            : divsf3.S.obj (.text.__divsf3)
                  0000420e    00000002                            : aeabi_div0.c.obj (.text.__aeabi_idiv0)
                  00004210    0000007c     libc.a : copy_decompress_lzss.c.obj (.text:decompress:lzss)
                  0000428c    00000074     ti_msp_dl_config.o (.text.SYSCFG_DL_PWM_0_init)
                  00004300    00000074     ti_msp_dl_config.o (.text.SYSCFG_DL_PWM_1_init)
                  00004374    00000074     libclang_rt.builtins.a : comparedf2.c.obj (.text.__gedf2)
                  000043e8    00000008     IMU.o (.text.IMU_Init)
                  000043f0    00000074     libclang_rt.builtins.a : truncdfsf2.S.obj (.text.__truncdfsf2)
                  00004464    00000070     lcd_init.o (.text.LCD_WR_DATA)
                  000044d4    00000070     ti_msp_dl_config.o (.text.SYSCFG_DL_UART_0_init)
                  00004544    00000070     ti_msp_dl_config.o (.text.SYSCFG_DL_UART_1_init)
                  000045b4    00000070     ti_msp_dl_config.o (.text.SYSCFG_DL_initPower)
                  00004624    00000068     libclang_rt.builtins.a : comparedf2.c.obj (.text.__ledf2)
                  0000468c    00000066     libc.a : _printfi.c.obj (.text._mcpy)
                  000046f2    00000002     libclang_rt.builtins.a : aeabi_div0.c.obj (.text.__aeabi_ldiv0)
                  000046f4    00000062                            : aeabi_dcmp.S.obj (.text.__aeabi_dcmp)
                  00004756    00000002     --HOLE-- [fill = 0]
                  00004758    00000062                            : aeabi_fcmp.S.obj (.text.__aeabi_fcmp)
                  000047ba    00000062     libc.a : memset16.S.obj (.text:memset)
                  0000481c    0000005c            : s_frexp.c.obj (.text.frexp)
                  00004878    00000058     ENCODER.o (.text.GROUP1_IRQHandler)
                  000048d0    00000058     libc.a : _ltoa.c.obj (.text.__TI_ltoa)
                  00004928    00000058            : _printfi.c.obj (.text._pconv_f)
                  00004980    00000056     libclang_rt.builtins.a : aeabi_idivmod.S.obj (.text.__aeabi_idivmod)
                  000049d6    00000052     libc.a : _printfi.c.obj (.text._ecpy)
                  00004a28    00000050     ti_msp_dl_config.o (.text.SYSCFG_DL_TIMER_TICK_init)
                  00004a78    0000004c     BLINK.o (.text.BUZZER_Blink)
                  00004ac4    0000004c     BLINK.o (.text.LED_Blink)
                  00004b10    0000004c     ti_msp_dl_config.o (.text.SYSCFG_DL_SPI_LCD_init)
                  00004b5c    0000004c     ti_msp_dl_config.o (.text.SYSCFG_DL_SYSCTL_init)
                  00004ba8    0000004c     TRACK.o (.text.Track_GetBits)
                  00004bf4    0000004a     lcd.o (.text.LCD_ShowString)
                  00004c3e    00000002     --HOLE-- [fill = 0]
                  00004c40    0000004a     libclang_rt.builtins.a : fixdfsi.S.obj (.text.__fixdfsi)
                  00004c8a    00000002     --HOLE-- [fill = 0]
                  00004c8c    00000048     driverlib.a : dl_uart.o (.text.DL_UART_init)
                  00004cd4    00000048     ti_msp_dl_config.o (.text.SYSCFG_DL_init)
                  00004d1c    00000044     driverlib.a : dl_spi.o (.text.DL_SPI_init)
                  00004d60    00000044     board.o (.text.UART0_Init)
                  00004da4    00000040     libclang_rt.builtins.a : aeabi_uidivmod.S.obj (.text.__aeabi_uidivmod)
                  00004de4    00000040                            : extendsfdf2.S.obj (.text.__extendsfdf2)
                  00004e24    00000040     libc.a : atoi.c.obj (.text.atoi)
                  00004e64    0000003c     MOTOR.o (.text.AO_Control)
                  00004ea0    0000003c     MOTOR.o (.text.BO_Control)
                  00004edc    0000003c     libclang_rt.builtins.a : floatsisf.S.obj (.text.__floatsisf)
                  00004f18    0000003c                            : comparesf2.S.obj (.text.__gtsf2)
                  00004f54    0000003c     libc.a : autoinit.c.obj (.text:__TI_auto_init_nobinit_nopinit)
                  00004f90    0000003a     libclang_rt.builtins.a : comparesf2.S.obj (.text.__eqsf2)
                  00004fca    00000002     --HOLE-- [fill = 0]
                  00004fcc    0000003a                            : muldsi3.S.obj (.text.__muldsi3)
                  00005006    00000002     --HOLE-- [fill = 0]
                  00005008    00000038     ENCODER.o (.text.Encoder_Get)
                  00005040    00000038     libclang_rt.builtins.a : fixsfsi.S.obj (.text.__fixsfsi)
                  00005078    00000038     IMU.o (.text.sendCaliYawCommand)
                  000050b0    00000038     libc.a : sprintf.c.obj (.text.sprintf)
                  000050e8    00000034     YAW_PID.o (.text.YawPID_Init)
                  0000511c    00000034     board.o (.text.uart1_sendString)
                  00005150    00000032     libclang_rt.builtins.a : fixunssfsi.S.obj (.text.__fixunssfsi)
                  00005182    00000002     --HOLE-- [fill = 0]
                  00005184    00000030     ENCODER.o (.text.Encoder_Init)
                  000051b4    00000030     libc.a : _printfi.c.obj (.text._fcpy)
                  000051e4    0000002c     libclang_rt.builtins.a : floatsidf.S.obj (.text.__floatsidf)
                  00005210    00000028     empty.o (.text.TIMA1_IRQHandler)
                  00005238    00000028     IMU.o (.text.UART0_IRQHandler)
                  00005260    00000028     libclang_rt.builtins.a : floatunsisf.S.obj (.text.__floatunsisf)
                  00005288    00000028     libc.a : boot_cortex_m.c.obj (.text:_c_int00_noargs)
                  000052b0    00000024     libclang_rt.builtins.a : muldi3.S.obj (.text.__muldi3)
                  000052d4    00000022     libc.a : memccpy.c.obj (.text.memccpy)
                  000052f6    00000002     --HOLE-- [fill = 0]
                  000052f8    0000001e     libclang_rt.builtins.a : ashldi3.S.obj (.text.__ashldi3)
                  00005316    00000002     --HOLE-- [fill = 0]
                  00005318    0000001c     driverlib.a : dl_timer.o (.text.DL_Timer_setCaptCompUpdateMethod)
                  00005334    0000001c                 : dl_timer.o (.text.DL_Timer_setClockConfig)
                  00005350    00000018                 : dl_timer.o (.text.DL_Timer_setCaptureCompareOutCtl)
                  00005368    00000018     YAW_PID.o (.text.YawPID_Enable)
                  00005380    00000018     libc.a : sprintf.c.obj (.text._outs)
                  00005398    00000016            : copy_zero_init.c.obj (.text:decompress:ZI:__TI_zero_init_nomemset)
                  000053ae    00000002     --HOLE-- [fill = 0]
                  000053b0    00000014     libclang_rt.builtins.a : aeabi_uldivmod.S.obj (.text.__aeabi_uldivmod)
                  000053c4    00000014     libc.a : _printfi.c.obj (.text.strchr)
                  000053d8    00000012     driverlib.a : dl_spi.o (.text.DL_SPI_setClockConfig)
                  000053ea    00000012                 : dl_uart.o (.text.DL_UART_setClockConfig)
                  000053fc    00000012     libc.a : copy_decompress_none.c.obj (.text:decompress:none)
                  0000540e    00000002     --HOLE-- [fill = 0]
                  00005410    00000010     driverlib.a : dl_timer.o (.text.DL_Timer_setCaptureCompareValue)
                  00005420    00000010     libc.a : wcslen.c.obj (.text.wcslen)
                  00005430    0000000e     board.o (.text.Delay_ms)
                  0000543e    00000002     --HOLE-- [fill = 0]
                  00005440    0000000e     libclang_rt.builtins.a : aeabi_memset.S.obj (.text.__aeabi_memset)
                  0000544e    0000000e     libc.a : _printfi.c.obj (.text.strlen)
                  0000545c    0000000c     ZIGBEE.o (.text.UART2_IRQHandler)
                  00005468    0000000c     IMU.o (.text.Yaw)
                  00005474    0000000c     YAW_PID.o (.text.YawPID_ResetIntegral)
                  00005480    0000000c     YAW_PID.o (.text.YawPID_SetTarget)
                  0000548c    0000000a     driverlib.a : dl_common.o (.text.DL_Common_delayCycles)
                  00005496    0000000a     libc.a : _printfi.c.obj (.text.OUTLINED_FUNCTION_0)
                  000054a0    00000010     libclang_rt.builtins.a : adddf3.S.obj (.tramp.__aeabi_dsub.1)
                  000054b0    0000000a     libc.a : _printfi.c.obj (.text.OUTLINED_FUNCTION_1)
                  000054ba    0000000a            : sprintf.c.obj (.text._outc)
                  000054c4    00000008            : aeabi_portable.c.obj (.text.__aeabi_errno_addr)
                  000054cc    00000008     libclang_rt.builtins.a : aeabi_memcpy.S.obj (.text.__aeabi_memcpy)
                  000054d4    00000006     libc.a : exit.c.obj (.text:abort)
                  000054da    00000004     libsysbm.a : hostexit.c.obj (.text.HOSTexit)
                  000054de    00000004     startup_mspm0g350x_ticlang.o (.text.Reset_Handler)
                  000054e2    00000004     libc.a : pre_init.c.obj (.text._system_pre_init)
                  000054e6    0000000a     --HOLE-- [fill = 0]

.cinit     0    00008ac0    00000048     
                  00008ac0    00000022     (.cinit..data.load) [load image, compression = lzss]
                  00008ae2    00000002     --HOLE-- [fill = 0]
                  00008ae4    0000000c     (__TI_handler_table)
                  00008af0    00000008     (.cinit..bss.load) [load image, compression = zero_init]
                  00008af8    00000010     (__TI_cinit_table)

.rodata    0    000054f0    000035d0     
                  000054f0    000017c0     lcd.o (.rodata.ascii_3216)
                  00006cb0    000011d0     lcd.o (.rodata.ascii_2412)
                  00007e80    000005f0     lcd.o (.rodata.ascii_1608)
                  00008470    00000474     lcd.o (.rodata.ascii_1206)
                  000088e4    0000000a     ti_msp_dl_config.o (.rodata.gSPI_LCD_config)
                  000088ee    00000002     ti_msp_dl_config.o (.rodata.gSPI_LCD_clockConfig)
                  000088f0    00000101     libc.a : aeabi_ctype.S.obj (.rodata:__aeabi_ctype_table_)
                  000089f1    00000003     ti_msp_dl_config.o (.rodata.gPWM_0ClockConfig)
                  000089f4    00000014     ti_msp_dl_config.o (.rodata.gTIMER_TICKTimerConfig)
                  00008a08    00000011     libc.a : _printfi.c.obj (.rodata.str1.10348868589481759720.1)
                  00008a19    00000011            : _printfi.c.obj (.rodata.str1.15363888844622738466.1)
                  00008a2a    0000000e     empty.o (.rodata.str1.9517790425240694019.1)
                  00008a38    0000000a     ti_msp_dl_config.o (.rodata.gUART_0Config)
                  00008a42    0000000a     ti_msp_dl_config.o (.rodata.gUART_1Config)
                  00008a4c    0000000a     empty.o (.rodata.str1.9410084661655729462.1)
                  00008a56    00000009     empty.o (.rodata.str1.11898133897667081452.1)
                  00008a5f    00000009     empty.o (.rodata.str1.14685083708502177989.1)
                  00008a68    00000009     empty.o (.rodata.str1.16704889451495720520.1)
                  00008a71    00000003     ti_msp_dl_config.o (.rodata.gPWM_1ClockConfig)
                  00008a74    00000008     ti_msp_dl_config.o (.rodata.gPWM_0Config)
                  00008a7c    00000008     ti_msp_dl_config.o (.rodata.gPWM_1Config)
                  00008a84    00000008     empty.o (.rodata.str1.17669528882079347314.1)
                  00008a8c    00000008     empty.o (.rodata.str1.254342170260855183.1)
                  00008a94    00000008     empty.o (.rodata.str1.7401042497206923953.1)
                  00008a9c    00000007     empty.o (.rodata.str1.17686411042290499047.1)
                  00008aa3    00000005     empty.o (.rodata.str1.7386103758396746866.1)
                  00008aa8    00000004     empty.o (.rodata.str1.150872071346279890.1)
                  00008aac    00000004     empty.o (.rodata.str1.15706828512682300538.1)
                  00008ab0    00000004     empty.o (.rodata.str1.2196762768037919588.1)
                  00008ab4    00000003     ti_msp_dl_config.o (.rodata.gTIMER_TICKClockConfig)
                  00008ab7    00000002     ti_msp_dl_config.o (.rodata.gUART_0ClockConfig)
                  00008ab9    00000002     ti_msp_dl_config.o (.rodata.gUART_1ClockConfig)
                  00008abb    00000005     --HOLE-- [fill = 0]

.init_array 
*          0    00000000    00000000     UNINITIALIZED

.binit     0    00000000    00000000     

.bss       0    20200000    0000025a     UNINITIALIZED
                  20200000    000000bc     (.common:gPWM_0Backup)
                  202000bc    000000bc     (.common:gTIMER_TICKBackup)
                  20200178    00000030     (.common:Yaw_Circle)
                  202001a8    00000028     (.common:Wheel_Left)
                  202001d0    00000028     (.common:Wheel_Right)
                  202001f8    00000028     (.common:gSPI_LCDBackup)
                  20200220    0000000c     ENCODER.o (.bss.motor_encoder1)
                  2020022c    0000000c     ENCODER.o (.bss.motor_encoder2)
                  20200238    0000000b     IMU.o (.bss.CopeSerial2Data.ucRxBuffer)
                  20200243    00000001     (.common:Mode)
                  20200244    00000004     (.common:Distance)
                  20200248    00000004     (.common:Target_Yaw)
                  2020024c    00000004     (.common:Velocity_Counter)
                  20200250    00000004     (.common:Yaw_Value)
                  20200254    00000004     (.common:time)
                  20200258    00000001     (.common:Track_Value)
                  20200259    00000001     (.common:Turn_State)

.data      0    2020025c    00000088     UNINITIALIZED
                  2020025c    00000014     IMU.o (.data.stcAccel)
                  20200270    00000014     IMU.o (.data.stcGyro)
                  20200284    00000010     IMU.o (.data.stcQuat)
                  20200294    0000000c     IMU.o (.data.stcAngle)
                  202002a0    00000005     IMU.o (.data.Key)
                  202002a5    00000005     IMU.o (.data.Save)
                  202002aa    00000005     IMU.o (.data.Yaw_Zero)
                  202002af    00000001     BLINK.o (.data.BUZZER_Blink.state)
                  202002b0    00000004     BLINK.o (.data.BUZZER_Blink.t0)
                  202002b4    00000004     BLINK.o (.data.LED_Blink.t0)
                  202002b8    00000004     empty.o (.data.PID_KD)
                  202002bc    00000004     empty.o (.data.PID_KI)
                  202002c0    00000004     empty.o (.data.PID_KP)
                  202002c4    00000004     empty.o (.data.Run_AngleHold.Last_Direction)
                  202002c8    00000004     empty.o (.data.Run_Track.Last_Error)
                  202002cc    00000004     empty.o (.data.Run_Turn.Encoder_Start_L)
                  202002d0    00000004     empty.o (.data.Run_Turn.Encoder_Start_R)
                  202002d4    00000004     empty.o (.data.Turn_Start_Yaw)
                  202002d8    00000004     libc.a : aeabi_portable.c.obj (.data.__aeabi_errno)
                  202002dc    00000001     IMU.o (.data.CopeSerial2Data.ucRxCnt)
                  202002dd    00000001     BLINK.o (.data.LED_Blink.state)
                  202002de    00000001     empty.o (.data.Run_Track.Last_Track_Bits)
                  202002df    00000001     empty.o (.data.Run_Track.Tracking_Flag)
                  202002e0    00000001     empty.o (.data.Run_Turn.Last_Turn_State)
                  202002e1    00000001     empty.o (.data.Run_Turn.Phase)
                  202002e2    00000001     TRACK.o (.data.Track_Get.Track_Value)
                  202002e3    00000001     IMU.o (.data.uart_data)

.stack     0    20207e00    00000200     UNINITIALIZED
                  20207e00    00000004     libc.a : boot_cortex_m.c.obj (.stack)
                  20207e04    000001fc     --HOLE--

.BCRConfig 
*          0    41c00000    00000060     
                  41c00000    00000060     boot_config.o (.BCRConfig)

.BSLConfig 
*          0    41c00100    00000058     
                  41c00100    00000058     boot_config.o (.BSLConfig)

__llvm_prf_cnts 
*          0    20200000    00000000     UNINITIALIZED

__llvm_prf_bits 
*          0    20200000    00000000     UNINITIALIZED

MODULE SUMMARY

       Module                         code    ro data   rw data
       ------                         ----    -------   -------
    .\
       empty.o                        2676    99        139    
       ti_msp_dl_config.o             1164    81        416    
       startup_mspm0g350x_ticlang.o   6       192       0      
       boot_config.o                  0       184       0      
    +--+------------------------------+-------+---------+---------+
       Total:                         3846    556       555    
                                                               
    .\BPS\Board\
       board.o                        346     0         0      
    +--+------------------------------+-------+---------+---------+
       Total:                         346     0         0      
                                                               
    .\BPS\lcd\
       lcd.o                          1802    13300     0      
       lcd_init.o                     4228    0         0      
    +--+------------------------------+-------+---------+---------+
       Total:                         6030    13300     0      
                                                               
    .\BPS\src\
       IMU.o                          776     0         96     
       YAW_PID.o                      440     0         48     
       TRACK.o                        244     0         1      
       ENCODER.o                      192     0         24     
       BLINK.o                        152     0         10     
       MOTOR.o                        120     0         0      
       ZIGBEE.o                       12      0         0      
    +--+------------------------------+-------+---------+---------+
       Total:                         1936    0         179    
                                                               
    E:/SDK/Ti/mspm0_sdk_2_10_00_04/mspm0_sdk_2_11_00_07/source/ti/driverlib/lib/ticlang/m0p/mspm0g1x0x_g3x0x/driverlib.a
       dl_timer.o                     608     0         0      
       dl_uart.o                      90      0         0      
       dl_spi.o                       86      0         0      
       dl_common.o                    10      0         0      
    +--+------------------------------+-------+---------+---------+
       Total:                         794     0         0      
                                                               
    E:\software\IDE\Code Composer Studio\ccs\tools\compiler\ti-cgt-armllvm_4.0.4.LTS\lib\armv6m-ti-none-eabi/c/libc.a
       _printfi.c.obj                 4510    34        0      
       aeabi_ctype.S.obj              0       257       0      
       s_scalbn.c.obj                 216     0         0      
       memcpy16.S.obj                 154     0         0      
       copy_decompress_lzss.c.obj     124     0         0      
       memset16.S.obj                 98      0         0      
       s_frexp.c.obj                  92      0         0      
       sprintf.c.obj                  90      0         0      
       _ltoa.c.obj                    88      0         0      
       atoi.c.obj                     64      0         0      
       autoinit.c.obj                 60      0         0      
       boot_cortex_m.c.obj            40      0         0      
       memccpy.c.obj                  34      0         0      
       copy_zero_init.c.obj           22      0         0      
       copy_decompress_none.c.obj     18      0         0      
       wcslen.c.obj                   16      0         0      
       aeabi_portable.c.obj           8       0         4      
       exit.c.obj                     6       0         0      
       pre_init.c.obj                 4       0         0      
    +--+------------------------------+-------+---------+---------+
       Total:                         5644    291       4      
                                                               
    E:\software\IDE\Code Composer Studio\ccs\tools\compiler\ti-cgt-armllvm_4.0.4.LTS\lib\armv6m-ti-none-eabi/c/libsysbm.a
       hostexit.c.obj                 4       0         0      
    +--+------------------------------+-------+---------+---------+
       Total:                         4       0         0      
                                                               
    E:\software\IDE\Code Composer Studio\ccs\tools\compiler\ti-cgt-armllvm_4.0.4.LTS\lib\armv6m-ti-none-eabi/libclang_rt.builtins.a
       adddf3.S.obj                   418     0         0      
       divdf3.S.obj                   268     0         0      
       muldf3.S.obj                   228     0         0      
       comparedf2.c.obj               220     0         0      
       addsf3.S.obj                   216     0         0      
       udivmoddi4.S.obj               162     0         0      
       mulsf3.S.obj                   140     0         0      
       divsf3.S.obj                   130     0         0      
       comparesf2.S.obj               118     0         0      
       truncdfsf2.S.obj               116     0         0      
       aeabi_dcmp.S.obj               98      0         0      
       aeabi_fcmp.S.obj               98      0         0      
       aeabi_idivmod.S.obj            86      0         0      
       fixdfsi.S.obj                  74      0         0      
       aeabi_uidivmod.S.obj           64      0         0      
       extendsfdf2.S.obj              64      0         0      
       floatsisf.S.obj                60      0         0      
       muldsi3.S.obj                  58      0         0      
       fixsfsi.S.obj                  56      0         0      
       fixunssfsi.S.obj               50      0         0      
       floatsidf.S.obj                44      0         0      
       floatunsisf.S.obj              40      0         0      
       muldi3.S.obj                   36      0         0      
       ashldi3.S.obj                  30      0         0      
       aeabi_uldivmod.S.obj           20      0         0      
       aeabi_memset.S.obj             14      0         0      
       aeabi_memcpy.S.obj             8       0         0      
       aeabi_div0.c.obj               4       0         0      
    +--+------------------------------+-------+---------+---------+
       Total:                         2920    0         0      
                                                               
       Stack:                         0       0         512    
       Linker Generated:              0       70        0      
    +--+------------------------------+-------+---------+---------+
       Grand Total:                   21520   14217     1250   


LINKER GENERATED COPY TABLES

__TI_cinit_table @ 00008af8 records: 2, size/record: 8, table size: 16
	.data: load addr=00008ac0, load size=00000022 bytes, run addr=2020025c, run size=00000088 bytes, compression=lzss
	.bss: load addr=00008af0, load size=00000008 bytes, run addr=20200000, run size=0000025a bytes, compression=zero_init


LINKER GENERATED HANDLER TABLE

__TI_handler_table @ 00008ae4 records: 3, size/record: 4, table size: 12
	index: 0, handler: __TI_decompress_lzss
	index: 1, handler: __TI_decompress_none
	index: 2, handler: __TI_zero_init


FAR CALL TRAMPOLINES

callee name               trampoline name
   callee addr  tramp addr   call addr  call info
--------------  -----------  ---------  ----------------
__aeabi_dsub              $Tramp$TT$L$PI$$__aeabi_dsub
   00002bd9     000054a0     0000549e   libc.a : _printfi.c.obj (.text.OUTLINED_FUNCTION_0)

[1 trampolines]
[1 trampoline calls]


GLOBAL SYMBOLS: SORTED ALPHABETICALLY BY Name 

address   name                            
-------   ----                            
00002d6b  ADC0_IRQHandler                 
00002d6b  ADC1_IRQHandler                 
00002d6b  AES_IRQHandler                  
00003ad9  ALL_Init                        
00004e65  AO_Control                      
41c00000  BCRConfig                       
00004ea1  BO_Control                      
41c00100  BSLConfig                       
00004a79  BUZZER_Blink                    
000054da  C$$EXIT                         
00002d6b  CANFD0_IRQHandler               
00001f39  CopeSerial2Data                 
00002d6b  DAC0_IRQHandler                 
0000548d  DL_Common_delayCycles           
00004d1d  DL_SPI_init                     
000053d9  DL_SPI_setClockConfig           
00003711  DL_Timer_initFourCCPWMMode      
00003815  DL_Timer_initTimerMode          
00005319  DL_Timer_setCaptCompUpdateMethod
00005351  DL_Timer_setCaptureCompareOutCtl
00005411  DL_Timer_setCaptureCompareValue 
00005335  DL_Timer_setClockConfig         
00004c8d  DL_UART_init                    
000053eb  DL_UART_setClockConfig          
00002d6b  DMA_IRQHandler                  
00002d6b  Default_Handler                 
00005431  Delay_ms                        
20200244  Distance                        
00005009  Encoder_Get                     
00005185  Encoder_Init                    
00002d6b  GROUP0_IRQHandler               
00004879  GROUP1_IRQHandler               
000054db  HOSTexit                        
00002d6b  HardFault_Handler               
00002d6b  I2C0_IRQHandler                 
00002d6b  I2C1_IRQHandler                 
000043e9  IMU_Init                        
202002a0  Key                             
000021cd  LCD_Address_Set                 
00001c79  LCD_Fill                        
000000c1  LCD_Init                        
00001879  LCD_ShowChar                    
00004bf5  LCD_ShowString                  
00004465  LCD_WR_DATA                     
00004ac5  LED_Blink                       
20200243  Mode                            
00002d6b  NMI_Handler                     
202002b8  PID_KD                          
202002bc  PID_KI                          
202002c0  PID_KP                          
00002d6b  PendSV_Handler                  
00002d6b  RTC_IRQHandler                  
000054df  Reset_Handler                   
00003911  Run_AngleHold                   
00002a09  Run_Track                       
00002619  Run_Turn                        
00002d6b  SPI0_IRQHandler                 
00002d6b  SPI1_IRQHandler                 
00002d6b  SVC_Handler                     
000032a5  SYSCFG_DL_GPIO_init             
0000428d  SYSCFG_DL_PWM_0_init            
00004301  SYSCFG_DL_PWM_1_init            
00004b11  SYSCFG_DL_SPI_LCD_init          
00004b5d  SYSCFG_DL_SYSCTL_init           
00004a29  SYSCFG_DL_TIMER_TICK_init       
000044d5  SYSCFG_DL_UART_0_init           
00004545  SYSCFG_DL_UART_1_init           
00004cd5  SYSCFG_DL_init                  
000045b5  SYSCFG_DL_initPower             
202002a5  Save                            
0000302d  Show_Init                       
00002d6b  SysTick_Handler                 
00002d6b  TIMA0_IRQHandler                
00005211  TIMA1_IRQHandler                
00002d6b  TIMG0_IRQHandler                
00002d6b  TIMG12_IRQHandler               
00002d6b  TIMG6_IRQHandler                
00002d6b  TIMG7_IRQHandler                
00002d6b  TIMG8_IRQHandler                
20200248  Target_Yaw                      
00003f1d  Track_Get                       
00004ba9  Track_GetBits                   
20200258  Track_Value                     
202002d4  Turn_Start_Yaw                  
20200259  Turn_State                      
00005239  UART0_IRQHandler                
00004d61  UART0_Init                      
00002d6b  UART1_IRQHandler                
0000545d  UART2_IRQHandler                
00002d6b  UART3_IRQHandler                
2020024c  Velocity_Counter                
00003bb9  Velocity_Get                    
202001a8  Wheel_Left                      
202001d0  Wheel_Right                     
00005469  Yaw                             
00002ed9  YawPID_Compute                  
00005369  YawPID_Enable                   
000050e9  YawPID_Init                     
00005475  YawPID_ResetIntegral            
00005481  YawPID_SetTarget                
20200178  Yaw_Circle                      
20200250  Yaw_Value                       
202002aa  Yaw_Zero                        
20208000  __STACK_END                     
00000200  __STACK_SIZE                    
00000000  __TI_ATRegion0_region_sz        
00000000  __TI_ATRegion0_src_addr         
00000000  __TI_ATRegion0_trg_addr         
00000000  __TI_ATRegion1_region_sz        
00000000  __TI_ATRegion1_src_addr         
00000000  __TI_ATRegion1_trg_addr         
00000000  __TI_ATRegion2_region_sz        
00000000  __TI_ATRegion2_src_addr         
00000000  __TI_ATRegion2_trg_addr         
00008af8  __TI_CINIT_Base                 
00008b08  __TI_CINIT_Limit                
00008b08  __TI_CINIT_Warm                 
00008ae4  __TI_Handler_Table_Base         
00008af0  __TI_Handler_Table_Limit        
00004f55  __TI_auto_init_nobinit_nopinit  
00004211  __TI_decompress_lzss            
000053fd  __TI_decompress_none            
000048d1  __TI_ltoa                       
ffffffff  __TI_pprof_out_hndl             
00000ea9  __TI_printfi                    
ffffffff  __TI_prof_data_size             
ffffffff  __TI_prof_data_start            
00000000  __TI_static_base__              
00005399  __TI_zero_init_nomemset         
00002be3  __adddf3                        
00003d7b  __addsf3                        
000088f0  __aeabi_ctype_table_            
000088f0  __aeabi_ctype_table_C           
000043f1  __aeabi_d2f                     
00004c41  __aeabi_d2iz                    
00002be3  __aeabi_dadd                    
000046f5  __aeabi_dcmpeq                  
00004731  __aeabi_dcmpge                  
00004745  __aeabi_dcmpgt                  
0000471d  __aeabi_dcmple                  
00004709  __aeabi_dcmplt                  
00003605  __aeabi_ddiv                    
000039f5  __aeabi_dmul                    
00002bd9  __aeabi_dsub                    
202002d8  __aeabi_errno                   
000054c5  __aeabi_errno_addr              
00004de5  __aeabi_f2d                     
00005041  __aeabi_f2iz                    
00005151  __aeabi_f2uiz                   
00003d7b  __aeabi_fadd                    
00004759  __aeabi_fcmpeq                  
00004795  __aeabi_fcmpge                  
000047a9  __aeabi_fcmpgt                  
00004781  __aeabi_fcmple                  
0000476d  __aeabi_fcmplt                  
0000418d  __aeabi_fdiv                    
00004101  __aeabi_fmul                    
00003d71  __aeabi_fsub                    
000051e5  __aeabi_i2d                     
00004edd  __aeabi_i2f                     
00004981  __aeabi_idiv                    
0000420f  __aeabi_idiv0                   
00004981  __aeabi_idivmod                 
000046f3  __aeabi_ldiv0                   
000052f9  __aeabi_llsl                    
000052b1  __aeabi_lmul                    
000054cd  __aeabi_memcpy                  
000054cd  __aeabi_memcpy4                 
000054cd  __aeabi_memcpy8                 
00005441  __aeabi_memset                  
00005441  __aeabi_memset4                 
00005441  __aeabi_memset8                 
00005261  __aeabi_ui2f                    
00004da5  __aeabi_uidiv                   
00004da5  __aeabi_uidivmod                
000053b1  __aeabi_uldivmod                
000052f9  __ashldi3                       
ffffffff  __binit__                       
00004625  __cmpdf2                        
00004f91  __cmpsf2                        
00003605  __divdf3                        
0000418d  __divsf3                        
00004625  __eqdf2                         
00004f91  __eqsf2                         
00004de5  __extendsfdf2                   
00004c41  __fixdfsi                       
00005041  __fixsfsi                       
00005151  __fixunssfsi                    
000051e5  __floatsidf                     
00004edd  __floatsisf                     
00005261  __floatunsisf                   
00004375  __gedf2                         
00004f19  __gesf2                         
00004375  __gtdf2                         
00004f19  __gtsf2                         
00004625  __ledf2                         
00004f91  __lesf2                         
00004625  __ltdf2                         
00004f91  __ltsf2                         
UNDEFED   __mpu_init                      
000039f5  __muldf3                        
000052b1  __muldi3                        
00004fcd  __muldsi3                       
00004101  __mulsf3                        
00004625  __nedf2                         
00004f91  __nesf2                         
20207e00  __stack                         
20200000  __start___llvm_prf_bits         
20200000  __start___llvm_prf_cnts         
20200000  __stop___llvm_prf_bits          
20200000  __stop___llvm_prf_cnts          
00002bd9  __subdf3                        
00003d71  __subsf3                        
000043f1  __truncdfsf2                    
00003fc5  __udivmoddi4                    
00005289  _c_int00_noargs                 
UNDEFED   _system_post_cinit              
000054e3  _system_pre_init                
000054d5  abort                           
00008470  ascii_1206                      
00007e80  ascii_1608                      
00006cb0  ascii_2412                      
000054f0  ascii_3216                      
00004e25  atoi                            
ffffffff  binit                           
0000481d  frexp                           
0000481d  frexpl                          
20200000  gPWM_0Backup                    
202001f8  gSPI_LCDBackup                  
202000bc  gTIMER_TICKBackup               
00000000  interruptVectors                
00003c99  ldexp                           
00003c99  ldexpl                          
000034e9  main                            
000052d5  memccpy                         
00004067  memcpy                          
000047bb  memset                          
00003c99  scalbn                          
00003c99  scalbnl                         
00005079  sendCaliYawCommand              
000050b1  sprintf                         
2020025c  stcAccel                        
20200294  stcAngle                        
20200270  stcGyro                         
20200284  stcQuat                         
20200254  time                            
00003e49  uart0_send_SendByte             
0000511d  uart1_sendString                
202002e3  uart_data                       
00005421  wcslen                          


GLOBAL SYMBOLS: SORTED BY Symbol Address 

address   name                            
-------   ----                            
00000000  __TI_ATRegion0_region_sz        
00000000  __TI_ATRegion0_src_addr         
00000000  __TI_ATRegion0_trg_addr         
00000000  __TI_ATRegion1_region_sz        
00000000  __TI_ATRegion1_src_addr         
00000000  __TI_ATRegion1_trg_addr         
00000000  __TI_ATRegion2_region_sz        
00000000  __TI_ATRegion2_src_addr         
00000000  __TI_ATRegion2_trg_addr         
00000000  __TI_static_base__              
00000000  interruptVectors                
000000c1  LCD_Init                        
00000200  __STACK_SIZE                    
00000ea9  __TI_printfi                    
00001879  LCD_ShowChar                    
00001c79  LCD_Fill                        
00001f39  CopeSerial2Data                 
000021cd  LCD_Address_Set                 
00002619  Run_Turn                        
00002a09  Run_Track                       
00002bd9  __aeabi_dsub                    
00002bd9  __subdf3                        
00002be3  __adddf3                        
00002be3  __aeabi_dadd                    
00002d6b  ADC0_IRQHandler                 
00002d6b  ADC1_IRQHandler                 
00002d6b  AES_IRQHandler                  
00002d6b  CANFD0_IRQHandler               
00002d6b  DAC0_IRQHandler                 
00002d6b  DMA_IRQHandler                  
00002d6b  Default_Handler                 
00002d6b  GROUP0_IRQHandler               
00002d6b  HardFault_Handler               
00002d6b  I2C0_IRQHandler                 
00002d6b  I2C1_IRQHandler                 
00002d6b  NMI_Handler                     
00002d6b  PendSV_Handler                  
00002d6b  RTC_IRQHandler                  
00002d6b  SPI0_IRQHandler                 
00002d6b  SPI1_IRQHandler                 
00002d6b  SVC_Handler                     
00002d6b  SysTick_Handler                 
00002d6b  TIMA0_IRQHandler                
00002d6b  TIMG0_IRQHandler                
00002d6b  TIMG12_IRQHandler               
00002d6b  TIMG6_IRQHandler                
00002d6b  TIMG7_IRQHandler                
00002d6b  TIMG8_IRQHandler                
00002d6b  UART1_IRQHandler                
00002d6b  UART3_IRQHandler                
00002ed9  YawPID_Compute                  
0000302d  Show_Init                       
000032a5  SYSCFG_DL_GPIO_init             
000034e9  main                            
00003605  __aeabi_ddiv                    
00003605  __divdf3                        
00003711  DL_Timer_initFourCCPWMMode      
00003815  DL_Timer_initTimerMode          
00003911  Run_AngleHold                   
000039f5  __aeabi_dmul                    
000039f5  __muldf3                        
00003ad9  ALL_Init                        
00003bb9  Velocity_Get                    
00003c99  ldexp                           
00003c99  ldexpl                          
00003c99  scalbn                          
00003c99  scalbnl                         
00003d71  __aeabi_fsub                    
00003d71  __subsf3                        
00003d7b  __addsf3                        
00003d7b  __aeabi_fadd                    
00003e49  uart0_send_SendByte             
00003f1d  Track_Get                       
00003fc5  __udivmoddi4                    
00004067  memcpy                          
00004101  __aeabi_fmul                    
00004101  __mulsf3                        
0000418d  __aeabi_fdiv                    
0000418d  __divsf3                        
0000420f  __aeabi_idiv0                   
00004211  __TI_decompress_lzss            
0000428d  SYSCFG_DL_PWM_0_init            
00004301  SYSCFG_DL_PWM_1_init            
00004375  __gedf2                         
00004375  __gtdf2                         
000043e9  IMU_Init                        
000043f1  __aeabi_d2f                     
000043f1  __truncdfsf2                    
00004465  LCD_WR_DATA                     
000044d5  SYSCFG_DL_UART_0_init           
00004545  SYSCFG_DL_UART_1_init           
000045b5  SYSCFG_DL_initPower             
00004625  __cmpdf2                        
00004625  __eqdf2                         
00004625  __ledf2                         
00004625  __ltdf2                         
00004625  __nedf2                         
000046f3  __aeabi_ldiv0                   
000046f5  __aeabi_dcmpeq                  
00004709  __aeabi_dcmplt                  
0000471d  __aeabi_dcmple                  
00004731  __aeabi_dcmpge                  
00004745  __aeabi_dcmpgt                  
00004759  __aeabi_fcmpeq                  
0000476d  __aeabi_fcmplt                  
00004781  __aeabi_fcmple                  
00004795  __aeabi_fcmpge                  
000047a9  __aeabi_fcmpgt                  
000047bb  memset                          
0000481d  frexp                           
0000481d  frexpl                          
00004879  GROUP1_IRQHandler               
000048d1  __TI_ltoa                       
00004981  __aeabi_idiv                    
00004981  __aeabi_idivmod                 
00004a29  SYSCFG_DL_TIMER_TICK_init       
00004a79  BUZZER_Blink                    
00004ac5  LED_Blink                       
00004b11  SYSCFG_DL_SPI_LCD_init          
00004b5d  SYSCFG_DL_SYSCTL_init           
00004ba9  Track_GetBits                   
00004bf5  LCD_ShowString                  
00004c41  __aeabi_d2iz                    
00004c41  __fixdfsi                       
00004c8d  DL_UART_init                    
00004cd5  SYSCFG_DL_init                  
00004d1d  DL_SPI_init                     
00004d61  UART0_Init                      
00004da5  __aeabi_uidiv                   
00004da5  __aeabi_uidivmod                
00004de5  __aeabi_f2d                     
00004de5  __extendsfdf2                   
00004e25  atoi                            
00004e65  AO_Control                      
00004ea1  BO_Control                      
00004edd  __aeabi_i2f                     
00004edd  __floatsisf                     
00004f19  __gesf2                         
00004f19  __gtsf2                         
00004f55  __TI_auto_init_nobinit_nopinit  
00004f91  __cmpsf2                        
00004f91  __eqsf2                         
00004f91  __lesf2                         
00004f91  __ltsf2                         
00004f91  __nesf2                         
00004fcd  __muldsi3                       
00005009  Encoder_Get                     
00005041  __aeabi_f2iz                    
00005041  __fixsfsi                       
00005079  sendCaliYawCommand              
000050b1  sprintf                         
000050e9  YawPID_Init                     
0000511d  uart1_sendString                
00005151  __aeabi_f2uiz                   
00005151  __fixunssfsi                    
00005185  Encoder_Init                    
000051e5  __aeabi_i2d                     
000051e5  __floatsidf                     
00005211  TIMA1_IRQHandler                
00005239  UART0_IRQHandler                
00005261  __aeabi_ui2f                    
00005261  __floatunsisf                   
00005289  _c_int00_noargs                 
000052b1  __aeabi_lmul                    
000052b1  __muldi3                        
000052d5  memccpy                         
000052f9  __aeabi_llsl                    
000052f9  __ashldi3                       
00005319  DL_Timer_setCaptCompUpdateMethod
00005335  DL_Timer_setClockConfig         
00005351  DL_Timer_setCaptureCompareOutCtl
00005369  YawPID_Enable                   
00005399  __TI_zero_init_nomemset         
000053b1  __aeabi_uldivmod                
000053d9  DL_SPI_setClockConfig           
000053eb  DL_UART_setClockConfig          
000053fd  __TI_decompress_none            
00005411  DL_Timer_setCaptureCompareValue 
00005421  wcslen                          
00005431  Delay_ms                        
00005441  __aeabi_memset                  
00005441  __aeabi_memset4                 
00005441  __aeabi_memset8                 
0000545d  UART2_IRQHandler                
00005469  Yaw                             
00005475  YawPID_ResetIntegral            
00005481  YawPID_SetTarget                
0000548d  DL_Common_delayCycles           
000054c5  __aeabi_errno_addr              
000054cd  __aeabi_memcpy                  
000054cd  __aeabi_memcpy4                 
000054cd  __aeabi_memcpy8                 
000054d5  abort                           
000054da  C$$EXIT                         
000054db  HOSTexit                        
000054df  Reset_Handler                   
000054e3  _system_pre_init                
000054f0  ascii_3216                      
00006cb0  ascii_2412                      
00007e80  ascii_1608                      
00008470  ascii_1206                      
000088f0  __aeabi_ctype_table_            
000088f0  __aeabi_ctype_table_C           
00008ae4  __TI_Handler_Table_Base         
00008af0  __TI_Handler_Table_Limit        
00008af8  __TI_CINIT_Base                 
00008b08  __TI_CINIT_Limit                
00008b08  __TI_CINIT_Warm                 
20200000  __start___llvm_prf_bits         
20200000  __start___llvm_prf_cnts         
20200000  __stop___llvm_prf_bits          
20200000  __stop___llvm_prf_cnts          
20200000  gPWM_0Backup                    
202000bc  gTIMER_TICKBackup               
20200178  Yaw_Circle                      
202001a8  Wheel_Left                      
202001d0  Wheel_Right                     
202001f8  gSPI_LCDBackup                  
20200243  Mode                            
20200244  Distance                        
20200248  Target_Yaw                      
2020024c  Velocity_Counter                
20200250  Yaw_Value                       
20200254  time                            
20200258  Track_Value                     
20200259  Turn_State                      
2020025c  stcAccel                        
20200270  stcGyro                         
20200284  stcQuat                         
20200294  stcAngle                        
202002a0  Key                             
202002a5  Save                            
202002aa  Yaw_Zero                        
202002b8  PID_KD                          
202002bc  PID_KI                          
202002c0  PID_KP                          
202002d4  Turn_Start_Yaw                  
202002d8  __aeabi_errno                   
202002e3  uart_data                       
20207e00  __stack                         
20208000  __STACK_END                     
41c00000  BCRConfig                       
41c00100  BSLConfig                       
ffffffff  __TI_pprof_out_hndl             
ffffffff  __TI_prof_data_size             
ffffffff  __TI_prof_data_start            
ffffffff  __binit__                       
ffffffff  binit                           
UNDEFED   __mpu_init                      
UNDEFED   _system_post_cinit              

[250 symbols]
