<?xml version="1.0" encoding="ISO-8859-1" ?>
<link_info>
   <banner>TI ARM Clang Linker PC v4.0.4.LTS</banner>
   <copyright>Copyright (c) 1996-2018 Texas Instruments Incorporated</copyright>
   <command_line>E:\software\IDE\Code Composer Studio\ccs\tools\compiler\ti-cgt-armllvm_4.0.4.LTS\bin\tiarmlnk -IE:\software\IDE\Code Composer Studio\ccs\tools\compiler\ti-cgt-armllvm_4.0.4.LTS\lib -o ElcContestTest.out -mElcContestTest.map -iE:/SDK/Ti/mspm0_sdk_2_10_00_04/mspm0_sdk_2_11_00_07/source -iE:/Code/Project-MSPM0G3507/ElcContestTest -iE:/Code/Project-MSPM0G3507/ElcContestTest/Debug/syscfg -iE:/software/IDE/Code Composer Studio/ccs/tools/compiler/ti-cgt-armllvm_4.0.4.LTS/lib --diag_wrap=off --display_error_number --warn_sections --xml_link_info=ElcContestTest_linkInfo.xml --rom_model ./empty.o ./ti_msp_dl_config.o ./boot_config.o ./startup_mspm0g350x_ticlang.o ./BPS/Board/board.o ./BPS/lcd/lcd.o ./BPS/lcd/lcd_init.o ./BPS/src/ENCODER.o ./BPS/src/IMU.o ./BPS/src/KEY.o ./BPS/src/MAXICAM.o ./BPS/src/MOTOR.o ./BPS/src/My_STEPMOTOR.o ./BPS/src/STEP_MOTOR.o ./BPS/src/TRACK.o ./BPS/src/YAW_PID.o ./BPS/src/ZIGBEE.o -l./device_linker.cmd -ldevice.cmd.genlibs -llibc.a --start-group -llibc++.a -llibc++abi.a -llibc.a -llibsys.a -llibsysbm.a -llibclang_rt.builtins.a -llibclang_rt.profile.a --end-group --cg_opt_level=2</command_line>
   <link_time>0x6a6c14a3</link_time>
   <link_errors>0x0</link_errors>
   <output_file>E:\Code\Project-MSPM0G3507\ElcContestTest\Debug\ElcContestTest.out</output_file>
   <entry_point>
      <name>_c_int00_noargs</name>
      <address>0x658d</address>
   </entry_point>
   <input_file_list>
      <input_file id="fl-1">
         <path>E:\Code\Project-MSPM0G3507\ElcContestTest\Debug\.\</path>
         <kind>object</kind>
         <file>empty.o</file>
         <name>empty.o</name>
      </input_file>
      <input_file id="fl-2">
         <path>E:\Code\Project-MSPM0G3507\ElcContestTest\Debug\.\</path>
         <kind>object</kind>
         <file>ti_msp_dl_config.o</file>
         <name>ti_msp_dl_config.o</name>
      </input_file>
      <input_file id="fl-3">
         <path>E:\Code\Project-MSPM0G3507\ElcContestTest\Debug\.\</path>
         <kind>object</kind>
         <file>boot_config.o</file>
         <name>boot_config.o</name>
      </input_file>
      <input_file id="fl-4">
         <path>E:\Code\Project-MSPM0G3507\ElcContestTest\Debug\.\</path>
         <kind>object</kind>
         <file>startup_mspm0g350x_ticlang.o</file>
         <name>startup_mspm0g350x_ticlang.o</name>
      </input_file>
      <input_file id="fl-5">
         <path>E:\Code\Project-MSPM0G3507\ElcContestTest\Debug\.\BPS\Board\</path>
         <kind>object</kind>
         <file>board.o</file>
         <name>board.o</name>
      </input_file>
      <input_file id="fl-6">
         <path>E:\Code\Project-MSPM0G3507\ElcContestTest\Debug\.\BPS\lcd\</path>
         <kind>object</kind>
         <file>lcd.o</file>
         <name>lcd.o</name>
      </input_file>
      <input_file id="fl-7">
         <path>E:\Code\Project-MSPM0G3507\ElcContestTest\Debug\.\BPS\lcd\</path>
         <kind>object</kind>
         <file>lcd_init.o</file>
         <name>lcd_init.o</name>
      </input_file>
      <input_file id="fl-8">
         <path>E:\Code\Project-MSPM0G3507\ElcContestTest\Debug\.\BPS\src\</path>
         <kind>object</kind>
         <file>ENCODER.o</file>
         <name>ENCODER.o</name>
      </input_file>
      <input_file id="fl-9">
         <path>E:\Code\Project-MSPM0G3507\ElcContestTest\Debug\.\BPS\src\</path>
         <kind>object</kind>
         <file>IMU.o</file>
         <name>IMU.o</name>
      </input_file>
      <input_file id="fl-a">
         <path>E:\Code\Project-MSPM0G3507\ElcContestTest\Debug\.\BPS\src\</path>
         <kind>object</kind>
         <file>KEY.o</file>
         <name>KEY.o</name>
      </input_file>
      <input_file id="fl-b">
         <path>E:\Code\Project-MSPM0G3507\ElcContestTest\Debug\.\BPS\src\</path>
         <kind>object</kind>
         <file>MAXICAM.o</file>
         <name>MAXICAM.o</name>
      </input_file>
      <input_file id="fl-c">
         <path>E:\Code\Project-MSPM0G3507\ElcContestTest\Debug\.\BPS\src\</path>
         <kind>object</kind>
         <file>MOTOR.o</file>
         <name>MOTOR.o</name>
      </input_file>
      <input_file id="fl-d">
         <path>E:\Code\Project-MSPM0G3507\ElcContestTest\Debug\.\BPS\src\</path>
         <kind>object</kind>
         <file>My_STEPMOTOR.o</file>
         <name>My_STEPMOTOR.o</name>
      </input_file>
      <input_file id="fl-e">
         <path>E:\Code\Project-MSPM0G3507\ElcContestTest\Debug\.\BPS\src\</path>
         <kind>object</kind>
         <file>STEP_MOTOR.o</file>
         <name>STEP_MOTOR.o</name>
      </input_file>
      <input_file id="fl-f">
         <path>E:\Code\Project-MSPM0G3507\ElcContestTest\Debug\.\BPS\src\</path>
         <kind>object</kind>
         <file>TRACK.o</file>
         <name>TRACK.o</name>
      </input_file>
      <input_file id="fl-10">
         <path>E:\Code\Project-MSPM0G3507\ElcContestTest\Debug\.\BPS\src\</path>
         <kind>object</kind>
         <file>YAW_PID.o</file>
         <name>YAW_PID.o</name>
      </input_file>
      <input_file id="fl-11">
         <path>E:\Code\Project-MSPM0G3507\ElcContestTest\Debug\.\BPS\src\</path>
         <kind>object</kind>
         <file>ZIGBEE.o</file>
         <name>ZIGBEE.o</name>
      </input_file>
      <input_file id="fl-1e">
         <path>E:\Code\Project-MSPM0G3507\ElcContestTest\Debug\</path>
         <kind>object</kind>
         <file>&lt;internal&gt;</file>
         <name>&lt;internal&gt;</name>
      </input_file>
      <input_file id="fl-1f">
         <path>E:\SDK\Ti\mspm0_sdk_2_10_00_04\mspm0_sdk_2_11_00_07\source\ti\driverlib\lib\ticlang\m0p\mspm0g1x0x_g3x0x\</path>
         <kind>archive</kind>
         <file>driverlib.a</file>
         <name>dl_common.o</name>
      </input_file>
      <input_file id="fl-20">
         <path>E:\SDK\Ti\mspm0_sdk_2_10_00_04\mspm0_sdk_2_11_00_07\source\ti\driverlib\lib\ticlang\m0p\mspm0g1x0x_g3x0x\</path>
         <kind>archive</kind>
         <file>driverlib.a</file>
         <name>dl_spi.o</name>
      </input_file>
      <input_file id="fl-21">
         <path>E:\SDK\Ti\mspm0_sdk_2_10_00_04\mspm0_sdk_2_11_00_07\source\ti\driverlib\lib\ticlang\m0p\mspm0g1x0x_g3x0x\</path>
         <kind>archive</kind>
         <file>driverlib.a</file>
         <name>dl_timer.o</name>
      </input_file>
      <input_file id="fl-22">
         <path>E:\SDK\Ti\mspm0_sdk_2_10_00_04\mspm0_sdk_2_11_00_07\source\ti\driverlib\lib\ticlang\m0p\mspm0g1x0x_g3x0x\</path>
         <kind>archive</kind>
         <file>driverlib.a</file>
         <name>dl_uart.o</name>
      </input_file>
      <input_file id="fl-39">
         <path>E:\software\IDE\Code Composer Studio\ccs\tools\compiler\ti-cgt-armllvm_4.0.4.LTS\lib\armv6m-ti-none-eabi\c\</path>
         <kind>archive</kind>
         <file>libc.a</file>
         <name>sprintf.c.obj</name>
      </input_file>
      <input_file id="fl-3a">
         <path>E:\software\IDE\Code Composer Studio\ccs\tools\compiler\ti-cgt-armllvm_4.0.4.LTS\lib\armv6m-ti-none-eabi\c\</path>
         <kind>archive</kind>
         <file>libc.a</file>
         <name>vsnprintf.c.obj</name>
      </input_file>
      <input_file id="fl-3b">
         <path>E:\software\IDE\Code Composer Studio\ccs\tools\compiler\ti-cgt-armllvm_4.0.4.LTS\lib\armv6m-ti-none-eabi\c\</path>
         <kind>archive</kind>
         <file>libc.a</file>
         <name>sscanf.c.obj</name>
      </input_file>
      <input_file id="fl-3c">
         <path>E:\software\IDE\Code Composer Studio\ccs\tools\compiler\ti-cgt-armllvm_4.0.4.LTS\lib\armv6m-ti-none-eabi\c\</path>
         <kind>archive</kind>
         <file>libc.a</file>
         <name>aeabi_ctype.S.obj</name>
      </input_file>
      <input_file id="fl-3d">
         <path>E:\software\IDE\Code Composer Studio\ccs\tools\compiler\ti-cgt-armllvm_4.0.4.LTS\lib\armv6m-ti-none-eabi\c\</path>
         <kind>archive</kind>
         <file>libc.a</file>
         <name>boot_cortex_m.c.obj</name>
      </input_file>
      <input_file id="fl-3e">
         <path>E:\software\IDE\Code Composer Studio\ccs\tools\compiler\ti-cgt-armllvm_4.0.4.LTS\lib\armv6m-ti-none-eabi\c\</path>
         <kind>archive</kind>
         <file>libc.a</file>
         <name>mathacl_init.c.obj</name>
      </input_file>
      <input_file id="fl-3f">
         <path>E:\software\IDE\Code Composer Studio\ccs\tools\compiler\ti-cgt-armllvm_4.0.4.LTS\lib\armv6m-ti-none-eabi\c\</path>
         <kind>archive</kind>
         <file>libc.a</file>
         <name>autoinit.c.obj</name>
      </input_file>
      <input_file id="fl-40">
         <path>E:\software\IDE\Code Composer Studio\ccs\tools\compiler\ti-cgt-armllvm_4.0.4.LTS\lib\armv6m-ti-none-eabi\c\</path>
         <kind>archive</kind>
         <file>libc.a</file>
         <name>pre_init.c.obj</name>
      </input_file>
      <input_file id="fl-41">
         <path>E:\software\IDE\Code Composer Studio\ccs\tools\compiler\ti-cgt-armllvm_4.0.4.LTS\lib\armv6m-ti-none-eabi\c\</path>
         <kind>archive</kind>
         <file>libc.a</file>
         <name>cpy_tbl.c.obj</name>
      </input_file>
      <input_file id="fl-42">
         <path>E:\software\IDE\Code Composer Studio\ccs\tools\compiler\ti-cgt-armllvm_4.0.4.LTS\lib\armv6m-ti-none-eabi\c\</path>
         <kind>archive</kind>
         <file>libc.a</file>
         <name>copy_zero_init.c.obj</name>
      </input_file>
      <input_file id="fl-43">
         <path>E:\software\IDE\Code Composer Studio\ccs\tools\compiler\ti-cgt-armllvm_4.0.4.LTS\lib\armv6m-ti-none-eabi\c\</path>
         <kind>archive</kind>
         <file>libc.a</file>
         <name>copy_decompress_none.c.obj</name>
      </input_file>
      <input_file id="fl-44">
         <path>E:\software\IDE\Code Composer Studio\ccs\tools\compiler\ti-cgt-armllvm_4.0.4.LTS\lib\armv6m-ti-none-eabi\c\</path>
         <kind>archive</kind>
         <file>libc.a</file>
         <name>copy_decompress_lzss.c.obj</name>
      </input_file>
      <input_file id="fl-45">
         <path>E:\software\IDE\Code Composer Studio\ccs\tools\compiler\ti-cgt-armllvm_4.0.4.LTS\lib\armv6m-ti-none-eabi\c\</path>
         <kind>archive</kind>
         <file>libc.a</file>
         <name>_printfi.c.obj</name>
      </input_file>
      <input_file id="fl-46">
         <path>E:\software\IDE\Code Composer Studio\ccs\tools\compiler\ti-cgt-armllvm_4.0.4.LTS\lib\armv6m-ti-none-eabi\c\</path>
         <kind>archive</kind>
         <file>libc.a</file>
         <name>_scanfi.c.obj</name>
      </input_file>
      <input_file id="fl-47">
         <path>E:\software\IDE\Code Composer Studio\ccs\tools\compiler\ti-cgt-armllvm_4.0.4.LTS\lib\armv6m-ti-none-eabi\c\</path>
         <kind>archive</kind>
         <file>libc.a</file>
         <name>aeabi_portable.c.obj</name>
      </input_file>
      <input_file id="fl-48">
         <path>E:\software\IDE\Code Composer Studio\ccs\tools\compiler\ti-cgt-armllvm_4.0.4.LTS\lib\armv6m-ti-none-eabi\c\</path>
         <kind>archive</kind>
         <file>libc.a</file>
         <name>exit.c.obj</name>
      </input_file>
      <input_file id="fl-49">
         <path>E:\software\IDE\Code Composer Studio\ccs\tools\compiler\ti-cgt-armllvm_4.0.4.LTS\lib\armv6m-ti-none-eabi\c\</path>
         <kind>archive</kind>
         <file>libc.a</file>
         <name>_lock.c.obj</name>
      </input_file>
      <input_file id="fl-4a">
         <path>E:\software\IDE\Code Composer Studio\ccs\tools\compiler\ti-cgt-armllvm_4.0.4.LTS\lib\armv6m-ti-none-eabi\c\</path>
         <kind>archive</kind>
         <file>libc.a</file>
         <name>_ltoa.c.obj</name>
      </input_file>
      <input_file id="fl-4b">
         <path>E:\software\IDE\Code Composer Studio\ccs\tools\compiler\ti-cgt-armllvm_4.0.4.LTS\lib\armv6m-ti-none-eabi\c\</path>
         <kind>archive</kind>
         <file>libc.a</file>
         <name>args_main.c.obj</name>
      </input_file>
      <input_file id="fl-4c">
         <path>E:\software\IDE\Code Composer Studio\ccs\tools\compiler\ti-cgt-armllvm_4.0.4.LTS\lib\armv6m-ti-none-eabi\c\</path>
         <kind>archive</kind>
         <file>libc.a</file>
         <name>assert.c.obj</name>
      </input_file>
      <input_file id="fl-4d">
         <path>E:\software\IDE\Code Composer Studio\ccs\tools\compiler\ti-cgt-armllvm_4.0.4.LTS\lib\armv6m-ti-none-eabi\c\</path>
         <kind>archive</kind>
         <file>libc.a</file>
         <name>atoi.c.obj</name>
      </input_file>
      <input_file id="fl-4e">
         <path>E:\software\IDE\Code Composer Studio\ccs\tools\compiler\ti-cgt-armllvm_4.0.4.LTS\lib\armv6m-ti-none-eabi\c\</path>
         <kind>archive</kind>
         <file>libc.a</file>
         <name>defs.c.obj</name>
      </input_file>
      <input_file id="fl-4f">
         <path>E:\software\IDE\Code Composer Studio\ccs\tools\compiler\ti-cgt-armllvm_4.0.4.LTS\lib\armv6m-ti-none-eabi\c\</path>
         <kind>archive</kind>
         <file>libc.a</file>
         <name>memccpy.c.obj</name>
      </input_file>
      <input_file id="fl-50">
         <path>E:\software\IDE\Code Composer Studio\ccs\tools\compiler\ti-cgt-armllvm_4.0.4.LTS\lib\armv6m-ti-none-eabi\c\</path>
         <kind>archive</kind>
         <file>libc.a</file>
         <name>memory.c.obj</name>
      </input_file>
      <input_file id="fl-51">
         <path>E:\software\IDE\Code Composer Studio\ccs\tools\compiler\ti-cgt-armllvm_4.0.4.LTS\lib\armv6m-ti-none-eabi\c\</path>
         <kind>archive</kind>
         <file>libc.a</file>
         <name>strtod.c.obj</name>
      </input_file>
      <input_file id="fl-52">
         <path>E:\software\IDE\Code Composer Studio\ccs\tools\compiler\ti-cgt-armllvm_4.0.4.LTS\lib\armv6m-ti-none-eabi\c\</path>
         <kind>archive</kind>
         <file>libc.a</file>
         <name>strtol.c.obj</name>
      </input_file>
      <input_file id="fl-53">
         <path>E:\software\IDE\Code Composer Studio\ccs\tools\compiler\ti-cgt-armllvm_4.0.4.LTS\lib\armv6m-ti-none-eabi\c\</path>
         <kind>archive</kind>
         <file>libc.a</file>
         <name>strtoll.c.obj</name>
      </input_file>
      <input_file id="fl-54">
         <path>E:\software\IDE\Code Composer Studio\ccs\tools\compiler\ti-cgt-armllvm_4.0.4.LTS\lib\armv6m-ti-none-eabi\c\</path>
         <kind>archive</kind>
         <file>libc.a</file>
         <name>strtoul.c.obj</name>
      </input_file>
      <input_file id="fl-55">
         <path>E:\software\IDE\Code Composer Studio\ccs\tools\compiler\ti-cgt-armllvm_4.0.4.LTS\lib\armv6m-ti-none-eabi\c\</path>
         <kind>archive</kind>
         <file>libc.a</file>
         <name>strtoull.c.obj</name>
      </input_file>
      <input_file id="fl-56">
         <path>E:\software\IDE\Code Composer Studio\ccs\tools\compiler\ti-cgt-armllvm_4.0.4.LTS\lib\armv6m-ti-none-eabi\c\</path>
         <kind>archive</kind>
         <file>libc.a</file>
         <name>s_frexp.c.obj</name>
      </input_file>
      <input_file id="fl-57">
         <path>E:\software\IDE\Code Composer Studio\ccs\tools\compiler\ti-cgt-armllvm_4.0.4.LTS\lib\armv6m-ti-none-eabi\c\</path>
         <kind>archive</kind>
         <file>libc.a</file>
         <name>s_scalbn.c.obj</name>
      </input_file>
      <input_file id="fl-58">
         <path>E:\software\IDE\Code Composer Studio\ccs\tools\compiler\ti-cgt-armllvm_4.0.4.LTS\lib\armv6m-ti-none-eabi\c\</path>
         <kind>archive</kind>
         <file>libc.a</file>
         <name>wcslen.c.obj</name>
      </input_file>
      <input_file id="fl-59">
         <path>E:\software\IDE\Code Composer Studio\ccs\tools\compiler\ti-cgt-armllvm_4.0.4.LTS\lib\armv6m-ti-none-eabi\c\</path>
         <kind>archive</kind>
         <file>libc.a</file>
         <name>fflush.c.obj</name>
      </input_file>
      <input_file id="fl-5a">
         <path>E:\software\IDE\Code Composer Studio\ccs\tools\compiler\ti-cgt-armllvm_4.0.4.LTS\lib\armv6m-ti-none-eabi\c\</path>
         <kind>archive</kind>
         <file>libc.a</file>
         <name>fputs.c.obj</name>
      </input_file>
      <input_file id="fl-5b">
         <path>E:\software\IDE\Code Composer Studio\ccs\tools\compiler\ti-cgt-armllvm_4.0.4.LTS\lib\armv6m-ti-none-eabi\c\</path>
         <kind>archive</kind>
         <file>libc.a</file>
         <name>_io_perm.c.obj</name>
      </input_file>
      <input_file id="fl-5c">
         <path>E:\software\IDE\Code Composer Studio\ccs\tools\compiler\ti-cgt-armllvm_4.0.4.LTS\lib\armv6m-ti-none-eabi\c\</path>
         <kind>archive</kind>
         <file>libc.a</file>
         <name>setvbuf.c.obj</name>
      </input_file>
      <input_file id="fl-5d">
         <path>E:\software\IDE\Code Composer Studio\ccs\tools\compiler\ti-cgt-armllvm_4.0.4.LTS\lib\armv6m-ti-none-eabi\c\</path>
         <kind>archive</kind>
         <file>libc.a</file>
         <name>fopen.c.obj</name>
      </input_file>
      <input_file id="fl-5e">
         <path>E:\software\IDE\Code Composer Studio\ccs\tools\compiler\ti-cgt-armllvm_4.0.4.LTS\lib\armv6m-ti-none-eabi\c\</path>
         <kind>archive</kind>
         <file>libc.a</file>
         <name>fseek.c.obj</name>
      </input_file>
      <input_file id="fl-5f">
         <path>E:\software\IDE\Code Composer Studio\ccs\tools\compiler\ti-cgt-armllvm_4.0.4.LTS\lib\armv6m-ti-none-eabi\c\</path>
         <kind>archive</kind>
         <file>libc.a</file>
         <name>fclose.c.obj</name>
      </input_file>
      <input_file id="fl-ff">
         <path>E:\software\IDE\Code Composer Studio\ccs\tools\compiler\ti-cgt-armllvm_4.0.4.LTS\lib\armv6m-ti-none-eabi\c\</path>
         <kind>archive</kind>
         <file>libsysbm.a</file>
         <name>hostexit.c.obj</name>
      </input_file>
      <input_file id="fl-100">
         <path>E:\software\IDE\Code Composer Studio\ccs\tools\compiler\ti-cgt-armllvm_4.0.4.LTS\lib\armv6m-ti-none-eabi\c\</path>
         <kind>archive</kind>
         <file>libsysbm.a</file>
         <name>write.c.obj</name>
      </input_file>
      <input_file id="fl-101">
         <path>E:\software\IDE\Code Composer Studio\ccs\tools\compiler\ti-cgt-armllvm_4.0.4.LTS\lib\armv6m-ti-none-eabi\c\</path>
         <kind>archive</kind>
         <file>libsysbm.a</file>
         <name>host_device.c.obj</name>
      </input_file>
      <input_file id="fl-102">
         <path>E:\software\IDE\Code Composer Studio\ccs\tools\compiler\ti-cgt-armllvm_4.0.4.LTS\lib\armv6m-ti-none-eabi\c\</path>
         <kind>archive</kind>
         <file>libsysbm.a</file>
         <name>remove.c.obj</name>
      </input_file>
      <input_file id="fl-103">
         <path>E:\software\IDE\Code Composer Studio\ccs\tools\compiler\ti-cgt-armllvm_4.0.4.LTS\lib\armv6m-ti-none-eabi\c\</path>
         <kind>archive</kind>
         <file>libsysbm.a</file>
         <name>open.c.obj</name>
      </input_file>
      <input_file id="fl-104">
         <path>E:\software\IDE\Code Composer Studio\ccs\tools\compiler\ti-cgt-armllvm_4.0.4.LTS\lib\armv6m-ti-none-eabi\c\</path>
         <kind>archive</kind>
         <file>libsysbm.a</file>
         <name>lseek.c.obj</name>
      </input_file>
      <input_file id="fl-105">
         <path>E:\software\IDE\Code Composer Studio\ccs\tools\compiler\ti-cgt-armllvm_4.0.4.LTS\lib\armv6m-ti-none-eabi\c\</path>
         <kind>archive</kind>
         <file>libsysbm.a</file>
         <name>close.c.obj</name>
      </input_file>
      <input_file id="fl-106">
         <path>E:\software\IDE\Code Composer Studio\ccs\tools\compiler\ti-cgt-armllvm_4.0.4.LTS\lib\armv6m-ti-none-eabi\c\</path>
         <kind>archive</kind>
         <file>libsysbm.a</file>
         <name>unlink.c.obj</name>
      </input_file>
      <input_file id="fl-107">
         <path>E:\software\IDE\Code Composer Studio\ccs\tools\compiler\ti-cgt-armllvm_4.0.4.LTS\lib\armv6m-ti-none-eabi\c\</path>
         <kind>archive</kind>
         <file>libsysbm.a</file>
         <name>hostclose.c.obj</name>
      </input_file>
      <input_file id="fl-108">
         <path>E:\software\IDE\Code Composer Studio\ccs\tools\compiler\ti-cgt-armllvm_4.0.4.LTS\lib\armv6m-ti-none-eabi\c\</path>
         <kind>archive</kind>
         <file>libsysbm.a</file>
         <name>hostlseek.c.obj</name>
      </input_file>
      <input_file id="fl-109">
         <path>E:\software\IDE\Code Composer Studio\ccs\tools\compiler\ti-cgt-armllvm_4.0.4.LTS\lib\armv6m-ti-none-eabi\c\</path>
         <kind>archive</kind>
         <file>libsysbm.a</file>
         <name>hostopen.c.obj</name>
      </input_file>
      <input_file id="fl-10a">
         <path>E:\software\IDE\Code Composer Studio\ccs\tools\compiler\ti-cgt-armllvm_4.0.4.LTS\lib\armv6m-ti-none-eabi\c\</path>
         <kind>archive</kind>
         <file>libsysbm.a</file>
         <name>hostread.c.obj</name>
      </input_file>
      <input_file id="fl-10b">
         <path>E:\software\IDE\Code Composer Studio\ccs\tools\compiler\ti-cgt-armllvm_4.0.4.LTS\lib\armv6m-ti-none-eabi\c\</path>
         <kind>archive</kind>
         <file>libsysbm.a</file>
         <name>hostrename.c.obj</name>
      </input_file>
      <input_file id="fl-10c">
         <path>E:\software\IDE\Code Composer Studio\ccs\tools\compiler\ti-cgt-armllvm_4.0.4.LTS\lib\armv6m-ti-none-eabi\c\</path>
         <kind>archive</kind>
         <file>libsysbm.a</file>
         <name>hostunlink.c.obj</name>
      </input_file>
      <input_file id="fl-10d">
         <path>E:\software\IDE\Code Composer Studio\ccs\tools\compiler\ti-cgt-armllvm_4.0.4.LTS\lib\armv6m-ti-none-eabi\c\</path>
         <kind>archive</kind>
         <file>libsysbm.a</file>
         <name>hostwrite.c.obj</name>
      </input_file>
      <input_file id="fl-10e">
         <path>E:\software\IDE\Code Composer Studio\ccs\tools\compiler\ti-cgt-armllvm_4.0.4.LTS\lib\armv6m-ti-none-eabi\c\</path>
         <kind>archive</kind>
         <file>libsysbm.a</file>
         <name>trgmsg.c.obj</name>
      </input_file>
      <input_file id="fl-10f">
         <path>E:\software\IDE\Code Composer Studio\ccs\tools\compiler\ti-cgt-armllvm_4.0.4.LTS\lib\armv6m-ti-none-eabi\</path>
         <kind>archive</kind>
         <file>libclang_rt.builtins.a</file>
         <name>addsf3.S.obj</name>
      </input_file>
      <input_file id="fl-110">
         <path>E:\software\IDE\Code Composer Studio\ccs\tools\compiler\ti-cgt-armllvm_4.0.4.LTS\lib\armv6m-ti-none-eabi\</path>
         <kind>archive</kind>
         <file>libclang_rt.builtins.a</file>
         <name>adddf3.S.obj</name>
      </input_file>
      <input_file id="fl-111">
         <path>E:\software\IDE\Code Composer Studio\ccs\tools\compiler\ti-cgt-armllvm_4.0.4.LTS\lib\armv6m-ti-none-eabi\</path>
         <kind>archive</kind>
         <file>libclang_rt.builtins.a</file>
         <name>muldf3.S.obj</name>
      </input_file>
      <input_file id="fl-112">
         <path>E:\software\IDE\Code Composer Studio\ccs\tools\compiler\ti-cgt-armllvm_4.0.4.LTS\lib\armv6m-ti-none-eabi\</path>
         <kind>archive</kind>
         <file>libclang_rt.builtins.a</file>
         <name>muldsi3.S.obj</name>
      </input_file>
      <input_file id="fl-113">
         <path>E:\software\IDE\Code Composer Studio\ccs\tools\compiler\ti-cgt-armllvm_4.0.4.LTS\lib\armv6m-ti-none-eabi\</path>
         <kind>archive</kind>
         <file>libclang_rt.builtins.a</file>
         <name>mulsf3.S.obj</name>
      </input_file>
      <input_file id="fl-114">
         <path>E:\software\IDE\Code Composer Studio\ccs\tools\compiler\ti-cgt-armllvm_4.0.4.LTS\lib\armv6m-ti-none-eabi\</path>
         <kind>archive</kind>
         <file>libclang_rt.builtins.a</file>
         <name>divsf3.S.obj</name>
      </input_file>
      <input_file id="fl-115">
         <path>E:\software\IDE\Code Composer Studio\ccs\tools\compiler\ti-cgt-armllvm_4.0.4.LTS\lib\armv6m-ti-none-eabi\</path>
         <kind>archive</kind>
         <file>libclang_rt.builtins.a</file>
         <name>divdf3.S.obj</name>
      </input_file>
      <input_file id="fl-116">
         <path>E:\software\IDE\Code Composer Studio\ccs\tools\compiler\ti-cgt-armllvm_4.0.4.LTS\lib\armv6m-ti-none-eabi\</path>
         <kind>archive</kind>
         <file>libclang_rt.builtins.a</file>
         <name>fixdfsi.S.obj</name>
      </input_file>
      <input_file id="fl-117">
         <path>E:\software\IDE\Code Composer Studio\ccs\tools\compiler\ti-cgt-armllvm_4.0.4.LTS\lib\armv6m-ti-none-eabi\</path>
         <kind>archive</kind>
         <file>libclang_rt.builtins.a</file>
         <name>fixsfsi.S.obj</name>
      </input_file>
      <input_file id="fl-118">
         <path>E:\software\IDE\Code Composer Studio\ccs\tools\compiler\ti-cgt-armllvm_4.0.4.LTS\lib\armv6m-ti-none-eabi\</path>
         <kind>archive</kind>
         <file>libclang_rt.builtins.a</file>
         <name>fixunssfsi.S.obj</name>
      </input_file>
      <input_file id="fl-119">
         <path>E:\software\IDE\Code Composer Studio\ccs\tools\compiler\ti-cgt-armllvm_4.0.4.LTS\lib\armv6m-ti-none-eabi\</path>
         <kind>archive</kind>
         <file>libclang_rt.builtins.a</file>
         <name>floatsidf.S.obj</name>
      </input_file>
      <input_file id="fl-11a">
         <path>E:\software\IDE\Code Composer Studio\ccs\tools\compiler\ti-cgt-armllvm_4.0.4.LTS\lib\armv6m-ti-none-eabi\</path>
         <kind>archive</kind>
         <file>libclang_rt.builtins.a</file>
         <name>floatsisf.S.obj</name>
      </input_file>
      <input_file id="fl-11b">
         <path>E:\software\IDE\Code Composer Studio\ccs\tools\compiler\ti-cgt-armllvm_4.0.4.LTS\lib\armv6m-ti-none-eabi\</path>
         <kind>archive</kind>
         <file>libclang_rt.builtins.a</file>
         <name>floatunsisf.S.obj</name>
      </input_file>
      <input_file id="fl-11c">
         <path>E:\software\IDE\Code Composer Studio\ccs\tools\compiler\ti-cgt-armllvm_4.0.4.LTS\lib\armv6m-ti-none-eabi\</path>
         <kind>archive</kind>
         <file>libclang_rt.builtins.a</file>
         <name>muldi3.S.obj</name>
      </input_file>
      <input_file id="fl-11d">
         <path>E:\software\IDE\Code Composer Studio\ccs\tools\compiler\ti-cgt-armllvm_4.0.4.LTS\lib\armv6m-ti-none-eabi\</path>
         <kind>archive</kind>
         <file>libclang_rt.builtins.a</file>
         <name>truncdfsf2.S.obj</name>
      </input_file>
      <input_file id="fl-11e">
         <path>E:\software\IDE\Code Composer Studio\ccs\tools\compiler\ti-cgt-armllvm_4.0.4.LTS\lib\armv6m-ti-none-eabi\</path>
         <kind>archive</kind>
         <file>libclang_rt.builtins.a</file>
         <name>aeabi_dcmp.S.obj</name>
      </input_file>
      <input_file id="fl-11f">
         <path>E:\software\IDE\Code Composer Studio\ccs\tools\compiler\ti-cgt-armllvm_4.0.4.LTS\lib\armv6m-ti-none-eabi\</path>
         <kind>archive</kind>
         <file>libclang_rt.builtins.a</file>
         <name>aeabi_fcmp.S.obj</name>
      </input_file>
      <input_file id="fl-120">
         <path>E:\software\IDE\Code Composer Studio\ccs\tools\compiler\ti-cgt-armllvm_4.0.4.LTS\lib\armv6m-ti-none-eabi\</path>
         <kind>archive</kind>
         <file>libclang_rt.builtins.a</file>
         <name>aeabi_idivmod.S.obj</name>
      </input_file>
      <input_file id="fl-121">
         <path>E:\software\IDE\Code Composer Studio\ccs\tools\compiler\ti-cgt-armllvm_4.0.4.LTS\lib\armv6m-ti-none-eabi\</path>
         <kind>archive</kind>
         <file>libclang_rt.builtins.a</file>
         <name>aeabi_memcpy.S.obj</name>
      </input_file>
      <input_file id="fl-122">
         <path>E:\software\IDE\Code Composer Studio\ccs\tools\compiler\ti-cgt-armllvm_4.0.4.LTS\lib\armv6m-ti-none-eabi\</path>
         <kind>archive</kind>
         <file>libclang_rt.builtins.a</file>
         <name>aeabi_memset.S.obj</name>
      </input_file>
      <input_file id="fl-123">
         <path>E:\software\IDE\Code Composer Studio\ccs\tools\compiler\ti-cgt-armllvm_4.0.4.LTS\lib\armv6m-ti-none-eabi\</path>
         <kind>archive</kind>
         <file>libclang_rt.builtins.a</file>
         <name>aeabi_uidivmod.S.obj</name>
      </input_file>
      <input_file id="fl-124">
         <path>E:\software\IDE\Code Composer Studio\ccs\tools\compiler\ti-cgt-armllvm_4.0.4.LTS\lib\armv6m-ti-none-eabi\</path>
         <kind>archive</kind>
         <file>libclang_rt.builtins.a</file>
         <name>aeabi_uldivmod.S.obj</name>
      </input_file>
      <input_file id="fl-125">
         <path>E:\software\IDE\Code Composer Studio\ccs\tools\compiler\ti-cgt-armllvm_4.0.4.LTS\lib\armv6m-ti-none-eabi\</path>
         <kind>archive</kind>
         <file>libclang_rt.builtins.a</file>
         <name>comparesf2.S.obj</name>
      </input_file>
      <input_file id="fl-126">
         <path>E:\software\IDE\Code Composer Studio\ccs\tools\compiler\ti-cgt-armllvm_4.0.4.LTS\lib\armv6m-ti-none-eabi\</path>
         <kind>archive</kind>
         <file>libclang_rt.builtins.a</file>
         <name>udivmoddi4.S.obj</name>
      </input_file>
      <input_file id="fl-127">
         <path>E:\software\IDE\Code Composer Studio\ccs\tools\compiler\ti-cgt-armllvm_4.0.4.LTS\lib\armv6m-ti-none-eabi\</path>
         <kind>archive</kind>
         <file>libclang_rt.builtins.a</file>
         <name>ashldi3.S.obj</name>
      </input_file>
      <input_file id="fl-128">
         <path>E:\software\IDE\Code Composer Studio\ccs\tools\compiler\ti-cgt-armllvm_4.0.4.LTS\lib\armv6m-ti-none-eabi\</path>
         <kind>archive</kind>
         <file>libclang_rt.builtins.a</file>
         <name>comparedf2.c.obj</name>
      </input_file>
      <input_file id="fl-129">
         <path>E:\software\IDE\Code Composer Studio\ccs\tools\compiler\ti-cgt-armllvm_4.0.4.LTS\lib\armv6m-ti-none-eabi\</path>
         <kind>archive</kind>
         <file>libclang_rt.builtins.a</file>
         <name>aeabi_div0.c.obj</name>
      </input_file>
      <input_file id="fl-12a">
         <path>E:\software\IDE\Code Composer Studio\ccs\tools\compiler\ti-cgt-armllvm_4.0.4.LTS\lib\armv6m-ti-none-eabi\c\</path>
         <kind>archive</kind>
         <file>libc.a</file>
         <name>getdevice.c.obj</name>
      </input_file>
      <input_file id="fl-12b">
         <path>E:\software\IDE\Code Composer Studio\ccs\tools\compiler\ti-cgt-armllvm_4.0.4.LTS\lib\armv6m-ti-none-eabi\c\</path>
         <kind>archive</kind>
         <file>libc.a</file>
         <name>memcpy16.S.obj</name>
      </input_file>
      <input_file id="fl-12c">
         <path>E:\software\IDE\Code Composer Studio\ccs\tools\compiler\ti-cgt-armllvm_4.0.4.LTS\lib\armv6m-ti-none-eabi\c\</path>
         <kind>archive</kind>
         <file>libc.a</file>
         <name>memset16.S.obj</name>
      </input_file>
      <input_file id="fl-12d">
         <path>E:\software\IDE\Code Composer Studio\ccs\tools\compiler\ti-cgt-armllvm_4.0.4.LTS\lib\armv6m-ti-none-eabi\c\</path>
         <kind>archive</kind>
         <file>libc.a</file>
         <name>strcmp-armv6m.S.obj</name>
      </input_file>
   </input_file_list>
   <object_component_list>
      <object_component id="oc-1b">
         <name>.intvecs</name>
         <load_address>0x0</load_address>
         <readonly>true</readonly>
         <run_address>0x0</run_address>
         <size>0xc0</size>
         <alignment>0x4</alignment>
         <input_file_ref idref="fl-4"/>
      </object_component>
      <object_component id="oc-16b">
         <name>.text.LCD_Init</name>
         <load_address>0xc0</load_address>
         <readonly>true</readonly>
         <executable>true</executable>
         <run_address>0xc0</run_address>
         <size>0xde8</size>
         <alignment>0x4</alignment>
         <input_file_ref idref="fl-7"/>
      </object_component>
      <object_component id="oc-de">
         <name>.text.Mode_Question_Three</name>
         <load_address>0xea8</load_address>
         <readonly>true</readonly>
         <executable>true</executable>
         <run_address>0xea8</run_address>
         <size>0xbdc</size>
         <alignment>0x4</alignment>
         <input_file_ref idref="fl-1"/>
      </object_component>
      <object_component id="oc-b1">
         <name>.text.__TI_scanfi</name>
         <load_address>0x1a84</load_address>
         <readonly>true</readonly>
         <executable>true</executable>
         <run_address>0x1a84</run_address>
         <size>0xbdc</size>
         <alignment>0x4</alignment>
         <input_file_ref idref="fl-46"/>
      </object_component>
      <object_component id="oc-242">
         <name>.text.LCD_ShowChar</name>
         <load_address>0x2660</load_address>
         <readonly>true</readonly>
         <executable>true</executable>
         <run_address>0x2660</run_address>
         <size>0x400</size>
         <alignment>0x4</alignment>
         <input_file_ref idref="fl-6"/>
      </object_component>
      <object_component id="oc-12a">
         <name>.text.strtod</name>
         <load_address>0x2a60</load_address>
         <readonly>true</readonly>
         <executable>true</executable>
         <run_address>0x2a60</run_address>
         <size>0x3b8</size>
         <alignment>0x4</alignment>
         <input_file_ref idref="fl-51"/>
      </object_component>
      <object_component id="oc-1bd">
         <name>.text.Run_Track</name>
         <load_address>0x2e18</load_address>
         <readonly>true</readonly>
         <executable>true</executable>
         <run_address>0x2e18</run_address>
         <size>0x334</size>
         <alignment>0x4</alignment>
         <input_file_ref idref="fl-1"/>
      </object_component>
      <object_component id="oc-171">
         <name>.text.LCD_Fill</name>
         <load_address>0x314c</load_address>
         <readonly>true</readonly>
         <executable>true</executable>
         <run_address>0x314c</run_address>
         <size>0x2c0</size>
         <alignment>0x4</alignment>
         <input_file_ref idref="fl-6"/>
      </object_component>
      <object_component id="oc-90">
         <name>.text.CopeSerial2Data</name>
         <load_address>0x340c</load_address>
         <readonly>true</readonly>
         <executable>true</executable>
         <run_address>0x340c</run_address>
         <size>0x2a4</size>
         <alignment>0x4</alignment>
         <input_file_ref idref="fl-9"/>
      </object_component>
      <object_component id="oc-23e">
         <name>.text.LCD_Address_Set</name>
         <load_address>0x36b0</load_address>
         <readonly>true</readonly>
         <executable>true</executable>
         <run_address>0x36b0</run_address>
         <size>0x22c</size>
         <alignment>0x4</alignment>
         <input_file_ref idref="fl-7"/>
      </object_component>
      <object_component id="oc-a6">
         <name>.text.main</name>
         <load_address>0x38dc</load_address>
         <readonly>true</readonly>
         <executable>true</executable>
         <run_address>0x38dc</run_address>
         <size>0x224</size>
         <alignment>0x4</alignment>
         <input_file_ref idref="fl-1"/>
      </object_component>
      <object_component id="oc-141">
         <name>.text.strtoll</name>
         <load_address>0x3b00</load_address>
         <readonly>true</readonly>
         <executable>true</executable>
         <run_address>0x3b00</run_address>
         <size>0x1e0</size>
         <alignment>0x4</alignment>
         <input_file_ref idref="fl-53"/>
      </object_component>
      <object_component id="oc-dd">
         <name>.text.Show_Init</name>
         <load_address>0x3ce0</load_address>
         <readonly>true</readonly>
         <executable>true</executable>
         <run_address>0x3ce0</run_address>
         <size>0x19c</size>
         <alignment>0x4</alignment>
         <input_file_ref idref="fl-1"/>
      </object_component>
      <object_component id="oc-1dd">
         <name>.text.adddf3_subdf3</name>
         <load_address>0x3e7c</load_address>
         <readonly>true</readonly>
         <executable>true</executable>
         <run_address>0x3e7c</run_address>
         <size>0x192</size>
         <alignment>0x4</alignment>
         <input_file_ref idref="fl-110"/>
      </object_component>
      <object_component id="oc-39">
         <name>.text.Default_Handler</name>
         <load_address>0x400e</load_address>
         <readonly>true</readonly>
         <executable>true</executable>
         <run_address>0x400e</run_address>
         <size>0x2</size>
         <alignment>0x2</alignment>
         <input_file_ref idref="fl-4"/>
      </object_component>
      <object_component id="oc-ee">
         <name>.text.Mode_Question_Two</name>
         <load_address>0x4010</load_address>
         <readonly>true</readonly>
         <executable>true</executable>
         <run_address>0x4010</run_address>
         <size>0x184</size>
         <alignment>0x4</alignment>
         <input_file_ref idref="fl-1"/>
      </object_component>
      <object_component id="oc-1b5">
         <name>.text.PID_Get</name>
         <load_address>0x4194</load_address>
         <readonly>true</readonly>
         <executable>true</executable>
         <run_address>0x4194</run_address>
         <size>0x178</size>
         <alignment>0x4</alignment>
         <input_file_ref idref="fl-1"/>
      </object_component>
      <object_component id="oc-13d">
         <name>.text.strtoull</name>
         <load_address>0x430c</load_address>
         <readonly>true</readonly>
         <executable>true</executable>
         <run_address>0x430c</run_address>
         <size>0x16c</size>
         <alignment>0x4</alignment>
         <input_file_ref idref="fl-55"/>
      </object_component>
      <object_component id="oc-139">
         <name>.text.strtol</name>
         <load_address>0x4478</load_address>
         <readonly>true</readonly>
         <executable>true</executable>
         <run_address>0x4478</run_address>
         <size>0x144</size>
         <alignment>0x4</alignment>
         <input_file_ref idref="fl-52"/>
      </object_component>
      <object_component id="oc-df">
         <name>.text.Track_Update1ms</name>
         <load_address>0x45bc</load_address>
         <readonly>true</readonly>
         <executable>true</executable>
         <run_address>0x45bc</run_address>
         <size>0x13c</size>
         <alignment>0x4</alignment>
         <input_file_ref idref="fl-f"/>
      </object_component>
      <object_component id="oc-135">
         <name>.text.strtoul</name>
         <load_address>0x46f8</load_address>
         <readonly>true</readonly>
         <executable>true</executable>
         <run_address>0x46f8</run_address>
         <size>0x12c</size>
         <alignment>0x4</alignment>
         <input_file_ref idref="fl-54"/>
      </object_component>
      <object_component id="oc-213">
         <name>.text.SYSCFG_DL_GPIO_init</name>
         <load_address>0x4824</load_address>
         <readonly>true</readonly>
         <executable>true</executable>
         <run_address>0x4824</run_address>
         <size>0x124</size>
         <alignment>0x4</alignment>
         <input_file_ref idref="fl-2"/>
      </object_component>
      <object_component id="oc-1ee">
         <name>.text.__divdf3</name>
         <load_address>0x4948</load_address>
         <readonly>true</readonly>
         <executable>true</executable>
         <run_address>0x4948</run_address>
         <size>0x10c</size>
         <alignment>0x4</alignment>
         <input_file_ref idref="fl-115"/>
      </object_component>
      <object_component id="oc-286">
         <name>.text.DL_Timer_initFourCCPWMMode</name>
         <load_address>0x4a54</load_address>
         <readonly>true</readonly>
         <executable>true</executable>
         <run_address>0x4a54</run_address>
         <size>0x104</size>
         <alignment>0x4</alignment>
         <input_file_ref idref="fl-21"/>
      </object_component>
      <object_component id="oc-28d">
         <name>.text.DL_Timer_initTimerMode</name>
         <load_address>0x4b58</load_address>
         <readonly>true</readonly>
         <executable>true</executable>
         <run_address>0x4b58</run_address>
         <size>0xfc</size>
         <alignment>0x4</alignment>
         <input_file_ref idref="fl-21"/>
      </object_component>
      <object_component id="oc-e0">
         <name>.text.Velocity_Get</name>
         <load_address>0x4c54</load_address>
         <readonly>true</readonly>
         <executable>true</executable>
         <run_address>0x4c54</run_address>
         <size>0xe4</size>
         <alignment>0x4</alignment>
         <input_file_ref idref="fl-1"/>
      </object_component>
      <object_component id="oc-1d9">
         <name>.text.__muldf3</name>
         <load_address>0x4d38</load_address>
         <readonly>true</readonly>
         <executable>true</executable>
         <run_address>0x4d38</run_address>
         <size>0xe4</size>
         <alignment>0x4</alignment>
         <input_file_ref idref="fl-111"/>
      </object_component>
      <object_component id="oc-1ea">
         <name>.text.scalbn</name>
         <load_address>0x4e1c</load_address>
         <readonly>true</readonly>
         <executable>true</executable>
         <run_address>0x4e1c</run_address>
         <size>0xd8</size>
         <alignment>0x4</alignment>
         <input_file_ref idref="fl-57"/>
      </object_component>
      <object_component id="oc-e5">
         <name>.text</name>
         <load_address>0x4ef4</load_address>
         <readonly>true</readonly>
         <executable>true</executable>
         <run_address>0x4ef4</run_address>
         <size>0xd8</size>
         <alignment>0x4</alignment>
         <input_file_ref idref="fl-10f"/>
      </object_component>
      <object_component id="oc-228">
         <name>.text.uart0_send_SendByte</name>
         <load_address>0x4fcc</load_address>
         <readonly>true</readonly>
         <executable>true</executable>
         <run_address>0x4fcc</run_address>
         <size>0xd4</size>
         <alignment>0x4</alignment>
         <input_file_ref idref="fl-5"/>
      </object_component>
      <object_component id="oc-3f">
         <name>.text.UART3_IRQHandler</name>
         <load_address>0x50a0</load_address>
         <readonly>true</readonly>
         <executable>true</executable>
         <run_address>0x50a0</run_address>
         <size>0xd0</size>
         <alignment>0x4</alignment>
         <input_file_ref idref="fl-b"/>
      </object_component>
      <object_component id="oc-ef">
         <name>.text.Track_ReadRaw</name>
         <load_address>0x5170</load_address>
         <readonly>true</readonly>
         <executable>true</executable>
         <run_address>0x5170</run_address>
         <size>0xb8</size>
         <alignment>0x4</alignment>
         <input_file_ref idref="fl-f"/>
      </object_component>
      <object_component id="oc-198">
         <name>.text.Stable30_Curve_Amount</name>
         <load_address>0x5228</load_address>
         <readonly>true</readonly>
         <executable>true</executable>
         <run_address>0x5228</run_address>
         <size>0xa4</size>
         <alignment>0x4</alignment>
         <input_file_ref idref="fl-1"/>
      </object_component>
      <object_component id="oc-27c">
         <name>.text</name>
         <load_address>0x52cc</load_address>
         <readonly>true</readonly>
         <executable>true</executable>
         <run_address>0x52cc</run_address>
         <size>0xa2</size>
         <alignment>0x4</alignment>
         <input_file_ref idref="fl-126"/>
      </object_component>
      <object_component id="oc-d0">
         <name>.text:memcpy</name>
         <load_address>0x536e</load_address>
         <readonly>true</readonly>
         <executable>true</executable>
         <run_address>0x536e</run_address>
         <size>0x9a</size>
         <alignment>0x1</alignment>
         <input_file_ref idref="fl-12b"/>
      </object_component>
      <object_component id="oc-c0">
         <name>.text.__mulsf3</name>
         <load_address>0x5408</load_address>
         <readonly>true</readonly>
         <executable>true</executable>
         <run_address>0x5408</run_address>
         <size>0x8c</size>
         <alignment>0x4</alignment>
         <input_file_ref idref="fl-113"/>
      </object_component>
      <object_component id="oc-211">
         <name>.text.SYSCFG_DL_initPower</name>
         <load_address>0x5494</load_address>
         <readonly>true</readonly>
         <executable>true</executable>
         <run_address>0x5494</run_address>
         <size>0x88</size>
         <alignment>0x4</alignment>
         <input_file_ref idref="fl-2"/>
      </object_component>
      <object_component id="oc-e1">
         <name>.text.__divsf3</name>
         <load_address>0x551c</load_address>
         <readonly>true</readonly>
         <executable>true</executable>
         <run_address>0x551c</run_address>
         <size>0x82</size>
         <alignment>0x4</alignment>
         <input_file_ref idref="fl-114"/>
      </object_component>
      <object_component id="oc-252">
         <name>.text.__aeabi_idiv0</name>
         <load_address>0x559e</load_address>
         <readonly>true</readonly>
         <executable>true</executable>
         <run_address>0x559e</run_address>
         <size>0x2</size>
         <alignment>0x2</alignment>
         <input_file_ref idref="fl-129"/>
      </object_component>
      <object_component id="oc-d5">
         <name>.text.System_Init</name>
         <load_address>0x55a0</load_address>
         <readonly>true</readonly>
         <executable>true</executable>
         <run_address>0x55a0</run_address>
         <size>0x7c</size>
         <alignment>0x4</alignment>
         <input_file_ref idref="fl-1"/>
      </object_component>
      <object_component id="oc-199">
         <name>.text.Track_ReadStable</name>
         <load_address>0x561c</load_address>
         <readonly>true</readonly>
         <executable>true</executable>
         <run_address>0x561c</run_address>
         <size>0x7c</size>
         <alignment>0x4</alignment>
         <input_file_ref idref="fl-f"/>
      </object_component>
      <object_component id="oc-1f">
         <name>.text:decompress:lzss</name>
         <load_address>0x5698</load_address>
         <readonly>true</readonly>
         <executable>true</executable>
         <run_address>0x5698</run_address>
         <size>0x7c</size>
         <alignment>0x4</alignment>
         <input_file_ref idref="fl-44"/>
      </object_component>
      <object_component id="oc-215">
         <name>.text.SYSCFG_DL_PWM_0_init</name>
         <load_address>0x5714</load_address>
         <readonly>true</readonly>
         <executable>true</executable>
         <run_address>0x5714</run_address>
         <size>0x74</size>
         <alignment>0x4</alignment>
         <input_file_ref idref="fl-2"/>
      </object_component>
      <object_component id="oc-216">
         <name>.text.SYSCFG_DL_PWM_1_init</name>
         <load_address>0x5788</load_address>
         <readonly>true</readonly>
         <executable>true</executable>
         <run_address>0x5788</run_address>
         <size>0x74</size>
         <alignment>0x4</alignment>
         <input_file_ref idref="fl-2"/>
      </object_component>
      <object_component id="oc-45">
         <name>.text.UART1_IRQHandler</name>
         <load_address>0x57fc</load_address>
         <readonly>true</readonly>
         <executable>true</executable>
         <run_address>0x57fc</run_address>
         <size>0x74</size>
         <alignment>0x4</alignment>
         <input_file_ref idref="fl-11"/>
      </object_component>
      <object_component id="oc-271">
         <name>.text.__gedf2</name>
         <load_address>0x5870</load_address>
         <readonly>true</readonly>
         <executable>true</executable>
         <run_address>0x5870</run_address>
         <size>0x74</size>
         <alignment>0x4</alignment>
         <input_file_ref idref="fl-128"/>
      </object_component>
      <object_component id="oc-193">
         <name>.text.GyroUpdateCount</name>
         <load_address>0x58e4</load_address>
         <readonly>true</readonly>
         <executable>true</executable>
         <run_address>0x58e4</run_address>
         <size>0xc</size>
         <alignment>0x4</alignment>
         <input_file_ref idref="fl-9"/>
      </object_component>
      <object_component id="oc-130">
         <name>.text.__truncdfsf2</name>
         <load_address>0x58f0</load_address>
         <readonly>true</readonly>
         <executable>true</executable>
         <run_address>0x58f0</run_address>
         <size>0x74</size>
         <alignment>0x10</alignment>
         <input_file_ref idref="fl-11d"/>
      </object_component>
      <object_component id="oc-b9">
         <name>.text._chkmbc</name>
         <load_address>0x5964</load_address>
         <readonly>true</readonly>
         <executable>true</executable>
         <run_address>0x5964</run_address>
         <size>0x74</size>
         <alignment>0x4</alignment>
         <input_file_ref idref="fl-3b"/>
      </object_component>
      <object_component id="oc-23f">
         <name>.text.LCD_WR_DATA</name>
         <load_address>0x59d8</load_address>
         <readonly>true</readonly>
         <executable>true</executable>
         <run_address>0x59d8</run_address>
         <size>0x70</size>
         <alignment>0x4</alignment>
         <input_file_ref idref="fl-7"/>
      </object_component>
      <object_component id="oc-218">
         <name>.text.SYSCFG_DL_UART_0_init</name>
         <load_address>0x5a48</load_address>
         <readonly>true</readonly>
         <executable>true</executable>
         <run_address>0x5a48</run_address>
         <size>0x70</size>
         <alignment>0x4</alignment>
         <input_file_ref idref="fl-2"/>
      </object_component>
      <object_component id="oc-21b">
         <name>.text.SYSCFG_DL_UART_1_init</name>
         <load_address>0x5ab8</load_address>
         <readonly>true</readonly>
         <executable>true</executable>
         <run_address>0x5ab8</run_address>
         <size>0x70</size>
         <alignment>0x4</alignment>
         <input_file_ref idref="fl-2"/>
      </object_component>
      <object_component id="oc-219">
         <name>.text.SYSCFG_DL_UART_2_init</name>
         <load_address>0x5b28</load_address>
         <readonly>true</readonly>
         <executable>true</executable>
         <run_address>0x5b28</run_address>
         <size>0x70</size>
         <alignment>0x4</alignment>
         <input_file_ref idref="fl-2"/>
      </object_component>
      <object_component id="oc-21a">
         <name>.text.SYSCFG_DL_UART_3_init</name>
         <load_address>0x5b98</load_address>
         <readonly>true</readonly>
         <executable>true</executable>
         <run_address>0x5b98</run_address>
         <size>0x70</size>
         <alignment>0x4</alignment>
         <input_file_ref idref="fl-2"/>
      </object_component>
      <object_component id="oc-26b">
         <name>.text.__ledf2</name>
         <load_address>0x5c08</load_address>
         <readonly>true</readonly>
         <executable>true</executable>
         <run_address>0x5c08</run_address>
         <size>0x68</size>
         <alignment>0x4</alignment>
         <input_file_ref idref="fl-128"/>
      </object_component>
      <object_component id="oc-166">
         <name>.text.StepMotor_Init</name>
         <load_address>0x5c70</load_address>
         <readonly>true</readonly>
         <executable>true</executable>
         <run_address>0x5c70</run_address>
         <size>0x64</size>
         <alignment>0x4</alignment>
         <input_file_ref idref="fl-d"/>
      </object_component>
      <object_component id="oc-1e1">
         <name>.text.__aeabi_dcmp</name>
         <load_address>0x5cd4</load_address>
         <readonly>true</readonly>
         <executable>true</executable>
         <run_address>0x5cd4</run_address>
         <size>0x62</size>
         <alignment>0x4</alignment>
         <input_file_ref idref="fl-11e"/>
      </object_component>
      <object_component id="oc-2b9">
         <name>.text.__aeabi_ldiv0</name>
         <load_address>0x5d36</load_address>
         <readonly>true</readonly>
         <executable>true</executable>
         <run_address>0x5d36</run_address>
         <size>0x2</size>
         <alignment>0x2</alignment>
         <input_file_ref idref="fl-129"/>
      </object_component>
      <object_component id="oc-194">
         <name>.text.__aeabi_fcmp</name>
         <load_address>0x5d38</load_address>
         <readonly>true</readonly>
         <executable>true</executable>
         <run_address>0x5d38</run_address>
         <size>0x62</size>
         <alignment>0x4</alignment>
         <input_file_ref idref="fl-11f"/>
      </object_component>
      <object_component id="oc-153">
         <name>.text:memset</name>
         <load_address>0x5d9a</load_address>
         <readonly>true</readonly>
         <executable>true</executable>
         <run_address>0x5d9a</run_address>
         <size>0x62</size>
         <alignment>0x1</alignment>
         <input_file_ref idref="fl-12c"/>
      </object_component>
      <object_component id="oc-3a">
         <name>.text.GROUP1_IRQHandler</name>
         <load_address>0x5dfc</load_address>
         <readonly>true</readonly>
         <executable>true</executable>
         <run_address>0x5dfc</run_address>
         <size>0x58</size>
         <alignment>0x4</alignment>
         <input_file_ref idref="fl-8"/>
      </object_component>
      <object_component id="oc-154">
         <name>.text.SYSCFG_DL_init</name>
         <load_address>0x5e54</load_address>
         <readonly>true</readonly>
         <executable>true</executable>
         <run_address>0x5e54</run_address>
         <size>0x58</size>
         <alignment>0x4</alignment>
         <input_file_ref idref="fl-2"/>
      </object_component>
      <object_component id="oc-217">
         <name>.text.SYSCFG_DL_TIMER_TICK_init</name>
         <load_address>0x5eac</load_address>
         <readonly>true</readonly>
         <executable>true</executable>
         <run_address>0x5eac</run_address>
         <size>0x50</size>
         <alignment>0x4</alignment>
         <input_file_ref idref="fl-2"/>
      </object_component>
      <object_component id="oc-21c">
         <name>.text.SYSCFG_DL_SPI_LCD_init</name>
         <load_address>0x5efc</load_address>
         <readonly>true</readonly>
         <executable>true</executable>
         <run_address>0x5efc</run_address>
         <size>0x4c</size>
         <alignment>0x4</alignment>
         <input_file_ref idref="fl-2"/>
      </object_component>
      <object_component id="oc-214">
         <name>.text.SYSCFG_DL_SYSCTL_init</name>
         <load_address>0x5f48</load_address>
         <readonly>true</readonly>
         <executable>true</executable>
         <run_address>0x5f48</run_address>
         <size>0x4c</size>
         <alignment>0x4</alignment>
         <input_file_ref idref="fl-2"/>
      </object_component>
      <object_component id="oc-17b">
         <name>.text.LCD_ShowString</name>
         <load_address>0x5f94</load_address>
         <readonly>true</readonly>
         <executable>true</executable>
         <run_address>0x5f94</run_address>
         <size>0x4a</size>
         <alignment>0x2</alignment>
         <input_file_ref idref="fl-6"/>
      </object_component>
      <object_component id="oc-296">
         <name>.text.DL_UART_init</name>
         <load_address>0x5fe0</load_address>
         <readonly>true</readonly>
         <executable>true</executable>
         <run_address>0x5fe0</run_address>
         <size>0x48</size>
         <alignment>0x4</alignment>
         <input_file_ref idref="fl-22"/>
      </object_component>
      <object_component id="oc-2a5">
         <name>.text.DL_SPI_init</name>
         <load_address>0x6028</load_address>
         <readonly>true</readonly>
         <executable>true</executable>
         <run_address>0x6028</run_address>
         <size>0x44</size>
         <alignment>0x4</alignment>
         <input_file_ref idref="fl-20"/>
      </object_component>
      <object_component id="oc-223">
         <name>.text.UART0_Init</name>
         <load_address>0x606c</load_address>
         <readonly>true</readonly>
         <executable>true</executable>
         <run_address>0x606c</run_address>
         <size>0x44</size>
         <alignment>0x4</alignment>
         <input_file_ref idref="fl-5"/>
      </object_component>
      <object_component id="oc-22e">
         <name>.text.UART1_Init</name>
         <load_address>0x60b0</load_address>
         <readonly>true</readonly>
         <executable>true</executable>
         <run_address>0x60b0</run_address>
         <size>0x44</size>
         <alignment>0x4</alignment>
         <input_file_ref idref="fl-5"/>
      </object_component>
      <object_component id="oc-22f">
         <name>.text.UART3_Init</name>
         <load_address>0x60f4</load_address>
         <readonly>true</readonly>
         <executable>true</executable>
         <run_address>0x60f4</run_address>
         <size>0x44</size>
         <alignment>0x4</alignment>
         <input_file_ref idref="fl-5"/>
      </object_component>
      <object_component id="oc-19a">
         <name>.text.__aeabi_uidivmod</name>
         <load_address>0x6138</load_address>
         <readonly>true</readonly>
         <executable>true</executable>
         <run_address>0x6138</run_address>
         <size>0x40</size>
         <alignment>0x4</alignment>
         <input_file_ref idref="fl-123"/>
      </object_component>
      <object_component id="oc-120">
         <name>.text.atoi</name>
         <load_address>0x6178</load_address>
         <readonly>true</readonly>
         <executable>true</executable>
         <run_address>0x6178</run_address>
         <size>0x40</size>
         <alignment>0x4</alignment>
         <input_file_ref idref="fl-4d"/>
      </object_component>
      <object_component id="oc-233">
         <name>.text.zdt_emm_enable_no_reply</name>
         <load_address>0x61b8</load_address>
         <readonly>true</readonly>
         <executable>true</executable>
         <run_address>0x61b8</run_address>
         <size>0x40</size>
         <alignment>0x2</alignment>
         <input_file_ref idref="fl-e"/>
      </object_component>
      <object_component id="oc-18c">
         <name>.text.AO_Control</name>
         <load_address>0x61f8</load_address>
         <readonly>true</readonly>
         <executable>true</executable>
         <run_address>0x61f8</run_address>
         <size>0x3c</size>
         <alignment>0x4</alignment>
         <input_file_ref idref="fl-c"/>
      </object_component>
      <object_component id="oc-192">
         <name>.text.BO_Control</name>
         <load_address>0x6234</load_address>
         <readonly>true</readonly>
         <executable>true</executable>
         <run_address>0x6234</run_address>
         <size>0x3c</size>
         <alignment>0x4</alignment>
         <input_file_ref idref="fl-c"/>
      </object_component>
      <object_component id="oc-bc">
         <name>.text.__floatsisf</name>
         <load_address>0x6270</load_address>
         <readonly>true</readonly>
         <executable>true</executable>
         <run_address>0x6270</run_address>
         <size>0x3c</size>
         <alignment>0x4</alignment>
         <input_file_ref idref="fl-11a"/>
      </object_component>
      <object_component id="oc-250">
         <name>.text.__gtsf2</name>
         <load_address>0x62ac</load_address>
         <readonly>true</readonly>
         <executable>true</executable>
         <run_address>0x62ac</run_address>
         <size>0x3c</size>
         <alignment>0x4</alignment>
         <input_file_ref idref="fl-125"/>
      </object_component>
      <object_component id="oc-10c">
         <name>.text:__TI_auto_init_nobinit_nopinit</name>
         <load_address>0x62e8</load_address>
         <readonly>true</readonly>
         <executable>true</executable>
         <run_address>0x62e8</run_address>
         <size>0x3c</size>
         <alignment>0x4</alignment>
         <input_file_ref idref="fl-3f"/>
      </object_component>
      <object_component id="oc-24b">
         <name>.text.__eqsf2</name>
         <load_address>0x6324</load_address>
         <readonly>true</readonly>
         <executable>true</executable>
         <run_address>0x6324</run_address>
         <size>0x3a</size>
         <alignment>0x4</alignment>
         <input_file_ref idref="fl-125"/>
      </object_component>
      <object_component id="oc-148">
         <name>.text.__muldsi3</name>
         <load_address>0x6360</load_address>
         <readonly>true</readonly>
         <executable>true</executable>
         <run_address>0x6360</run_address>
         <size>0x3a</size>
         <alignment>0x4</alignment>
         <input_file_ref idref="fl-112"/>
      </object_component>
      <object_component id="oc-d6">
         <name>.text.Encoder_Get</name>
         <load_address>0x639c</load_address>
         <readonly>true</readonly>
         <executable>true</executable>
         <run_address>0x639c</run_address>
         <size>0x38</size>
         <alignment>0x4</alignment>
         <input_file_ref idref="fl-8"/>
      </object_component>
      <object_component id="oc-e9">
         <name>.text.__fixsfsi</name>
         <load_address>0x63d4</load_address>
         <readonly>true</readonly>
         <executable>true</executable>
         <run_address>0x63d4</run_address>
         <size>0x38</size>
         <alignment>0x4</alignment>
         <input_file_ref idref="fl-117"/>
      </object_component>
      <object_component id="oc-15b">
         <name>.text.sendCaliYawCommand</name>
         <load_address>0x640c</load_address>
         <readonly>true</readonly>
         <executable>true</executable>
         <run_address>0x640c</run_address>
         <size>0x38</size>
         <alignment>0x4</alignment>
         <input_file_ref idref="fl-9"/>
      </object_component>
      <object_component id="oc-15e">
         <name>.text.YawPID_Init</name>
         <load_address>0x6444</load_address>
         <readonly>true</readonly>
         <executable>true</executable>
         <run_address>0x6444</run_address>
         <size>0x34</size>
         <alignment>0x4</alignment>
         <input_file_ref idref="fl-10"/>
      </object_component>
      <object_component id="oc-1b6">
         <name>.text.__fixunssfsi</name>
         <load_address>0x6478</load_address>
         <readonly>true</readonly>
         <executable>true</executable>
         <run_address>0x6478</run_address>
         <size>0x32</size>
         <alignment>0x4</alignment>
         <input_file_ref idref="fl-118"/>
      </object_component>
      <object_component id="oc-2aa">
         <name>.text.DL_UART_transmitDataBlocking</name>
         <load_address>0x64ac</load_address>
         <readonly>true</readonly>
         <executable>true</executable>
         <run_address>0x64ac</run_address>
         <size>0x30</size>
         <alignment>0x4</alignment>
         <input_file_ref idref="fl-22"/>
      </object_component>
      <object_component id="oc-159">
         <name>.text.Encoder_Init</name>
         <load_address>0x64dc</load_address>
         <readonly>true</readonly>
         <executable>true</executable>
         <run_address>0x64dc</run_address>
         <size>0x30</size>
         <alignment>0x4</alignment>
         <input_file_ref idref="fl-8"/>
      </object_component>
      <object_component id="oc-83">
         <name>.text.sscanf</name>
         <load_address>0x650c</load_address>
         <readonly>true</readonly>
         <executable>true</executable>
         <run_address>0x650c</run_address>
         <size>0x30</size>
         <alignment>0x4</alignment>
         <input_file_ref idref="fl-3b"/>
      </object_component>
      <object_component id="oc-4b">
         <name>.text.UART0_IRQHandler</name>
         <load_address>0x653c</load_address>
         <readonly>true</readonly>
         <executable>true</executable>
         <run_address>0x653c</run_address>
         <size>0x28</size>
         <alignment>0x4</alignment>
         <input_file_ref idref="fl-9"/>
      </object_component>
      <object_component id="oc-19e">
         <name>.text.__floatunsisf</name>
         <load_address>0x6564</load_address>
         <readonly>true</readonly>
         <executable>true</executable>
         <run_address>0x6564</run_address>
         <size>0x28</size>
         <alignment>0x4</alignment>
         <input_file_ref idref="fl-11b"/>
      </object_component>
      <object_component id="oc-70">
         <name>.text:_c_int00_noargs</name>
         <load_address>0x658c</load_address>
         <readonly>true</readonly>
         <executable>true</executable>
         <run_address>0x658c</run_address>
         <size>0x28</size>
         <alignment>0x4</alignment>
         <input_file_ref idref="fl-3d"/>
      </object_component>
      <object_component id="oc-1ff">
         <name>.text.__muldi3</name>
         <load_address>0x65b4</load_address>
         <readonly>true</readonly>
         <executable>true</executable>
         <run_address>0x65b4</run_address>
         <size>0x24</size>
         <alignment>0x4</alignment>
         <input_file_ref idref="fl-11c"/>
      </object_component>
      <object_component id="oc-d7">
         <name>.text.Track_ResetStable</name>
         <load_address>0x65d8</load_address>
         <readonly>true</readonly>
         <executable>true</executable>
         <run_address>0x65d8</run_address>
         <size>0x20</size>
         <alignment>0x4</alignment>
         <input_file_ref idref="fl-f"/>
      </object_component>
      <object_component id="oc-2ba">
         <name>.text.__ashldi3</name>
         <load_address>0x65f8</load_address>
         <readonly>true</readonly>
         <executable>true</executable>
         <run_address>0x65f8</run_address>
         <size>0x1e</size>
         <alignment>0x4</alignment>
         <input_file_ref idref="fl-127"/>
      </object_component>
      <object_component id="oc-288">
         <name>.text.DL_Timer_setCaptCompUpdateMethod</name>
         <load_address>0x6618</load_address>
         <readonly>true</readonly>
         <executable>true</executable>
         <run_address>0x6618</run_address>
         <size>0x1c</size>
         <alignment>0x4</alignment>
         <input_file_ref idref="fl-21"/>
      </object_component>
      <object_component id="oc-285">
         <name>.text.DL_Timer_setClockConfig</name>
         <load_address>0x6634</load_address>
         <readonly>true</readonly>
         <executable>true</executable>
         <run_address>0x6634</run_address>
         <size>0x1c</size>
         <alignment>0x4</alignment>
         <input_file_ref idref="fl-21"/>
      </object_component>
      <object_component id="oc-50">
         <name>.text.TIMA1_IRQHandler</name>
         <load_address>0x6650</load_address>
         <readonly>true</readonly>
         <executable>true</executable>
         <run_address>0x6650</run_address>
         <size>0x1c</size>
         <alignment>0x4</alignment>
         <input_file_ref idref="fl-1"/>
      </object_component>
      <object_component id="oc-287">
         <name>.text.DL_Timer_setCaptureCompareOutCtl</name>
         <load_address>0x666c</load_address>
         <readonly>true</readonly>
         <executable>true</executable>
         <run_address>0x666c</run_address>
         <size>0x18</size>
         <alignment>0x4</alignment>
         <input_file_ref idref="fl-21"/>
      </object_component>
      <object_component id="oc-165">
         <name>.text.YawPID_Enable</name>
         <load_address>0x6684</load_address>
         <readonly>true</readonly>
         <executable>true</executable>
         <run_address>0x6684</run_address>
         <size>0x18</size>
         <alignment>0x4</alignment>
         <input_file_ref idref="fl-10"/>
      </object_component>
      <object_component id="oc-67">
         <name>.text:decompress:ZI:__TI_zero_init_nomemset</name>
         <load_address>0x669c</load_address>
         <readonly>true</readonly>
         <executable>true</executable>
         <run_address>0x669c</run_address>
         <size>0x16</size>
         <alignment>0x2</alignment>
         <input_file_ref idref="fl-42"/>
      </object_component>
      <object_component id="oc-203">
         <name>.text.__aeabi_uldivmod</name>
         <load_address>0x66b4</load_address>
         <readonly>true</readonly>
         <executable>true</executable>
         <run_address>0x66b4</run_address>
         <size>0x14</size>
         <alignment>0x4</alignment>
         <input_file_ref idref="fl-124"/>
      </object_component>
      <object_component id="oc-b8">
         <name>.text._inpchar</name>
         <load_address>0x66c8</load_address>
         <readonly>true</readonly>
         <executable>true</executable>
         <run_address>0x66c8</run_address>
         <size>0x14</size>
         <alignment>0x2</alignment>
         <input_file_ref idref="fl-3b"/>
      </object_component>
      <object_component id="oc-29f">
         <name>.text.DL_SPI_setClockConfig</name>
         <load_address>0x66dc</load_address>
         <readonly>true</readonly>
         <executable>true</executable>
         <run_address>0x66dc</run_address>
         <size>0x12</size>
         <alignment>0x2</alignment>
         <input_file_ref idref="fl-20"/>
      </object_component>
      <object_component id="oc-290">
         <name>.text.DL_UART_setClockConfig</name>
         <load_address>0x66ee</load_address>
         <readonly>true</readonly>
         <executable>true</executable>
         <run_address>0x66ee</run_address>
         <size>0x12</size>
         <alignment>0x2</alignment>
         <input_file_ref idref="fl-22"/>
      </object_component>
      <object_component id="oc-23">
         <name>.text:decompress:none</name>
         <load_address>0x6700</load_address>
         <readonly>true</readonly>
         <executable>true</executable>
         <run_address>0x6700</run_address>
         <size>0x12</size>
         <alignment>0x2</alignment>
         <input_file_ref idref="fl-43"/>
      </object_component>
      <object_component id="oc-243">
         <name>.text.DL_Timer_setCaptureCompareValue</name>
         <load_address>0x6714</load_address>
         <readonly>true</readonly>
         <executable>true</executable>
         <run_address>0x6714</run_address>
         <size>0x10</size>
         <alignment>0x4</alignment>
         <input_file_ref idref="fl-21"/>
      </object_component>
      <object_component id="oc-22a">
         <name>.text.Delay_ms</name>
         <load_address>0x6724</load_address>
         <readonly>true</readonly>
         <executable>true</executable>
         <run_address>0x6724</run_address>
         <size>0xe</size>
         <alignment>0x2</alignment>
         <input_file_ref idref="fl-5"/>
      </object_component>
      <object_component id="oc-127">
         <name>.text.OUTLINED_FUNCTION_1</name>
         <load_address>0x6732</load_address>
         <readonly>true</readonly>
         <executable>true</executable>
         <run_address>0x6732</run_address>
         <size>0xe</size>
         <alignment>0x2</alignment>
         <input_file_ref idref="fl-46"/>
      </object_component>
      <object_component id="oc-134">
         <name>.text.OUTLINED_FUNCTION_2</name>
         <load_address>0x6740</load_address>
         <readonly>true</readonly>
         <executable>true</executable>
         <run_address>0x6740</run_address>
         <size>0xe</size>
         <alignment>0x2</alignment>
         <input_file_ref idref="fl-46"/>
      </object_component>
      <object_component id="oc-11e">
         <name>.text.OUTLINED_FUNCTION_4</name>
         <load_address>0x674e</load_address>
         <readonly>true</readonly>
         <executable>true</executable>
         <run_address>0x674e</run_address>
         <size>0xe</size>
         <alignment>0x2</alignment>
         <input_file_ref idref="fl-46"/>
      </object_component>
      <object_component id="oc-1b4">
         <name>.text.GyroZ</name>
         <load_address>0x675c</load_address>
         <readonly>true</readonly>
         <executable>true</executable>
         <run_address>0x675c</run_address>
         <size>0xc</size>
         <alignment>0x4</alignment>
         <input_file_ref idref="fl-9"/>
      </object_component>
      <object_component id="oc-ed">
         <name>.text.Yaw</name>
         <load_address>0x6768</load_address>
         <readonly>true</readonly>
         <executable>true</executable>
         <run_address>0x6768</run_address>
         <size>0xc</size>
         <alignment>0x4</alignment>
         <input_file_ref idref="fl-9"/>
      </object_component>
      <object_component id="oc-164">
         <name>.text.YawPID_SetTarget</name>
         <load_address>0x6774</load_address>
         <readonly>true</readonly>
         <executable>true</executable>
         <run_address>0x6774</run_address>
         <size>0xc</size>
         <alignment>0x4</alignment>
         <input_file_ref idref="fl-10"/>
      </object_component>
      <object_component id="oc-9d">
         <name>.text.__aeabi_memclr</name>
         <load_address>0x6780</load_address>
         <readonly>true</readonly>
         <executable>true</executable>
         <run_address>0x6780</run_address>
         <size>0xc</size>
         <alignment>0x4</alignment>
         <input_file_ref idref="fl-122"/>
      </object_component>
      <object_component id="oc-281">
         <name>.text.DL_Common_delayCycles</name>
         <load_address>0x678c</load_address>
         <readonly>true</readonly>
         <executable>true</executable>
         <run_address>0x678c</run_address>
         <size>0xa</size>
         <alignment>0x2</alignment>
         <input_file_ref idref="fl-1f"/>
      </object_component>
      <object_component id="oc-15a">
         <name>.text.IMU_Init</name>
         <load_address>0x6796</load_address>
         <readonly>true</readonly>
         <executable>true</executable>
         <run_address>0x6796</run_address>
         <size>0x8</size>
         <alignment>0x2</alignment>
         <input_file_ref idref="fl-9"/>
      </object_component>
      <object_component id="oc-15d">
         <name>.text.MAIXCAM_Init</name>
         <load_address>0x679e</load_address>
         <readonly>true</readonly>
         <executable>true</executable>
         <run_address>0x679e</run_address>
         <size>0x8</size>
         <alignment>0x2</alignment>
         <input_file_ref idref="fl-b"/>
      </object_component>
      <object_component id="oc-126">
         <name>.text.OUTLINED_FUNCTION_0</name>
         <load_address>0x67a6</load_address>
         <readonly>true</readonly>
         <executable>true</executable>
         <run_address>0x67a6</run_address>
         <size>0x8</size>
         <alignment>0x2</alignment>
         <input_file_ref idref="fl-46"/>
      </object_component>
      <object_component id="oc-1d7">
         <name>.text.OUTLINED_FUNCTION_0</name>
         <load_address>0x67ae</load_address>
         <readonly>true</readonly>
         <executable>true</executable>
         <run_address>0x67ae</run_address>
         <size>0x8</size>
         <alignment>0x2</alignment>
         <input_file_ref idref="fl-51"/>
      </object_component>
      <object_component id="oc-1d8">
         <name>.text.OUTLINED_FUNCTION_1</name>
         <load_address>0x67b6</load_address>
         <readonly>true</readonly>
         <executable>true</executable>
         <run_address>0x67b6</run_address>
         <size>0x8</size>
         <alignment>0x2</alignment>
         <input_file_ref idref="fl-51"/>
      </object_component>
      <object_component id="oc-30c">
         <name>.tramp.__aeabi_dcmpeq.1</name>
         <load_address>0x67c0</load_address>
         <readonly>true</readonly>
         <executable>true</executable>
         <run_address>0x67c0</run_address>
         <size>0x10</size>
         <alignment>0x4</alignment>
         <input_file_ref idref="fl-11e"/>
      </object_component>
      <object_component id="oc-25d">
         <name>.text.Track_Read</name>
         <load_address>0x67d0</load_address>
         <readonly>true</readonly>
         <executable>true</executable>
         <run_address>0x67d0</run_address>
         <size>0x8</size>
         <alignment>0x2</alignment>
         <input_file_ref idref="fl-f"/>
      </object_component>
      <object_component id="oc-15c">
         <name>.text.Zigbee_Init</name>
         <load_address>0x67d8</load_address>
         <readonly>true</readonly>
         <executable>true</executable>
         <run_address>0x67d8</run_address>
         <size>0x8</size>
         <alignment>0x2</alignment>
         <input_file_ref idref="fl-11"/>
      </object_component>
      <object_component id="oc-1e5">
         <name>.text.__aeabi_errno_addr</name>
         <load_address>0x67e0</load_address>
         <readonly>true</readonly>
         <executable>true</executable>
         <run_address>0x67e0</run_address>
         <size>0x8</size>
         <alignment>0x4</alignment>
         <input_file_ref idref="fl-47"/>
      </object_component>
      <object_component id="oc-60">
         <name>.text.__aeabi_memcpy</name>
         <load_address>0x67e8</load_address>
         <readonly>true</readonly>
         <executable>true</executable>
         <run_address>0x67e8</run_address>
         <size>0x8</size>
         <alignment>0x4</alignment>
         <input_file_ref idref="fl-121"/>
      </object_component>
      <object_component id="oc-b7">
         <name>.text._uninpchar</name>
         <load_address>0x67f0</load_address>
         <readonly>true</readonly>
         <executable>true</executable>
         <run_address>0x67f0</run_address>
         <size>0x8</size>
         <alignment>0x2</alignment>
         <input_file_ref idref="fl-3b"/>
      </object_component>
      <object_component id="oc-11f">
         <name>.text.OUTLINED_FUNCTION_3</name>
         <load_address>0x67f8</load_address>
         <readonly>true</readonly>
         <executable>true</executable>
         <run_address>0x67f8</run_address>
         <size>0x6</size>
         <alignment>0x2</alignment>
         <input_file_ref idref="fl-46"/>
      </object_component>
      <object_component id="oc-105">
         <name>.text:abort</name>
         <load_address>0x67fe</load_address>
         <readonly>true</readonly>
         <executable>true</executable>
         <run_address>0x67fe</run_address>
         <size>0x6</size>
         <alignment>0x2</alignment>
         <input_file_ref idref="fl-48"/>
      </object_component>
      <object_component id="oc-1c2">
         <name>.text.HOSTexit</name>
         <load_address>0x6804</load_address>
         <readonly>true</readonly>
         <executable>true</executable>
         <run_address>0x6804</run_address>
         <size>0x4</size>
         <alignment>0x2</alignment>
         <input_file_ref idref="fl-ff"/>
      </object_component>
      <object_component id="oc-35">
         <name>.text.Reset_Handler</name>
         <load_address>0x6808</load_address>
         <readonly>true</readonly>
         <executable>true</executable>
         <run_address>0x6808</run_address>
         <size>0x4</size>
         <alignment>0x2</alignment>
         <input_file_ref idref="fl-4"/>
      </object_component>
      <object_component id="oc-a2">
         <name>.text._system_pre_init</name>
         <load_address>0x680c</load_address>
         <readonly>true</readonly>
         <executable>true</executable>
         <run_address>0x680c</run_address>
         <size>0x4</size>
         <alignment>0x2</alignment>
         <input_file_ref idref="fl-40"/>
[...]
         <object_component_ref idref="oc-df"/>
      </symbol>
      <symbol id="sm-232">
         <name>Track_ReadStable</name>
         <value>0x561d</value>
         <object_component_ref idref="oc-199"/>
      </symbol>
      <symbol id="sm-233">
         <name>Track_ResetStable</name>
         <value>0x65d9</value>
         <object_component_ref idref="oc-d7"/>
      </symbol>
      <symbol id="sm-244">
         <name>YawPID_Init</name>
         <value>0x6445</value>
         <object_component_ref idref="oc-15e"/>
      </symbol>
      <symbol id="sm-245">
         <name>Yaw_Circle</name>
         <value>0x20200178</value>
      </symbol>
      <symbol id="sm-246">
         <name>YawPID_Enable</name>
         <value>0x6685</value>
         <object_component_ref idref="oc-165"/>
      </symbol>
      <symbol id="sm-247">
         <name>YawPID_SetTarget</name>
         <value>0x6775</value>
         <object_component_ref idref="oc-164"/>
      </symbol>
      <symbol id="sm-259">
         <name>Zigbee_Init</name>
         <value>0x67d9</value>
         <object_component_ref idref="oc-15c"/>
      </symbol>
      <symbol id="sm-25a">
         <name>UART1_IRQHandler</name>
         <value>0x57fd</value>
         <object_component_ref idref="oc-45"/>
      </symbol>
      <symbol id="sm-25b">
         <name>rx_debug_flag</name>
         <value>0x20200312</value>
      </symbol>
      <symbol id="sm-25c">
         <name>zigbee_data</name>
         <value>0x20200368</value>
         <object_component_ref idref="oc-8c"/>
      </symbol>
      <symbol id="sm-25d">
         <name>__TI_ATRegion0_src_addr</name>
         <value>0x0</value>
      </symbol>
      <symbol id="sm-25e">
         <name>__TI_ATRegion0_trg_addr</name>
         <value>0x0</value>
      </symbol>
      <symbol id="sm-25f">
         <name>__TI_ATRegion0_region_sz</name>
         <value>0x0</value>
      </symbol>
      <symbol id="sm-260">
         <name>__TI_ATRegion1_src_addr</name>
         <value>0x0</value>
      </symbol>
      <symbol id="sm-261">
         <name>__TI_ATRegion1_trg_addr</name>
         <value>0x0</value>
      </symbol>
      <symbol id="sm-262">
         <name>__TI_ATRegion1_region_sz</name>
         <value>0x0</value>
      </symbol>
      <symbol id="sm-263">
         <name>__TI_ATRegion2_src_addr</name>
         <value>0x0</value>
      </symbol>
      <symbol id="sm-264">
         <name>__TI_ATRegion2_trg_addr</name>
         <value>0x0</value>
      </symbol>
      <symbol id="sm-265">
         <name>__TI_ATRegion2_region_sz</name>
         <value>0x0</value>
      </symbol>
      <symbol id="sm-26e">
         <name>DL_Common_delayCycles</name>
         <value>0x678d</value>
         <object_component_ref idref="oc-281"/>
      </symbol>
      <symbol id="sm-27b">
         <name>DL_SPI_init</name>
         <value>0x6029</value>
         <object_component_ref idref="oc-2a5"/>
      </symbol>
      <symbol id="sm-27c">
         <name>DL_SPI_setClockConfig</name>
         <value>0x66dd</value>
         <object_component_ref idref="oc-29f"/>
      </symbol>
      <symbol id="sm-298">
         <name>DL_Timer_setClockConfig</name>
         <value>0x6635</value>
         <object_component_ref idref="oc-285"/>
      </symbol>
      <symbol id="sm-299">
         <name>DL_Timer_initTimerMode</name>
         <value>0x4b59</value>
         <object_component_ref idref="oc-28d"/>
      </symbol>
      <symbol id="sm-29a">
         <name>DL_Timer_setCaptureCompareValue</name>
         <value>0x6715</value>
         <object_component_ref idref="oc-243"/>
      </symbol>
      <symbol id="sm-29b">
         <name>DL_Timer_setCaptCompUpdateMethod</name>
         <value>0x6619</value>
         <object_component_ref idref="oc-288"/>
      </symbol>
      <symbol id="sm-29c">
         <name>DL_Timer_setCaptureCompareOutCtl</name>
         <value>0x666d</value>
         <object_component_ref idref="oc-287"/>
      </symbol>
      <symbol id="sm-29d">
         <name>DL_Timer_initFourCCPWMMode</name>
         <value>0x4a55</value>
         <object_component_ref idref="oc-286"/>
      </symbol>
      <symbol id="sm-2ad">
         <name>DL_UART_init</name>
         <value>0x5fe1</value>
         <object_component_ref idref="oc-296"/>
      </symbol>
      <symbol id="sm-2ae">
         <name>DL_UART_setClockConfig</name>
         <value>0x66ef</value>
         <object_component_ref idref="oc-290"/>
      </symbol>
      <symbol id="sm-2af">
         <name>DL_UART_transmitDataBlocking</name>
         <value>0x64ad</value>
         <object_component_ref idref="oc-2aa"/>
      </symbol>
      <symbol id="sm-2c6">
         <name>sscanf</name>
         <value>0x650d</value>
         <object_component_ref idref="oc-83"/>
      </symbol>
      <symbol id="sm-2c7">
         <name>__aeabi_ctype_table_</name>
         <value>0x9c10</value>
         <object_component_ref idref="oc-124"/>
      </symbol>
      <symbol id="sm-2c8">
         <name>__aeabi_ctype_table_C</name>
         <value>0x9c10</value>
         <object_component_ref idref="oc-124"/>
      </symbol>
      <symbol id="sm-2d3">
         <name>_c_int00_noargs</name>
         <value>0x658d</value>
         <object_component_ref idref="oc-70"/>
      </symbol>
      <symbol id="sm-2d4">
         <name>__stack</name>
         <value>0x20207e00</value>
         <object_component_ref idref="oc-1d"/>
      </symbol>
      <symbol id="sm-2e0">
         <name>__TI_auto_init_nobinit_nopinit</name>
         <value>0x62e9</value>
         <object_component_ref idref="oc-10c"/>
      </symbol>
      <symbol id="sm-2e8">
         <name>_system_pre_init</name>
         <value>0x680d</value>
         <object_component_ref idref="oc-a2"/>
      </symbol>
      <symbol id="sm-2f3">
         <name>__TI_zero_init_nomemset</name>
         <value>0x669d</value>
         <object_component_ref idref="oc-67"/>
      </symbol>
      <symbol id="sm-2fc">
         <name>__TI_decompress_none</name>
         <value>0x6701</value>
         <object_component_ref idref="oc-23"/>
      </symbol>
      <symbol id="sm-307">
         <name>__TI_decompress_lzss</name>
         <value>0x5699</value>
         <object_component_ref idref="oc-1f"/>
      </symbol>
      <symbol id="sm-32f">
         <name>__TI_scanfi</name>
         <value>0x1a85</value>
         <object_component_ref idref="oc-b1"/>
      </symbol>
      <symbol id="sm-33a">
         <name>__aeabi_errno_addr</name>
         <value>0x67e1</value>
         <object_component_ref idref="oc-1e5"/>
      </symbol>
      <symbol id="sm-33b">
         <name>__aeabi_errno</name>
         <value>0x20200394</value>
         <object_component_ref idref="oc-273"/>
      </symbol>
      <symbol id="sm-345">
         <name>abort</name>
         <value>0x67ff</value>
         <object_component_ref idref="oc-105"/>
      </symbol>
      <symbol id="sm-353">
         <name>atoi</name>
         <value>0x6179</value>
         <object_component_ref idref="oc-120"/>
      </symbol>
      <symbol id="sm-36b">
         <name>strtod</name>
         <value>0x2a61</value>
         <object_component_ref idref="oc-12a"/>
      </symbol>
      <symbol id="sm-36c">
         <name>strtold</name>
         <value>0x2a61</value>
         <object_component_ref idref="oc-12a"/>
      </symbol>
      <symbol id="sm-377">
         <name>strtol</name>
         <value>0x4479</value>
         <object_component_ref idref="oc-139"/>
      </symbol>
      <symbol id="sm-382">
         <name>strtoll</name>
         <value>0x3b01</value>
         <object_component_ref idref="oc-141"/>
      </symbol>
      <symbol id="sm-38d">
         <name>strtoul</name>
         <value>0x46f9</value>
         <object_component_ref idref="oc-135"/>
      </symbol>
      <symbol id="sm-398">
         <name>strtoull</name>
         <value>0x430d</value>
         <object_component_ref idref="oc-13d"/>
      </symbol>
      <symbol id="sm-3a3">
         <name>scalbn</name>
         <value>0x4e1d</value>
         <object_component_ref idref="oc-1ea"/>
      </symbol>
      <symbol id="sm-3a4">
         <name>ldexp</name>
         <value>0x4e1d</value>
         <object_component_ref idref="oc-1ea"/>
      </symbol>
      <symbol id="sm-3a5">
         <name>scalbnl</name>
         <value>0x4e1d</value>
         <object_component_ref idref="oc-1ea"/>
      </symbol>
      <symbol id="sm-3a6">
         <name>ldexpl</name>
         <value>0x4e1d</value>
         <object_component_ref idref="oc-1ea"/>
      </symbol>
      <symbol id="sm-3b6">
         <name>HOSTexit</name>
         <value>0x6805</value>
         <object_component_ref idref="oc-1c2"/>
      </symbol>
      <symbol id="sm-3b7">
         <name>C$$EXIT</name>
         <value>0x6804</value>
         <object_component_ref idref="oc-1c2"/>
      </symbol>
      <symbol id="sm-3cc">
         <name>__aeabi_fadd</name>
         <value>0x4eff</value>
         <object_component_ref idref="oc-e5"/>
      </symbol>
      <symbol id="sm-3cd">
         <name>__addsf3</name>
         <value>0x4eff</value>
         <object_component_ref idref="oc-e5"/>
      </symbol>
      <symbol id="sm-3ce">
         <name>__aeabi_fsub</name>
         <value>0x4ef5</value>
         <object_component_ref idref="oc-e5"/>
      </symbol>
      <symbol id="sm-3cf">
         <name>__subsf3</name>
         <value>0x4ef5</value>
         <object_component_ref idref="oc-e5"/>
      </symbol>
      <symbol id="sm-3d5">
         <name>__aeabi_dadd</name>
         <value>0x3e87</value>
         <object_component_ref idref="oc-1dd"/>
      </symbol>
      <symbol id="sm-3d6">
         <name>__adddf3</name>
         <value>0x3e87</value>
         <object_component_ref idref="oc-1dd"/>
      </symbol>
      <symbol id="sm-3d7">
         <name>__aeabi_dsub</name>
         <value>0x3e7d</value>
         <object_component_ref idref="oc-1dd"/>
      </symbol>
      <symbol id="sm-3d8">
         <name>__subdf3</name>
         <value>0x3e7d</value>
         <object_component_ref idref="oc-1dd"/>
      </symbol>
      <symbol id="sm-3de">
         <name>__aeabi_dmul</name>
         <value>0x4d39</value>
         <object_component_ref idref="oc-1d9"/>
      </symbol>
      <symbol id="sm-3df">
         <name>__muldf3</name>
         <value>0x4d39</value>
         <object_component_ref idref="oc-1d9"/>
      </symbol>
      <symbol id="sm-3e5">
         <name>__muldsi3</name>
         <value>0x6361</value>
         <object_component_ref idref="oc-148"/>
      </symbol>
      <symbol id="sm-3eb">
         <name>__aeabi_fmul</name>
         <value>0x5409</value>
         <object_component_ref idref="oc-c0"/>
      </symbol>
      <symbol id="sm-3ec">
         <name>__mulsf3</name>
         <value>0x5409</value>
         <object_component_ref idref="oc-c0"/>
      </symbol>
      <symbol id="sm-3f2">
         <name>__aeabi_fdiv</name>
         <value>0x551d</value>
         <object_component_ref idref="oc-e1"/>
      </symbol>
      <symbol id="sm-3f3">
         <name>__divsf3</name>
         <value>0x551d</value>
         <object_component_ref idref="oc-e1"/>
      </symbol>
      <symbol id="sm-3f9">
         <name>__aeabi_ddiv</name>
         <value>0x4949</value>
         <object_component_ref idref="oc-1ee"/>
      </symbol>
      <symbol id="sm-3fa">
         <name>__divdf3</name>
         <value>0x4949</value>
         <object_component_ref idref="oc-1ee"/>
      </symbol>
      <symbol id="sm-400">
         <name>__aeabi_f2iz</name>
         <value>0x63d5</value>
         <object_component_ref idref="oc-e9"/>
      </symbol>
      <symbol id="sm-401">
         <name>__fixsfsi</name>
         <value>0x63d5</value>
         <object_component_ref idref="oc-e9"/>
      </symbol>
      <symbol id="sm-407">
         <name>__aeabi_f2uiz</name>
         <value>0x6479</value>
         <object_component_ref idref="oc-1b6"/>
      </symbol>
      <symbol id="sm-408">
         <name>__fixunssfsi</name>
         <value>0x6479</value>
         <object_component_ref idref="oc-1b6"/>
      </symbol>
      <symbol id="sm-40e">
         <name>__aeabi_i2f</name>
         <value>0x6271</value>
         <object_component_ref idref="oc-bc"/>
      </symbol>
      <symbol id="sm-40f">
         <name>__floatsisf</name>
         <value>0x6271</value>
         <object_component_ref idref="oc-bc"/>
      </symbol>
      <symbol id="sm-415">
         <name>__aeabi_ui2f</name>
         <value>0x6565</value>
         <object_component_ref idref="oc-19e"/>
      </symbol>
      <symbol id="sm-416">
         <name>__floatunsisf</name>
         <value>0x6565</value>
         <object_component_ref idref="oc-19e"/>
      </symbol>
      <symbol id="sm-41c">
         <name>__aeabi_lmul</name>
         <value>0x65b5</value>
         <object_component_ref idref="oc-1ff"/>
      </symbol>
      <symbol id="sm-41d">
         <name>__muldi3</name>
         <value>0x65b5</value>
         <object_component_ref idref="oc-1ff"/>
      </symbol>
      <symbol id="sm-424">
         <name>__aeabi_d2f</name>
         <value>0x58f1</value>
         <object_component_ref idref="oc-130"/>
      </symbol>
      <symbol id="sm-425">
         <name>__truncdfsf2</name>
         <value>0x58f1</value>
         <object_component_ref idref="oc-130"/>
      </symbol>
      <symbol id="sm-42b">
         <name>__aeabi_dcmpeq</name>
         <value>0x5cd5</value>
         <object_component_ref idref="oc-1e1"/>
      </symbol>
      <symbol id="sm-42c">
         <name>__aeabi_dcmplt</name>
         <value>0x5ce9</value>
         <object_component_ref idref="oc-1e1"/>
      </symbol>
      <symbol id="sm-42d">
         <name>__aeabi_dcmple</name>
         <value>0x5cfd</value>
         <object_component_ref idref="oc-1e1"/>
      </symbol>
      <symbol id="sm-42e">
         <name>__aeabi_dcmpge</name>
         <value>0x5d11</value>
         <object_component_ref idref="oc-1e1"/>
      </symbol>
      <symbol id="sm-42f">
         <name>__aeabi_dcmpgt</name>
         <value>0x5d25</value>
         <object_component_ref idref="oc-1e1"/>
      </symbol>
      <symbol id="sm-438">
         <name>__aeabi_fcmpeq</name>
         <value>0x5d39</value>
         <object_component_ref idref="oc-194"/>
      </symbol>
      <symbol id="sm-439">
         <name>__aeabi_fcmplt</name>
         <value>0x5d4d</value>
         <object_component_ref idref="oc-194"/>
      </symbol>
      <symbol id="sm-43a">
         <name>__aeabi_fcmple</name>
         <value>0x5d61</value>
         <object_component_ref idref="oc-194"/>
      </symbol>
      <symbol id="sm-43b">
         <name>__aeabi_fcmpge</name>
         <value>0x5d75</value>
         <object_component_ref idref="oc-194"/>
      </symbol>
      <symbol id="sm-43c">
         <name>__aeabi_fcmpgt</name>
         <value>0x5d89</value>
         <object_component_ref idref="oc-194"/>
      </symbol>
      <symbol id="sm-442">
         <name>__aeabi_memcpy</name>
         <value>0x67e9</value>
         <object_component_ref idref="oc-60"/>
      </symbol>
      <symbol id="sm-443">
         <name>__aeabi_memcpy4</name>
         <value>0x67e9</value>
         <object_component_ref idref="oc-60"/>
      </symbol>
      <symbol id="sm-444">
         <name>__aeabi_memcpy8</name>
         <value>0x67e9</value>
         <object_component_ref idref="oc-60"/>
      </symbol>
      <symbol id="sm-44b">
         <name>__aeabi_memclr</name>
         <value>0x6781</value>
         <object_component_ref idref="oc-9d"/>
      </symbol>
      <symbol id="sm-44c">
         <name>__aeabi_memclr4</name>
         <value>0x6781</value>
         <object_component_ref idref="oc-9d"/>
      </symbol>
      <symbol id="sm-44d">
         <name>__aeabi_memclr8</name>
         <value>0x6781</value>
         <object_component_ref idref="oc-9d"/>
      </symbol>
      <symbol id="sm-453">
         <name>__aeabi_uidiv</name>
         <value>0x6139</value>
         <object_component_ref idref="oc-19a"/>
      </symbol>
      <symbol id="sm-454">
         <name>__aeabi_uidivmod</name>
         <value>0x6139</value>
         <object_component_ref idref="oc-19a"/>
      </symbol>
      <symbol id="sm-45a">
         <name>__aeabi_uldivmod</name>
         <value>0x66b5</value>
         <object_component_ref idref="oc-203"/>
      </symbol>
      <symbol id="sm-463">
         <name>__eqsf2</name>
         <value>0x6325</value>
         <object_component_ref idref="oc-24b"/>
      </symbol>
      <symbol id="sm-464">
         <name>__lesf2</name>
         <value>0x6325</value>
         <object_component_ref idref="oc-24b"/>
      </symbol>
      <symbol id="sm-465">
         <name>__ltsf2</name>
         <value>0x6325</value>
         <object_component_ref idref="oc-24b"/>
      </symbol>
      <symbol id="sm-466">
         <name>__nesf2</name>
         <value>0x6325</value>
         <object_component_ref idref="oc-24b"/>
      </symbol>
      <symbol id="sm-467">
         <name>__cmpsf2</name>
         <value>0x6325</value>
         <object_component_ref idref="oc-24b"/>
      </symbol>
      <symbol id="sm-468">
         <name>__gtsf2</name>
         <value>0x62ad</value>
         <object_component_ref idref="oc-250"/>
      </symbol>
      <symbol id="sm-469">
         <name>__gesf2</name>
         <value>0x62ad</value>
         <object_component_ref idref="oc-250"/>
      </symbol>
      <symbol id="sm-46f">
         <name>__udivmoddi4</name>
         <value>0x52cd</value>
         <object_component_ref idref="oc-27c"/>
      </symbol>
      <symbol id="sm-475">
         <name>__aeabi_llsl</name>
         <value>0x65f9</value>
         <object_component_ref idref="oc-2ba"/>
      </symbol>
      <symbol id="sm-476">
         <name>__ashldi3</name>
         <value>0x65f9</value>
         <object_component_ref idref="oc-2ba"/>
      </symbol>
      <symbol id="sm-484">
         <name>__ledf2</name>
         <value>0x5c09</value>
         <object_component_ref idref="oc-26b"/>
      </symbol>
      <symbol id="sm-485">
         <name>__gedf2</name>
         <value>0x5871</value>
         <object_component_ref idref="oc-271"/>
      </symbol>
      <symbol id="sm-486">
         <name>__cmpdf2</name>
         <value>0x5c09</value>
         <object_component_ref idref="oc-26b"/>
      </symbol>
      <symbol id="sm-487">
         <name>__eqdf2</name>
         <value>0x5c09</value>
         <object_component_ref idref="oc-26b"/>
      </symbol>
      <symbol id="sm-488">
         <name>__ltdf2</name>
         <value>0x5c09</value>
         <object_component_ref idref="oc-26b"/>
      </symbol>
      <symbol id="sm-489">
         <name>__nedf2</name>
         <value>0x5c09</value>
         <object_component_ref idref="oc-26b"/>
      </symbol>
      <symbol id="sm-48a">
         <name>__gtdf2</name>
         <value>0x5871</value>
         <object_component_ref idref="oc-271"/>
      </symbol>
      <symbol id="sm-496">
         <name>__aeabi_idiv0</name>
         <value>0x559f</value>
         <object_component_ref idref="oc-252"/>
      </symbol>
      <symbol id="sm-497">
         <name>__aeabi_ldiv0</name>
         <value>0x5d37</value>
         <object_component_ref idref="oc-2b9"/>
      </symbol>
      <symbol id="sm-4b1">
         <name>memcpy</name>
         <value>0x536f</value>
         <object_component_ref idref="oc-d0"/>
      </symbol>
      <symbol id="sm-4c0">
         <name>memset</name>
         <value>0x5d9b</value>
         <object_component_ref idref="oc-153"/>
      </symbol>
      <symbol id="sm-4c1">
         <name>__TI_static_base__</name>
         <value>0x0</value>
      </symbol>
      <symbol id="sm-4c5">
         <name>__mpu_init</name>
         <value>0x0</value>
      </symbol>
      <symbol id="sm-4c6">
         <name>_system_post_cinit</name>
         <value>0x0</value>
      </symbol>
   </symbol_table>
   <title>Link successful</title>
</link_info>
