******************************************************************************
            TI ARM Clang Linker PC v4.0.4                      
******************************************************************************
>> Linked Sat Jul 25 01:06:38 2026

OUTPUT FILE NAME:   <ElcContestTest.out>
ENTRY POINT SYMBOL: "_c_int00_noargs"  address: 00006861


MEMORY CONFIGURATION

         name            origin    length      used     unused   attr    fill
----------------------  --------  ---------  --------  --------  ----  --------
  FLASH                 00000000   00020000  000069c0  00019640  R  X
  SRAM                  20200000   00008000  00000478  00007b88  RW X
  BCR_CONFIG            41c00000   000000ff  00000060  0000009f  R   
  BSL_CONFIG            41c00100   00000080  00000058  00000028  R   


SEGMENT ALLOCATION MAP

run origin  load origin   length   init length attrs members
----------  ----------- ---------- ----------- ----- -------
00000000    00000000    000069c0   000069c0    r-x
  00000000    00000000    000000c0   000000c0    r-- .intvecs
  000000c0    000000c0    00003488   00003488    r-- .rodata
  00003548    00003548    00003440   00003440    r-x .text
  00006988    00006988    00000038   00000038    r-- .cinit
20200000    20200000    00000278   00000000    rw-
  20200000    20200000    0000021c   00000000    rw- .bss
  2020021c    2020021c    0000005c   00000000    rw- .data
20207e00    20207e00    00000200   00000000    rw-
  20207e00    20207e00    00000200   00000000    rw- .stack
41c00000    41c00000    00000060   00000060    r--
  41c00000    41c00000    00000060   00000060    r-- .BCRConfig
41c00100    41c00100    00000058   00000058    r--
  41c00100    41c00100    00000058   00000058    r-- .BSLConfig


SECTION ALLOCATION MAP

 output                                  attributes/
section   page    origin      length       input sections
--------  ----  ----------  ----------   ----------------
.intvecs   0    00000000    000000c0     
                  00000000    000000c0     startup_mspm0g350x_ticlang.o (.intvecs)

.text      0    00003548    00003440     
                  00003548    00000de8     lcd_init.o (.text.LCD_Init)
                  00004330    00000400     lcd.o (.text.LCD_ShowChar)
                  00004730    000002c0     lcd.o (.text.LCD_Fill)
                  000049f0    00000294     IMU.o (.text.CopeSerial2Data)
                  00004c84    0000022c     lcd_init.o (.text.LCD_Address_Set)
                  00004eb0    0000021e     lcd.o (.text.LCD_ShowIntNum)
                  000050ce    00000002     startup_mspm0g350x_ticlang.o (.text.Default_Handler)
                  000050d0    000001b0     empty.o (.text.main)
                  00005280    0000019a     lcd.o (.text.LCD_ShowFloatNum)
                  0000541a    00000002     libclang_rt.builtins.a : aeabi_div0.c.obj (.text.__aeabi_idiv0)
                  0000541c    00000174     empty.o (.text.Show_Update)
                  00005590    0000016c     empty.o (.text.PID_Get)
                  000056fc    00000124     ti_msp_dl_config.o (.text.SYSCFG_DL_GPIO_init)
                  00005820    0000011c     empty.o (.text.Show_Init)
                  0000593c    00000104     driverlib.a : dl_timer.o (.text.DL_Timer_initFourCCPWMMode)
                  00005a40    000000fc                 : dl_timer.o (.text.DL_Timer_initTimerMode)
                  00005b3c    000000e0     empty.o (.text.Velocity_Get)
                  00005c1c    000000d8     libclang_rt.builtins.a : addsf3.S.obj (.text)
                  00005cf4    000000a8     TRACK.o (.text.Track_Get)
                  00005d9c    0000009a     libc.a : memcpy16.S.obj (.text:memcpy)
                  00005e36    00000002     --HOLE-- [fill = 0]
                  00005e38    0000008c     libclang_rt.builtins.a : mulsf3.S.obj (.text.__mulsf3)
                  00005ec4    00000082                            : divsf3.S.obj (.text.__divsf3)
                  00005f46    00000002     --HOLE-- [fill = 0]
                  00005f48    0000007c     libc.a : copy_decompress_lzss.c.obj (.text:decompress:lzss)
                  00005fc4    00000074     ti_msp_dl_config.o (.text.SYSCFG_DL_PWM_0_init)
                  00006038    00000074     ti_msp_dl_config.o (.text.SYSCFG_DL_PWM_1_init)
                  000060ac    00000070     lcd_init.o (.text.LCD_WR_DATA)
                  0000611c    00000070     ti_msp_dl_config.o (.text.SYSCFG_DL_UART_0_init)
                  0000618c    00000070     ti_msp_dl_config.o (.text.SYSCFG_DL_UART_1_init)
                  000061fc    00000070     ti_msp_dl_config.o (.text.SYSCFG_DL_initPower)
                  0000626c    00000062     libclang_rt.builtins.a : aeabi_fcmp.S.obj (.text.__aeabi_fcmp)
                  000062ce    00000002     --HOLE-- [fill = 0]
                  000062d0    00000058     ENCODER.o (.text.GROUP1_IRQHandler)
                  00006328    00000050     ti_msp_dl_config.o (.text.SYSCFG_DL_TIMER_TICK_init)
                  00006378    0000004c     ti_msp_dl_config.o (.text.SYSCFG_DL_SPI_LCD_init)
                  000063c4    0000004c     ti_msp_dl_config.o (.text.SYSCFG_DL_SYSCTL_init)
                  00006410    0000004a     lcd.o (.text.LCD_ShowString)
                  0000645a    00000002     --HOLE-- [fill = 0]
                  0000645c    00000048     driverlib.a : dl_uart.o (.text.DL_UART_init)
                  000064a4    00000048     ti_msp_dl_config.o (.text.SYSCFG_DL_init)
                  000064ec    00000044     driverlib.a : dl_spi.o (.text.DL_SPI_init)
                  00006530    00000040     libclang_rt.builtins.a : aeabi_uidivmod.S.obj (.text.__aeabi_uidivmod)
                  00006570    0000003c     MOTOR.o (.text.AO_Control)
                  000065ac    0000003c     MOTOR.o (.text.BO_Control)
                  000065e8    0000003c     libclang_rt.builtins.a : floatsisf.S.obj (.text.__floatsisf)
                  00006624    0000003c                            : comparesf2.S.obj (.text.__gtsf2)
                  00006660    0000003c     libc.a : autoinit.c.obj (.text:__TI_auto_init_nobinit_nopinit)
                  0000669c    0000003a     libclang_rt.builtins.a : comparesf2.S.obj (.text.__eqsf2)
                  000066d6    00000002     --HOLE-- [fill = 0]
                  000066d8    0000003a                            : muldsi3.S.obj (.text.__muldsi3)
                  00006712    00000002     --HOLE-- [fill = 0]
                  00006714    00000038     ENCODER.o (.text.Encoder_Get)
                  0000674c    00000038     libclang_rt.builtins.a : fixsfsi.S.obj (.text.__fixsfsi)
                  00006784    00000032                            : fixunssfsi.S.obj (.text.__fixunssfsi)
                  000067b6    00000002     --HOLE-- [fill = 0]
                  000067b8    00000030     ENCODER.o (.text.Encoder_Init)
                  000067e8    00000028     empty.o (.text.TIMA1_IRQHandler)
                  00006810    00000028     IMU.o (.text.UART0_IRQHandler)
                  00006838    00000028     libclang_rt.builtins.a : floatunsisf.S.obj (.text.__floatunsisf)
                  00006860    00000028     libc.a : boot_cortex_m.c.obj (.text:_c_int00_noargs)
                  00006888    00000020     ZIGBEE.o (.text.UART1_IRQHandler)
                  000068a8    0000001c     driverlib.a : dl_timer.o (.text.DL_Timer_setCaptCompUpdateMethod)
                  000068c4    0000001c                 : dl_timer.o (.text.DL_Timer_setClockConfig)
                  000068e0    00000018                 : dl_timer.o (.text.DL_Timer_setCaptureCompareOutCtl)
                  000068f8    00000016     libc.a : copy_zero_init.c.obj (.text:decompress:ZI:__TI_zero_init_nomemset)
                  0000690e    00000012     driverlib.a : dl_spi.o (.text.DL_SPI_setClockConfig)
                  00006920    00000012                 : dl_uart.o (.text.DL_UART_setClockConfig)
                  00006932    00000012     libc.a : copy_decompress_none.c.obj (.text:decompress:none)
                  00006944    00000010     driverlib.a : dl_timer.o (.text.DL_Timer_setCaptureCompareValue)
                  00006954    0000000e     board.o (.text.Delay_ms)
                  00006962    0000000a     driverlib.a : dl_common.o (.text.DL_Common_delayCycles)
                  0000696c    00000008     libclang_rt.builtins.a : aeabi_memcpy.S.obj (.text.__aeabi_memcpy)
                  00006974    00000006     libc.a : exit.c.obj (.text:abort)
                  0000697a    00000004     libsysbm.a : hostexit.c.obj (.text.HOSTexit)
                  0000697e    00000004     startup_mspm0g350x_ticlang.o (.text.Reset_Handler)
                  00006982    00000004     libc.a : pre_init.c.obj (.text._system_pre_init)
                  00006986    00000002     --HOLE-- [fill = 0]

.cinit     0    00006988    00000038     
                  00006988    00000013     (.cinit..data.load) [load image, compression = lzss]
                  0000699b    00000001     --HOLE-- [fill = 0]
                  0000699c    0000000c     (__TI_handler_table)
                  000069a8    00000008     (.cinit..bss.load) [load image, compression = zero_init]
                  000069b0    00000010     (__TI_cinit_table)

.rodata    0    000000c0    00003488     
                  000000c0    000017c0     lcd.o (.rodata.ascii_3216)
                  00001880    000011d0     lcd.o (.rodata.ascii_2412)
                  00002a50    000005f0     lcd.o (.rodata.ascii_1608)
                  00003040    00000474     lcd.o (.rodata.ascii_1206)
                  000034b4    00000014     ti_msp_dl_config.o (.rodata.gTIMER_TICKTimerConfig)
                  000034c8    0000000a     ti_msp_dl_config.o (.rodata.gSPI_LCD_config)
                  000034d2    0000000a     ti_msp_dl_config.o (.rodata.gUART_0Config)
                  000034dc    0000000a     ti_msp_dl_config.o (.rodata.gUART_1Config)
                  000034e6    0000000a     empty.o (.rodata.str1.15706828512682300538.1)
                  000034f0    00000008     ti_msp_dl_config.o (.rodata.gPWM_0Config)
                  000034f8    00000008     ti_msp_dl_config.o (.rodata.gPWM_1Config)
                  00003500    00000008     empty.o (.rodata.str1.14685083708502177989.1)
                  00003508    00000008     empty.o (.rodata.str1.17669528882079347314.1)
                  00003510    00000008     empty.o (.rodata.str1.254342170260855183.1)
                  00003518    00000008     empty.o (.rodata.str1.9517790425240694019.1)
                  00003520    00000007     empty.o (.rodata.str1.150872071346279890.1)
                  00003527    00000004     empty.o (.rodata.str1.11898133897667081452.1)
                  0000352b    00000004     empty.o (.rodata.str1.16704889451495720520.1)
                  0000352f    00000004     empty.o (.rodata.str1.7401042497206923953.1)
                  00003533    00000003     ti_msp_dl_config.o (.rodata.gPWM_0ClockConfig)
                  00003536    00000003     ti_msp_dl_config.o (.rodata.gPWM_1ClockConfig)
                  00003539    00000003     ti_msp_dl_config.o (.rodata.gTIMER_TICKClockConfig)
                  0000353c    00000002     ti_msp_dl_config.o (.rodata.gSPI_LCD_clockConfig)
                  0000353e    00000002     ti_msp_dl_config.o (.rodata.gUART_0ClockConfig)
                  00003540    00000002     ti_msp_dl_config.o (.rodata.gUART_1ClockConfig)
                  00003542    00000006     --HOLE-- [fill = 0]

.init_array 
*          0    00000000    00000000     UNINITIALIZED

.binit     0    00000000    00000000     

.bss       0    20200000    0000021c     UNINITIALIZED
                  20200000    000000bc     (.common:gPWM_0Backup)
                  202000bc    000000bc     (.common:gTIMER_TICKBackup)
                  20200178    00000028     (.common:Wheel_Left)
                  202001a0    00000028     (.common:Wheel_Right)
                  202001c8    00000028     (.common:gSPI_LCDBackup)
                  202001f0    0000000c     ENCODER.o (.bss.motor_encoder1)
                  202001fc    0000000c     ENCODER.o (.bss.motor_encoder2)
                  20200208    0000000b     IMU.o (.bss.CopeSerial2Data.ucRxBuffer)
                  20200213    00000001     (.common:Track_Value)
                  20200214    00000004     (.common:Distance)
                  20200218    00000004     (.common:Velocity_Counter)

.data      0    2020021c    0000005c     UNINITIALIZED
                  2020021c    00000014     IMU.o (.data.stcAccel)
                  20200230    00000014     IMU.o (.data.stcGyro)
                  20200244    00000010     IMU.o (.data.stcQuat)
                  20200254    0000000c     IMU.o (.data.stcAngle)
                  20200260    00000004     empty.o (.data.Mode_Tracking.Last_Error)
                  20200264    00000004     empty.o (.data.PID_KD)
                  20200268    00000004     empty.o (.data.PID_KI)
                  2020026c    00000004     empty.o (.data.PID_KP)
                  20200270    00000004     empty.o (.data.time)
                  20200274    00000001     IMU.o (.data.CopeSerial2Data.ucRxCnt)
                  20200275    00000001     TRACK.o (.data.Track_Get.Track_Value)
                  20200276    00000001     IMU.o (.data.uart_data)
                  20200277    00000001     ZIGBEE.o (.data.zigbee_data)

.stack     0    20207e00    00000200     UNINITIALIZED
                  20207e00    00000004     libc.a : boot_cortex_m.c.obj (.stack)
                  20207e04    000001fc     --HOLE--

.BCRConfig 
*          0    41c00000    00000060     
                  41c00000    00000060     boot_config.o (.BCRConfig)

.BSLConfig 
*          0    41c00100    00000058     
                  41c00100    00000058     boot_config.o (.BSLConfig)

__llvm_prf_cnts 
*          0    20200000    00000000     UNINITIALIZED

__llvm_prf_bits 
*          0    20200000    00000000     UNINITIALIZED

MODULE SUMMARY

       Module                         code    ro data   rw data
       ------                         ----    -------   -------
    .\
       empty.o                        1716    61        109    
       ti_msp_dl_config.o             1164    81        416    
       startup_mspm0g350x_ticlang.o   6       192       0      
       boot_config.o                  0       184       0      
    +--+------------------------------+-------+---------+---------+
       Total:                         2886    518       525    
                                                               
    .\BPS\Board\
       board.o                        14      0         0      
    +--+------------------------------+-------+---------+---------+
       Total:                         14      0         0      
                                                               
    .\BPS\lcd\
       lcd.o                          2754    13300     0      
       lcd_init.o                     4228    0         0      
    +--+------------------------------+-------+---------+---------+
       Total:                         6982    13300     0      
                                                               
    .\BPS\src\
       IMU.o                          700     0         81     
       ENCODER.o                      192     0         24     
       TRACK.o                        168     0         1      
       MOTOR.o                        120     0         0      
       ZIGBEE.o                       32      0         1      
    +--+------------------------------+-------+---------+---------+
       Total:                         1212    0         107    
                                                               
    E:/SDK/Ti/mspm0_sdk_2_10_00_04/mspm0_sdk_2_11_00_07/source/ti/driverlib/lib/ticlang/m0p/mspm0g1x0x_g3x0x/driverlib.a
       dl_timer.o                     608     0         0      
       dl_uart.o                      90      0         0      
       dl_spi.o                       86      0         0      
       dl_common.o                    10      0         0      
    +--+------------------------------+-------+---------+---------+
       Total:                         794     0         0      
                                                               
    E:\software\IDE\Code Composer Studio\ccs\tools\compiler\ti-cgt-armllvm_4.0.4.LTS\lib\armv6m-ti-none-eabi/c/libc.a
       memcpy16.S.obj                 154     0         0      
       copy_decompress_lzss.c.obj     124     0         0      
       autoinit.c.obj                 60      0         0      
       boot_cortex_m.c.obj            40      0         0      
       copy_zero_init.c.obj           22      0         0      
       copy_decompress_none.c.obj     18      0         0      
       exit.c.obj                     6       0         0      
       pre_init.c.obj                 4       0         0      
    +--+------------------------------+-------+---------+---------+
       Total:                         428     0         0      
                                                               
    E:\software\IDE\Code Composer Studio\ccs\tools\compiler\ti-cgt-armllvm_4.0.4.LTS\lib\armv6m-ti-none-eabi/c/libsysbm.a
       hostexit.c.obj                 4       0         0      
    +--+------------------------------+-------+---------+---------+
       Total:                         4       0         0      
                                                               
    E:\software\IDE\Code Composer Studio\ccs\tools\compiler\ti-cgt-armllvm_4.0.4.LTS\lib\armv6m-ti-none-eabi/libclang_rt.builtins.a
       addsf3.S.obj                   216     0         0      
       mulsf3.S.obj                   140     0         0      
       divsf3.S.obj                   130     0         0      
       comparesf2.S.obj               118     0         0      
       aeabi_fcmp.S.obj               98      0         0      
       aeabi_uidivmod.S.obj           64      0         0      
       floatsisf.S.obj                60      0         0      
       muldsi3.S.obj                  58      0         0      
       fixsfsi.S.obj                  56      0         0      
       fixunssfsi.S.obj               50      0         0      
       floatunsisf.S.obj              40      0         0      
       aeabi_memcpy.S.obj             8       0         0      
       aeabi_div0.c.obj               2       0         0      
    +--+------------------------------+-------+---------+---------+
       Total:                         1040    0         0      
                                                               
       Stack:                         0       0         512    
       Linker Generated:              0       55        0      
    +--+------------------------------+-------+---------+---------+
       Grand Total:                   13360   13873     1144   


LINKER GENERATED COPY TABLES

__TI_cinit_table @ 000069b0 records: 2, size/record: 8, table size: 16
	.data: load addr=00006988, load size=00000013 bytes, run addr=2020021c, run size=0000005c bytes, compression=lzss
	.bss: load addr=000069a8, load size=00000008 bytes, run addr=20200000, run size=0000021c bytes, compression=zero_init


LINKER GENERATED HANDLER TABLE

__TI_handler_table @ 0000699c records: 3, size/record: 4, table size: 12
	index: 0, handler: __TI_decompress_lzss
	index: 1, handler: __TI_decompress_none
	index: 2, handler: __TI_zero_init


GLOBAL SYMBOLS: SORTED ALPHABETICALLY BY Name 

address   name                            
-------   ----                            
000050cf  ADC0_IRQHandler                 
000050cf  ADC1_IRQHandler                 
000050cf  AES_IRQHandler                  
00006571  AO_Control                      
41c00000  BCRConfig                       
000065ad  BO_Control                      
41c00100  BSLConfig                       
0000697a  C$$EXIT                         
000050cf  CANFD0_IRQHandler               
000049f1  CopeSerial2Data                 
000050cf  DAC0_IRQHandler                 
00006963  DL_Common_delayCycles           
000064ed  DL_SPI_init                     
0000690f  DL_SPI_setClockConfig           
0000593d  DL_Timer_initFourCCPWMMode      
00005a41  DL_Timer_initTimerMode          
000068a9  DL_Timer_setCaptCompUpdateMethod
000068e1  DL_Timer_setCaptureCompareOutCtl
00006945  DL_Timer_setCaptureCompareValue 
000068c5  DL_Timer_setClockConfig         
0000645d  DL_UART_init                    
00006921  DL_UART_setClockConfig          
000050cf  DMA_IRQHandler                  
000050cf  Default_Handler                 
00006955  Delay_ms                        
20200214  Distance                        
00006715  Encoder_Get                     
000067b9  Encoder_Init                    
000050cf  GROUP0_IRQHandler               
000062d1  GROUP1_IRQHandler               
0000697b  HOSTexit                        
000050cf  HardFault_Handler               
000050cf  I2C0_IRQHandler                 
000050cf  I2C1_IRQHandler                 
00004c85  LCD_Address_Set                 
00004731  LCD_Fill                        
00003549  LCD_Init                        
00004331  LCD_ShowChar                    
00005281  LCD_ShowFloatNum                
00004eb1  LCD_ShowIntNum                  
00006411  LCD_ShowString                  
000060ad  LCD_WR_DATA                     
000050cf  NMI_Handler                     
20200264  PID_KD                          
20200268  PID_KI                          
2020026c  PID_KP                          
000050cf  PendSV_Handler                  
000050cf  RTC_IRQHandler                  
0000697f  Reset_Handler                   
000050cf  SPI0_IRQHandler                 
000050cf  SPI1_IRQHandler                 
000050cf  SVC_Handler                     
000056fd  SYSCFG_DL_GPIO_init             
00005fc5  SYSCFG_DL_PWM_0_init            
00006039  SYSCFG_DL_PWM_1_init            
00006379  SYSCFG_DL_SPI_LCD_init          
000063c5  SYSCFG_DL_SYSCTL_init           
00006329  SYSCFG_DL_TIMER_TICK_init       
0000611d  SYSCFG_DL_UART_0_init           
0000618d  SYSCFG_DL_UART_1_init           
000064a5  SYSCFG_DL_init                  
000061fd  SYSCFG_DL_initPower             
00005821  Show_Init                       
0000541d  Show_Update                     
000050cf  SysTick_Handler                 
000050cf  TIMA0_IRQHandler                
000067e9  TIMA1_IRQHandler                
000050cf  TIMG0_IRQHandler                
000050cf  TIMG12_IRQHandler               
000050cf  TIMG6_IRQHandler                
000050cf  TIMG7_IRQHandler                
000050cf  TIMG8_IRQHandler                
00005cf5  Track_Get                       
20200213  Track_Value                     
00006811  UART0_IRQHandler                
00006889  UART1_IRQHandler                
000050cf  UART2_IRQHandler                
000050cf  UART3_IRQHandler                
20200218  Velocity_Counter                
00005b3d  Velocity_Get                    
20200178  Wheel_Left                      
202001a0  Wheel_Right                     
20208000  __STACK_END                     
00000200  __STACK_SIZE                    
00000000  __TI_ATRegion0_region_sz        
00000000  __TI_ATRegion0_src_addr         
00000000  __TI_ATRegion0_trg_addr         
00000000  __TI_ATRegion1_region_sz        
00000000  __TI_ATRegion1_src_addr         
00000000  __TI_ATRegion1_trg_addr         
00000000  __TI_ATRegion2_region_sz        
00000000  __TI_ATRegion2_src_addr         
00000000  __TI_ATRegion2_trg_addr         
000069b0  __TI_CINIT_Base                 
000069c0  __TI_CINIT_Limit                
000069c0  __TI_CINIT_Warm                 
0000699c  __TI_Handler_Table_Base         
000069a8  __TI_Handler_Table_Limit        
00006661  __TI_auto_init_nobinit_nopinit  
00005f49  __TI_decompress_lzss            
00006933  __TI_decompress_none            
ffffffff  __TI_pprof_out_hndl             
ffffffff  __TI_prof_data_size             
ffffffff  __TI_prof_data_start            
00000000  __TI_static_base__              
000068f9  __TI_zero_init_nomemset         
00005c27  __addsf3                        
0000674d  __aeabi_f2iz                    
00006785  __aeabi_f2uiz                   
00005c27  __aeabi_fadd                    
0000626d  __aeabi_fcmpeq                  
000062a9  __aeabi_fcmpge                  
000062bd  __aeabi_fcmpgt                  
00006295  __aeabi_fcmple                  
00006281  __aeabi_fcmplt                  
00005ec5  __aeabi_fdiv                    
00005e39  __aeabi_fmul                    
00005c1d  __aeabi_fsub                    
000065e9  __aeabi_i2f                     
0000541b  __aeabi_idiv0                   
0000696d  __aeabi_memcpy                  
0000696d  __aeabi_memcpy4                 
0000696d  __aeabi_memcpy8                 
00006839  __aeabi_ui2f                    
00006531  __aeabi_uidiv                   
00006531  __aeabi_uidivmod                
ffffffff  __binit__                       
0000669d  __cmpsf2                        
00005ec5  __divsf3                        
0000669d  __eqsf2                         
0000674d  __fixsfsi                       
00006785  __fixunssfsi                    
000065e9  __floatsisf                     
00006839  __floatunsisf                   
00006625  __gesf2                         
00006625  __gtsf2                         
0000669d  __lesf2                         
0000669d  __ltsf2                         
UNDEFED   __mpu_init                      
000066d9  __muldsi3                       
00005e39  __mulsf3                        
0000669d  __nesf2                         
20207e00  __stack                         
20200000  __start___llvm_prf_bits         
20200000  __start___llvm_prf_cnts         
20200000  __stop___llvm_prf_bits          
20200000  __stop___llvm_prf_cnts          
00005c1d  __subsf3                        
00006861  _c_int00_noargs                 
UNDEFED   _system_post_cinit              
00006983  _system_pre_init                
00006975  abort                           
00003040  ascii_1206                      
00002a50  ascii_1608                      
00001880  ascii_2412                      
000000c0  ascii_3216                      
ffffffff  binit                           
20200000  gPWM_0Backup                    
202001c8  gSPI_LCDBackup                  
202000bc  gTIMER_TICKBackup               
00000000  interruptVectors                
000050d1  main                            
00005d9d  memcpy                          
2020021c  stcAccel                        
20200254  stcAngle                        
20200230  stcGyro                         
20200244  stcQuat                         
20200270  time                            
20200276  uart_data                       
20200277  zigbee_data                     


GLOBAL SYMBOLS: SORTED BY Symbol Address 

address   name                            
-------   ----                            
00000000  __TI_ATRegion0_region_sz        
00000000  __TI_ATRegion0_src_addr         
00000000  __TI_ATRegion0_trg_addr         
00000000  __TI_ATRegion1_region_sz        
00000000  __TI_ATRegion1_src_addr         
00000000  __TI_ATRegion1_trg_addr         
00000000  __TI_ATRegion2_region_sz        
00000000  __TI_ATRegion2_src_addr         
00000000  __TI_ATRegion2_trg_addr         
00000000  __TI_static_base__              
00000000  interruptVectors                
000000c0  ascii_3216                      
00000200  __STACK_SIZE                    
00001880  ascii_2412                      
00002a50  ascii_1608                      
00003040  ascii_1206                      
00003549  LCD_Init                        
00004331  LCD_ShowChar                    
00004731  LCD_Fill                        
000049f1  CopeSerial2Data                 
00004c85  LCD_Address_Set                 
00004eb1  LCD_ShowIntNum                  
000050cf  ADC0_IRQHandler                 
000050cf  ADC1_IRQHandler                 
000050cf  AES_IRQHandler                  
000050cf  CANFD0_IRQHandler               
000050cf  DAC0_IRQHandler                 
000050cf  DMA_IRQHandler                  
000050cf  Default_Handler                 
000050cf  GROUP0_IRQHandler               
000050cf  HardFault_Handler               
000050cf  I2C0_IRQHandler                 
000050cf  I2C1_IRQHandler                 
000050cf  NMI_Handler                     
000050cf  PendSV_Handler                  
000050cf  RTC_IRQHandler                  
000050cf  SPI0_IRQHandler                 
000050cf  SPI1_IRQHandler                 
000050cf  SVC_Handler                     
000050cf  SysTick_Handler                 
000050cf  TIMA0_IRQHandler                
000050cf  TIMG0_IRQHandler                
000050cf  TIMG12_IRQHandler               
000050cf  TIMG6_IRQHandler                
000050cf  TIMG7_IRQHandler                
000050cf  TIMG8_IRQHandler                
000050cf  UART2_IRQHandler                
000050cf  UART3_IRQHandler                
000050d1  main                            
00005281  LCD_ShowFloatNum                
0000541b  __aeabi_idiv0                   
0000541d  Show_Update                     
000056fd  SYSCFG_DL_GPIO_init             
00005821  Show_Init                       
0000593d  DL_Timer_initFourCCPWMMode      
00005a41  DL_Timer_initTimerMode          
00005b3d  Velocity_Get                    
00005c1d  __aeabi_fsub                    
00005c1d  __subsf3                        
00005c27  __addsf3                        
00005c27  __aeabi_fadd                    
00005cf5  Track_Get                       
00005d9d  memcpy                          
00005e39  __aeabi_fmul                    
00005e39  __mulsf3                        
00005ec5  __aeabi_fdiv                    
00005ec5  __divsf3                        
00005f49  __TI_decompress_lzss            
00005fc5  SYSCFG_DL_PWM_0_init            
00006039  SYSCFG_DL_PWM_1_init            
000060ad  LCD_WR_DATA                     
0000611d  SYSCFG_DL_UART_0_init           
0000618d  SYSCFG_DL_UART_1_init           
000061fd  SYSCFG_DL_initPower             
0000626d  __aeabi_fcmpeq                  
00006281  __aeabi_fcmplt                  
00006295  __aeabi_fcmple                  
000062a9  __aeabi_fcmpge                  
000062bd  __aeabi_fcmpgt                  
000062d1  GROUP1_IRQHandler               
00006329  SYSCFG_DL_TIMER_TICK_init       
00006379  SYSCFG_DL_SPI_LCD_init          
000063c5  SYSCFG_DL_SYSCTL_init           
00006411  LCD_ShowString                  
0000645d  DL_UART_init                    
000064a5  SYSCFG_DL_init                  
000064ed  DL_SPI_init                     
00006531  __aeabi_uidiv                   
00006531  __aeabi_uidivmod                
00006571  AO_Control                      
000065ad  BO_Control                      
000065e9  __aeabi_i2f                     
000065e9  __floatsisf                     
00006625  __gesf2                         
00006625  __gtsf2                         
00006661  __TI_auto_init_nobinit_nopinit  
0000669d  __cmpsf2                        
0000669d  __eqsf2                         
0000669d  __lesf2                         
0000669d  __ltsf2                         
0000669d  __nesf2                         
000066d9  __muldsi3                       
00006715  Encoder_Get                     
0000674d  __aeabi_f2iz                    
0000674d  __fixsfsi                       
00006785  __aeabi_f2uiz                   
00006785  __fixunssfsi                    
000067b9  Encoder_Init                    
000067e9  TIMA1_IRQHandler                
00006811  UART0_IRQHandler                
00006839  __aeabi_ui2f                    
00006839  __floatunsisf                   
00006861  _c_int00_noargs                 
00006889  UART1_IRQHandler                
000068a9  DL_Timer_setCaptCompUpdateMethod
000068c5  DL_Timer_setClockConfig         
000068e1  DL_Timer_setCaptureCompareOutCtl
000068f9  __TI_zero_init_nomemset         
0000690f  DL_SPI_setClockConfig           
00006921  DL_UART_setClockConfig          
00006933  __TI_decompress_none            
00006945  DL_Timer_setCaptureCompareValue 
00006955  Delay_ms                        
00006963  DL_Common_delayCycles           
0000696d  __aeabi_memcpy                  
0000696d  __aeabi_memcpy4                 
0000696d  __aeabi_memcpy8                 
00006975  abort                           
0000697a  C$$EXIT                         
0000697b  HOSTexit                        
0000697f  Reset_Handler                   
00006983  _system_pre_init                
0000699c  __TI_Handler_Table_Base         
000069a8  __TI_Handler_Table_Limit        
000069b0  __TI_CINIT_Base                 
000069c0  __TI_CINIT_Limit                
000069c0  __TI_CINIT_Warm                 
20200000  __start___llvm_prf_bits         
20200000  __start___llvm_prf_cnts         
20200000  __stop___llvm_prf_bits          
20200000  __stop___llvm_prf_cnts          
20200000  gPWM_0Backup                    
202000bc  gTIMER_TICKBackup               
20200178  Wheel_Left                      
202001a0  Wheel_Right                     
202001c8  gSPI_LCDBackup                  
20200213  Track_Value                     
20200214  Distance                        
20200218  Velocity_Counter                
2020021c  stcAccel                        
20200230  stcGyro                         
20200244  stcQuat                         
20200254  stcAngle                        
20200264  PID_KD                          
20200268  PID_KI                          
2020026c  PID_KP                          
20200270  time                            
20200276  uart_data                       
20200277  zigbee_data                     
20207e00  __stack                         
20208000  __STACK_END                     
41c00000  BCRConfig                       
41c00100  BSLConfig                       
ffffffff  __TI_pprof_out_hndl             
ffffffff  __TI_prof_data_size             
ffffffff  __TI_prof_data_start            
ffffffff  __binit__                       
ffffffff  binit                           
UNDEFED   __mpu_init                      
UNDEFED   _system_post_cinit              

[170 symbols]
