******************************************************************************
            TI ARM Clang Linker PC v4.0.4                      
******************************************************************************
>> Linked Thu Jul 23 12:37:09 2026

OUTPUT FILE NAME:   <ElcContestTest.out>
ENTRY POINT SYMBOL: "_c_int00_noargs"  address: 000049a5


MEMORY CONFIGURATION

         name            origin    length      used     unused   attr    fill
----------------------  --------  ---------  --------  --------  ----  --------
  FLASH                 00000000   00020000  00008168  00017e98  R  X
  SRAM                  20200000   00008000  00000479  00007b87  RW X
  BCR_CONFIG            41c00000   000000ff  00000060  0000009f  R   
  BSL_CONFIG            41c00100   00000080  00000058  00000028  R   


SEGMENT ALLOCATION MAP

run origin  load origin   length   init length attrs members
----------  ----------- ---------- ----------- ----- -------
00000000    00000000    00008168   00008168    r-x
  00000000    00000000    000000c0   000000c0    r-- .intvecs
  000000c0    000000c0    00004b00   00004b00    r-x .text
  00004bc0    00004bc0    00003560   00003560    r-- .rodata
  00008120    00008120    00000048   00000048    r-- .cinit
20200000    20200000    00000279   00000000    rw-
  20200000    20200000    00000210   00000000    rw- .bss
  20200210    20200210    00000069   00000000    rw- .data
20207e00    20207e00    00000200   00000000    rw-
  20207e00    20207e00    00000200   00000000    rw- .stack
41c00000    41c00000    00000060   00000060    r--
  41c00000    41c00000    00000060   00000060    r-- .BCRConfig
41c00100    41c00100    00000058   00000058    r--
  41c00100    41c00100    00000058   00000058    r-- .BSLConfig


SECTION ALLOCATION MAP

 output                                  attributes/
section   page    origin      length       input sections
--------  ----  ----------  ----------   ----------------
.intvecs   0    00000000    000000c0     
                  00000000    000000c0     startup_mspm0g350x_ticlang.o (.intvecs)

.text      0    000000c0    00004b00     
                  000000c0    00000de8     lcd_init.o (.text.LCD_Init)
                  00000ea8    000009d0     libc.a : _printfi.c.obj (.text:__TI_printfi)
                  00001878    00000400     lcd.o (.text.LCD_ShowChar)
                  00001c78    000002c0     lcd.o (.text.LCD_Fill)
                  00001f38    00000294     IMU.o (.text.CopeSerial2Data)
                  000021cc    0000022c     lcd_init.o (.text.LCD_Address_Set)
                  000023f8    00000220     lcd.o (.text.LCD_ShowIntNum)
                  00002618    00000220     libc.a : _printfi.c.obj (.text._pconv_a)
                  00002838    000001dc            : _printfi.c.obj (.text._pconv_g)
                  00002a14    00000192     libclang_rt.builtins.a : adddf3.S.obj (.text.adddf3_subdf3)
                  00002ba6    00000002     startup_mspm0g350x_ticlang.o (.text.Default_Handler)
                  00002ba8    00000158     empty.o (.text.main)
                  00002d00    00000144     empty.o (.text.PID_Get)
                  00002e44    0000013c     libc.a : _printfi.c.obj (.text.fcvt)
                  00002f80    00000120            : _printfi.c.obj (.text._pconv_e)
                  000030a0    00000118     ti_msp_dl_config.o (.text.SYSCFG_DL_GPIO_init)
                  000031b8    0000010c     libclang_rt.builtins.a : divdf3.S.obj (.text.__divdf3)
                  000032c4    00000104     driverlib.a : dl_timer.o (.text.DL_Timer_initFourCCPWMMode)
                  000033c8    000000fc                 : dl_timer.o (.text.DL_Timer_initTimerMode)
                  000034c4    000000e4     libclang_rt.builtins.a : muldf3.S.obj (.text.__muldf3)
                  000035a8    000000e0     empty.o (.text.Velocity_Get)
                  00003688    000000d8     libc.a : s_scalbn.c.obj (.text.scalbn)
                  00003760    000000d8     libclang_rt.builtins.a : addsf3.S.obj (.text)
                  00003838    000000d4     board.o (.text.uart0_send_SendByte)
                  0000390c    000000a2     libclang_rt.builtins.a : udivmoddi4.S.obj (.text)
                  000039ae    0000009a     libc.a : memcpy16.S.obj (.text:memcpy)
                  00003a48    0000008c     libclang_rt.builtins.a : mulsf3.S.obj (.text.__mulsf3)
                  00003ad4    00000082                            : divsf3.S.obj (.text.__divsf3)
                  00003b56    00000002                            : aeabi_div0.c.obj (.text.__aeabi_idiv0)
                  00003b58    0000007c     IMU.o (.text.IMU_Init)
                  00003bd4    0000007c     libc.a : copy_decompress_lzss.c.obj (.text:decompress:lzss)
                  00003c50    00000074     ti_msp_dl_config.o (.text.SYSCFG_DL_PWM_0_init)
                  00003cc4    00000074     libclang_rt.builtins.a : comparedf2.c.obj (.text.__gedf2)
                  00003d38    00000070     lcd_init.o (.text.LCD_WR_DATA)
                  00003da8    00000070     ti_msp_dl_config.o (.text.SYSCFG_DL_UART_0_init)
                  00003e18    0000006c     ti_msp_dl_config.o (.text.SYSCFG_DL_PWM_1_init)
                  00003e84    00000068     libclang_rt.builtins.a : comparedf2.c.obj (.text.__ledf2)
                  00003eec    00000068     board.o (.text.lc_printf)
                  00003f54    00000066     libc.a : _printfi.c.obj (.text._mcpy)
                  00003fba    00000002     libclang_rt.builtins.a : aeabi_div0.c.obj (.text.__aeabi_ldiv0)
                  00003fbc    00000062                            : aeabi_dcmp.S.obj (.text.__aeabi_dcmp)
                  0000401e    00000002     --HOLE-- [fill = 0]
                  00004020    00000062                            : aeabi_fcmp.S.obj (.text.__aeabi_fcmp)
                  00004082    00000062     libc.a : memset16.S.obj (.text:memset)
                  000040e4    00000060     ti_msp_dl_config.o (.text.SYSCFG_DL_initPower)
                  00004144    0000005c     libc.a : s_frexp.c.obj (.text.frexp)
                  000041a0    00000058     ENCODER.o (.text.GROUP1_IRQHandler)
                  000041f8    00000058     libc.a : _ltoa.c.obj (.text.__TI_ltoa)
                  00004250    00000058            : _printfi.c.obj (.text._pconv_f)
                  000042a8    00000056     libclang_rt.builtins.a : aeabi_idivmod.S.obj (.text.__aeabi_idivmod)
                  000042fe    00000052     libc.a : _printfi.c.obj (.text._ecpy)
                  00004350    0000004c     ti_msp_dl_config.o (.text.SYSCFG_DL_SPI_LCD_init)
                  0000439c    0000004c     ti_msp_dl_config.o (.text.SYSCFG_DL_SYSCTL_init)
                  000043e8    0000004c     ti_msp_dl_config.o (.text.SYSCFG_DL_TIMER_TICK_init)
                  00004434    0000004a     libclang_rt.builtins.a : fixdfsi.S.obj (.text.__fixdfsi)
                  0000447e    00000002     --HOLE-- [fill = 0]
                  00004480    00000048     driverlib.a : dl_uart.o (.text.DL_UART_init)
                  000044c8    00000044                 : dl_spi.o (.text.DL_SPI_init)
                  0000450c    00000044     ti_msp_dl_config.o (.text.SYSCFG_DL_init)
                  00004550    00000040     libclang_rt.builtins.a : aeabi_uidivmod.S.obj (.text.__aeabi_uidivmod)
                  00004590    00000040                            : extendsfdf2.S.obj (.text.__extendsfdf2)
                  000045d0    00000040     libc.a : atoi.c.obj (.text.atoi)
                  00004610    00000040            : vsnprintf.c.obj (.text.vsnprintf)
                  00004650    0000003c     MOTOR.o (.text.AO_Control)
                  0000468c    0000003c     MOTOR.o (.text.BO_Control)
                  000046c8    0000003c     libclang_rt.builtins.a : floatsisf.S.obj (.text.__floatsisf)
                  00004704    0000003c                            : comparesf2.S.obj (.text.__gtsf2)
                  00004740    0000003c     libc.a : autoinit.c.obj (.text:__TI_auto_init_nobinit_nopinit)
                  0000477c    0000003a     libclang_rt.builtins.a : comparesf2.S.obj (.text.__eqsf2)
                  000047b6    00000002     --HOLE-- [fill = 0]
                  000047b8    0000003a                            : muldsi3.S.obj (.text.__muldsi3)
                  000047f2    00000002     --HOLE-- [fill = 0]
                  000047f4    00000038     ENCODER.o (.text.Encoder_Get)
                  0000482c    00000038     libclang_rt.builtins.a : fixsfsi.S.obj (.text.__fixsfsi)
                  00004864    00000032                            : fixunssfsi.S.obj (.text.__fixunssfsi)
                  00004896    00000002     --HOLE-- [fill = 0]
                  00004898    00000030     ENCODER.o (.text.Encoder_Init)
                  000048c8    00000030     libc.a : _printfi.c.obj (.text._fcpy)
                  000048f8    00000030            : vsnprintf.c.obj (.text._outs)
                  00004928    0000002c     libclang_rt.builtins.a : floatsidf.S.obj (.text.__floatsidf)
                  00004954    00000028     empty.o (.text.TIMG0_IRQHandler)
                  0000497c    00000028     IMU.o (.text.UART0_IRQHandler)
                  000049a4    00000028     libc.a : boot_cortex_m.c.obj (.text:_c_int00_noargs)
                  000049cc    00000024     libclang_rt.builtins.a : muldi3.S.obj (.text.__muldi3)
                  000049f0    00000022     libc.a : memccpy.c.obj (.text.memccpy)
                  00004a12    00000002     --HOLE-- [fill = 0]
                  00004a14    0000001e     libclang_rt.builtins.a : ashldi3.S.obj (.text.__ashldi3)
                  00004a32    00000002     --HOLE-- [fill = 0]
                  00004a34    0000001c     driverlib.a : dl_timer.o (.text.DL_Timer_setCaptCompUpdateMethod)
                  00004a50    0000001c                 : dl_timer.o (.text.DL_Timer_setClockConfig)
                  00004a6c    00000018                 : dl_timer.o (.text.DL_Timer_setCaptureCompareOutCtl)
                  00004a84    00000018     libc.a : vsnprintf.c.obj (.text._outc)
                  00004a9c    00000016            : copy_zero_init.c.obj (.text:decompress:ZI:__TI_zero_init_nomemset)
                  00004ab2    00000002     --HOLE-- [fill = 0]
                  00004ab4    00000014     libclang_rt.builtins.a : aeabi_uldivmod.S.obj (.text.__aeabi_uldivmod)
                  00004ac8    00000014     libc.a : _printfi.c.obj (.text.strchr)
                  00004adc    00000012     driverlib.a : dl_spi.o (.text.DL_SPI_setClockConfig)
                  00004aee    00000012                 : dl_uart.o (.text.DL_UART_setClockConfig)
                  00004b00    00000012     libc.a : copy_decompress_none.c.obj (.text:decompress:none)
                  00004b12    00000002     --HOLE-- [fill = 0]
                  00004b14    00000010     driverlib.a : dl_timer.o (.text.DL_Timer_setCaptureCompareValue)
                  00004b24    00000010     libc.a : wcslen.c.obj (.text.wcslen)
                  00004b34    0000000e     board.o (.text.Delay_ms)
                  00004b42    00000002     --HOLE-- [fill = 0]
                  00004b44    0000000e     libclang_rt.builtins.a : aeabi_memset.S.obj (.text.__aeabi_memset)
                  00004b52    0000000e     libc.a : _printfi.c.obj (.text.strlen)
                  00004b60    0000000c     libclang_rt.builtins.a : aeabi_memset.S.obj (.text.__aeabi_memclr)
                  00004b6c    0000000a     driverlib.a : dl_common.o (.text.DL_Common_delayCycles)
                  00004b76    0000000a     libc.a : _printfi.c.obj (.text.OUTLINED_FUNCTION_0)
                  00004b80    00000010     libclang_rt.builtins.a : adddf3.S.obj (.tramp.__aeabi_dsub.1)
                  00004b90    0000000a     libc.a : _printfi.c.obj (.text.OUTLINED_FUNCTION_1)
                  00004b9a    00000002     --HOLE-- [fill = 0]
                  00004b9c    00000008            : aeabi_portable.c.obj (.text.__aeabi_errno_addr)
                  00004ba4    00000008     libclang_rt.builtins.a : aeabi_memcpy.S.obj (.text.__aeabi_memcpy)
                  00004bac    00000006     libc.a : exit.c.obj (.text:abort)
                  00004bb2    00000004     libsysbm.a : hostexit.c.obj (.text.HOSTexit)
                  00004bb6    00000004     startup_mspm0g350x_ticlang.o (.text.Reset_Handler)
                  00004bba    00000004     libc.a : pre_init.c.obj (.text._system_pre_init)
                  00004bbe    00000002     --HOLE-- [fill = 0]

.cinit     0    00008120    00000048     
                  00008120    00000021     (.cinit..data.load) [load image, compression = lzss]
                  00008141    00000003     --HOLE-- [fill = 0]
                  00008144    0000000c     (__TI_handler_table)
                  00008150    00000008     (.cinit..bss.load) [load image, compression = zero_init]
                  00008158    00000010     (__TI_cinit_table)

.rodata    0    00004bc0    00003560     
                  00004bc0    000017c0     lcd.o (.rodata.ascii_3216)
                  00006380    000011d0     lcd.o (.rodata.ascii_2412)
                  00007550    000005f0     lcd.o (.rodata.ascii_1608)
                  00007b40    00000474     lcd.o (.rodata.ascii_1206)
                  00007fb4    0000000a     ti_msp_dl_config.o (.rodata.gSPI_LCD_config)
                  00007fbe    00000002     ti_msp_dl_config.o (.rodata.gSPI_LCD_clockConfig)
                  00007fc0    00000101     libc.a : aeabi_ctype.S.obj (.rodata:__aeabi_ctype_table_)
                  000080c1    00000003     ti_msp_dl_config.o (.rodata.gPWM_0ClockConfig)
                  000080c4    00000014     ti_msp_dl_config.o (.rodata.gTIMER_TICKTimerConfig)
                  000080d8    00000011     libc.a : _printfi.c.obj (.rodata.str1.10348868589481759720.1)
                  000080e9    00000011            : _printfi.c.obj (.rodata.str1.15363888844622738466.1)
                  000080fa    0000000a     ti_msp_dl_config.o (.rodata.gUART_0Config)
                  00008104    00000008     ti_msp_dl_config.o (.rodata.gPWM_0Config)
                  0000810c    00000008     ti_msp_dl_config.o (.rodata.gPWM_1Config)
                  00008114    00000004     empty.o (.rodata.str1.9517790425240694019.1)
                  00008118    00000003     ti_msp_dl_config.o (.rodata.gPWM_1ClockConfig)
                  0000811b    00000003     ti_msp_dl_config.o (.rodata.gTIMER_TICKClockConfig)
                  0000811e    00000002     ti_msp_dl_config.o (.rodata.gUART_0ClockConfig)

.init_array 
*          0    00000000    00000000     UNINITIALIZED

.binit     0    00000000    00000000     

.bss       0    20200000    00000210     UNINITIALIZED
                  20200000    000000bc     (.common:gPWM_0Backup)
                  202000bc    000000bc     (.common:gPWM_1Backup)
                  20200178    00000028     (.common:gSPI_LCDBackup)
                  202001a0    00000024     (.common:Wheel_Left)
                  202001c4    00000024     (.common:Wheel_Right)
                  202001e8    0000000c     ENCODER.o (.bss.motor_encoder1)
                  202001f4    0000000c     ENCODER.o (.bss.motor_encoder2)
                  20200200    0000000b     IMU.o (.bss.CopeSerial2Data.ucRxBuffer)
                  2020020b    00000001     --HOLE--
                  2020020c    00000004     (.common:Velocity_Counter)

.data      0    20200210    00000069     UNINITIALIZED
                  20200210    00000014     IMU.o (.data.stcAccel)
                  20200224    00000014     IMU.o (.data.stcGyro)
                  20200238    00000010     IMU.o (.data.stcQuat)
                  20200248    0000000c     IMU.o (.data.stcAngle)
                  20200254    00000005     IMU.o (.data.Key)
                  20200259    00000005     IMU.o (.data.Save)
                  2020025e    00000005     IMU.o (.data.Yaw_Zero)
                  20200263    00000001     IMU.o (.data.CopeSerial2Data.ucRxCnt)
                  20200264    00000004     empty.o (.data.PID_KD)
                  20200268    00000004     empty.o (.data.PID_KI)
                  2020026c    00000004     empty.o (.data.PID_KP)
                  20200270    00000004     libc.a : aeabi_portable.c.obj (.data.__aeabi_errno)
                  20200274    00000004     empty.o (.data.time)
                  20200278    00000001     IMU.o (.data.uart_data)

.stack     0    20207e00    00000200     UNINITIALIZED
                  20207e00    00000004     libc.a : boot_cortex_m.c.obj (.stack)
                  20207e04    000001fc     --HOLE--

.BCRConfig 
*          0    41c00000    00000060     
                  41c00000    00000060     boot_config.o (.BCRConfig)

.BSLConfig 
*          0    41c00100    00000058     
                  41c00100    00000058     boot_config.o (.BSLConfig)

__llvm_prf_cnts 
*          0    20200000    00000000     UNINITIALIZED

__llvm_prf_bits 
*          0    20200000    00000000     UNINITIALIZED

MODULE SUMMARY

       Module                         code    ro data   rw data
       ------                         ----    -------   -------
    .\
       ti_msp_dl_config.o             1008    69        416    
       empty.o                        932     4         92     
       startup_mspm0g350x_ticlang.o   6       192       0      
       boot_config.o                  0       184       0      
    +--+------------------------------+-------+---------+---------+
       Total:                         1946    449       508    
                                                               
    .\BPS\Board\
       board.o                        330     0         0      
    +--+------------------------------+-------+---------+---------+
       Total:                         330     0         0      
                                                               
    .\BPS\lcd\
       lcd.o                          2272    13300     0      
       lcd_init.o                     4228    0         0      
    +--+------------------------------+-------+---------+---------+
       Total:                         6500    13300     0      
                                                               
    .\BPS\src\
       IMU.o                          824     0         96     
       ENCODER.o                      192     0         24     
       MOTOR.o                        120     0         0      
    +--+------------------------------+-------+---------+---------+
       Total:                         1136    0         120    
                                                               
    E:/SDK/Ti/mspm0_sdk_2_10_00_04/mspm0_sdk_2_11_00_07/source/ti/driverlib/lib/ticlang/m0p/mspm0g1x0x_g3x0x/driverlib.a
       dl_timer.o                     608     0         0      
       dl_uart.o                      90      0         0      
       dl_spi.o                       86      0         0      
       dl_common.o                    10      0         0      
    +--+------------------------------+-------+---------+---------+
       Total:                         794     0         0      
                                                               
    E:\software\IDE\Code Composer Studio\ccs\tools\compiler\ti-cgt-armllvm_4.0.4.LTS\lib\armv6m-ti-none-eabi/c/libc.a
       _printfi.c.obj                 4510    34        0      
       aeabi_ctype.S.obj              0       257       0      
       s_scalbn.c.obj                 216     0         0      
       memcpy16.S.obj                 154     0         0      
       vsnprintf.c.obj                136     0         0      
       copy_decompress_lzss.c.obj     124     0         0      
       memset16.S.obj                 98      0         0      
       s_frexp.c.obj                  92      0         0      
       _ltoa.c.obj                    88      0         0      
       atoi.c.obj                     64      0         0      
       autoinit.c.obj                 60      0         0      
       boot_cortex_m.c.obj            40      0         0      
       memccpy.c.obj                  34      0         0      
       copy_zero_init.c.obj           22      0         0      
       copy_decompress_none.c.obj     18      0         0      
       wcslen.c.obj                   16      0         0      
       aeabi_portable.c.obj           8       0         4      
       exit.c.obj                     6       0         0      
       pre_init.c.obj                 4       0         0      
    +--+------------------------------+-------+---------+---------+
       Total:                         5690    291       4      
                                                               
    E:\software\IDE\Code Composer Studio\ccs\tools\compiler\ti-cgt-armllvm_4.0.4.LTS\lib\armv6m-ti-none-eabi/c/libsysbm.a
       hostexit.c.obj                 4       0         0      
    +--+------------------------------+-------+---------+---------+
       Total:                         4       0         0      
                                                               
    E:\software\IDE\Code Composer Studio\ccs\tools\compiler\ti-cgt-armllvm_4.0.4.LTS\lib\armv6m-ti-none-eabi/libclang_rt.builtins.a
       adddf3.S.obj                   418     0         0      
       divdf3.S.obj                   268     0         0      
       muldf3.S.obj                   228     0         0      
       comparedf2.c.obj               220     0         0      
       addsf3.S.obj                   216     0         0      
       udivmoddi4.S.obj               162     0         0      
       mulsf3.S.obj                   140     0         0      
       divsf3.S.obj                   130     0         0      
       comparesf2.S.obj               118     0         0      
       aeabi_dcmp.S.obj               98      0         0      
       aeabi_fcmp.S.obj               98      0         0      
       aeabi_idivmod.S.obj            86      0         0      
       fixdfsi.S.obj                  74      0         0      
       aeabi_uidivmod.S.obj           64      0         0      
       extendsfdf2.S.obj              64      0         0      
       floatsisf.S.obj                60      0         0      
       muldsi3.S.obj                  58      0         0      
       fixsfsi.S.obj                  56      0         0      
       fixunssfsi.S.obj               50      0         0      
       floatsidf.S.obj                44      0         0      
       muldi3.S.obj                   36      0         0      
       ashldi3.S.obj                  30      0         0      
       aeabi_memset.S.obj             26      0         0      
       aeabi_uldivmod.S.obj           20      0         0      
       aeabi_memcpy.S.obj             8       0         0      
       aeabi_div0.c.obj               4       0         0      
    +--+------------------------------+-------+---------+---------+
       Total:                         2776    0         0      
                                                               
       Stack:                         0       0         512    
       Linker Generated:              0       69        0      
    +--+------------------------------+-------+---------+---------+
       Grand Total:                   19176   14109     1144   


LINKER GENERATED COPY TABLES

__TI_cinit_table @ 00008158 records: 2, size/record: 8, table size: 16
	.data: load addr=00008120, load size=00000021 bytes, run addr=20200210, run size=00000069 bytes, compression=lzss
	.bss: load addr=00008150, load size=00000008 bytes, run addr=20200000, run size=00000210 bytes, compression=zero_init


LINKER GENERATED HANDLER TABLE

__TI_handler_table @ 00008144 records: 3, size/record: 4, table size: 12
	index: 0, handler: __TI_decompress_lzss
	index: 1, handler: __TI_decompress_none
	index: 2, handler: __TI_zero_init


FAR CALL TRAMPOLINES

callee name               trampoline name
   callee addr  tramp addr   call addr  call info
--------------  -----------  ---------  ----------------
__aeabi_dsub              $Tramp$TT$L$PI$$__aeabi_dsub
   00002a15     00004b80     00004b7e   libc.a : _printfi.c.obj (.text.OUTLINED_FUNCTION_0)

[1 trampolines]
[1 trampoline calls]


GLOBAL SYMBOLS: SORTED ALPHABETICALLY BY Name 

address   name                            
-------   ----                            
00002ba7  ADC0_IRQHandler                 
00002ba7  ADC1_IRQHandler                 
00002ba7  AES_IRQHandler                  
00004651  AO_Control                      
41c00000  BCRConfig                       
0000468d  BO_Control                      
41c00100  BSLConfig                       
00004bb2  C$$EXIT                         
00002ba7  CANFD0_IRQHandler               
00001f39  CopeSerial2Data                 
00002ba7  DAC0_IRQHandler                 
00004b6d  DL_Common_delayCycles           
000044c9  DL_SPI_init                     
00004add  DL_SPI_setClockConfig           
000032c5  DL_Timer_initFourCCPWMMode      
000033c9  DL_Timer_initTimerMode          
00004a35  DL_Timer_setCaptCompUpdateMethod
00004a6d  DL_Timer_setCaptureCompareOutCtl
00004b15  DL_Timer_setCaptureCompareValue 
00004a51  DL_Timer_setClockConfig         
00004481  DL_UART_init                    
00004aef  DL_UART_setClockConfig          
00002ba7  DMA_IRQHandler                  
00002ba7  Default_Handler                 
00004b35  Delay_ms                        
000047f5  Encoder_Get                     
00004899  Encoder_Init                    
00002ba7  GROUP0_IRQHandler               
000041a1  GROUP1_IRQHandler               
00004bb3  HOSTexit                        
00002ba7  HardFault_Handler               
00002ba7  I2C0_IRQHandler                 
00002ba7  I2C1_IRQHandler                 
00003b59  IMU_Init                        
20200254  Key                             
000021cd  LCD_Address_Set                 
00001c79  LCD_Fill                        
000000c1  LCD_Init                        
00001879  LCD_ShowChar                    
000023f9  LCD_ShowIntNum                  
00003d39  LCD_WR_DATA                     
00002ba7  NMI_Handler                     
20200264  PID_KD                          
20200268  PID_KI                          
2020026c  PID_KP                          
00002ba7  PendSV_Handler                  
00002ba7  RTC_IRQHandler                  
00004bb7  Reset_Handler                   
00002ba7  SPI0_IRQHandler                 
00002ba7  SPI1_IRQHandler                 
00002ba7  SVC_Handler                     
000030a1  SYSCFG_DL_GPIO_init             
00003c51  SYSCFG_DL_PWM_0_init            
00003e19  SYSCFG_DL_PWM_1_init            
00004351  SYSCFG_DL_SPI_LCD_init          
0000439d  SYSCFG_DL_SYSCTL_init           
000043e9  SYSCFG_DL_TIMER_TICK_init       
00003da9  SYSCFG_DL_UART_0_init           
0000450d  SYSCFG_DL_init                  
000040e5  SYSCFG_DL_initPower             
20200259  Save                            
00002ba7  SysTick_Handler                 
00002ba7  TIMA0_IRQHandler                
00002ba7  TIMA1_IRQHandler                
00004955  TIMG0_IRQHandler                
00002ba7  TIMG12_IRQHandler               
00002ba7  TIMG6_IRQHandler                
00002ba7  TIMG7_IRQHandler                
00002ba7  TIMG8_IRQHandler                
0000497d  UART0_IRQHandler                
00002ba7  UART1_IRQHandler                
00002ba7  UART2_IRQHandler                
00002ba7  UART3_IRQHandler                
2020020c  Velocity_Counter                
000035a9  Velocity_Get                    
202001a0  Wheel_Left                      
202001c4  Wheel_Right                     
2020025e  Yaw_Zero                        
20208000  __STACK_END                     
00000200  __STACK_SIZE                    
00000000  __TI_ATRegion0_region_sz        
00000000  __TI_ATRegion0_src_addr         
00000000  __TI_ATRegion0_trg_addr         
00000000  __TI_ATRegion1_region_sz        
00000000  __TI_ATRegion1_src_addr         
00000000  __TI_ATRegion1_trg_addr         
00000000  __TI_ATRegion2_region_sz        
00000000  __TI_ATRegion2_src_addr         
00000000  __TI_ATRegion2_trg_addr         
00008158  __TI_CINIT_Base                 
00008168  __TI_CINIT_Limit                
00008168  __TI_CINIT_Warm                 
00008144  __TI_Handler_Table_Base         
00008150  __TI_Handler_Table_Limit        
00004741  __TI_auto_init_nobinit_nopinit  
00003bd5  __TI_decompress_lzss            
00004b01  __TI_decompress_none            
000041f9  __TI_ltoa                       
ffffffff  __TI_pprof_out_hndl             
00000ea9  __TI_printfi                    
ffffffff  __TI_prof_data_size             
ffffffff  __TI_prof_data_start            
00000000  __TI_static_base__              
00004a9d  __TI_zero_init_nomemset         
00002a1f  __adddf3                        
0000376b  __addsf3                        
00007fc0  __aeabi_ctype_table_            
00007fc0  __aeabi_ctype_table_C           
00004435  __aeabi_d2iz                    
00002a1f  __aeabi_dadd                    
00003fbd  __aeabi_dcmpeq                  
00003ff9  __aeabi_dcmpge                  
0000400d  __aeabi_dcmpgt                  
00003fe5  __aeabi_dcmple                  
00003fd1  __aeabi_dcmplt                  
000031b9  __aeabi_ddiv                    
000034c5  __aeabi_dmul                    
00002a15  __aeabi_dsub                    
20200270  __aeabi_errno                   
00004b9d  __aeabi_errno_addr              
00004591  __aeabi_f2d                     
0000482d  __aeabi_f2iz                    
00004865  __aeabi_f2uiz                   
0000376b  __aeabi_fadd                    
00004021  __aeabi_fcmpeq                  
0000405d  __aeabi_fcmpge                  
00004071  __aeabi_fcmpgt                  
00004049  __aeabi_fcmple                  
00004035  __aeabi_fcmplt                  
00003ad5  __aeabi_fdiv                    
00003a49  __aeabi_fmul                    
00003761  __aeabi_fsub                    
00004929  __aeabi_i2d                     
000046c9  __aeabi_i2f                     
000042a9  __aeabi_idiv                    
00003b57  __aeabi_idiv0                   
000042a9  __aeabi_idivmod                 
00003fbb  __aeabi_ldiv0                   
00004a15  __aeabi_llsl                    
000049cd  __aeabi_lmul                    
00004b61  __aeabi_memclr                  
00004b61  __aeabi_memclr4                 
00004b61  __aeabi_memclr8                 
00004ba5  __aeabi_memcpy                  
00004ba5  __aeabi_memcpy4                 
00004ba5  __aeabi_memcpy8                 
00004b45  __aeabi_memset                  
00004b45  __aeabi_memset4                 
00004b45  __aeabi_memset8                 
00004551  __aeabi_uidiv                   
00004551  __aeabi_uidivmod                
00004ab5  __aeabi_uldivmod                
00004a15  __ashldi3                       
ffffffff  __binit__                       
00003e85  __cmpdf2                        
0000477d  __cmpsf2                        
000031b9  __divdf3                        
00003ad5  __divsf3                        
00003e85  __eqdf2                         
0000477d  __eqsf2                         
00004591  __extendsfdf2                   
00004435  __fixdfsi                       
0000482d  __fixsfsi                       
00004865  __fixunssfsi                    
00004929  __floatsidf                     
000046c9  __floatsisf                     
00003cc5  __gedf2                         
00004705  __gesf2                         
00003cc5  __gtdf2                         
00004705  __gtsf2                         
00003e85  __ledf2                         
0000477d  __lesf2                         
00003e85  __ltdf2                         
0000477d  __ltsf2                         
UNDEFED   __mpu_init                      
000034c5  __muldf3                        
000049cd  __muldi3                        
000047b9  __muldsi3                       
00003a49  __mulsf3                        
00003e85  __nedf2                         
0000477d  __nesf2                         
20207e00  __stack                         
20200000  __start___llvm_prf_bits         
20200000  __start___llvm_prf_cnts         
20200000  __stop___llvm_prf_bits          
20200000  __stop___llvm_prf_cnts          
00002a15  __subdf3                        
00003761  __subsf3                        
0000390d  __udivmoddi4                    
000049a5  _c_int00_noargs                 
UNDEFED   _system_post_cinit              
00004bbb  _system_pre_init                
00004bad  abort                           
00007b40  ascii_1206                      
00007550  ascii_1608                      
00006380  ascii_2412                      
00004bc0  ascii_3216                      
000045d1  atoi                            
ffffffff  binit                           
00004145  frexp                           
00004145  frexpl                          
20200000  gPWM_0Backup                    
202000bc  gPWM_1Backup                    
20200178  gSPI_LCDBackup                  
00000000  interruptVectors                
00003eed  lc_printf                       
00003689  ldexp                           
00003689  ldexpl                          
00002ba9  main                            
000049f1  memccpy                         
000039af  memcpy                          
00004083  memset                          
00003689  scalbn                          
00003689  scalbnl                         
20200210  stcAccel                        
20200248  stcAngle                        
20200224  stcGyro                         
20200238  stcQuat                         
20200274  time                            
00003839  uart0_send_SendByte             
20200278  uart_data                       
00004611  vsnprintf                       
00004b25  wcslen                          


GLOBAL SYMBOLS: SORTED BY Symbol Address 

address   name                            
-------   ----                            
00000000  __TI_ATRegion0_region_sz        
00000000  __TI_ATRegion0_src_addr         
00000000  __TI_ATRegion0_trg_addr         
00000000  __TI_ATRegion1_region_sz        
00000000  __TI_ATRegion1_src_addr         
00000000  __TI_ATRegion1_trg_addr         
00000000  __TI_ATRegion2_region_sz        
00000000  __TI_ATRegion2_src_addr         
00000000  __TI_ATRegion2_trg_addr         
00000000  __TI_static_base__              
00000000  interruptVectors                
000000c1  LCD_Init                        
00000200  __STACK_SIZE                    
00000ea9  __TI_printfi                    
00001879  LCD_ShowChar                    
00001c79  LCD_Fill                        
00001f39  CopeSerial2Data                 
000021cd  LCD_Address_Set                 
000023f9  LCD_ShowIntNum                  
00002a15  __aeabi_dsub                    
00002a15  __subdf3                        
00002a1f  __adddf3                        
00002a1f  __aeabi_dadd                    
00002ba7  ADC0_IRQHandler                 
00002ba7  ADC1_IRQHandler                 
00002ba7  AES_IRQHandler                  
00002ba7  CANFD0_IRQHandler               
00002ba7  DAC0_IRQHandler                 
00002ba7  DMA_IRQHandler                  
00002ba7  Default_Handler                 
00002ba7  GROUP0_IRQHandler               
00002ba7  HardFault_Handler               
00002ba7  I2C0_IRQHandler                 
00002ba7  I2C1_IRQHandler                 
00002ba7  NMI_Handler                     
00002ba7  PendSV_Handler                  
00002ba7  RTC_IRQHandler                  
00002ba7  SPI0_IRQHandler                 
00002ba7  SPI1_IRQHandler                 
00002ba7  SVC_Handler                     
00002ba7  SysTick_Handler                 
00002ba7  TIMA0_IRQHandler                
00002ba7  TIMA1_IRQHandler                
00002ba7  TIMG12_IRQHandler               
00002ba7  TIMG6_IRQHandler                
00002ba7  TIMG7_IRQHandler                
00002ba7  TIMG8_IRQHandler                
00002ba7  UART1_IRQHandler                
00002ba7  UART2_IRQHandler                
00002ba7  UART3_IRQHandler                
00002ba9  main                            
000030a1  SYSCFG_DL_GPIO_init             
000031b9  __aeabi_ddiv                    
000031b9  __divdf3                        
000032c5  DL_Timer_initFourCCPWMMode      
000033c9  DL_Timer_initTimerMode          
000034c5  __aeabi_dmul                    
000034c5  __muldf3                        
000035a9  Velocity_Get                    
00003689  ldexp                           
00003689  ldexpl                          
00003689  scalbn                          
00003689  scalbnl                         
00003761  __aeabi_fsub                    
00003761  __subsf3                        
0000376b  __addsf3                        
0000376b  __aeabi_fadd                    
00003839  uart0_send_SendByte             
0000390d  __udivmoddi4                    
000039af  memcpy                          
00003a49  __aeabi_fmul                    
00003a49  __mulsf3                        
00003ad5  __aeabi_fdiv                    
00003ad5  __divsf3                        
00003b57  __aeabi_idiv0                   
00003b59  IMU_Init                        
00003bd5  __TI_decompress_lzss            
00003c51  SYSCFG_DL_PWM_0_init            
00003cc5  __gedf2                         
00003cc5  __gtdf2                         
00003d39  LCD_WR_DATA                     
00003da9  SYSCFG_DL_UART_0_init           
00003e19  SYSCFG_DL_PWM_1_init            
00003e85  __cmpdf2                        
00003e85  __eqdf2                         
00003e85  __ledf2                         
00003e85  __ltdf2                         
00003e85  __nedf2                         
00003eed  lc_printf                       
00003fbb  __aeabi_ldiv0                   
00003fbd  __aeabi_dcmpeq                  
00003fd1  __aeabi_dcmplt                  
00003fe5  __aeabi_dcmple                  
00003ff9  __aeabi_dcmpge                  
0000400d  __aeabi_dcmpgt                  
00004021  __aeabi_fcmpeq                  
00004035  __aeabi_fcmplt                  
00004049  __aeabi_fcmple                  
0000405d  __aeabi_fcmpge                  
00004071  __aeabi_fcmpgt                  
00004083  memset                          
000040e5  SYSCFG_DL_initPower             
00004145  frexp                           
00004145  frexpl                          
000041a1  GROUP1_IRQHandler               
000041f9  __TI_ltoa                       
000042a9  __aeabi_idiv                    
000042a9  __aeabi_idivmod                 
00004351  SYSCFG_DL_SPI_LCD_init          
0000439d  SYSCFG_DL_SYSCTL_init           
000043e9  SYSCFG_DL_TIMER_TICK_init       
00004435  __aeabi_d2iz                    
00004435  __fixdfsi                       
00004481  DL_UART_init                    
000044c9  DL_SPI_init                     
0000450d  SYSCFG_DL_init                  
00004551  __aeabi_uidiv                   
00004551  __aeabi_uidivmod                
00004591  __aeabi_f2d                     
00004591  __extendsfdf2                   
000045d1  atoi                            
00004611  vsnprintf                       
00004651  AO_Control                      
0000468d  BO_Control                      
000046c9  __aeabi_i2f                     
000046c9  __floatsisf                     
00004705  __gesf2                         
00004705  __gtsf2                         
00004741  __TI_auto_init_nobinit_nopinit  
0000477d  __cmpsf2                        
0000477d  __eqsf2                         
0000477d  __lesf2                         
0000477d  __ltsf2                         
0000477d  __nesf2                         
000047b9  __muldsi3                       
000047f5  Encoder_Get                     
0000482d  __aeabi_f2iz                    
0000482d  __fixsfsi                       
00004865  __aeabi_f2uiz                   
00004865  __fixunssfsi                    
00004899  Encoder_Init                    
00004929  __aeabi_i2d                     
00004929  __floatsidf                     
00004955  TIMG0_IRQHandler                
0000497d  UART0_IRQHandler                
000049a5  _c_int00_noargs                 
000049cd  __aeabi_lmul                    
000049cd  __muldi3                        
000049f1  memccpy                         
00004a15  __aeabi_llsl                    
00004a15  __ashldi3                       
00004a35  DL_Timer_setCaptCompUpdateMethod
00004a51  DL_Timer_setClockConfig         
00004a6d  DL_Timer_setCaptureCompareOutCtl
00004a9d  __TI_zero_init_nomemset         
00004ab5  __aeabi_uldivmod                
00004add  DL_SPI_setClockConfig           
00004aef  DL_UART_setClockConfig          
00004b01  __TI_decompress_none            
00004b15  DL_Timer_setCaptureCompareValue 
00004b25  wcslen                          
00004b35  Delay_ms                        
00004b45  __aeabi_memset                  
00004b45  __aeabi_memset4                 
00004b45  __aeabi_memset8                 
00004b61  __aeabi_memclr                  
00004b61  __aeabi_memclr4                 
00004b61  __aeabi_memclr8                 
00004b6d  DL_Common_delayCycles           
00004b9d  __aeabi_errno_addr              
00004ba5  __aeabi_memcpy                  
00004ba5  __aeabi_memcpy4                 
00004ba5  __aeabi_memcpy8                 
00004bad  abort                           
00004bb2  C$$EXIT                         
00004bb3  HOSTexit                        
00004bb7  Reset_Handler                   
00004bbb  _system_pre_init                
00004bc0  ascii_3216                      
00006380  ascii_2412                      
00007550  ascii_1608                      
00007b40  ascii_1206                      
00007fc0  __aeabi_ctype_table_            
00007fc0  __aeabi_ctype_table_C           
00008144  __TI_Handler_Table_Base         
00008150  __TI_Handler_Table_Limit        
00008158  __TI_CINIT_Base                 
00008168  __TI_CINIT_Limit                
00008168  __TI_CINIT_Warm                 
20200000  __start___llvm_prf_bits         
20200000  __start___llvm_prf_cnts         
20200000  __stop___llvm_prf_bits          
20200000  __stop___llvm_prf_cnts          
20200000  gPWM_0Backup                    
202000bc  gPWM_1Backup                    
20200178  gSPI_LCDBackup                  
202001a0  Wheel_Left                      
202001c4  Wheel_Right                     
2020020c  Velocity_Counter                
20200210  stcAccel                        
20200224  stcGyro                         
20200238  stcQuat                         
20200248  stcAngle                        
20200254  Key                             
20200259  Save                            
2020025e  Yaw_Zero                        
20200264  PID_KD                          
20200268  PID_KI                          
2020026c  PID_KP                          
20200270  __aeabi_errno                   
20200274  time                            
20200278  uart_data                       
20207e00  __stack                         
20208000  __STACK_END                     
41c00000  BCRConfig                       
41c00100  BSLConfig                       
ffffffff  __TI_pprof_out_hndl             
ffffffff  __TI_prof_data_size             
ffffffff  __TI_prof_data_start            
ffffffff  __binit__                       
ffffffff  binit                           
UNDEFED   __mpu_init                      
UNDEFED   _system_post_cinit              

[223 symbols]
