******************************************************************************
            TI ARM Clang Linker PC v4.0.4                      
******************************************************************************
>> Linked Fri Jul 31 01:10:39 2026

OUTPUT FILE NAME:   <ElcContestTest.out>
ENTRY POINT SYMBOL: "_c_int00_noargs"  address: 00006e25


MEMORY CONFIGURATION

         name            origin    length      used     unused   attr    fill
----------------------  --------  ---------  --------  --------  ----  --------
  FLASH                 00000000   00020000  0000a838  000157c8  R  X
  SRAM                  20200000   00008000  00000531  00007acf  RW X
  BCR_CONFIG            41c00000   000000ff  00000060  0000009f  R   
  BSL_CONFIG            41c00100   00000080  00000058  00000028  R   


SEGMENT ALLOCATION MAP

run origin  load origin   length   init length attrs members
----------  ----------- ---------- ----------- ----- -------
00000000    00000000    0000a838   0000a838    r-x
  00000000    00000000    000000c0   000000c0    r-- .intvecs
  000000c0    000000c0    00007040   00007040    r-x .text
  00007100    00007100    000036f0   000036f0    r-- .rodata
  0000a7f0    0000a7f0    00000048   00000048    r-- .cinit
20200000    20200000    00000333   00000000    rw-
  20200000    20200000    000002aa   00000000    rw- .bss
  202002ac    202002ac    00000087   00000000    rw- .data
20207e00    20207e00    00000200   00000000    rw-
  20207e00    20207e00    00000200   00000000    rw- .stack
41c00000    41c00000    00000060   00000060    r--
  41c00000    41c00000    00000060   00000060    r-- .BCRConfig
41c00100    41c00100    00000058   00000058    r--
  41c00100    41c00100    00000058   00000058    r-- .BSLConfig


SECTION ALLOCATION MAP

 output                                  attributes/
section   page    origin      length       input sections
--------  ----  ----------  ----------   ----------------
.intvecs   0    00000000    000000c0     
                  00000000    000000c0     startup_mspm0g350x_ticlang.o (.intvecs)

.text      0    000000c0    00007040     
                  000000c0    00000de8     lcd_init.o (.text.LCD_Init)
                  00000ea8    00000bdc     libc.a : _scanfi.c.obj (.text.__TI_scanfi)
                  00001a84    000009d0            : _printfi.c.obj (.text:__TI_printfi)
                  00002454    00000400     lcd.o (.text.LCD_ShowChar)
                  00002854    000003b8     libc.a : strtod.c.obj (.text.strtod)
                  00002c0c    000002c0     lcd.o (.text.LCD_Fill)
                  00002ecc    00000294     IMU.o (.text.CopeSerial2Data)
                  00003160    0000022c     lcd_init.o (.text.LCD_Address_Set)
                  0000338c    00000220     libc.a : _printfi.c.obj (.text._pconv_a)
                  000035ac    0000021e     lcd.o (.text.LCD_ShowIntNum)
                  000037ca    00000002     startup_mspm0g350x_ticlang.o (.text.Default_Handler)
                  000037cc    00000200     empty.o (.text.Show_Update)
                  000039cc    000001e0     libc.a : strtoll.c.obj (.text.strtoll)
                  00003bac    000001dc            : _printfi.c.obj (.text._pconv_g)
                  00003d88    0000019c     empty.o (.text.Show_Init)
                  00003f24    0000019a     lcd.o (.text.LCD_ShowFloatNum)
                  000040be    00000002     libclang_rt.builtins.a : aeabi_div0.c.obj (.text.__aeabi_idiv0)
                  000040c0    00000192                            : adddf3.S.obj (.text.adddf3_subdf3)
                  00004252    00000002                            : aeabi_div0.c.obj (.text.__aeabi_ldiv0)
                  00004254    00000170     empty.o (.text.Run_Track)
                  000043c4    0000016c     empty.o (.text.PID_Get)
                  00004530    0000016c     libc.a : strtoull.c.obj (.text.strtoull)
                  0000469c    0000014c     empty.o (.text.main)
                  000047e8    00000144     libc.a : strtol.c.obj (.text.strtol)
                  0000492c    0000013c            : _printfi.c.obj (.text.fcvt)
                  00004a68    00000132     lcd.o (.text.LCD_ShowBinNum)
                  00004b9a    00000002     --HOLE-- [fill = 0]
                  00004b9c    0000012c     libc.a : strtoul.c.obj (.text.strtoul)
                  00004cc8    00000124     ti_msp_dl_config.o (.text.SYSCFG_DL_GPIO_init)
                  00004dec    00000120     libc.a : _printfi.c.obj (.text._pconv_e)
                  00004f0c    0000010c     libclang_rt.builtins.a : divdf3.S.obj (.text.__divdf3)
                  00005018    00000104     driverlib.a : dl_timer.o (.text.DL_Timer_initFourCCPWMMode)
                  0000511c    000000fc                 : dl_timer.o (.text.DL_Timer_initTimerMode)
                  00005218    000000e4     libclang_rt.builtins.a : muldf3.S.obj (.text.__muldf3)
                  000052fc    000000e0     empty.o (.text.Velocity_Get)
                  000053dc    000000d8     libc.a : s_scalbn.c.obj (.text.scalbn)
                  000054b4    000000d8     libclang_rt.builtins.a : addsf3.S.obj (.text)
                  0000558c    000000d4     board.o (.text.uart0_send_SendByte)
                  00005660    000000d0     MAXICAM.o (.text.UART3_IRQHandler)
                  00005730    000000a2     libclang_rt.builtins.a : udivmoddi4.S.obj (.text)
                  000057d2    0000009a     libc.a : memcpy16.S.obj (.text:memcpy)
                  0000586c    0000008c     libclang_rt.builtins.a : mulsf3.S.obj (.text.__mulsf3)
                  000058f8    00000088     ti_msp_dl_config.o (.text.SYSCFG_DL_initPower)
                  00005980    00000082     libclang_rt.builtins.a : divsf3.S.obj (.text.__divsf3)
                  00005a02    00000002     --HOLE-- [fill = 0]
                  00005a04    0000007c     empty.o (.text.System_Init)
                  00005a80    0000007c     libc.a : copy_decompress_lzss.c.obj (.text:decompress:lzss)
                  00005afc    00000074     ti_msp_dl_config.o (.text.SYSCFG_DL_PWM_0_init)
                  00005b70    00000074     ti_msp_dl_config.o (.text.SYSCFG_DL_PWM_1_init)
                  00005be4    00000074     TRACK.o (.text.Track_Get)
                  00005c58    00000074     ZIGBEE.o (.text.UART1_IRQHandler)
                  00005ccc    00000074     libclang_rt.builtins.a : comparedf2.c.obj (.text.__gedf2)
                  00005d40    00000074                            : truncdfsf2.S.obj (.text.__truncdfsf2)
                  00005db4    00000074     libc.a : sscanf.c.obj (.text._chkmbc)
                  00005e28    00000070     lcd_init.o (.text.LCD_WR_DATA)
                  00005e98    00000070     empty.o (.text.Mode_Question_Two)
                  00005f08    00000070     ti_msp_dl_config.o (.text.SYSCFG_DL_UART_0_init)
                  00005f78    00000070     ti_msp_dl_config.o (.text.SYSCFG_DL_UART_1_init)
                  00005fe8    00000070     ti_msp_dl_config.o (.text.SYSCFG_DL_UART_2_init)
                  00006058    00000070     ti_msp_dl_config.o (.text.SYSCFG_DL_UART_3_init)
                  000060c8    00000068     libclang_rt.builtins.a : comparedf2.c.obj (.text.__ledf2)
                  00006130    00000066     libc.a : _printfi.c.obj (.text._mcpy)
                  00006196    00000002     --HOLE-- [fill = 0]
                  00006198    00000064     My_STEPMOTOR.o (.text.StepMotor_Init)
                  000061fc    00000062     libclang_rt.builtins.a : aeabi_dcmp.S.obj (.text.__aeabi_dcmp)
                  0000625e    00000002     --HOLE-- [fill = 0]
                  00006260    00000062                            : aeabi_fcmp.S.obj (.text.__aeabi_fcmp)
                  000062c2    00000062     libc.a : memset16.S.obj (.text:memset)
                  00006324    0000005c            : s_frexp.c.obj (.text.frexp)
                  00006380    00000058     ENCODER.o (.text.GROUP1_IRQHandler)
                  000063d8    00000058     ti_msp_dl_config.o (.text.SYSCFG_DL_init)
                  00006430    00000058     libc.a : _ltoa.c.obj (.text.__TI_ltoa)
                  00006488    00000058            : _printfi.c.obj (.text._pconv_f)
                  000064e0    00000056     libclang_rt.builtins.a : aeabi_idivmod.S.obj (.text.__aeabi_idivmod)
                  00006536    00000052     libc.a : _printfi.c.obj (.text._ecpy)
                  00006588    00000050     ti_msp_dl_config.o (.text.SYSCFG_DL_TIMER_TICK_init)
                  000065d8    0000004c     ti_msp_dl_config.o (.text.SYSCFG_DL_SPI_LCD_init)
                  00006624    0000004c     ti_msp_dl_config.o (.text.SYSCFG_DL_SYSCTL_init)
                  00006670    0000004a     lcd.o (.text.LCD_ShowString)
                  000066ba    00000002     --HOLE-- [fill = 0]
                  000066bc    0000004a     libclang_rt.builtins.a : fixdfsi.S.obj (.text.__fixdfsi)
                  00006706    00000002     --HOLE-- [fill = 0]
                  00006708    00000048     driverlib.a : dl_uart.o (.text.DL_UART_init)
                  00006750    00000044                 : dl_spi.o (.text.DL_SPI_init)
                  00006794    00000044     board.o (.text.UART0_Init)
                  000067d8    00000044     board.o (.text.UART1_Init)
                  0000681c    00000044     board.o (.text.UART3_Init)
                  00006860    00000040     TRACK.o (.text.Track_GetBits)
                  000068a0    00000040     libclang_rt.builtins.a : aeabi_uidivmod.S.obj (.text.__aeabi_uidivmod)
                  000068e0    00000040                            : extendsfdf2.S.obj (.text.__extendsfdf2)
                  00006920    00000040     libc.a : atoi.c.obj (.text.atoi)
                  00006960    00000040     STEP_MOTOR.o (.text.zdt_emm_enable_no_reply)
                  000069a0    0000003c     MOTOR.o (.text.AO_Control)
                  000069dc    0000003c     MOTOR.o (.text.BO_Control)
                  00006a18    0000003c     libclang_rt.builtins.a : floatsisf.S.obj (.text.__floatsisf)
                  00006a54    0000003c                            : comparesf2.S.obj (.text.__gtsf2)
                  00006a90    0000003c     libc.a : autoinit.c.obj (.text:__TI_auto_init_nobinit_nopinit)
                  00006acc    0000003a     libclang_rt.builtins.a : comparesf2.S.obj (.text.__eqsf2)
                  00006b06    00000002     --HOLE-- [fill = 0]
                  00006b08    0000003a                            : muldsi3.S.obj (.text.__muldsi3)
                  00006b42    00000002     --HOLE-- [fill = 0]
                  00006b44    00000038     ENCODER.o (.text.Encoder_Get)
                  00006b7c    00000038     libclang_rt.builtins.a : fixsfsi.S.obj (.text.__fixsfsi)
                  00006bb4    00000038     IMU.o (.text.sendCaliYawCommand)
                  00006bec    00000038     libc.a : sprintf.c.obj (.text.sprintf)
                  00006c24    00000034     YAW_PID.o (.text.YawPID_Init)
                  00006c58    00000034     board.o (.text.uart1_sendString)
                  00006c8c    00000032     libclang_rt.builtins.a : fixunssfsi.S.obj (.text.__fixunssfsi)
                  00006cbe    00000002     --HOLE-- [fill = 0]
                  00006cc0    00000030     driverlib.a : dl_uart.o (.text.DL_UART_transmitDataBlocking)
                  00006cf0    00000030     ENCODER.o (.text.Encoder_Init)
                  00006d20    00000030     libc.a : _printfi.c.obj (.text._fcpy)
                  00006d50    00000030            : sscanf.c.obj (.text.sscanf)
                  00006d80    0000002c     libclang_rt.builtins.a : floatsidf.S.obj (.text.__floatsidf)
                  00006dac    00000028     empty.o (.text.TIMA1_IRQHandler)
                  00006dd4    00000028     IMU.o (.text.UART0_IRQHandler)
                  00006dfc    00000028     libclang_rt.builtins.a : floatunsisf.S.obj (.text.__floatunsisf)
                  00006e24    00000028     libc.a : boot_cortex_m.c.obj (.text:_c_int00_noargs)
                  00006e4c    00000024     libclang_rt.builtins.a : muldi3.S.obj (.text.__muldi3)
                  00006e70    00000022     libc.a : memccpy.c.obj (.text.memccpy)
                  00006e92    00000002     --HOLE-- [fill = 0]
                  00006e94    0000001e     libclang_rt.builtins.a : ashldi3.S.obj (.text.__ashldi3)
                  00006eb2    00000002     --HOLE-- [fill = 0]
                  00006eb4    0000001c     driverlib.a : dl_timer.o (.text.DL_Timer_setCaptCompUpdateMethod)
                  00006ed0    0000001c                 : dl_timer.o (.text.DL_Timer_setClockConfig)
                  00006eec    00000018                 : dl_timer.o (.text.DL_Timer_setCaptureCompareOutCtl)
                  00006f04    00000018     YAW_PID.o (.text.YawPID_Enable)
                  00006f1c    00000018     libc.a : sprintf.c.obj (.text._outs)
                  00006f34    00000016            : copy_zero_init.c.obj (.text:decompress:ZI:__TI_zero_init_nomemset)
                  00006f4a    00000002     --HOLE-- [fill = 0]
                  00006f4c    00000014     libclang_rt.builtins.a : aeabi_uldivmod.S.obj (.text.__aeabi_uldivmod)
                  00006f60    00000014     libc.a : sscanf.c.obj (.text._inpchar)
                  00006f74    00000014            : _printfi.c.obj (.text.strchr)
                  00006f88    00000012     driverlib.a : dl_spi.o (.text.DL_SPI_setClockConfig)
                  00006f9a    00000012                 : dl_uart.o (.text.DL_UART_setClockConfig)
                  00006fac    00000012     libc.a : copy_decompress_none.c.obj (.text:decompress:none)
                  00006fbe    00000002     --HOLE-- [fill = 0]
                  00006fc0    00000010     driverlib.a : dl_timer.o (.text.DL_Timer_setCaptureCompareValue)
                  00006fd0    00000010     libc.a : wcslen.c.obj (.text.wcslen)
                  00006fe0    0000000e     board.o (.text.Delay_ms)
                  00006fee    0000000e     libc.a : _scanfi.c.obj (.text.OUTLINED_FUNCTION_1)
                  00006ffc    0000000e            : _scanfi.c.obj (.text.OUTLINED_FUNCTION_2)
                  0000700a    0000000e            : _scanfi.c.obj (.text.OUTLINED_FUNCTION_4)
                  00007018    0000000e     libclang_rt.builtins.a : aeabi_memset.S.obj (.text.__aeabi_memset)
                  00007026    0000000e     libc.a : _printfi.c.obj (.text.strlen)
                  00007034    0000000c     IMU.o (.text.Yaw)
                  00007040    0000000c     YAW_PID.o (.text.YawPID_SetTarget)
                  0000704c    0000000c     libclang_rt.builtins.a : aeabi_memset.S.obj (.text.__aeabi_memclr)
                  00007058    0000000a     driverlib.a : dl_common.o (.text.DL_Common_delayCycles)
                  00007062    0000000a     libc.a : _printfi.c.obj (.text.OUTLINED_FUNCTION_0)
                  0000706c    00000010     libclang_rt.builtins.a : adddf3.S.obj (.tramp.__aeabi_dsub.1)
                  0000707c    0000000a     libc.a : _printfi.c.obj (.text.OUTLINED_FUNCTION_1)
                  00007086    0000000a            : sprintf.c.obj (.text._outc)
                  00007090    00000008     IMU.o (.text.IMU_Init)
                  00007098    00000008     MAXICAM.o (.text.MAIXCAM_Init)
                  000070a0    00000008     libc.a : _scanfi.c.obj (.text.OUTLINED_FUNCTION_0)
                  000070a8    00000008            : strtod.c.obj (.text.OUTLINED_FUNCTION_0)
                  000070b0    00000008            : strtod.c.obj (.text.OUTLINED_FUNCTION_1)
                  000070b8    00000010     libclang_rt.builtins.a : aeabi_dcmp.S.obj (.tramp.__aeabi_dcmpeq.1)
                  000070c8    00000008     ZIGBEE.o (.text.Zigbee_Init)
                  000070d0    00000008     libc.a : aeabi_portable.c.obj (.text.__aeabi_errno_addr)
                  000070d8    00000008     libclang_rt.builtins.a : aeabi_memcpy.S.obj (.text.__aeabi_memcpy)
                  000070e0    00000008     libc.a : sscanf.c.obj (.text._uninpchar)
                  000070e8    00000006            : _scanfi.c.obj (.text.OUTLINED_FUNCTION_3)
                  000070ee    00000006            : exit.c.obj (.text:abort)
                  000070f4    00000004     libsysbm.a : hostexit.c.obj (.text.HOSTexit)
                  000070f8    00000004     startup_mspm0g350x_ticlang.o (.text.Reset_Handler)
                  000070fc    00000004     libc.a : pre_init.c.obj (.text._system_pre_init)

.cinit     0    0000a7f0    00000048     
                  0000a7f0    00000022     (.cinit..data.load) [load image, compression = lzss]
                  0000a812    00000002     --HOLE-- [fill = 0]
                  0000a814    0000000c     (__TI_handler_table)
                  0000a820    00000008     (.cinit..bss.load) [load image, compression = zero_init]
                  0000a828    00000010     (__TI_cinit_table)

.rodata    0    00007100    000036f0     
                  00007100    000017c0     lcd.o (.rodata.ascii_3216)
                  000088c0    000011d0     lcd.o (.rodata.ascii_2412)
                  00009a90    000005f0     lcd.o (.rodata.ascii_1608)
                  0000a080    00000474     lcd.o (.rodata.ascii_1206)
                  0000a4f4    0000000a     ti_msp_dl_config.o (.rodata.gSPI_LCD_config)
                  0000a4fe    00000002     ti_msp_dl_config.o (.rodata.gSPI_LCD_clockConfig)
                  0000a500    00000101     libc.a : aeabi_ctype.S.obj (.rodata:__aeabi_ctype_table_)
                  0000a601    00000007            : _scanfi.c.obj (.rodata._sproc_int.flit)
                  0000a608    00000080            : strtod.c.obj (.rodata.digits)
                  0000a688    00000048            : strtod.c.obj (.rodata.powerof10)
                  0000a6d0    00000014     ti_msp_dl_config.o (.rodata.gTIMER_TICKTimerConfig)
                  0000a6e4    00000011     libc.a : _printfi.c.obj (.rodata.str1.10348868589481759720.1)
                  0000a6f5    00000011            : _printfi.c.obj (.rodata.str1.15363888844622738466.1)
                  0000a706    0000000a     ti_msp_dl_config.o (.rodata.gUART_0Config)
                  0000a710    0000000a     ti_msp_dl_config.o (.rodata.gUART_1Config)
                  0000a71a    0000000a     ti_msp_dl_config.o (.rodata.gUART_2Config)
                  0000a724    0000000a     ti_msp_dl_config.o (.rodata.gUART_3Config)
                  0000a72e    0000000a     empty.o (.rodata.str1.9410084661655729462.1)
                  0000a738    0000000a     empty.o (.rodata.str1.9517790425240694019.1)
                  0000a742    00000009     empty.o (.rodata.str1.11898133897667081452.1)
                  0000a74b    00000009     libc.a : _scanfi.c.obj (.rodata.str1.12964984209033246150.1)
                  0000a754    00000009     empty.o (.rodata.str1.14685083708502177989.1)
                  0000a75d    00000009     empty.o (.rodata.str1.16704889451495720520.1)
                  0000a766    00000009     ZIGBEE.o (.rodata.str1.17608243100409044478.1)
                  0000a76f    00000001     --HOLE-- [fill = 0]
                  0000a770    00000008     libc.a : _scanfi.c.obj (.rodata..L__const._sproc_float.special)
                  0000a778    00000008     ti_msp_dl_config.o (.rodata.gPWM_0Config)
                  0000a780    00000008     ti_msp_dl_config.o (.rodata.gPWM_1Config)
                  0000a788    00000008     empty.o (.rodata.str1.17669528882079347314.1)
                  0000a790    00000008     empty.o (.rodata.str1.254342170260855183.1)
                  0000a798    00000008     empty.o (.rodata.str1.4000995719088696555.1)
                  0000a7a0    00000008     empty.o (.rodata.str1.7401042497206923953.1)
                  0000a7a8    00000007     empty.o (.rodata.str1.17686411042290499047.1)
                  0000a7af    00000006     libc.a : _scanfi.c.obj (.rodata._sproc_int.barr)
                  0000a7b5    00000006     empty.o (.rodata.str1.11822412164550770238.1)
                  0000a7bb    00000006     empty.o (.rodata.str1.15170238581331914936.1)
                  0000a7c1    00000005     empty.o (.rodata.str1.5792233746214848027.1)
                  0000a7c6    00000005     empty.o (.rodata.str1.7386103758396746866.1)
                  0000a7cb    00000004     empty.o (.rodata.str1.150872071346279890.1)
                  0000a7cf    00000004     empty.o (.rodata.str1.15706828512682300538.1)
                  0000a7d3    00000004     empty.o (.rodata.str1.2196762768037919588.1)
                  0000a7d7    00000004     libc.a : _scanfi.c.obj (.rodata.str1.3403580589742030990.1)
                  0000a7db    00000003     ti_msp_dl_config.o (.rodata.gPWM_0ClockConfig)
                  0000a7de    00000003     ti_msp_dl_config.o (.rodata.gPWM_1ClockConfig)
                  0000a7e1    00000003     ti_msp_dl_config.o (.rodata.gTIMER_TICKClockConfig)
                  0000a7e4    00000002     ti_msp_dl_config.o (.rodata.gUART_0ClockConfig)
                  0000a7e6    00000002     ti_msp_dl_config.o (.rodata.gUART_1ClockConfig)
                  0000a7e8    00000002     ti_msp_dl_config.o (.rodata.gUART_2ClockConfig)
                  0000a7ea    00000002     ti_msp_dl_config.o (.rodata.gUART_3ClockConfig)
                  0000a7ec    00000004     --HOLE-- [fill = 0]

.init_array 
*          0    00000000    00000000     UNINITIALIZED

.binit     0    00000000    00000000     

.bss       0    20200000    000002aa     UNINITIALIZED
                  20200000    000000bc     (.common:gPWM_0Backup)
                  202000bc    000000bc     (.common:gTIMER_TICKBackup)
                  20200178    00000030     (.common:Yaw_Circle)
                  202001a8    00000030     (.common:gUART_3Backup)
                  202001d8    00000028     (.common:Wheel_Left)
                  20200200    00000028     (.common:Wheel_Right)
                  20200228    00000028     (.common:gSPI_LCDBackup)
                  20200250    00000020     ZIGBEE.o (.bss.UART1_IRQHandler.rx_buf)
                  20200270    0000000c     ENCODER.o (.bss.motor_encoder1)
                  2020027c    0000000c     ENCODER.o (.bss.motor_encoder2)
                  20200288    0000000b     IMU.o (.bss.CopeSerial2Data.ucRxBuffer)
                  20200293    00000001     (.common:Mode)
                  20200294    00000004     (.common:Distance)
                  20200298    00000004     (.common:Target_Yaw)
                  2020029c    00000004     (.common:Velocity_Counter)
                  202002a0    00000004     (.common:Yaw_Value)
                  202002a4    00000004     (.common:time)
                  202002a8    00000001     (.common:Track_Value)
                  202002a9    00000001     (.common:rx_debug_flag)

.data      0    202002ac    00000087     UNINITIALIZED
                  202002ac    00000014     IMU.o (.data.stcAccel)
                  202002c0    00000014     IMU.o (.data.stcGyro)
                  202002d4    00000010     IMU.o (.data.stcQuat)
                  202002e4    0000000c     IMU.o (.data.stcAngle)
                  202002f0    0000000c     ZIGBEE.o (.data.zigbee_data)
                  202002fc    00000005     IMU.o (.data.Key)
                  20200301    00000005     IMU.o (.data.Save)
                  20200306    00000005     IMU.o (.data.Yaw_Zero)
                  2020030b    00000001     IMU.o (.data.CopeSerial2Data.ucRxCnt)
                  2020030c    00000004     empty.o (.data.Mode_Question_Two.dist_start)
                  20200310    00000004     empty.o (.data.PID_KD)
                  20200314    00000004     empty.o (.data.PID_KI)
                  20200318    00000004     empty.o (.data.PID_KP)
                  2020031c    00000004     empty.o (.data.Run_Track.Last_Error)
                  20200320    00000004     MAXICAM.o (.data.UART3_IRQHandler.buffer)
                  20200324    00000004     libc.a : aeabi_portable.c.obj (.data.__aeabi_errno)
                  20200328    00000004     MAXICAM.o (.data.maixcam_data)
                  2020032c    00000001     empty.o (.data.Mode_Question_Two.need_snapshot)
                  2020032d    00000001     empty.o (.data.Mode_Question_Two.track_done)
                  2020032e    00000001     ZIGBEE.o (.data.UART1_IRQHandler.rx_idx)
                  2020032f    00000001     MAXICAM.o (.data.UART3_IRQHandler.shift)
                  20200330    00000001     MAXICAM.o (.data.UART3_IRQHandler.state)
                  20200331    00000001     MAXICAM.o (.data.maixcam_rx_ready)
                  20200332    00000001     IMU.o (.data.uart_data)

.stack     0    20207e00    00000200     UNINITIALIZED
                  20207e00    00000004     libc.a : boot_cortex_m.c.obj (.stack)
                  20207e04    000001fc     --HOLE--

.BCRConfig 
*          0    41c00000    00000060     
                  41c00000    00000060     boot_config.o (.BCRConfig)

.BSLConfig 
*          0    41c00100    00000058     
                  41c00100    00000058     boot_config.o (.BSLConfig)

__llvm_prf_cnts 
*          0    20200000    00000000     UNINITIALIZED

__llvm_prf_bits 
*          0    20200000    00000000     UNINITIALIZED

MODULE SUMMARY

       Module                         code    ro data   rw data
       ------                         ----    -------   -------
    .\
       empty.o                        2488    120       124    
       ti_msp_dl_config.o             1428    105       464    
       startup_mspm0g350x_ticlang.o   6       192       0      
       boot_config.o                  0       184       0      
    +--+------------------------------+-------+---------+---------+
       Total:                         3922    601       588    
                                                               
    .\BPS\Board\
       board.o                        482     0         0      
    +--+------------------------------+-------+---------+---------+
       Total:                         482     0         0      
                                                               
    .\BPS\lcd\
       lcd.o                          3060    13300     0      
       lcd_init.o                     4228    0         0      
    +--+------------------------------+-------+---------+---------+
       Total:                         7288    13300     0      
                                                               
    .\BPS\src\
       IMU.o                          776     0         96     
       MAXICAM.o                      216     0         11     
       ENCODER.o                      192     0         24     
       TRACK.o                        180     0         0      
       ZIGBEE.o                       124     9         46     
       YAW_PID.o                      88      0         48     
       MOTOR.o                        120     0         0      
       My_STEPMOTOR.o                 100     0         0      
       STEP_MOTOR.o                   64      0         0      
    +--+------------------------------+-------+---------+---------+
       Total:                         1860    9         225    
                                                               
    E:/SDK/Ti/mspm0_sdk_2_10_00_04/mspm0_sdk_2_11_00_07/source/ti/driverlib/lib/ticlang/m0p/mspm0g1x0x_g3x0x/driverlib.a
       dl_timer.o                     608     0         0      
       dl_uart.o                      138     0         0      
       dl_spi.o                       86      0         0      
       dl_common.o                    10      0         0      
    +--+------------------------------+-------+---------+---------+
       Total:                         842     0         0      
                                                               
    E:\software\IDE\Code Composer Studio\ccs\tools\compiler\ti-cgt-armllvm_4.0.4.LTS\lib\armv6m-ti-none-eabi/c/libc.a
       _printfi.c.obj                 4510    34        0      
       _scanfi.c.obj                  3092    34        0      
       strtod.c.obj                   968     200       0      
       strtoll.c.obj                  480     0         0      
       strtoull.c.obj                 364     0         0      
       strtol.c.obj                   324     0         0      
       strtoul.c.obj                  300     0         0      
       aeabi_ctype.S.obj              0       257       0      
       s_scalbn.c.obj                 216     0         0      
       sscanf.c.obj                   192     0         0      
       memcpy16.S.obj                 154     0         0      
       copy_decompress_lzss.c.obj     124     0         0      
       memset16.S.obj                 98      0         0      
       s_frexp.c.obj                  92      0         0      
       sprintf.c.obj                  90      0         0      
       _ltoa.c.obj                    88      0         0      
       atoi.c.obj                     64      0         0      
       autoinit.c.obj                 60      0         0      
       boot_cortex_m.c.obj            40      0         0      
       memccpy.c.obj                  34      0         0      
       copy_zero_init.c.obj           22      0         0      
       copy_decompress_none.c.obj     18      0         0      
       wcslen.c.obj                   16      0         0      
       aeabi_portable.c.obj           8       0         4      
       exit.c.obj                     6       0         0      
       pre_init.c.obj                 4       0         0      
    +--+------------------------------+-------+---------+---------+
       Total:                         11364   525       4      
                                                               
    E:\software\IDE\Code Composer Studio\ccs\tools\compiler\ti-cgt-armllvm_4.0.4.LTS\lib\armv6m-ti-none-eabi/c/libsysbm.a
       hostexit.c.obj                 4       0         0      
    +--+------------------------------+-------+---------+---------+
       Total:                         4       0         0      
                                                               
    E:\software\IDE\Code Composer Studio\ccs\tools\compiler\ti-cgt-armllvm_4.0.4.LTS\lib\armv6m-ti-none-eabi/libclang_rt.builtins.a
       adddf3.S.obj                   418     0         0      
       divdf3.S.obj                   268     0         0      
       muldf3.S.obj                   228     0         0      
       comparedf2.c.obj               220     0         0      
       addsf3.S.obj                   216     0         0      
       udivmoddi4.S.obj               162     0         0      
       mulsf3.S.obj                   140     0         0      
       divsf3.S.obj                   130     0         0      
       comparesf2.S.obj               118     0         0      
       truncdfsf2.S.obj               116     0         0      
       aeabi_dcmp.S.obj               114     0         0      
       aeabi_fcmp.S.obj               98      0         0      
       aeabi_idivmod.S.obj            86      0         0      
       fixdfsi.S.obj                  74      0         0      
       aeabi_uidivmod.S.obj           64      0         0      
       extendsfdf2.S.obj              64      0         0      
       floatsisf.S.obj                60      0         0      
       muldsi3.S.obj                  58      0         0      
       fixsfsi.S.obj                  56      0         0      
       fixunssfsi.S.obj               50      0         0      
       floatsidf.S.obj                44      0         0      
       floatunsisf.S.obj              40      0         0      
       muldi3.S.obj                   36      0         0      
       ashldi3.S.obj                  30      0         0      
       aeabi_memset.S.obj             26      0         0      
       aeabi_uldivmod.S.obj           20      0         0      
       aeabi_memcpy.S.obj             8       0         0      
       aeabi_div0.c.obj               4       0         0      
    +--+------------------------------+-------+---------+---------+
       Total:                         2948    0         0      
                                                               
       Stack:                         0       0         512    
       Linker Generated:              0       70        0      
    +--+------------------------------+-------+---------+---------+
       Grand Total:                   28710   14505     1329   


LINKER GENERATED COPY TABLES

__TI_cinit_table @ 0000a828 records: 2, size/record: 8, table size: 16
	.data: load addr=0000a7f0, load size=00000022 bytes, run addr=202002ac, run size=00000087 bytes, compression=lzss
	.bss: load addr=0000a820, load size=00000008 bytes, run addr=20200000, run size=000002aa bytes, compression=zero_init


LINKER GENERATED HANDLER TABLE

__TI_handler_table @ 0000a814 records: 3, size/record: 4, table size: 12
	index: 0, handler: __TI_decompress_lzss
	index: 1, handler: __TI_decompress_none
	index: 2, handler: __TI_zero_init


FAR CALL TRAMPOLINES

callee name               trampoline name
   callee addr  tramp addr   call addr  call info
--------------  -----------  ---------  ----------------
__aeabi_dsub              $Tramp$TT$L$PI$$__aeabi_dsub
   000040c1     0000706c     0000706a   libc.a : _printfi.c.obj (.text.OUTLINED_FUNCTION_0)
__aeabi_dcmpeq            $Tramp$TT$L$PI$$__aeabi_dcmpeq
   000061fd     000070b8     000070b6   libc.a : strtod.c.obj (.text.OUTLINED_FUNCTION_1)

[2 trampolines]
[2 trampoline calls]


GLOBAL SYMBOLS: SORTED ALPHABETICALLY BY Name 

address   name                            
-------   ----                            
000037cb  ADC0_IRQHandler                 
000037cb  ADC1_IRQHandler                 
000037cb  AES_IRQHandler                  
000069a1  AO_Control                      
41c00000  BCRConfig                       
000069dd  BO_Control                      
41c00100  BSLConfig                       
000070f4  C$$EXIT                         
000037cb  CANFD0_IRQHandler               
00002ecd  CopeSerial2Data                 
000037cb  DAC0_IRQHandler                 
00007059  DL_Common_delayCycles           
00006751  DL_SPI_init                     
00006f89  DL_SPI_setClockConfig           
00005019  DL_Timer_initFourCCPWMMode      
0000511d  DL_Timer_initTimerMode          
00006eb5  DL_Timer_setCaptCompUpdateMethod
00006eed  DL_Timer_setCaptureCompareOutCtl
00006fc1  DL_Timer_setCaptureCompareValue 
00006ed1  DL_Timer_setClockConfig         
00006709  DL_UART_init                    
00006f9b  DL_UART_setClockConfig          
00006cc1  DL_UART_transmitDataBlocking    
000037cb  DMA_IRQHandler                  
000037cb  Default_Handler                 
00006fe1  Delay_ms                        
20200294  Distance                        
00006b45  Encoder_Get                     
00006cf1  Encoder_Init                    
000037cb  GROUP0_IRQHandler               
00006381  GROUP1_IRQHandler               
000070f5  HOSTexit                        
000037cb  HardFault_Handler               
000037cb  I2C0_IRQHandler                 
000037cb  I2C1_IRQHandler                 
00007091  IMU_Init                        
202002fc  Key                             
00003161  LCD_Address_Set                 
00002c0d  LCD_Fill                        
000000c1  LCD_Init                        
00004a69  LCD_ShowBinNum                  
00002455  LCD_ShowChar                    
00003f25  LCD_ShowFloatNum                
000035ad  LCD_ShowIntNum                  
00006671  LCD_ShowString                  
00005e29  LCD_WR_DATA                     
00007099  MAIXCAM_Init                    
20200293  Mode                            
00005e99  Mode_Question_Two               
000037cb  NMI_Handler                     
20200310  PID_KD                          
20200314  PID_KI                          
20200318  PID_KP                          
000037cb  PendSV_Handler                  
000037cb  RTC_IRQHandler                  
000070f9  Reset_Handler                   
00004255  Run_Track                       
000037cb  SPI0_IRQHandler                 
000037cb  SPI1_IRQHandler                 
000037cb  SVC_Handler                     
00004cc9  SYSCFG_DL_GPIO_init             
00005afd  SYSCFG_DL_PWM_0_init            
00005b71  SYSCFG_DL_PWM_1_init            
000065d9  SYSCFG_DL_SPI_LCD_init          
00006625  SYSCFG_DL_SYSCTL_init           
00006589  SYSCFG_DL_TIMER_TICK_init       
00005f09  SYSCFG_DL_UART_0_init           
00005f79  SYSCFG_DL_UART_1_init           
00005fe9  SYSCFG_DL_UART_2_init           
00006059  SYSCFG_DL_UART_3_init           
000063d9  SYSCFG_DL_init                  
000058f9  SYSCFG_DL_initPower             
20200301  Save                            
00003d89  Show_Init                       
000037cd  Show_Update                     
00006199  StepMotor_Init                  
000037cb  SysTick_Handler                 
00005a05  System_Init                     
000037cb  TIMA0_IRQHandler                
00006dad  TIMA1_IRQHandler                
000037cb  TIMG0_IRQHandler                
000037cb  TIMG12_IRQHandler               
000037cb  TIMG6_IRQHandler                
000037cb  TIMG7_IRQHandler                
000037cb  TIMG8_IRQHandler                
20200298  Target_Yaw                      
00005be5  Track_Get                       
00006861  Track_GetBits                   
202002a8  Track_Value                     
00006dd5  UART0_IRQHandler                
00006795  UART0_Init                      
00005c59  UART1_IRQHandler                
000067d9  UART1_Init                      
000037cb  UART2_IRQHandler                
00005661  UART3_IRQHandler                
0000681d  UART3_Init                      
2020029c  Velocity_Counter                
000052fd  Velocity_Get                    
202001d8  Wheel_Left                      
20200200  Wheel_Right                     
00007035  Yaw                             
00006f05  YawPID_Enable                   
00006c25  YawPID_Init                     
00007041  YawPID_SetTarget                
20200178  Yaw_Circle                      
202002a0  Yaw_Value                       
20200306  Yaw_Zero                        
000070c9  Zigbee_Init                     
20208000  __STACK_END                     
00000200  __STACK_SIZE                    
00000000  __TI_ATRegion0_region_sz        
00000000  __TI_ATRegion0_src_addr         
00000000  __TI_ATRegion0_trg_addr         
00000000  __TI_ATRegion1_region_sz        
00000000  __TI_ATRegion1_src_addr         
00000000  __TI_ATRegion1_trg_addr         
00000000  __TI_ATRegion2_region_sz        
00000000  __TI_ATRegion2_src_addr         
00000000  __TI_ATRegion2_trg_addr         
0000a828  __TI_CINIT_Base                 
0000a838  __TI_CINIT_Limit                
0000a838  __TI_CINIT_Warm                 
0000a814  __TI_Handler_Table_Base         
0000a820  __TI_Handler_Table_Limit        
00006a91  __TI_auto_init_nobinit_nopinit  
00005a81  __TI_decompress_lzss            
00006fad  __TI_decompress_none            
00006431  __TI_ltoa                       
ffffffff  __TI_pprof_out_hndl             
00001a85  __TI_printfi                    
ffffffff  __TI_prof_data_size             
ffffffff  __TI_prof_data_start            
00000ea9  __TI_scanfi                     
00000000  __TI_static_base__              
00006f35  __TI_zero_init_nomemset         
000040cb  __adddf3                        
000054bf  __addsf3                        
0000a500  __aeabi_ctype_table_            
0000a500  __aeabi_ctype_table_C           
00005d41  __aeabi_d2f                     
000066bd  __aeabi_d2iz                    
000040cb  __aeabi_dadd                    
000061fd  __aeabi_dcmpeq                  
00006239  __aeabi_dcmpge                  
0000624d  __aeabi_dcmpgt                  
00006225  __aeabi_dcmple                  
00006211  __aeabi_dcmplt                  
00004f0d  __aeabi_ddiv                    
00005219  __aeabi_dmul                    
000040c1  __aeabi_dsub                    
20200324  __aeabi_errno                   
000070d1  __aeabi_errno_addr              
000068e1  __aeabi_f2d                     
00006b7d  __aeabi_f2iz                    
00006c8d  __aeabi_f2uiz                   
000054bf  __aeabi_fadd                    
00006261  __aeabi_fcmpeq                  
0000629d  __aeabi_fcmpge                  
000062b1  __aeabi_fcmpgt                  
00006289  __aeabi_fcmple                  
00006275  __aeabi_fcmplt                  
00005981  __aeabi_fdiv                    
0000586d  __aeabi_fmul                    
000054b5  __aeabi_fsub                    
00006d81  __aeabi_i2d                     
00006a19  __aeabi_i2f                     
000064e1  __aeabi_idiv                    
000040bf  __aeabi_idiv0                   
000064e1  __aeabi_idivmod                 
00004253  __aeabi_ldiv0                   
00006e95  __aeabi_llsl                    
00006e4d  __aeabi_lmul                    
0000704d  __aeabi_memclr                  
0000704d  __aeabi_memclr4                 
0000704d  __aeabi_memclr8                 
000070d9  __aeabi_memcpy                  
000070d9  __aeabi_memcpy4                 
000070d9  __aeabi_memcpy8                 
00007019  __aeabi_memset                  
00007019  __aeabi_memset4                 
00007019  __aeabi_memset8                 
00006dfd  __aeabi_ui2f                    
000068a1  __aeabi_uidiv                   
000068a1  __aeabi_uidivmod                
00006f4d  __aeabi_uldivmod                
00006e95  __ashldi3                       
ffffffff  __binit__                       
000060c9  __cmpdf2                        
00006acd  __cmpsf2                        
00004f0d  __divdf3                        
00005981  __divsf3                        
000060c9  __eqdf2                         
00006acd  __eqsf2                         
000068e1  __extendsfdf2                   
000066bd  __fixdfsi                       
00006b7d  __fixsfsi                       
00006c8d  __fixunssfsi                    
00006d81  __floatsidf                     
00006a19  __floatsisf                     
00006dfd  __floatunsisf                   
00005ccd  __gedf2                         
00006a55  __gesf2                         
00005ccd  __gtdf2                         
00006a55  __gtsf2                         
000060c9  __ledf2                         
00006acd  __lesf2                         
000060c9  __ltdf2                         
00006acd  __ltsf2                         
UNDEFED   __mpu_init                      
00005219  __muldf3                        
00006e4d  __muldi3                        
00006b09  __muldsi3                       
0000586d  __mulsf3                        
000060c9  __nedf2                         
00006acd  __nesf2                         
20207e00  __stack                         
20200000  __start___llvm_prf_bits         
20200000  __start___llvm_prf_cnts         
20200000  __stop___llvm_prf_bits          
20200000  __stop___llvm_prf_cnts          
000040c1  __subdf3                        
000054b5  __subsf3                        
00005d41  __truncdfsf2                    
00005731  __udivmoddi4                    
00006e25  _c_int00_noargs                 
UNDEFED   _system_post_cinit              
000070fd  _system_pre_init                
000070ef  abort                           
0000a080  ascii_1206                      
00009a90  ascii_1608                      
000088c0  ascii_2412                      
00007100  ascii_3216                      
00006921  atoi                            
ffffffff  binit                           
00006325  frexp                           
00006325  frexpl                          
20200000  gPWM_0Backup                    
20200228  gSPI_LCDBackup                  
202000bc  gTIMER_TICKBackup               
202001a8  gUART_3Backup                   
00000000  interruptVectors                
000053dd  ldexp                           
000053dd  ldexpl                          
0000469d  main                            
20200328  maixcam_data                    
20200331  maixcam_rx_ready                
00006e71  memccpy                         
000057d3  memcpy                          
000062c3  memset                          
202002a9  rx_debug_flag                   
000053dd  scalbn                          
000053dd  scalbnl                         
00006bb5  sendCaliYawCommand              
00006bed  sprintf                         
00006d51  sscanf                          
202002ac  stcAccel                        
202002e4  stcAngle                        
202002c0  stcGyro                         
202002d4  stcQuat                         
00002855  strtod                          
000047e9  strtol                          
00002855  strtold                         
000039cd  strtoll                         
00004b9d  strtoul                         
00004531  strtoull                        
202002a4  time                            
0000558d  uart0_send_SendByte             
00006c59  uart1_sendString                
20200332  uart_data                       
00006fd1  wcslen                          
00006961  zdt_emm_enable_no_reply         
202002f0  zigbee_data                     


GLOBAL SYMBOLS: SORTED BY Symbol Address 

address   name                            
-------   ----                            
00000000  __TI_ATRegion0_region_sz        
00000000  __TI_ATRegion0_src_addr         
00000000  __TI_ATRegion0_trg_addr         
00000000  __TI_ATRegion1_region_sz        
00000000  __TI_ATRegion1_src_addr         
00000000  __TI_ATRegion1_trg_addr         
00000000  __TI_ATRegion2_region_sz        
00000000  __TI_ATRegion2_src_addr         
00000000  __TI_ATRegion2_trg_addr         
00000000  __TI_static_base__              
00000000  interruptVectors                
000000c1  LCD_Init                        
00000200  __STACK_SIZE                    
00000ea9  __TI_scanfi                     
00001a85  __TI_printfi                    
00002455  LCD_ShowChar                    
00002855  strtod                          
00002855  strtold                         
00002c0d  LCD_Fill                        
00002ecd  CopeSerial2Data                 
00003161  LCD_Address_Set                 
000035ad  LCD_ShowIntNum                  
000037cb  ADC0_IRQHandler                 
000037cb  ADC1_IRQHandler                 
000037cb  AES_IRQHandler                  
000037cb  CANFD0_IRQHandler               
000037cb  DAC0_IRQHandler                 
000037cb  DMA_IRQHandler                  
000037cb  Default_Handler                 
000037cb  GROUP0_IRQHandler               
000037cb  HardFault_Handler               
000037cb  I2C0_IRQHandler                 
000037cb  I2C1_IRQHandler                 
000037cb  NMI_Handler                     
000037cb  PendSV_Handler                  
000037cb  RTC_IRQHandler                  
000037cb  SPI0_IRQHandler                 
000037cb  SPI1_IRQHandler                 
000037cb  SVC_Handler                     
000037cb  SysTick_Handler                 
000037cb  TIMA0_IRQHandler                
000037cb  TIMG0_IRQHandler                
000037cb  TIMG12_IRQHandler               
000037cb  TIMG6_IRQHandler                
000037cb  TIMG7_IRQHandler                
000037cb  TIMG8_IRQHandler                
000037cb  UART2_IRQHandler                
000037cd  Show_Update                     
000039cd  strtoll                         
00003d89  Show_Init                       
00003f25  LCD_ShowFloatNum                
000040bf  __aeabi_idiv0                   
000040c1  __aeabi_dsub                    
000040c1  __subdf3                        
000040cb  __adddf3                        
000040cb  __aeabi_dadd                    
00004253  __aeabi_ldiv0                   
00004255  Run_Track                       
00004531  strtoull                        
0000469d  main                            
000047e9  strtol                          
00004a69  LCD_ShowBinNum                  
00004b9d  strtoul                         
00004cc9  SYSCFG_DL_GPIO_init             
00004f0d  __aeabi_ddiv                    
00004f0d  __divdf3                        
00005019  DL_Timer_initFourCCPWMMode      
0000511d  DL_Timer_initTimerMode          
00005219  __aeabi_dmul                    
00005219  __muldf3                        
000052fd  Velocity_Get                    
000053dd  ldexp                           
000053dd  ldexpl                          
000053dd  scalbn                          
000053dd  scalbnl                         
000054b5  __aeabi_fsub                    
000054b5  __subsf3                        
000054bf  __addsf3                        
000054bf  __aeabi_fadd                    
0000558d  uart0_send_SendByte             
00005661  UART3_IRQHandler                
00005731  __udivmoddi4                    
000057d3  memcpy                          
0000586d  __aeabi_fmul                    
0000586d  __mulsf3                        
000058f9  SYSCFG_DL_initPower             
00005981  __aeabi_fdiv                    
00005981  __divsf3                        
00005a05  System_Init                     
00005a81  __TI_decompress_lzss            
00005afd  SYSCFG_DL_PWM_0_init            
00005b71  SYSCFG_DL_PWM_1_init            
00005be5  Track_Get                       
00005c59  UART1_IRQHandler                
00005ccd  __gedf2                         
00005ccd  __gtdf2                         
00005d41  __aeabi_d2f                     
00005d41  __truncdfsf2                    
00005e29  LCD_WR_DATA                     
00005e99  Mode_Question_Two               
00005f09  SYSCFG_DL_UART_0_init           
00005f79  SYSCFG_DL_UART_1_init           
00005fe9  SYSCFG_DL_UART_2_init           
00006059  SYSCFG_DL_UART_3_init           
000060c9  __cmpdf2                        
000060c9  __eqdf2                         
000060c9  __ledf2                         
000060c9  __ltdf2                         
000060c9  __nedf2                         
00006199  StepMotor_Init                  
000061fd  __aeabi_dcmpeq                  
00006211  __aeabi_dcmplt                  
00006225  __aeabi_dcmple                  
00006239  __aeabi_dcmpge                  
0000624d  __aeabi_dcmpgt                  
00006261  __aeabi_fcmpeq                  
00006275  __aeabi_fcmplt                  
00006289  __aeabi_fcmple                  
0000629d  __aeabi_fcmpge                  
000062b1  __aeabi_fcmpgt                  
000062c3  memset                          
00006325  frexp                           
00006325  frexpl                          
00006381  GROUP1_IRQHandler               
000063d9  SYSCFG_DL_init                  
00006431  __TI_ltoa                       
000064e1  __aeabi_idiv                    
000064e1  __aeabi_idivmod                 
00006589  SYSCFG_DL_TIMER_TICK_init       
000065d9  SYSCFG_DL_SPI_LCD_init          
00006625  SYSCFG_DL_SYSCTL_init           
00006671  LCD_ShowString                  
000066bd  __aeabi_d2iz                    
000066bd  __fixdfsi                       
00006709  DL_UART_init                    
00006751  DL_SPI_init                     
00006795  UART0_Init                      
000067d9  UART1_Init                      
0000681d  UART3_Init                      
00006861  Track_GetBits                   
000068a1  __aeabi_uidiv                   
000068a1  __aeabi_uidivmod                
000068e1  __aeabi_f2d                     
000068e1  __extendsfdf2                   
00006921  atoi                            
00006961  zdt_emm_enable_no_reply         
000069a1  AO_Control                      
000069dd  BO_Control                      
00006a19  __aeabi_i2f                     
00006a19  __floatsisf                     
00006a55  __gesf2                         
00006a55  __gtsf2                         
00006a91  __TI_auto_init_nobinit_nopinit  
00006acd  __cmpsf2                        
00006acd  __eqsf2                         
00006acd  __lesf2                         
00006acd  __ltsf2                         
00006acd  __nesf2                         
00006b09  __muldsi3                       
00006b45  Encoder_Get                     
00006b7d  __aeabi_f2iz                    
00006b7d  __fixsfsi                       
00006bb5  sendCaliYawCommand              
00006bed  sprintf                         
00006c25  YawPID_Init                     
00006c59  uart1_sendString                
00006c8d  __aeabi_f2uiz                   
00006c8d  __fixunssfsi                    
00006cc1  DL_UART_transmitDataBlocking    
00006cf1  Encoder_Init                    
00006d51  sscanf                          
00006d81  __aeabi_i2d                     
00006d81  __floatsidf                     
00006dad  TIMA1_IRQHandler                
00006dd5  UART0_IRQHandler                
00006dfd  __aeabi_ui2f                    
00006dfd  __floatunsisf                   
00006e25  _c_int00_noargs                 
00006e4d  __aeabi_lmul                    
00006e4d  __muldi3                        
00006e71  memccpy                         
00006e95  __aeabi_llsl                    
00006e95  __ashldi3                       
00006eb5  DL_Timer_setCaptCompUpdateMethod
00006ed1  DL_Timer_setClockConfig         
00006eed  DL_Timer_setCaptureCompareOutCtl
00006f05  YawPID_Enable                   
00006f35  __TI_zero_init_nomemset         
00006f4d  __aeabi_uldivmod                
00006f89  DL_SPI_setClockConfig           
00006f9b  DL_UART_setClockConfig          
00006fad  __TI_decompress_none            
00006fc1  DL_Timer_setCaptureCompareValue 
00006fd1  wcslen                          
00006fe1  Delay_ms                        
00007019  __aeabi_memset                  
00007019  __aeabi_memset4                 
00007019  __aeabi_memset8                 
00007035  Yaw                             
00007041  YawPID_SetTarget                
0000704d  __aeabi_memclr                  
0000704d  __aeabi_memclr4                 
0000704d  __aeabi_memclr8                 
00007059  DL_Common_delayCycles           
00007091  IMU_Init                        
00007099  MAIXCAM_Init                    
000070c9  Zigbee_Init                     
000070d1  __aeabi_errno_addr              
000070d9  __aeabi_memcpy                  
000070d9  __aeabi_memcpy4                 
000070d9  __aeabi_memcpy8                 
000070ef  abort                           
000070f4  C$$EXIT                         
000070f5  HOSTexit                        
000070f9  Reset_Handler                   
000070fd  _system_pre_init                
00007100  ascii_3216                      
000088c0  ascii_2412                      
00009a90  ascii_1608                      
0000a080  ascii_1206                      
0000a500  __aeabi_ctype_table_            
0000a500  __aeabi_ctype_table_C           
0000a814  __TI_Handler_Table_Base         
0000a820  __TI_Handler_Table_Limit        
0000a828  __TI_CINIT_Base                 
0000a838  __TI_CINIT_Limit                
0000a838  __TI_CINIT_Warm                 
20200000  __start___llvm_prf_bits         
20200000  __start___llvm_prf_cnts         
20200000  __stop___llvm_prf_bits          
20200000  __stop___llvm_prf_cnts          
20200000  gPWM_0Backup                    
202000bc  gTIMER_TICKBackup               
20200178  Yaw_Circle                      
202001a8  gUART_3Backup                   
202001d8  Wheel_Left                      
20200200  Wheel_Right                     
20200228  gSPI_LCDBackup                  
20200293  Mode                            
20200294  Distance                        
20200298  Target_Yaw                      
2020029c  Velocity_Counter                
202002a0  Yaw_Value                       
202002a4  time                            
202002a8  Track_Value                     
202002a9  rx_debug_flag                   
202002ac  stcAccel                        
202002c0  stcGyro                         
202002d4  stcQuat                         
202002e4  stcAngle                        
202002f0  zigbee_data                     
202002fc  Key                             
20200301  Save                            
20200306  Yaw_Zero                        
20200310  PID_KD                          
20200314  PID_KI                          
20200318  PID_KP                          
20200324  __aeabi_errno                   
20200328  maixcam_data                    
20200331  maixcam_rx_ready                
20200332  uart_data                       
20207e00  __stack                         
20208000  __STACK_END                     
41c00000  BCRConfig                       
41c00100  BSLConfig                       
ffffffff  __TI_pprof_out_hndl             
ffffffff  __TI_prof_data_size             
ffffffff  __TI_prof_data_start            
ffffffff  __binit__                       
ffffffff  binit                           
UNDEFED   __mpu_init                      
UNDEFED   _system_post_cinit              

[272 symbols]
