******************************************************************************
            TI ARM Clang Linker PC v4.0.4                      
******************************************************************************
>> Linked Thu Jul 30 17:42:51 2026

OUTPUT FILE NAME:   <ElcContestTest.out>
ENTRY POINT SYMBOL: "_c_int00_noargs"  address: 0000684d


MEMORY CONFIGURATION

         name            origin    length      used     unused   attr    fill
----------------------  --------  ---------  --------  --------  ----  --------
  FLASH                 00000000   00020000  0000a1e8  00015e18  R  X
  SRAM                  20200000   00008000  0000049e  00007b62  RW X
  BCR_CONFIG            41c00000   000000ff  00000060  0000009f  R   
  BSL_CONFIG            41c00100   00000080  00000058  00000028  R   


SEGMENT ALLOCATION MAP

run origin  load origin   length   init length attrs members
----------  ----------- ---------- ----------- ----- -------
00000000    00000000    0000a1e8   0000a1e8    r-x
  00000000    00000000    000000c0   000000c0    r-- .intvecs
  000000c0    000000c0    00006a40   00006a40    r-x .text
  00006b00    00006b00    000036b0   000036b0    r-- .rodata
  0000a1b0    0000a1b0    00000038   00000038    r-- .cinit
20200000    20200000    0000029e   00000000    rw-
  20200000    20200000    0000021c   00000000    rw- .bss
  2020021c    2020021c    00000082   00000000    rw- .data
20207e00    20207e00    00000200   00000000    rw-
  20207e00    20207e00    00000200   00000000    rw- .stack
41c00000    41c00000    00000060   00000060    r--
  41c00000    41c00000    00000060   00000060    r-- .BCRConfig
41c00100    41c00100    00000058   00000058    r--
  41c00100    41c00100    00000058   00000058    r-- .BSLConfig


SECTION ALLOCATION MAP

 output                                  attributes/
section   page    origin      length       input sections
--------  ----  ----------  ----------   ----------------
.intvecs   0    00000000    000000c0     
                  00000000    000000c0     startup_mspm0g350x_ticlang.o (.intvecs)

.text      0    000000c0    00006a40     
                  000000c0    00000de8     lcd_init.o (.text.LCD_Init)
                  00000ea8    00000bdc     libc.a : _scanfi.c.obj (.text.__TI_scanfi)
                  00001a84    000009d0            : _printfi.c.obj (.text:__TI_printfi)
                  00002454    00000400     lcd.o (.text.LCD_ShowChar)
                  00002854    000003b8     libc.a : strtod.c.obj (.text.strtod)
                  00002c0c    00000348     empty.o (.text.main)
                  00002f54    000002c0     lcd.o (.text.LCD_Fill)
                  00003214    00000294     IMU.o (.text.CopeSerial2Data)
                  000034a8    0000022c     lcd_init.o (.text.LCD_Address_Set)
                  000036d4    00000220     libc.a : _printfi.c.obj (.text._pconv_a)
                  000038f4    0000021e     lcd.o (.text.LCD_ShowIntNum)
                  00003b12    00000002     startup_mspm0g350x_ticlang.o (.text.Default_Handler)
                  00003b14    000001e0     libc.a : strtoll.c.obj (.text.strtoll)
                  00003cf4    000001dc            : _printfi.c.obj (.text._pconv_g)
                  00003ed0    0000019a     lcd.o (.text.LCD_ShowFloatNum)
                  0000406a    00000002     libclang_rt.builtins.a : aeabi_div0.c.obj (.text.__aeabi_idiv0)
                  0000406c    00000192                            : adddf3.S.obj (.text.adddf3_subdf3)
                  000041fe    00000002                            : aeabi_div0.c.obj (.text.__aeabi_ldiv0)
                  00004200    00000180     STEP_MOTOR.o (.text.zdt_emm_wait_reply)
                  00004380    0000016c     libc.a : strtoull.c.obj (.text.strtoull)
                  000044ec    00000144            : strtol.c.obj (.text.strtol)
                  00004630    0000013c            : _printfi.c.obj (.text.fcvt)
                  0000476c    0000012c            : strtoul.c.obj (.text.strtoul)
                  00004898    00000124     ti_msp_dl_config.o (.text.SYSCFG_DL_GPIO_init)
                  000049bc    00000120     libc.a : _printfi.c.obj (.text._pconv_e)
                  00004adc    0000010c     libclang_rt.builtins.a : divdf3.S.obj (.text.__divdf3)
                  00004be8    00000104     driverlib.a : dl_timer.o (.text.DL_Timer_initFourCCPWMMode)
                  00004cec    000000fc                 : dl_timer.o (.text.DL_Timer_initTimerMode)
                  00004de8    000000f8     STEP_MOTOR.o (.text.zdt_emm_read_request)
                  00004ee0    000000ec     STEP_MOTOR.o (.text.zdt_emm_position_pulses)
                  00004fcc    000000e4     libclang_rt.builtins.a : muldf3.S.obj (.text.__muldf3)
                  000050b0    000000d8     libc.a : s_scalbn.c.obj (.text.scalbn)
                  00005188    000000d8     libclang_rt.builtins.a : addsf3.S.obj (.text)
                  00005260    000000d0     MAXICAM.o (.text.UART3_IRQHandler)
                  00005330    000000a2     libclang_rt.builtins.a : udivmoddi4.S.obj (.text)
                  000053d2    0000009a     libc.a : memcpy16.S.obj (.text:memcpy)
                  0000546c    0000008c     libclang_rt.builtins.a : mulsf3.S.obj (.text.__mulsf3)
                  000054f8    00000088     ti_msp_dl_config.o (.text.SYSCFG_DL_initPower)
                  00005580    00000082     libclang_rt.builtins.a : divsf3.S.obj (.text.__divsf3)
                  00005602    00000002     --HOLE-- [fill = 0]
                  00005604    0000007c     libc.a : copy_decompress_lzss.c.obj (.text:decompress:lzss)
                  00005680    00000074     ti_msp_dl_config.o (.text.SYSCFG_DL_PWM_0_init)
                  000056f4    00000074     ti_msp_dl_config.o (.text.SYSCFG_DL_PWM_1_init)
                  00005768    00000074     ZIGBEE.o (.text.UART1_IRQHandler)
                  000057dc    00000074     libclang_rt.builtins.a : comparedf2.c.obj (.text.__gedf2)
                  00005850    00000074                            : truncdfsf2.S.obj (.text.__truncdfsf2)
                  000058c4    00000074     libc.a : sscanf.c.obj (.text._chkmbc)
                  00005938    00000070     lcd_init.o (.text.LCD_WR_DATA)
                  000059a8    00000070     ti_msp_dl_config.o (.text.SYSCFG_DL_UART_0_init)
                  00005a18    00000070     ti_msp_dl_config.o (.text.SYSCFG_DL_UART_1_init)
                  00005a88    00000070     ti_msp_dl_config.o (.text.SYSCFG_DL_UART_2_init)
                  00005af8    00000070     ti_msp_dl_config.o (.text.SYSCFG_DL_UART_3_init)
                  00005b68    00000068     libclang_rt.builtins.a : comparedf2.c.obj (.text.__ledf2)
                  00005bd0    00000068     STEP_MOTOR.o (.text.zdt_emm_zero_position)
                  00005c38    00000066     libc.a : _printfi.c.obj (.text._mcpy)
                  00005c9e    00000002     --HOLE-- [fill = 0]
                  00005ca0    00000064     My_STEPMOTOR.o (.text.StepMotor_Init)
                  00005d04    00000064     My_STEPMOTOR.o (.text.StepMotor_ReadAngle_x10)
                  00005d68    00000064     STEP_MOTOR.o (.text.zdt_emm_read_position_raw)
                  00005dcc    00000062     libclang_rt.builtins.a : aeabi_dcmp.S.obj (.text.__aeabi_dcmp)
                  00005e2e    00000002     --HOLE-- [fill = 0]
                  00005e30    00000062                            : aeabi_fcmp.S.obj (.text.__aeabi_fcmp)
                  00005e92    00000062     libc.a : memset16.S.obj (.text:memset)
                  00005ef4    0000005c            : s_frexp.c.obj (.text.frexp)
                  00005f50    00000058     ENCODER.o (.text.GROUP1_IRQHandler)
                  00005fa8    00000058     ti_msp_dl_config.o (.text.SYSCFG_DL_init)
                  00006000    00000058     libc.a : _ltoa.c.obj (.text.__TI_ltoa)
                  00006058    00000058            : _printfi.c.obj (.text._pconv_f)
                  000060b0    00000056     libclang_rt.builtins.a : aeabi_idivmod.S.obj (.text.__aeabi_idivmod)
                  00006106    00000052     libc.a : _printfi.c.obj (.text._ecpy)
                  00006158    00000050     ti_msp_dl_config.o (.text.SYSCFG_DL_TIMER_TICK_init)
                  000061a8    0000004c     ti_msp_dl_config.o (.text.SYSCFG_DL_SPI_LCD_init)
                  000061f4    0000004c     ti_msp_dl_config.o (.text.SYSCFG_DL_SYSCTL_init)
                  00006240    0000004a     lcd.o (.text.LCD_ShowString)
                  0000628a    00000002     --HOLE-- [fill = 0]
                  0000628c    0000004a     libclang_rt.builtins.a : fixdfsi.S.obj (.text.__fixdfsi)
                  000062d6    00000002     --HOLE-- [fill = 0]
                  000062d8    00000048     driverlib.a : dl_uart.o (.text.DL_UART_init)
                  00006320    00000044                 : dl_spi.o (.text.DL_SPI_init)
                  00006364    00000044     board.o (.text.UART1_Init)
                  000063a8    00000040     My_STEPMOTOR.o (.text.StepMotor_MoveRelativeAngle)
                  000063e8    00000040     libclang_rt.builtins.a : aeabi_uidivmod.S.obj (.text.__aeabi_uidivmod)
                  00006428    00000040                            : extendsfdf2.S.obj (.text.__extendsfdf2)
                  00006468    00000040     libc.a : atoi.c.obj (.text.atoi)
                  000064a8    00000040     STEP_MOTOR.o (.text.zdt_emm_enable_no_reply)
                  000064e8    0000003c     libclang_rt.builtins.a : floatsisf.S.obj (.text.__floatsisf)
                  00006524    0000003c                            : comparesf2.S.obj (.text.__gtsf2)
                  00006560    0000003c     libc.a : autoinit.c.obj (.text:__TI_auto_init_nobinit_nopinit)
                  0000659c    0000003a     libclang_rt.builtins.a : comparesf2.S.obj (.text.__eqsf2)
                  000065d6    00000002     --HOLE-- [fill = 0]
                  000065d8    0000003a                            : muldsi3.S.obj (.text.__muldsi3)
                  00006612    00000002     --HOLE-- [fill = 0]
                  00006614    00000038                            : fixsfsi.S.obj (.text.__fixsfsi)
                  0000664c    00000038     libc.a : sprintf.c.obj (.text.sprintf)
                  00006684    00000034     board.o (.text.uart1_sendString)
                  000066b8    00000032     libclang_rt.builtins.a : fixunssfsi.S.obj (.text.__fixunssfsi)
                  000066ea    00000002     --HOLE-- [fill = 0]
                  000066ec    00000030     driverlib.a : dl_uart.o (.text.DL_UART_transmitDataBlocking)
                  0000671c    00000030     libc.a : _printfi.c.obj (.text._fcpy)
                  0000674c    00000030            : sscanf.c.obj (.text.sscanf)
                  0000677c    0000002c     libclang_rt.builtins.a : floatsidf.S.obj (.text.__floatsidf)
                  000067a8    0000002a     STEP_MOTOR.o (.text.zdt_emm_degrees_to_pulses_x10)
                  000067d2    00000002     --HOLE-- [fill = 0]
                  000067d4    00000028     empty.o (.text.TIMA1_IRQHandler)
                  000067fc    00000028     IMU.o (.text.UART0_IRQHandler)
                  00006824    00000028     libclang_rt.builtins.a : floatunsisf.S.obj (.text.__floatunsisf)
                  0000684c    00000028     libc.a : boot_cortex_m.c.obj (.text:_c_int00_noargs)
                  00006874    00000024     libclang_rt.builtins.a : muldi3.S.obj (.text.__muldi3)
                  00006898    00000022     libc.a : memccpy.c.obj (.text.memccpy)
                  000068ba    00000002     --HOLE-- [fill = 0]
                  000068bc    0000001e     libclang_rt.builtins.a : ashldi3.S.obj (.text.__ashldi3)
                  000068da    00000002     --HOLE-- [fill = 0]
                  000068dc    0000001c     driverlib.a : dl_timer.o (.text.DL_Timer_setCaptCompUpdateMethod)
                  000068f8    0000001c                 : dl_timer.o (.text.DL_Timer_setClockConfig)
                  00006914    00000018                 : dl_timer.o (.text.DL_Timer_setCaptureCompareOutCtl)
                  0000692c    00000018     My_STEPMOTOR.o (.text.StepMotor_ZeroPosition)
                  00006944    00000018     libc.a : sprintf.c.obj (.text._outs)
                  0000695c    00000016            : copy_zero_init.c.obj (.text:decompress:ZI:__TI_zero_init_nomemset)
                  00006972    00000002     --HOLE-- [fill = 0]
                  00006974    00000014     libclang_rt.builtins.a : aeabi_uldivmod.S.obj (.text.__aeabi_uldivmod)
                  00006988    00000014     libc.a : sscanf.c.obj (.text._inpchar)
                  0000699c    00000014            : _printfi.c.obj (.text.strchr)
                  000069b0    00000012     driverlib.a : dl_spi.o (.text.DL_SPI_setClockConfig)
                  000069c2    00000012                 : dl_uart.o (.text.DL_UART_setClockConfig)
                  000069d4    00000012     libc.a : copy_decompress_none.c.obj (.text:decompress:none)
                  000069e6    00000002     --HOLE-- [fill = 0]
                  000069e8    00000010     driverlib.a : dl_timer.o (.text.DL_Timer_setCaptureCompareValue)
                  000069f8    00000010     libc.a : wcslen.c.obj (.text.wcslen)
                  00006a08    0000000e     board.o (.text.Delay_ms)
                  00006a16    0000000e     libc.a : _scanfi.c.obj (.text.OUTLINED_FUNCTION_1)
                  00006a24    0000000e            : _scanfi.c.obj (.text.OUTLINED_FUNCTION_2)
                  00006a32    0000000e            : _scanfi.c.obj (.text.OUTLINED_FUNCTION_4)
                  00006a40    0000000e     libclang_rt.builtins.a : aeabi_memset.S.obj (.text.__aeabi_memset)
                  00006a4e    0000000e     libc.a : _printfi.c.obj (.text.strlen)
                  00006a5c    0000000c     libclang_rt.builtins.a : aeabi_memset.S.obj (.text.__aeabi_memclr)
                  00006a68    0000000a     driverlib.a : dl_common.o (.text.DL_Common_delayCycles)
                  00006a72    0000000a     libc.a : _printfi.c.obj (.text.OUTLINED_FUNCTION_0)
                  00006a7c    00000010     libclang_rt.builtins.a : adddf3.S.obj (.tramp.__aeabi_dsub.1)
                  00006a8c    0000000a     libc.a : _printfi.c.obj (.text.OUTLINED_FUNCTION_1)
                  00006a96    0000000a            : sprintf.c.obj (.text._outc)
                  00006aa0    00000008            : _scanfi.c.obj (.text.OUTLINED_FUNCTION_0)
                  00006aa8    00000008            : strtod.c.obj (.text.OUTLINED_FUNCTION_0)
                  00006ab0    00000008            : strtod.c.obj (.text.OUTLINED_FUNCTION_1)
                  00006ab8    00000010     libclang_rt.builtins.a : aeabi_dcmp.S.obj (.tramp.__aeabi_dcmpeq.1)
                  00006ac8    00000008     ZIGBEE.o (.text.Zigbee_Init)
                  00006ad0    00000008     libc.a : aeabi_portable.c.obj (.text.__aeabi_errno_addr)
                  00006ad8    00000008     libclang_rt.builtins.a : aeabi_memcpy.S.obj (.text.__aeabi_memcpy)
                  00006ae0    00000008     libc.a : sscanf.c.obj (.text._uninpchar)
                  00006ae8    00000006            : _scanfi.c.obj (.text.OUTLINED_FUNCTION_3)
                  00006aee    00000006            : exit.c.obj (.text:abort)
                  00006af4    00000004     libsysbm.a : hostexit.c.obj (.text.HOSTexit)
                  00006af8    00000004     startup_mspm0g350x_ticlang.o (.text.Reset_Handler)
                  00006afc    00000004     libc.a : pre_init.c.obj (.text._system_pre_init)

.cinit     0    0000a1b0    00000038     
                  0000a1b0    0000000d     (.cinit..data.load) [load image, compression = lzss]
                  0000a1bd    00000003     --HOLE-- [fill = 0]
                  0000a1c0    0000000c     (__TI_handler_table)
                  0000a1cc    00000008     (.cinit..bss.load) [load image, compression = zero_init]
                  0000a1d4    00000010     (__TI_cinit_table)
                  0000a1e4    00000004     --HOLE-- [fill = 0]

.rodata    0    00006b00    000036b0     
                  00006b00    000017c0     lcd.o (.rodata.ascii_3216)
                  000082c0    000011d0     lcd.o (.rodata.ascii_2412)
                  00009490    000005f0     lcd.o (.rodata.ascii_1608)
                  00009a80    00000474     lcd.o (.rodata.ascii_1206)
                  00009ef4    0000000a     ti_msp_dl_config.o (.rodata.gSPI_LCD_config)
                  00009efe    00000002     ti_msp_dl_config.o (.rodata.gSPI_LCD_clockConfig)
                  00009f00    00000101     libc.a : aeabi_ctype.S.obj (.rodata:__aeabi_ctype_table_)
                  0000a001    00000007            : _scanfi.c.obj (.rodata._sproc_int.flit)
                  0000a008    00000080            : strtod.c.obj (.rodata.digits)
                  0000a088    00000048            : strtod.c.obj (.rodata.powerof10)
                  0000a0d0    00000018     empty.o (.rodata.str1.7401042497206923953.1)
                  0000a0e8    00000014     ti_msp_dl_config.o (.rodata.gTIMER_TICKTimerConfig)
                  0000a0fc    00000011     libc.a : _printfi.c.obj (.rodata.str1.10348868589481759720.1)
                  0000a10d    00000011            : _printfi.c.obj (.rodata.str1.15363888844622738466.1)
                  0000a11e    0000000a     ti_msp_dl_config.o (.rodata.gUART_0Config)
                  0000a128    0000000a     ti_msp_dl_config.o (.rodata.gUART_1Config)
                  0000a132    0000000a     ti_msp_dl_config.o (.rodata.gUART_2Config)
                  0000a13c    0000000a     ti_msp_dl_config.o (.rodata.gUART_3Config)
                  0000a146    00000009     libc.a : _scanfi.c.obj (.rodata.str1.12964984209033246150.1)
                  0000a14f    00000009     ZIGBEE.o (.rodata.str1.17608243100409044478.1)
                  0000a158    00000008     libc.a : _scanfi.c.obj (.rodata..L__const._sproc_float.special)
                  0000a160    00000008     ti_msp_dl_config.o (.rodata.gPWM_0Config)
                  0000a168    00000008     ti_msp_dl_config.o (.rodata.gPWM_1Config)
                  0000a170    00000006     libc.a : _scanfi.c.obj (.rodata._sproc_int.barr)
                  0000a176    00000005     empty.o (.rodata.str1.11898133897667081452.1)
                  0000a17b    00000005     empty.o (.rodata.str1.14685083708502177989.1)
                  0000a180    00000005     empty.o (.rodata.str1.17669528882079347314.1)
                  0000a185    00000005     empty.o (.rodata.str1.254342170260855183.1)
                  0000a18a    00000005     empty.o (.rodata.str1.9517790425240694019.1)
                  0000a18f    00000004     libc.a : _scanfi.c.obj (.rodata.str1.3403580589742030990.1)
                  0000a193    00000003     ti_msp_dl_config.o (.rodata.gPWM_0ClockConfig)
                  0000a196    00000003     ti_msp_dl_config.o (.rodata.gPWM_1ClockConfig)
                  0000a199    00000003     ti_msp_dl_config.o (.rodata.gTIMER_TICKClockConfig)
                  0000a19c    00000002     ti_msp_dl_config.o (.rodata.gUART_0ClockConfig)
                  0000a19e    00000002     ti_msp_dl_config.o (.rodata.gUART_1ClockConfig)
                  0000a1a0    00000002     ti_msp_dl_config.o (.rodata.gUART_2ClockConfig)
                  0000a1a2    00000002     ti_msp_dl_config.o (.rodata.gUART_3ClockConfig)
                  0000a1a4    0000000c     --HOLE-- [fill = 0]

.init_array 
*          0    00000000    00000000     UNINITIALIZED

.binit     0    00000000    00000000     

.bss       0    20200000    0000021c     UNINITIALIZED
                  20200000    000000bc     (.common:gPWM_0Backup)
                  202000bc    000000bc     (.common:gTIMER_TICKBackup)
                  20200178    00000030     (.common:gUART_3Backup)
                  202001a8    00000028     (.common:gSPI_LCDBackup)
                  202001d0    00000020     ZIGBEE.o (.bss.UART1_IRQHandler.rx_buf)
                  202001f0    0000000c     ENCODER.o (.bss.motor_encoder1)
                  202001fc    0000000c     ENCODER.o (.bss.motor_encoder2)
                  20200208    0000000b     IMU.o (.bss.CopeSerial2Data.ucRxBuffer)
                  20200213    00000001     (.common:rx_debug_flag)
                  20200214    00000004     (.common:Velocity_Counter)
                  20200218    00000004     (.common:time)

.data      0    2020021c    00000082     UNINITIALIZED
                  2020021c    00000014     IMU.o (.data.stcAccel)
                  20200230    00000014     IMU.o (.data.stcGyro)
                  20200244    00000010     IMU.o (.data.stcQuat)
                  20200254    0000000c     IMU.o (.data.stcAngle)
                  20200260    0000000c     ZIGBEE.o (.data.zigbee_data)
                  2020026c    00000004     empty.o (.data.Inner_Current_x10)
                  20200270    00000004     empty.o (.data.Inner_Error)
                  20200274    00000004     empty.o (.data.Inner_LastTime)
                  20200278    00000004     empty.o (.data.Inner_Output)
                  2020027c    00000004     empty.o (.data.Inner_Sent)
                  20200280    00000004     empty.o (.data.Inner_Status)
                  20200284    00000004     empty.o (.data.Inner_Target_x10)
                  20200288    00000004     MAXICAM.o (.data.UART3_IRQHandler.buffer)
                  2020028c    00000004     libc.a : aeabi_portable.c.obj (.data.__aeabi_errno)
                  20200290    00000004     empty.o (.data.main.last_send)
                  20200294    00000004     MAXICAM.o (.data.maixcam_data)
                  20200298    00000001     IMU.o (.data.CopeSerial2Data.ucRxCnt)
                  20200299    00000001     ZIGBEE.o (.data.UART1_IRQHandler.rx_idx)
                  2020029a    00000001     MAXICAM.o (.data.UART3_IRQHandler.shift)
                  2020029b    00000001     MAXICAM.o (.data.UART3_IRQHandler.state)
                  2020029c    00000001     MAXICAM.o (.data.maixcam_rx_ready)
                  2020029d    00000001     IMU.o (.data.uart_data)

.stack     0    20207e00    00000200     UNINITIALIZED
                  20207e00    00000004     libc.a : boot_cortex_m.c.obj (.stack)
                  20207e04    000001fc     --HOLE--

.BCRConfig 
*          0    41c00000    00000060     
                  41c00000    00000060     boot_config.o (.BCRConfig)

.BSLConfig 
*          0    41c00100    00000058     
                  41c00100    00000058     boot_config.o (.BSLConfig)

__llvm_prf_cnts 
*          0    20200000    00000000     UNINITIALIZED

__llvm_prf_bits 
*          0    20200000    00000000     UNINITIALIZED

MODULE SUMMARY

       Module                         code    ro data   rw data
       ------                         ----    -------   -------
    .\
       ti_msp_dl_config.o             1428    105       464    
       empty.o                        880     49        40     
       startup_mspm0g350x_ticlang.o   6       192       0      
       boot_config.o                  0       184       0      
    +--+------------------------------+-------+---------+---------+
       Total:                         2314    530       504    
                                                               
    .\BPS\Board\
       board.o                        134     0         0      
    +--+------------------------------+-------+---------+---------+
       Total:                         134     0         0      
                                                               
    .\BPS\lcd\
       lcd.o                          2754    13300     0      
       lcd_init.o                     4228    0         0      
    +--+------------------------------+-------+---------+---------+
       Total:                         6982    13300     0      
                                                               
    .\BPS\src\
       STEP_MOTOR.o                   1178    0         0      
       IMU.o                          700     0         81     
       My_STEPMOTOR.o                 288     0         0      
       MAXICAM.o                      208     0         11     
       ZIGBEE.o                       124     9         46     
       ENCODER.o                      88      0         24     
    +--+------------------------------+-------+---------+---------+
       Total:                         2586    9         162    
                                                               
    E:/SDK/Ti/mspm0_sdk_2_10_00_04/mspm0_sdk_2_11_00_07/source/ti/driverlib/lib/ticlang/m0p/mspm0g1x0x_g3x0x/driverlib.a
       dl_timer.o                     608     0         0      
       dl_uart.o                      138     0         0      
       dl_spi.o                       86      0         0      
       dl_common.o                    10      0         0      
    +--+------------------------------+-------+---------+---------+
       Total:                         842     0         0      
                                                               
    E:\software\IDE\Code Composer Studio\ccs\tools\compiler\ti-cgt-armllvm_4.0.4.LTS\lib\armv6m-ti-none-eabi/c/libc.a
       _printfi.c.obj                 4510    34        0      
       _scanfi.c.obj                  3092    34        0      
       strtod.c.obj                   968     200       0      
       strtoll.c.obj                  480     0         0      
       strtoull.c.obj                 364     0         0      
       strtol.c.obj                   324     0         0      
       strtoul.c.obj                  300     0         0      
       aeabi_ctype.S.obj              0       257       0      
       s_scalbn.c.obj                 216     0         0      
       sscanf.c.obj                   192     0         0      
       memcpy16.S.obj                 154     0         0      
       copy_decompress_lzss.c.obj     124     0         0      
       memset16.S.obj                 98      0         0      
       s_frexp.c.obj                  92      0         0      
       sprintf.c.obj                  90      0         0      
       _ltoa.c.obj                    88      0         0      
       atoi.c.obj                     64      0         0      
       autoinit.c.obj                 60      0         0      
       boot_cortex_m.c.obj            40      0         0      
       memccpy.c.obj                  34      0         0      
       copy_zero_init.c.obj           22      0         0      
       copy_decompress_none.c.obj     18      0         0      
       wcslen.c.obj                   16      0         0      
       aeabi_portable.c.obj           8       0         4      
       exit.c.obj                     6       0         0      
       pre_init.c.obj                 4       0         0      
    +--+------------------------------+-------+---------+---------+
       Total:                         11364   525       4      
                                                               
    E:\software\IDE\Code Composer Studio\ccs\tools\compiler\ti-cgt-armllvm_4.0.4.LTS\lib\armv6m-ti-none-eabi/c/libsysbm.a
       hostexit.c.obj                 4       0         0      
    +--+------------------------------+-------+---------+---------+
       Total:                         4       0         0      
                                                               
    E:\software\IDE\Code Composer Studio\ccs\tools\compiler\ti-cgt-armllvm_4.0.4.LTS\lib\armv6m-ti-none-eabi/libclang_rt.builtins.a
       adddf3.S.obj                   418     0         0      
       divdf3.S.obj                   268     0         0      
       muldf3.S.obj                   228     0         0      
       comparedf2.c.obj               220     0         0      
       addsf3.S.obj                   216     0         0      
       udivmoddi4.S.obj               162     0         0      
       mulsf3.S.obj                   140     0         0      
       divsf3.S.obj                   130     0         0      
       comparesf2.S.obj               118     0         0      
       truncdfsf2.S.obj               116     0         0      
       aeabi_dcmp.S.obj               114     0         0      
       aeabi_fcmp.S.obj               98      0         0      
       aeabi_idivmod.S.obj            86      0         0      
       fixdfsi.S.obj                  74      0         0      
       aeabi_uidivmod.S.obj           64      0         0      
       extendsfdf2.S.obj              64      0         0      
       floatsisf.S.obj                60      0         0      
       muldsi3.S.obj                  58      0         0      
       fixsfsi.S.obj                  56      0         0      
       fixunssfsi.S.obj               50      0         0      
       floatsidf.S.obj                44      0         0      
       floatunsisf.S.obj              40      0         0      
       muldi3.S.obj                   36      0         0      
       ashldi3.S.obj                  30      0         0      
       aeabi_memset.S.obj             26      0         0      
       aeabi_uldivmod.S.obj           20      0         0      
       aeabi_memcpy.S.obj             8       0         0      
       aeabi_div0.c.obj               4       0         0      
    +--+------------------------------+-------+---------+---------+
       Total:                         2948    0         0      
                                                               
       Stack:                         0       0         512    
       Linker Generated:              0       49        0      
    +--+------------------------------+-------+---------+---------+
       Grand Total:                   27174   14413     1182   


LINKER GENERATED COPY TABLES

__TI_cinit_table @ 0000a1d4 records: 2, size/record: 8, table size: 16
	.data: load addr=0000a1b0, load size=0000000d bytes, run addr=2020021c, run size=00000082 bytes, compression=lzss
	.bss: load addr=0000a1cc, load size=00000008 bytes, run addr=20200000, run size=0000021c bytes, compression=zero_init


LINKER GENERATED HANDLER TABLE

__TI_handler_table @ 0000a1c0 records: 3, size/record: 4, table size: 12
	index: 0, handler: __TI_decompress_lzss
	index: 1, handler: __TI_decompress_none
	index: 2, handler: __TI_zero_init


FAR CALL TRAMPOLINES

callee name               trampoline name
   callee addr  tramp addr   call addr  call info
--------------  -----------  ---------  ----------------
__aeabi_dsub              $Tramp$TT$L$PI$$__aeabi_dsub
   0000406d     00006a7c     00006a7a   libc.a : _printfi.c.obj (.text.OUTLINED_FUNCTION_0)
__aeabi_dcmpeq            $Tramp$TT$L$PI$$__aeabi_dcmpeq
   00005dcd     00006ab8     00006ab6   libc.a : strtod.c.obj (.text.OUTLINED_FUNCTION_1)

[2 trampolines]
[2 trampoline calls]


GLOBAL SYMBOLS: SORTED ALPHABETICALLY BY Name 

address   name                            
-------   ----                            
00003b13  ADC0_IRQHandler                 
00003b13  ADC1_IRQHandler                 
00003b13  AES_IRQHandler                  
41c00000  BCRConfig                       
41c00100  BSLConfig                       
00006af4  C$$EXIT                         
00003b13  CANFD0_IRQHandler               
00003215  CopeSerial2Data                 
00003b13  DAC0_IRQHandler                 
00006a69  DL_Common_delayCycles           
00006321  DL_SPI_init                     
000069b1  DL_SPI_setClockConfig           
00004be9  DL_Timer_initFourCCPWMMode      
00004ced  DL_Timer_initTimerMode          
000068dd  DL_Timer_setCaptCompUpdateMethod
00006915  DL_Timer_setCaptureCompareOutCtl
000069e9  DL_Timer_setCaptureCompareValue 
000068f9  DL_Timer_setClockConfig         
000062d9  DL_UART_init                    
000069c3  DL_UART_setClockConfig          
000066ed  DL_UART_transmitDataBlocking    
00003b13  DMA_IRQHandler                  
00003b13  Default_Handler                 
00006a09  Delay_ms                        
00003b13  GROUP0_IRQHandler               
00005f51  GROUP1_IRQHandler               
00006af5  HOSTexit                        
00003b13  HardFault_Handler               
00003b13  I2C0_IRQHandler                 
00003b13  I2C1_IRQHandler                 
2020026c  Inner_Current_x10               
20200270  Inner_Error                     
20200274  Inner_LastTime                  
20200278  Inner_Output                    
2020027c  Inner_Sent                      
20200280  Inner_Status                    
20200284  Inner_Target_x10                
000034a9  LCD_Address_Set                 
00002f55  LCD_Fill                        
000000c1  LCD_Init                        
00002455  LCD_ShowChar                    
00003ed1  LCD_ShowFloatNum                
000038f5  LCD_ShowIntNum                  
00006241  LCD_ShowString                  
00005939  LCD_WR_DATA                     
00003b13  NMI_Handler                     
00003b13  PendSV_Handler                  
00003b13  RTC_IRQHandler                  
00006af9  Reset_Handler                   
00003b13  SPI0_IRQHandler                 
00003b13  SPI1_IRQHandler                 
00003b13  SVC_Handler                     
00004899  SYSCFG_DL_GPIO_init             
00005681  SYSCFG_DL_PWM_0_init            
000056f5  SYSCFG_DL_PWM_1_init            
000061a9  SYSCFG_DL_SPI_LCD_init          
000061f5  SYSCFG_DL_SYSCTL_init           
00006159  SYSCFG_DL_TIMER_TICK_init       
000059a9  SYSCFG_DL_UART_0_init           
00005a19  SYSCFG_DL_UART_1_init           
00005a89  SYSCFG_DL_UART_2_init           
00005af9  SYSCFG_DL_UART_3_init           
00005fa9  SYSCFG_DL_init                  
000054f9  SYSCFG_DL_initPower             
00005ca1  StepMotor_Init                  
000063a9  StepMotor_MoveRelativeAngle     
00005d05  StepMotor_ReadAngle_x10         
0000692d  StepMotor_ZeroPosition          
00003b13  SysTick_Handler                 
00003b13  TIMA0_IRQHandler                
000067d5  TIMA1_IRQHandler                
00003b13  TIMG0_IRQHandler                
00003b13  TIMG12_IRQHandler               
00003b13  TIMG6_IRQHandler                
00003b13  TIMG7_IRQHandler                
00003b13  TIMG8_IRQHandler                
000067fd  UART0_IRQHandler                
00005769  UART1_IRQHandler                
00006365  UART1_Init                      
00003b13  UART2_IRQHandler                
00005261  UART3_IRQHandler                
20200214  Velocity_Counter                
00006ac9  Zigbee_Init                     
20208000  __STACK_END                     
00000200  __STACK_SIZE                    
00000000  __TI_ATRegion0_region_sz        
00000000  __TI_ATRegion0_src_addr         
00000000  __TI_ATRegion0_trg_addr         
00000000  __TI_ATRegion1_region_sz        
00000000  __TI_ATRegion1_src_addr         
00000000  __TI_ATRegion1_trg_addr         
00000000  __TI_ATRegion2_region_sz        
00000000  __TI_ATRegion2_src_addr         
00000000  __TI_ATRegion2_trg_addr         
0000a1d4  __TI_CINIT_Base                 
0000a1e4  __TI_CINIT_Limit                
0000a1e4  __TI_CINIT_Warm                 
0000a1c0  __TI_Handler_Table_Base         
0000a1cc  __TI_Handler_Table_Limit        
00006561  __TI_auto_init_nobinit_nopinit  
00005605  __TI_decompress_lzss            
000069d5  __TI_decompress_none            
00006001  __TI_ltoa                       
ffffffff  __TI_pprof_out_hndl             
00001a85  __TI_printfi                    
ffffffff  __TI_prof_data_size             
ffffffff  __TI_prof_data_start            
00000ea9  __TI_scanfi                     
00000000  __TI_static_base__              
0000695d  __TI_zero_init_nomemset         
00004077  __adddf3                        
00005193  __addsf3                        
00009f00  __aeabi_ctype_table_            
00009f00  __aeabi_ctype_table_C           
00005851  __aeabi_d2f                     
0000628d  __aeabi_d2iz                    
00004077  __aeabi_dadd                    
00005dcd  __aeabi_dcmpeq                  
00005e09  __aeabi_dcmpge                  
00005e1d  __aeabi_dcmpgt                  
00005df5  __aeabi_dcmple                  
00005de1  __aeabi_dcmplt                  
00004add  __aeabi_ddiv                    
00004fcd  __aeabi_dmul                    
0000406d  __aeabi_dsub                    
2020028c  __aeabi_errno                   
00006ad1  __aeabi_errno_addr              
00006429  __aeabi_f2d                     
00006615  __aeabi_f2iz                    
000066b9  __aeabi_f2uiz                   
00005193  __aeabi_fadd                    
00005e31  __aeabi_fcmpeq                  
00005e6d  __aeabi_fcmpge                  
00005e81  __aeabi_fcmpgt                  
00005e59  __aeabi_fcmple                  
00005e45  __aeabi_fcmplt                  
00005581  __aeabi_fdiv                    
0000546d  __aeabi_fmul                    
00005189  __aeabi_fsub                    
0000677d  __aeabi_i2d                     
000064e9  __aeabi_i2f                     
000060b1  __aeabi_idiv                    
0000406b  __aeabi_idiv0                   
000060b1  __aeabi_idivmod                 
000041ff  __aeabi_ldiv0                   
000068bd  __aeabi_llsl                    
00006875  __aeabi_lmul                    
00006a5d  __aeabi_memclr                  
00006a5d  __aeabi_memclr4                 
00006a5d  __aeabi_memclr8                 
00006ad9  __aeabi_memcpy                  
00006ad9  __aeabi_memcpy4                 
00006ad9  __aeabi_memcpy8                 
00006a41  __aeabi_memset                  
00006a41  __aeabi_memset4                 
00006a41  __aeabi_memset8                 
00006825  __aeabi_ui2f                    
000063e9  __aeabi_uidiv                   
000063e9  __aeabi_uidivmod                
00006975  __aeabi_uldivmod                
000068bd  __ashldi3                       
ffffffff  __binit__                       
00005b69  __cmpdf2                        
0000659d  __cmpsf2                        
00004add  __divdf3                        
00005581  __divsf3                        
00005b69  __eqdf2                         
0000659d  __eqsf2                         
00006429  __extendsfdf2                   
0000628d  __fixdfsi                       
00006615  __fixsfsi                       
000066b9  __fixunssfsi                    
0000677d  __floatsidf                     
000064e9  __floatsisf                     
00006825  __floatunsisf                   
000057dd  __gedf2                         
00006525  __gesf2                         
000057dd  __gtdf2                         
00006525  __gtsf2                         
00005b69  __ledf2                         
0000659d  __lesf2                         
00005b69  __ltdf2                         
0000659d  __ltsf2                         
UNDEFED   __mpu_init                      
00004fcd  __muldf3                        
00006875  __muldi3                        
000065d9  __muldsi3                       
0000546d  __mulsf3                        
00005b69  __nedf2                         
0000659d  __nesf2                         
20207e00  __stack                         
20200000  __start___llvm_prf_bits         
20200000  __start___llvm_prf_cnts         
20200000  __stop___llvm_prf_bits          
20200000  __stop___llvm_prf_cnts          
0000406d  __subdf3                        
00005189  __subsf3                        
00005851  __truncdfsf2                    
00005331  __udivmoddi4                    
0000684d  _c_int00_noargs                 
UNDEFED   _system_post_cinit              
00006afd  _system_pre_init                
00006aef  abort                           
00009a80  ascii_1206                      
00009490  ascii_1608                      
000082c0  ascii_2412                      
00006b00  ascii_3216                      
00006469  atoi                            
ffffffff  binit                           
00005ef5  frexp                           
00005ef5  frexpl                          
20200000  gPWM_0Backup                    
202001a8  gSPI_LCDBackup                  
202000bc  gTIMER_TICKBackup               
20200178  gUART_3Backup                   
00000000  interruptVectors                
000050b1  ldexp                           
000050b1  ldexpl                          
00002c0d  main                            
20200294  maixcam_data                    
2020029c  maixcam_rx_ready                
00006899  memccpy                         
000053d3  memcpy                          
00005e93  memset                          
20200213  rx_debug_flag                   
000050b1  scalbn                          
000050b1  scalbnl                         
0000664d  sprintf                         
0000674d  sscanf                          
2020021c  stcAccel                        
20200254  stcAngle                        
20200230  stcGyro                         
20200244  stcQuat                         
00002855  strtod                          
000044ed  strtol                          
00002855  strtold                         
00003b15  strtoll                         
0000476d  strtoul                         
00004381  strtoull                        
20200218  time                            
00006685  uart1_sendString                
2020029d  uart_data                       
000069f9  wcslen                          
000067a9  zdt_emm_degrees_to_pulses_x10   
000064a9  zdt_emm_enable_no_reply         
00004ee1  zdt_emm_position_pulses         
00005d69  zdt_emm_read_position_raw       
00004201  zdt_emm_wait_reply              
00005bd1  zdt_emm_zero_position           
20200260  zigbee_data                     


GLOBAL SYMBOLS: SORTED BY Symbol Address 

address   name                            
-------   ----                            
00000000  __TI_ATRegion0_region_sz        
00000000  __TI_ATRegion0_src_addr         
00000000  __TI_ATRegion0_trg_addr         
00000000  __TI_ATRegion1_region_sz        
00000000  __TI_ATRegion1_src_addr         
00000000  __TI_ATRegion1_trg_addr         
00000000  __TI_ATRegion2_region_sz        
00000000  __TI_ATRegion2_src_addr         
00000000  __TI_ATRegion2_trg_addr         
00000000  __TI_static_base__              
00000000  interruptVectors                
000000c1  LCD_Init                        
00000200  __STACK_SIZE                    
00000ea9  __TI_scanfi                     
00001a85  __TI_printfi                    
00002455  LCD_ShowChar                    
00002855  strtod                          
00002855  strtold                         
00002c0d  main                            
00002f55  LCD_Fill                        
00003215  CopeSerial2Data                 
000034a9  LCD_Address_Set                 
000038f5  LCD_ShowIntNum                  
00003b13  ADC0_IRQHandler                 
00003b13  ADC1_IRQHandler                 
00003b13  AES_IRQHandler                  
00003b13  CANFD0_IRQHandler               
00003b13  DAC0_IRQHandler                 
00003b13  DMA_IRQHandler                  
00003b13  Default_Handler                 
00003b13  GROUP0_IRQHandler               
00003b13  HardFault_Handler               
00003b13  I2C0_IRQHandler                 
00003b13  I2C1_IRQHandler                 
00003b13  NMI_Handler                     
00003b13  PendSV_Handler                  
00003b13  RTC_IRQHandler                  
00003b13  SPI0_IRQHandler                 
00003b13  SPI1_IRQHandler                 
00003b13  SVC_Handler                     
00003b13  SysTick_Handler                 
00003b13  TIMA0_IRQHandler                
00003b13  TIMG0_IRQHandler                
00003b13  TIMG12_IRQHandler               
00003b13  TIMG6_IRQHandler                
00003b13  TIMG7_IRQHandler                
00003b13  TIMG8_IRQHandler                
00003b13  UART2_IRQHandler                
00003b15  strtoll                         
00003ed1  LCD_ShowFloatNum                
0000406b  __aeabi_idiv0                   
0000406d  __aeabi_dsub                    
0000406d  __subdf3                        
00004077  __adddf3                        
00004077  __aeabi_dadd                    
000041ff  __aeabi_ldiv0                   
00004201  zdt_emm_wait_reply              
00004381  strtoull                        
000044ed  strtol                          
0000476d  strtoul                         
00004899  SYSCFG_DL_GPIO_init             
00004add  __aeabi_ddiv                    
00004add  __divdf3                        
00004be9  DL_Timer_initFourCCPWMMode      
00004ced  DL_Timer_initTimerMode          
00004ee1  zdt_emm_position_pulses         
00004fcd  __aeabi_dmul                    
00004fcd  __muldf3                        
000050b1  ldexp                           
000050b1  ldexpl                          
000050b1  scalbn                          
000050b1  scalbnl                         
00005189  __aeabi_fsub                    
00005189  __subsf3                        
00005193  __addsf3                        
00005193  __aeabi_fadd                    
00005261  UART3_IRQHandler                
00005331  __udivmoddi4                    
000053d3  memcpy                          
0000546d  __aeabi_fmul                    
0000546d  __mulsf3                        
000054f9  SYSCFG_DL_initPower             
00005581  __aeabi_fdiv                    
00005581  __divsf3                        
00005605  __TI_decompress_lzss            
00005681  SYSCFG_DL_PWM_0_init            
000056f5  SYSCFG_DL_PWM_1_init            
00005769  UART1_IRQHandler                
000057dd  __gedf2                         
000057dd  __gtdf2                         
00005851  __aeabi_d2f                     
00005851  __truncdfsf2                    
00005939  LCD_WR_DATA                     
000059a9  SYSCFG_DL_UART_0_init           
00005a19  SYSCFG_DL_UART_1_init           
00005a89  SYSCFG_DL_UART_2_init           
00005af9  SYSCFG_DL_UART_3_init           
00005b69  __cmpdf2                        
00005b69  __eqdf2                         
00005b69  __ledf2                         
00005b69  __ltdf2                         
00005b69  __nedf2                         
00005bd1  zdt_emm_zero_position           
00005ca1  StepMotor_Init                  
00005d05  StepMotor_ReadAngle_x10         
00005d69  zdt_emm_read_position_raw       
00005dcd  __aeabi_dcmpeq                  
00005de1  __aeabi_dcmplt                  
00005df5  __aeabi_dcmple                  
00005e09  __aeabi_dcmpge                  
00005e1d  __aeabi_dcmpgt                  
00005e31  __aeabi_fcmpeq                  
00005e45  __aeabi_fcmplt                  
00005e59  __aeabi_fcmple                  
00005e6d  __aeabi_fcmpge                  
00005e81  __aeabi_fcmpgt                  
00005e93  memset                          
00005ef5  frexp                           
00005ef5  frexpl                          
00005f51  GROUP1_IRQHandler               
00005fa9  SYSCFG_DL_init                  
00006001  __TI_ltoa                       
000060b1  __aeabi_idiv                    
000060b1  __aeabi_idivmod                 
00006159  SYSCFG_DL_TIMER_TICK_init       
000061a9  SYSCFG_DL_SPI_LCD_init          
000061f5  SYSCFG_DL_SYSCTL_init           
00006241  LCD_ShowString                  
0000628d  __aeabi_d2iz                    
0000628d  __fixdfsi                       
000062d9  DL_UART_init                    
00006321  DL_SPI_init                     
00006365  UART1_Init                      
000063a9  StepMotor_MoveRelativeAngle     
000063e9  __aeabi_uidiv                   
000063e9  __aeabi_uidivmod                
00006429  __aeabi_f2d                     
00006429  __extendsfdf2                   
00006469  atoi                            
000064a9  zdt_emm_enable_no_reply         
000064e9  __aeabi_i2f                     
000064e9  __floatsisf                     
00006525  __gesf2                         
00006525  __gtsf2                         
00006561  __TI_auto_init_nobinit_nopinit  
0000659d  __cmpsf2                        
0000659d  __eqsf2                         
0000659d  __lesf2                         
0000659d  __ltsf2                         
0000659d  __nesf2                         
000065d9  __muldsi3                       
00006615  __aeabi_f2iz                    
00006615  __fixsfsi                       
0000664d  sprintf                         
00006685  uart1_sendString                
000066b9  __aeabi_f2uiz                   
000066b9  __fixunssfsi                    
000066ed  DL_UART_transmitDataBlocking    
0000674d  sscanf                          
0000677d  __aeabi_i2d                     
0000677d  __floatsidf                     
000067a9  zdt_emm_degrees_to_pulses_x10   
000067d5  TIMA1_IRQHandler                
000067fd  UART0_IRQHandler                
00006825  __aeabi_ui2f                    
00006825  __floatunsisf                   
0000684d  _c_int00_noargs                 
00006875  __aeabi_lmul                    
00006875  __muldi3                        
00006899  memccpy                         
000068bd  __aeabi_llsl                    
000068bd  __ashldi3                       
000068dd  DL_Timer_setCaptCompUpdateMethod
000068f9  DL_Timer_setClockConfig         
00006915  DL_Timer_setCaptureCompareOutCtl
0000692d  StepMotor_ZeroPosition          
0000695d  __TI_zero_init_nomemset         
00006975  __aeabi_uldivmod                
000069b1  DL_SPI_setClockConfig           
000069c3  DL_UART_setClockConfig          
000069d5  __TI_decompress_none            
000069e9  DL_Timer_setCaptureCompareValue 
000069f9  wcslen                          
00006a09  Delay_ms                        
00006a41  __aeabi_memset                  
00006a41  __aeabi_memset4                 
00006a41  __aeabi_memset8                 
00006a5d  __aeabi_memclr                  
00006a5d  __aeabi_memclr4                 
00006a5d  __aeabi_memclr8                 
00006a69  DL_Common_delayCycles           
00006ac9  Zigbee_Init                     
00006ad1  __aeabi_errno_addr              
00006ad9  __aeabi_memcpy                  
00006ad9  __aeabi_memcpy4                 
00006ad9  __aeabi_memcpy8                 
00006aef  abort                           
00006af4  C$$EXIT                         
00006af5  HOSTexit                        
00006af9  Reset_Handler                   
00006afd  _system_pre_init                
00006b00  ascii_3216                      
000082c0  ascii_2412                      
00009490  ascii_1608                      
00009a80  ascii_1206                      
00009f00  __aeabi_ctype_table_            
00009f00  __aeabi_ctype_table_C           
0000a1c0  __TI_Handler_Table_Base         
0000a1cc  __TI_Handler_Table_Limit        
0000a1d4  __TI_CINIT_Base                 
0000a1e4  __TI_CINIT_Limit                
0000a1e4  __TI_CINIT_Warm                 
20200000  __start___llvm_prf_bits         
20200000  __start___llvm_prf_cnts         
20200000  __stop___llvm_prf_bits          
20200000  __stop___llvm_prf_cnts          
20200000  gPWM_0Backup                    
202000bc  gTIMER_TICKBackup               
20200178  gUART_3Backup                   
202001a8  gSPI_LCDBackup                  
20200213  rx_debug_flag                   
20200214  Velocity_Counter                
20200218  time                            
2020021c  stcAccel                        
20200230  stcGyro                         
20200244  stcQuat                         
20200254  stcAngle                        
20200260  zigbee_data                     
2020026c  Inner_Current_x10               
20200270  Inner_Error                     
20200274  Inner_LastTime                  
20200278  Inner_Output                    
2020027c  Inner_Sent                      
20200280  Inner_Status                    
20200284  Inner_Target_x10                
2020028c  __aeabi_errno                   
20200294  maixcam_data                    
2020029c  maixcam_rx_ready                
2020029d  uart_data                       
20207e00  __stack                         
20208000  __STACK_END                     
41c00000  BCRConfig                       
41c00100  BSLConfig                       
ffffffff  __TI_pprof_out_hndl             
ffffffff  __TI_prof_data_size             
ffffffff  __TI_prof_data_start            
ffffffff  __binit__                       
ffffffff  binit                           
UNDEFED   __mpu_init                      
UNDEFED   _system_post_cinit              

[250 symbols]
