******************************************************************************
            TI ARM Clang Linker PC v4.0.4                      
******************************************************************************
>> Linked Thu Jul 23 22:54:18 2026

OUTPUT FILE NAME:   <ElcContestTest.out>
ENTRY POINT SYMBOL: "_c_int00_noargs"  address: 000049f1


MEMORY CONFIGURATION

         name            origin    length      used     unused   attr    fill
----------------------  --------  ---------  --------  --------  ----  --------
  FLASH                 00000000   00020000  000081b8  00017e48  R  X
  SRAM                  20200000   00008000  00000481  00007b7f  RW X
  BCR_CONFIG            41c00000   000000ff  00000060  0000009f  R   
  BSL_CONFIG            41c00100   00000080  00000058  00000028  R   


SEGMENT ALLOCATION MAP

run origin  load origin   length   init length attrs members
----------  ----------- ---------- ----------- ----- -------
00000000    00000000    000081b8   000081b8    r-x
  00000000    00000000    000000c0   000000c0    r-- .intvecs
  000000c0    000000c0    00004b50   00004b50    r-x .text
  00004c10    00004c10    00003560   00003560    r-- .rodata
  00008170    00008170    00000048   00000048    r-- .cinit
20200000    20200000    00000281   00000000    rw-
  20200000    20200000    00000218   00000000    rw- .bss
  20200218    20200218    00000069   00000000    rw- .data
20207e00    20207e00    00000200   00000000    rw-
  20207e00    20207e00    00000200   00000000    rw- .stack
41c00000    41c00000    00000060   00000060    r--
  41c00000    41c00000    00000060   00000060    r-- .BCRConfig
41c00100    41c00100    00000058   00000058    r--
  41c00100    41c00100    00000058   00000058    r-- .BSLConfig


SECTION ALLOCATION MAP

 output                                  attributes/
section   page    origin      length       input sections
--------  ----  ----------  ----------   ----------------
.intvecs   0    00000000    000000c0     
                  00000000    000000c0     startup_mspm0g350x_ticlang.o (.intvecs)

.text      0    000000c0    00004b50     
                  000000c0    00000de8     lcd_init.o (.text.LCD_Init)
                  00000ea8    000009d0     libc.a : _printfi.c.obj (.text:__TI_printfi)
                  00001878    00000400     lcd.o (.text.LCD_ShowChar)
                  00001c78    000002c0     lcd.o (.text.LCD_Fill)
                  00001f38    00000294     IMU.o (.text.CopeSerial2Data)
                  000021cc    0000022c     lcd_init.o (.text.LCD_Address_Set)
                  000023f8    00000220     lcd.o (.text.LCD_ShowIntNum)
                  00002618    00000220     libc.a : _printfi.c.obj (.text._pconv_a)
                  00002838    000001dc            : _printfi.c.obj (.text._pconv_g)
                  00002a14    00000192     libclang_rt.builtins.a : adddf3.S.obj (.text.adddf3_subdf3)
                  00002ba6    00000002     startup_mspm0g350x_ticlang.o (.text.Default_Handler)
                  00002ba8    0000016c     empty.o (.text.PID_Get)
                  00002d14    00000168     empty.o (.text.main)
                  00002e7c    0000013c     libc.a : _printfi.c.obj (.text.fcvt)
                  00002fb8    00000120     ti_msp_dl_config.o (.text.SYSCFG_DL_GPIO_init)
                  000030d8    00000120     libc.a : _printfi.c.obj (.text._pconv_e)
                  000031f8    0000010c     libclang_rt.builtins.a : divdf3.S.obj (.text.__divdf3)
                  00003304    00000104     driverlib.a : dl_timer.o (.text.DL_Timer_initFourCCPWMMode)
                  00003408    000000fc                 : dl_timer.o (.text.DL_Timer_initTimerMode)
                  00003504    000000e4     libclang_rt.builtins.a : muldf3.S.obj (.text.__muldf3)
                  000035e8    000000e0     empty.o (.text.Velocity_Get)
                  000036c8    000000d8     libc.a : s_scalbn.c.obj (.text.scalbn)
                  000037a0    000000d8     libclang_rt.builtins.a : addsf3.S.obj (.text)
                  00003878    000000d4     board.o (.text.uart0_send_SendByte)
                  0000394c    000000a2     libclang_rt.builtins.a : udivmoddi4.S.obj (.text)
                  000039ee    0000009a     libc.a : memcpy16.S.obj (.text:memcpy)
                  00003a88    0000008c     libclang_rt.builtins.a : mulsf3.S.obj (.text.__mulsf3)
                  00003b14    00000082                            : divsf3.S.obj (.text.__divsf3)
                  00003b96    00000002                            : aeabi_div0.c.obj (.text.__aeabi_idiv0)
                  00003b98    0000007c     libc.a : copy_decompress_lzss.c.obj (.text:decompress:lzss)
                  00003c14    00000074     ti_msp_dl_config.o (.text.SYSCFG_DL_PWM_0_init)
                  00003c88    00000074     ti_msp_dl_config.o (.text.SYSCFG_DL_PWM_1_init)
                  00003cfc    00000074     libclang_rt.builtins.a : comparedf2.c.obj (.text.__gedf2)
                  00003d70    00000070     lcd_init.o (.text.LCD_WR_DATA)
                  00003de0    00000070     ti_msp_dl_config.o (.text.SYSCFG_DL_UART_0_init)
                  00003e50    00000068     libclang_rt.builtins.a : comparedf2.c.obj (.text.__ledf2)
                  00003eb8    00000068     board.o (.text.lc_printf)
                  00003f20    00000066     libc.a : _printfi.c.obj (.text._mcpy)
                  00003f86    00000002     libclang_rt.builtins.a : aeabi_div0.c.obj (.text.__aeabi_ldiv0)
                  00003f88    00000062                            : aeabi_dcmp.S.obj (.text.__aeabi_dcmp)
                  00003fea    00000002     --HOLE-- [fill = 0]
                  00003fec    00000062                            : aeabi_fcmp.S.obj (.text.__aeabi_fcmp)
                  0000404e    00000062     libc.a : memset16.S.obj (.text:memset)
                  000040b0    00000060     ti_msp_dl_config.o (.text.SYSCFG_DL_initPower)
                  00004110    0000005c     libc.a : s_frexp.c.obj (.text.frexp)
                  0000416c    00000058     ENCODER.o (.text.GROUP1_IRQHandler)
                  000041c4    00000058     libc.a : _ltoa.c.obj (.text.__TI_ltoa)
                  0000421c    00000058            : _printfi.c.obj (.text._pconv_f)
                  00004274    00000056     libclang_rt.builtins.a : aeabi_idivmod.S.obj (.text.__aeabi_idivmod)
                  000042ca    00000052     libc.a : _printfi.c.obj (.text._ecpy)
                  0000431c    00000050     ti_msp_dl_config.o (.text.SYSCFG_DL_TIMER_TICK_init)
                  0000436c    0000004c     ti_msp_dl_config.o (.text.SYSCFG_DL_SPI_LCD_init)
                  000043b8    0000004c     ti_msp_dl_config.o (.text.SYSCFG_DL_SYSCTL_init)
                  00004404    0000004a     libclang_rt.builtins.a : fixdfsi.S.obj (.text.__fixdfsi)
                  0000444e    00000002     --HOLE-- [fill = 0]
                  00004450    00000048     driverlib.a : dl_uart.o (.text.DL_UART_init)
                  00004498    00000044                 : dl_spi.o (.text.DL_SPI_init)
                  000044dc    00000044     IMU.o (.text.IMU_Init)
                  00004520    00000044     ti_msp_dl_config.o (.text.SYSCFG_DL_init)
                  00004564    00000040     libclang_rt.builtins.a : aeabi_uidivmod.S.obj (.text.__aeabi_uidivmod)
                  000045a4    00000040                            : extendsfdf2.S.obj (.text.__extendsfdf2)
                  000045e4    00000040     libc.a : atoi.c.obj (.text.atoi)
                  00004624    00000040            : vsnprintf.c.obj (.text.vsnprintf)
                  00004664    0000003c     MOTOR.o (.text.AO_Control)
                  000046a0    0000003c     MOTOR.o (.text.BO_Control)
                  000046dc    0000003c     libclang_rt.builtins.a : floatsisf.S.obj (.text.__floatsisf)
                  00004718    0000003c                            : comparesf2.S.obj (.text.__gtsf2)
                  00004754    0000003c     libc.a : autoinit.c.obj (.text:__TI_auto_init_nobinit_nopinit)
                  00004790    0000003a     libclang_rt.builtins.a : comparesf2.S.obj (.text.__eqsf2)
                  000047ca    00000002     --HOLE-- [fill = 0]
                  000047cc    0000003a                            : muldsi3.S.obj (.text.__muldsi3)
                  00004806    00000002     --HOLE-- [fill = 0]
                  00004808    00000038     ENCODER.o (.text.Encoder_Get)
                  00004840    00000038     libclang_rt.builtins.a : fixsfsi.S.obj (.text.__fixsfsi)
                  00004878    00000038     IMU.o (.text.sendCaliYawCommand)
                  000048b0    00000032     libclang_rt.builtins.a : fixunssfsi.S.obj (.text.__fixunssfsi)
                  000048e2    00000002     --HOLE-- [fill = 0]
                  000048e4    00000030     ENCODER.o (.text.Encoder_Init)
                  00004914    00000030     libc.a : _printfi.c.obj (.text._fcpy)
                  00004944    00000030            : vsnprintf.c.obj (.text._outs)
                  00004974    0000002c     libclang_rt.builtins.a : floatsidf.S.obj (.text.__floatsidf)
                  000049a0    00000028     empty.o (.text.TIMA1_IRQHandler)
                  000049c8    00000028     IMU.o (.text.UART0_IRQHandler)
                  000049f0    00000028     libc.a : boot_cortex_m.c.obj (.text:_c_int00_noargs)
                  00004a18    00000024     libclang_rt.builtins.a : muldi3.S.obj (.text.__muldi3)
                  00004a3c    00000022     libc.a : memccpy.c.obj (.text.memccpy)
                  00004a5e    00000002     --HOLE-- [fill = 0]
                  00004a60    0000001e     libclang_rt.builtins.a : ashldi3.S.obj (.text.__ashldi3)
                  00004a7e    00000002     --HOLE-- [fill = 0]
                  00004a80    0000001c     driverlib.a : dl_timer.o (.text.DL_Timer_setCaptCompUpdateMethod)
                  00004a9c    0000001c                 : dl_timer.o (.text.DL_Timer_setClockConfig)
                  00004ab8    00000018                 : dl_timer.o (.text.DL_Timer_setCaptureCompareOutCtl)
                  00004ad0    00000018     libc.a : vsnprintf.c.obj (.text._outc)
                  00004ae8    00000016            : copy_zero_init.c.obj (.text:decompress:ZI:__TI_zero_init_nomemset)
                  00004afe    00000002     --HOLE-- [fill = 0]
                  00004b00    00000014     libclang_rt.builtins.a : aeabi_uldivmod.S.obj (.text.__aeabi_uldivmod)
                  00004b14    00000014     libc.a : _printfi.c.obj (.text.strchr)
                  00004b28    00000012     driverlib.a : dl_spi.o (.text.DL_SPI_setClockConfig)
                  00004b3a    00000012                 : dl_uart.o (.text.DL_UART_setClockConfig)
                  00004b4c    00000012     libc.a : copy_decompress_none.c.obj (.text:decompress:none)
                  00004b5e    00000002     --HOLE-- [fill = 0]
                  00004b60    00000010     driverlib.a : dl_timer.o (.text.DL_Timer_setCaptureCompareValue)
                  00004b70    00000010     libc.a : wcslen.c.obj (.text.wcslen)
                  00004b80    0000000e     board.o (.text.Delay_ms)
                  00004b8e    00000002     --HOLE-- [fill = 0]
                  00004b90    0000000e     libclang_rt.builtins.a : aeabi_memset.S.obj (.text.__aeabi_memset)
                  00004b9e    0000000e     libc.a : _printfi.c.obj (.text.strlen)
                  00004bac    0000000c     libclang_rt.builtins.a : aeabi_memset.S.obj (.text.__aeabi_memclr)
                  00004bb8    0000000a     driverlib.a : dl_common.o (.text.DL_Common_delayCycles)
                  00004bc2    0000000a     libc.a : _printfi.c.obj (.text.OUTLINED_FUNCTION_0)
                  00004bcc    00000010     libclang_rt.builtins.a : adddf3.S.obj (.tramp.__aeabi_dsub.1)
                  00004bdc    0000000a     libc.a : _printfi.c.obj (.text.OUTLINED_FUNCTION_1)
                  00004be6    00000002     --HOLE-- [fill = 0]
                  00004be8    00000008            : aeabi_portable.c.obj (.text.__aeabi_errno_addr)
                  00004bf0    00000008     libclang_rt.builtins.a : aeabi_memcpy.S.obj (.text.__aeabi_memcpy)
                  00004bf8    00000006     libc.a : exit.c.obj (.text:abort)
                  00004bfe    00000004     libsysbm.a : hostexit.c.obj (.text.HOSTexit)
                  00004c02    00000004     startup_mspm0g350x_ticlang.o (.text.Reset_Handler)
                  00004c06    00000004     libc.a : pre_init.c.obj (.text._system_pre_init)
                  00004c0a    00000006     --HOLE-- [fill = 0]

.cinit     0    00008170    00000048     
                  00008170    0000001f     (.cinit..data.load) [load image, compression = lzss]
                  0000818f    00000001     --HOLE-- [fill = 0]
                  00008190    0000000c     (__TI_handler_table)
                  0000819c    00000008     (.cinit..bss.load) [load image, compression = zero_init]
                  000081a4    00000010     (__TI_cinit_table)
                  000081b4    00000004     --HOLE-- [fill = 0]

.rodata    0    00004c10    00003560     
                  00004c10    000017c0     lcd.o (.rodata.ascii_3216)
                  000063d0    000011d0     lcd.o (.rodata.ascii_2412)
                  000075a0    000005f0     lcd.o (.rodata.ascii_1608)
                  00007b90    00000474     lcd.o (.rodata.ascii_1206)
                  00008004    0000000a     ti_msp_dl_config.o (.rodata.gSPI_LCD_config)
                  0000800e    00000002     ti_msp_dl_config.o (.rodata.gSPI_LCD_clockConfig)
                  00008010    00000101     libc.a : aeabi_ctype.S.obj (.rodata:__aeabi_ctype_table_)
                  00008111    00000003     ti_msp_dl_config.o (.rodata.gPWM_0ClockConfig)
                  00008114    00000014     ti_msp_dl_config.o (.rodata.gTIMER_TICKTimerConfig)
                  00008128    00000011     libc.a : _printfi.c.obj (.rodata.str1.10348868589481759720.1)
                  00008139    00000011            : _printfi.c.obj (.rodata.str1.15363888844622738466.1)
                  0000814a    0000000a     ti_msp_dl_config.o (.rodata.gUART_0Config)
                  00008154    00000008     ti_msp_dl_config.o (.rodata.gPWM_0Config)
                  0000815c    00000008     ti_msp_dl_config.o (.rodata.gPWM_1Config)
                  00008164    00000004     empty.o (.rodata.str1.9517790425240694019.1)
                  00008168    00000003     ti_msp_dl_config.o (.rodata.gPWM_1ClockConfig)
                  0000816b    00000003     ti_msp_dl_config.o (.rodata.gTIMER_TICKClockConfig)
                  0000816e    00000002     ti_msp_dl_config.o (.rodata.gUART_0ClockConfig)

.init_array 
*          0    00000000    00000000     UNINITIALIZED

.binit     0    00000000    00000000     

.bss       0    20200000    00000218     UNINITIALIZED
                  20200000    000000bc     (.common:gPWM_0Backup)
                  202000bc    000000bc     (.common:gTIMER_TICKBackup)
                  20200178    00000028     (.common:Wheel_Left)
                  202001a0    00000028     (.common:Wheel_Right)
                  202001c8    00000028     (.common:gSPI_LCDBackup)
                  202001f0    0000000c     ENCODER.o (.bss.motor_encoder1)
                  202001fc    0000000c     ENCODER.o (.bss.motor_encoder2)
                  20200208    0000000b     IMU.o (.bss.CopeSerial2Data.ucRxBuffer)
                  20200213    00000001     --HOLE--
                  20200214    00000004     (.common:Velocity_Counter)

.data      0    20200218    00000069     UNINITIALIZED
                  20200218    00000014     IMU.o (.data.stcAccel)
                  2020022c    00000014     IMU.o (.data.stcGyro)
                  20200240    00000010     IMU.o (.data.stcQuat)
                  20200250    0000000c     IMU.o (.data.stcAngle)
                  2020025c    00000005     IMU.o (.data.Key)
                  20200261    00000005     IMU.o (.data.Save)
                  20200266    00000005     IMU.o (.data.Yaw_Zero)
                  2020026b    00000001     IMU.o (.data.CopeSerial2Data.ucRxCnt)
                  2020026c    00000004     empty.o (.data.PID_KD)
                  20200270    00000004     empty.o (.data.PID_KI)
                  20200274    00000004     empty.o (.data.PID_KP)
                  20200278    00000004     libc.a : aeabi_portable.c.obj (.data.__aeabi_errno)
                  2020027c    00000004     empty.o (.data.time)
                  20200280    00000001     IMU.o (.data.uart_data)

.stack     0    20207e00    00000200     UNINITIALIZED
                  20207e00    00000004     libc.a : boot_cortex_m.c.obj (.stack)
                  20207e04    000001fc     --HOLE--

.BCRConfig 
*          0    41c00000    00000060     
                  41c00000    00000060     boot_config.o (.BCRConfig)

.BSLConfig 
*          0    41c00100    00000058     
                  41c00100    00000058     boot_config.o (.BSLConfig)

__llvm_prf_cnts 
*          0    20200000    00000000     UNINITIALIZED

__llvm_prf_bits 
*          0    20200000    00000000     UNINITIALIZED

MODULE SUMMARY

       Module                         code    ro data   rw data
       ------                         ----    -------   -------
    .\
       ti_msp_dl_config.o             1028    69        416    
       empty.o                        988     4         100    
       startup_mspm0g350x_ticlang.o   6       192       0      
       boot_config.o                  0       184       0      
    +--+------------------------------+-------+---------+---------+
       Total:                         2022    449       516    
                                                               
    .\BPS\Board\
       board.o                        330     0         0      
    +--+------------------------------+-------+---------+---------+
       Total:                         330     0         0      
                                                               
    .\BPS\lcd\
       lcd.o                          2272    13300     0      
       lcd_init.o                     4228    0         0      
    +--+------------------------------+-------+---------+---------+
       Total:                         6500    13300     0      
                                                               
    .\BPS\src\
       IMU.o                          824     0         96     
       ENCODER.o                      192     0         24     
       MOTOR.o                        120     0         0      
    +--+------------------------------+-------+---------+---------+
       Total:                         1136    0         120    
                                                               
    E:/SDK/Ti/mspm0_sdk_2_10_00_04/mspm0_sdk_2_11_00_07/source/ti/driverlib/lib/ticlang/m0p/mspm0g1x0x_g3x0x/driverlib.a
       dl_timer.o                     608     0         0      
       dl_uart.o                      90      0         0      
       dl_spi.o                       86      0         0      
       dl_common.o                    10      0         0      
    +--+------------------------------+-------+---------+---------+
       Total:                         794     0         0      
                                                               
    E:\software\IDE\Code Composer Studio\ccs\tools\compiler\ti-cgt-armllvm_4.0.4.LTS\lib\armv6m-ti-none-eabi/c/libc.a
       _printfi.c.obj                 4510    34        0      
       aeabi_ctype.S.obj              0       257       0      
       s_scalbn.c.obj                 216     0         0      
       memcpy16.S.obj                 154     0         0      
       vsnprintf.c.obj                136     0         0      
       copy_decompress_lzss.c.obj     124     0         0      
       memset16.S.obj                 98      0         0      
       s_frexp.c.obj                  92      0         0      
       _ltoa.c.obj                    88      0         0      
       atoi.c.obj                     64      0         0      
       autoinit.c.obj                 60      0         0      
       boot_cortex_m.c.obj            40      0         0      
       memccpy.c.obj                  34      0         0      
       copy_zero_init.c.obj           22      0         0      
       copy_decompress_none.c.obj     18      0         0      
       wcslen.c.obj                   16      0         0      
       aeabi_portable.c.obj           8       0         4      
       exit.c.obj                     6       0         0      
       pre_init.c.obj                 4       0         0      
    +--+------------------------------+-------+---------+---------+
       Total:                         5690    291       4      
                                                               
    E:\software\IDE\Code Composer Studio\ccs\tools\compiler\ti-cgt-armllvm_4.0.4.LTS\lib\armv6m-ti-none-eabi/c/libsysbm.a
       hostexit.c.obj                 4       0         0      
    +--+------------------------------+-------+---------+---------+
       Total:                         4       0         0      
                                                               
    E:\software\IDE\Code Composer Studio\ccs\tools\compiler\ti-cgt-armllvm_4.0.4.LTS\lib\armv6m-ti-none-eabi/libclang_rt.builtins.a
       adddf3.S.obj                   418     0         0      
       divdf3.S.obj                   268     0         0      
       muldf3.S.obj                   228     0         0      
       comparedf2.c.obj               220     0         0      
       addsf3.S.obj                   216     0         0      
       udivmoddi4.S.obj               162     0         0      
       mulsf3.S.obj                   140     0         0      
       divsf3.S.obj                   130     0         0      
       comparesf2.S.obj               118     0         0      
       aeabi_dcmp.S.obj               98      0         0      
       aeabi_fcmp.S.obj               98      0         0      
       aeabi_idivmod.S.obj            86      0         0      
       fixdfsi.S.obj                  74      0         0      
       aeabi_uidivmod.S.obj           64      0         0      
       extendsfdf2.S.obj              64      0         0      
       floatsisf.S.obj                60      0         0      
       muldsi3.S.obj                  58      0         0      
       fixsfsi.S.obj                  56      0         0      
       fixunssfsi.S.obj               50      0         0      
       floatsidf.S.obj                44      0         0      
       muldi3.S.obj                   36      0         0      
       ashldi3.S.obj                  30      0         0      
       aeabi_memset.S.obj             26      0         0      
       aeabi_uldivmod.S.obj           20      0         0      
       aeabi_memcpy.S.obj             8       0         0      
       aeabi_div0.c.obj               4       0         0      
    +--+------------------------------+-------+---------+---------+
       Total:                         2776    0         0      
                                                               
       Stack:                         0       0         512    
       Linker Generated:              0       67        0      
    +--+------------------------------+-------+---------+---------+
       Grand Total:                   19252   14107     1152   


LINKER GENERATED COPY TABLES

__TI_cinit_table @ 000081a4 records: 2, size/record: 8, table size: 16
	.data: load addr=00008170, load size=0000001f bytes, run addr=20200218, run size=00000069 bytes, compression=lzss
	.bss: load addr=0000819c, load size=00000008 bytes, run addr=20200000, run size=00000218 bytes, compression=zero_init


LINKER GENERATED HANDLER TABLE

__TI_handler_table @ 00008190 records: 3, size/record: 4, table size: 12
	index: 0, handler: __TI_decompress_lzss
	index: 1, handler: __TI_decompress_none
	index: 2, handler: __TI_zero_init


FAR CALL TRAMPOLINES

callee name               trampoline name
   callee addr  tramp addr   call addr  call info
--------------  -----------  ---------  ----------------
__aeabi_dsub              $Tramp$TT$L$PI$$__aeabi_dsub
   00002a15     00004bcc     00004bca   libc.a : _printfi.c.obj (.text.OUTLINED_FUNCTION_0)

[1 trampolines]
[1 trampoline calls]


GLOBAL SYMBOLS: SORTED ALPHABETICALLY BY Name 

address   name                            
-------   ----                            
00002ba7  ADC0_IRQHandler                 
00002ba7  ADC1_IRQHandler                 
00002ba7  AES_IRQHandler                  
00004665  AO_Control                      
41c00000  BCRConfig                       
000046a1  BO_Control                      
41c00100  BSLConfig                       
00004bfe  C$$EXIT                         
00002ba7  CANFD0_IRQHandler               
00001f39  CopeSerial2Data                 
00002ba7  DAC0_IRQHandler                 
00004bb9  DL_Common_delayCycles           
00004499  DL_SPI_init                     
00004b29  DL_SPI_setClockConfig           
00003305  DL_Timer_initFourCCPWMMode      
00003409  DL_Timer_initTimerMode          
00004a81  DL_Timer_setCaptCompUpdateMethod
00004ab9  DL_Timer_setCaptureCompareOutCtl
00004b61  DL_Timer_setCaptureCompareValue 
00004a9d  DL_Timer_setClockConfig         
00004451  DL_UART_init                    
00004b3b  DL_UART_setClockConfig          
00002ba7  DMA_IRQHandler                  
00002ba7  Default_Handler                 
00004b81  Delay_ms                        
00004809  Encoder_Get                     
000048e5  Encoder_Init                    
00002ba7  GROUP0_IRQHandler               
0000416d  GROUP1_IRQHandler               
00004bff  HOSTexit                        
00002ba7  HardFault_Handler               
00002ba7  I2C0_IRQHandler                 
00002ba7  I2C1_IRQHandler                 
000044dd  IMU_Init                        
2020025c  Key                             
000021cd  LCD_Address_Set                 
00001c79  LCD_Fill                        
000000c1  LCD_Init                        
00001879  LCD_ShowChar                    
000023f9  LCD_ShowIntNum                  
00003d71  LCD_WR_DATA                     
00002ba7  NMI_Handler                     
2020026c  PID_KD                          
20200270  PID_KI                          
20200274  PID_KP                          
00002ba7  PendSV_Handler                  
00002ba7  RTC_IRQHandler                  
00004c03  Reset_Handler                   
00002ba7  SPI0_IRQHandler                 
00002ba7  SPI1_IRQHandler                 
00002ba7  SVC_Handler                     
00002fb9  SYSCFG_DL_GPIO_init             
00003c15  SYSCFG_DL_PWM_0_init            
00003c89  SYSCFG_DL_PWM_1_init            
0000436d  SYSCFG_DL_SPI_LCD_init          
000043b9  SYSCFG_DL_SYSCTL_init           
0000431d  SYSCFG_DL_TIMER_TICK_init       
00003de1  SYSCFG_DL_UART_0_init           
00004521  SYSCFG_DL_init                  
000040b1  SYSCFG_DL_initPower             
20200261  Save                            
00002ba7  SysTick_Handler                 
00002ba7  TIMA0_IRQHandler                
000049a1  TIMA1_IRQHandler                
00002ba7  TIMG0_IRQHandler                
00002ba7  TIMG12_IRQHandler               
00002ba7  TIMG6_IRQHandler                
00002ba7  TIMG7_IRQHandler                
00002ba7  TIMG8_IRQHandler                
000049c9  UART0_IRQHandler                
00002ba7  UART1_IRQHandler                
00002ba7  UART2_IRQHandler                
00002ba7  UART3_IRQHandler                
20200214  Velocity_Counter                
000035e9  Velocity_Get                    
20200178  Wheel_Left                      
202001a0  Wheel_Right                     
20200266  Yaw_Zero                        
20208000  __STACK_END                     
00000200  __STACK_SIZE                    
00000000  __TI_ATRegion0_region_sz        
00000000  __TI_ATRegion0_src_addr         
00000000  __TI_ATRegion0_trg_addr         
00000000  __TI_ATRegion1_region_sz        
00000000  __TI_ATRegion1_src_addr         
00000000  __TI_ATRegion1_trg_addr         
00000000  __TI_ATRegion2_region_sz        
00000000  __TI_ATRegion2_src_addr         
00000000  __TI_ATRegion2_trg_addr         
000081a4  __TI_CINIT_Base                 
000081b4  __TI_CINIT_Limit                
000081b4  __TI_CINIT_Warm                 
00008190  __TI_Handler_Table_Base         
0000819c  __TI_Handler_Table_Limit        
00004755  __TI_auto_init_nobinit_nopinit  
00003b99  __TI_decompress_lzss            
00004b4d  __TI_decompress_none            
000041c5  __TI_ltoa                       
ffffffff  __TI_pprof_out_hndl             
00000ea9  __TI_printfi                    
ffffffff  __TI_prof_data_size             
ffffffff  __TI_prof_data_start            
00000000  __TI_static_base__              
00004ae9  __TI_zero_init_nomemset         
00002a1f  __adddf3                        
000037ab  __addsf3                        
00008010  __aeabi_ctype_table_            
00008010  __aeabi_ctype_table_C           
00004405  __aeabi_d2iz                    
00002a1f  __aeabi_dadd                    
00003f89  __aeabi_dcmpeq                  
00003fc5  __aeabi_dcmpge                  
00003fd9  __aeabi_dcmpgt                  
00003fb1  __aeabi_dcmple                  
00003f9d  __aeabi_dcmplt                  
000031f9  __aeabi_ddiv                    
00003505  __aeabi_dmul                    
00002a15  __aeabi_dsub                    
20200278  __aeabi_errno                   
00004be9  __aeabi_errno_addr              
000045a5  __aeabi_f2d                     
00004841  __aeabi_f2iz                    
000048b1  __aeabi_f2uiz                   
000037ab  __aeabi_fadd                    
00003fed  __aeabi_fcmpeq                  
00004029  __aeabi_fcmpge                  
0000403d  __aeabi_fcmpgt                  
00004015  __aeabi_fcmple                  
00004001  __aeabi_fcmplt                  
00003b15  __aeabi_fdiv                    
00003a89  __aeabi_fmul                    
000037a1  __aeabi_fsub                    
00004975  __aeabi_i2d                     
000046dd  __aeabi_i2f                     
00004275  __aeabi_idiv                    
00003b97  __aeabi_idiv0                   
00004275  __aeabi_idivmod                 
00003f87  __aeabi_ldiv0                   
00004a61  __aeabi_llsl                    
00004a19  __aeabi_lmul                    
00004bad  __aeabi_memclr                  
00004bad  __aeabi_memclr4                 
00004bad  __aeabi_memclr8                 
00004bf1  __aeabi_memcpy                  
00004bf1  __aeabi_memcpy4                 
00004bf1  __aeabi_memcpy8                 
00004b91  __aeabi_memset                  
00004b91  __aeabi_memset4                 
00004b91  __aeabi_memset8                 
00004565  __aeabi_uidiv                   
00004565  __aeabi_uidivmod                
00004b01  __aeabi_uldivmod                
00004a61  __ashldi3                       
ffffffff  __binit__                       
00003e51  __cmpdf2                        
00004791  __cmpsf2                        
000031f9  __divdf3                        
00003b15  __divsf3                        
00003e51  __eqdf2                         
00004791  __eqsf2                         
000045a5  __extendsfdf2                   
00004405  __fixdfsi                       
00004841  __fixsfsi                       
000048b1  __fixunssfsi                    
00004975  __floatsidf                     
000046dd  __floatsisf                     
00003cfd  __gedf2                         
00004719  __gesf2                         
00003cfd  __gtdf2                         
00004719  __gtsf2                         
00003e51  __ledf2                         
00004791  __lesf2                         
00003e51  __ltdf2                         
00004791  __ltsf2                         
UNDEFED   __mpu_init                      
00003505  __muldf3                        
00004a19  __muldi3                        
000047cd  __muldsi3                       
00003a89  __mulsf3                        
00003e51  __nedf2                         
00004791  __nesf2                         
20207e00  __stack                         
20200000  __start___llvm_prf_bits         
20200000  __start___llvm_prf_cnts         
20200000  __stop___llvm_prf_bits          
20200000  __stop___llvm_prf_cnts          
00002a15  __subdf3                        
000037a1  __subsf3                        
0000394d  __udivmoddi4                    
000049f1  _c_int00_noargs                 
UNDEFED   _system_post_cinit              
00004c07  _system_pre_init                
00004bf9  abort                           
00007b90  ascii_1206                      
000075a0  ascii_1608                      
000063d0  ascii_2412                      
00004c10  ascii_3216                      
000045e5  atoi                            
ffffffff  binit                           
00004111  frexp                           
00004111  frexpl                          
20200000  gPWM_0Backup                    
202001c8  gSPI_LCDBackup                  
202000bc  gTIMER_TICKBackup               
00000000  interruptVectors                
00003eb9  lc_printf                       
000036c9  ldexp                           
000036c9  ldexpl                          
00002d15  main                            
00004a3d  memccpy                         
000039ef  memcpy                          
0000404f  memset                          
000036c9  scalbn                          
000036c9  scalbnl                         
00004879  sendCaliYawCommand              
20200218  stcAccel                        
20200250  stcAngle                        
2020022c  stcGyro                         
20200240  stcQuat                         
2020027c  time                            
00003879  uart0_send_SendByte             
20200280  uart_data                       
00004625  vsnprintf                       
00004b71  wcslen                          


GLOBAL SYMBOLS: SORTED BY Symbol Address 

address   name                            
-------   ----                            
00000000  __TI_ATRegion0_region_sz        
00000000  __TI_ATRegion0_src_addr         
00000000  __TI_ATRegion0_trg_addr         
00000000  __TI_ATRegion1_region_sz        
00000000  __TI_ATRegion1_src_addr         
00000000  __TI_ATRegion1_trg_addr         
00000000  __TI_ATRegion2_region_sz        
00000000  __TI_ATRegion2_src_addr         
00000000  __TI_ATRegion2_trg_addr         
00000000  __TI_static_base__              
00000000  interruptVectors                
000000c1  LCD_Init                        
00000200  __STACK_SIZE                    
00000ea9  __TI_printfi                    
00001879  LCD_ShowChar                    
00001c79  LCD_Fill                        
00001f39  CopeSerial2Data                 
000021cd  LCD_Address_Set                 
000023f9  LCD_ShowIntNum                  
00002a15  __aeabi_dsub                    
00002a15  __subdf3                        
00002a1f  __adddf3                        
00002a1f  __aeabi_dadd                    
00002ba7  ADC0_IRQHandler                 
00002ba7  ADC1_IRQHandler                 
00002ba7  AES_IRQHandler                  
00002ba7  CANFD0_IRQHandler               
00002ba7  DAC0_IRQHandler                 
00002ba7  DMA_IRQHandler                  
00002ba7  Default_Handler                 
00002ba7  GROUP0_IRQHandler               
00002ba7  HardFault_Handler               
00002ba7  I2C0_IRQHandler                 
00002ba7  I2C1_IRQHandler                 
00002ba7  NMI_Handler                     
00002ba7  PendSV_Handler                  
00002ba7  RTC_IRQHandler                  
00002ba7  SPI0_IRQHandler                 
00002ba7  SPI1_IRQHandler                 
00002ba7  SVC_Handler                     
00002ba7  SysTick_Handler                 
00002ba7  TIMA0_IRQHandler                
00002ba7  TIMG0_IRQHandler                
00002ba7  TIMG12_IRQHandler               
00002ba7  TIMG6_IRQHandler                
00002ba7  TIMG7_IRQHandler                
00002ba7  TIMG8_IRQHandler                
00002ba7  UART1_IRQHandler                
00002ba7  UART2_IRQHandler                
00002ba7  UART3_IRQHandler                
00002d15  main                            
00002fb9  SYSCFG_DL_GPIO_init             
000031f9  __aeabi_ddiv                    
000031f9  __divdf3                        
00003305  DL_Timer_initFourCCPWMMode      
00003409  DL_Timer_initTimerMode          
00003505  __aeabi_dmul                    
00003505  __muldf3                        
000035e9  Velocity_Get                    
000036c9  ldexp                           
000036c9  ldexpl                          
000036c9  scalbn                          
000036c9  scalbnl                         
000037a1  __aeabi_fsub                    
000037a1  __subsf3                        
000037ab  __addsf3                        
000037ab  __aeabi_fadd                    
00003879  uart0_send_SendByte             
0000394d  __udivmoddi4                    
000039ef  memcpy                          
00003a89  __aeabi_fmul                    
00003a89  __mulsf3                        
00003b15  __aeabi_fdiv                    
00003b15  __divsf3                        
00003b97  __aeabi_idiv0                   
00003b99  __TI_decompress_lzss            
00003c15  SYSCFG_DL_PWM_0_init            
00003c89  SYSCFG_DL_PWM_1_init            
00003cfd  __gedf2                         
00003cfd  __gtdf2                         
00003d71  LCD_WR_DATA                     
00003de1  SYSCFG_DL_UART_0_init           
00003e51  __cmpdf2                        
00003e51  __eqdf2                         
00003e51  __ledf2                         
00003e51  __ltdf2                         
00003e51  __nedf2                         
00003eb9  lc_printf                       
00003f87  __aeabi_ldiv0                   
00003f89  __aeabi_dcmpeq                  
00003f9d  __aeabi_dcmplt                  
00003fb1  __aeabi_dcmple                  
00003fc5  __aeabi_dcmpge                  
00003fd9  __aeabi_dcmpgt                  
00003fed  __aeabi_fcmpeq                  
00004001  __aeabi_fcmplt                  
00004015  __aeabi_fcmple                  
00004029  __aeabi_fcmpge                  
0000403d  __aeabi_fcmpgt                  
0000404f  memset                          
000040b1  SYSCFG_DL_initPower             
00004111  frexp                           
00004111  frexpl                          
0000416d  GROUP1_IRQHandler               
000041c5  __TI_ltoa                       
00004275  __aeabi_idiv                    
00004275  __aeabi_idivmod                 
0000431d  SYSCFG_DL_TIMER_TICK_init       
0000436d  SYSCFG_DL_SPI_LCD_init          
000043b9  SYSCFG_DL_SYSCTL_init           
00004405  __aeabi_d2iz                    
00004405  __fixdfsi                       
00004451  DL_UART_init                    
00004499  DL_SPI_init                     
000044dd  IMU_Init                        
00004521  SYSCFG_DL_init                  
00004565  __aeabi_uidiv                   
00004565  __aeabi_uidivmod                
000045a5  __aeabi_f2d                     
000045a5  __extendsfdf2                   
000045e5  atoi                            
00004625  vsnprintf                       
00004665  AO_Control                      
000046a1  BO_Control                      
000046dd  __aeabi_i2f                     
000046dd  __floatsisf                     
00004719  __gesf2                         
00004719  __gtsf2                         
00004755  __TI_auto_init_nobinit_nopinit  
00004791  __cmpsf2                        
00004791  __eqsf2                         
00004791  __lesf2                         
00004791  __ltsf2                         
00004791  __nesf2                         
000047cd  __muldsi3                       
00004809  Encoder_Get                     
00004841  __aeabi_f2iz                    
00004841  __fixsfsi                       
00004879  sendCaliYawCommand              
000048b1  __aeabi_f2uiz                   
000048b1  __fixunssfsi                    
000048e5  Encoder_Init                    
00004975  __aeabi_i2d                     
00004975  __floatsidf                     
000049a1  TIMA1_IRQHandler                
000049c9  UART0_IRQHandler                
000049f1  _c_int00_noargs                 
00004a19  __aeabi_lmul                    
00004a19  __muldi3                        
00004a3d  memccpy                         
00004a61  __aeabi_llsl                    
00004a61  __ashldi3                       
00004a81  DL_Timer_setCaptCompUpdateMethod
00004a9d  DL_Timer_setClockConfig         
00004ab9  DL_Timer_setCaptureCompareOutCtl
00004ae9  __TI_zero_init_nomemset         
00004b01  __aeabi_uldivmod                
00004b29  DL_SPI_setClockConfig           
00004b3b  DL_UART_setClockConfig          
00004b4d  __TI_decompress_none            
00004b61  DL_Timer_setCaptureCompareValue 
00004b71  wcslen                          
00004b81  Delay_ms                        
00004b91  __aeabi_memset                  
00004b91  __aeabi_memset4                 
00004b91  __aeabi_memset8                 
00004bad  __aeabi_memclr                  
00004bad  __aeabi_memclr4                 
00004bad  __aeabi_memclr8                 
00004bb9  DL_Common_delayCycles           
00004be9  __aeabi_errno_addr              
00004bf1  __aeabi_memcpy                  
00004bf1  __aeabi_memcpy4                 
00004bf1  __aeabi_memcpy8                 
00004bf9  abort                           
00004bfe  C$$EXIT                         
00004bff  HOSTexit                        
00004c03  Reset_Handler                   
00004c07  _system_pre_init                
00004c10  ascii_3216                      
000063d0  ascii_2412                      
000075a0  ascii_1608                      
00007b90  ascii_1206                      
00008010  __aeabi_ctype_table_            
00008010  __aeabi_ctype_table_C           
00008190  __TI_Handler_Table_Base         
0000819c  __TI_Handler_Table_Limit        
000081a4  __TI_CINIT_Base                 
000081b4  __TI_CINIT_Limit                
000081b4  __TI_CINIT_Warm                 
20200000  __start___llvm_prf_bits         
20200000  __start___llvm_prf_cnts         
20200000  __stop___llvm_prf_bits          
20200000  __stop___llvm_prf_cnts          
20200000  gPWM_0Backup                    
202000bc  gTIMER_TICKBackup               
20200178  Wheel_Left                      
202001a0  Wheel_Right                     
202001c8  gSPI_LCDBackup                  
20200214  Velocity_Counter                
20200218  stcAccel                        
2020022c  stcGyro                         
20200240  stcQuat                         
20200250  stcAngle                        
2020025c  Key                             
20200261  Save                            
20200266  Yaw_Zero                        
2020026c  PID_KD                          
20200270  PID_KI                          
20200274  PID_KP                          
20200278  __aeabi_errno                   
2020027c  time                            
20200280  uart_data                       
20207e00  __stack                         
20208000  __STACK_END                     
41c00000  BCRConfig                       
41c00100  BSLConfig                       
ffffffff  __TI_pprof_out_hndl             
ffffffff  __TI_prof_data_size             
ffffffff  __TI_prof_data_start            
ffffffff  __binit__                       
ffffffff  binit                           
UNDEFED   __mpu_init                      
UNDEFED   _system_post_cinit              

[224 symbols]
