******************************************************************************
            TI ARM Clang Linker PC v4.0.4                      
******************************************************************************
>> Linked Wed Jul 29 23:16:31 2026

OUTPUT FILE NAME:   <ElcContestTest.out>
ENTRY POINT SYMBOL: "_c_int00_noargs"  address: 00004c69


MEMORY CONFIGURATION

         name            origin    length      used     unused   attr    fill
----------------------  --------  ---------  --------  --------  ----  --------
  FLASH                 00000000   00020000  000085d0  00017a30  R  X
  SRAM                  20200000   00008000  0000047e  00007b82  RW X
  BCR_CONFIG            41c00000   000000ff  00000060  0000009f  R   
  BSL_CONFIG            41c00100   00000080  00000058  00000028  R   


SEGMENT ALLOCATION MAP

run origin  load origin   length   init length attrs members
----------  ----------- ---------- ----------- ----- -------
00000000    00000000    000085d0   000085d0    r-x
  00000000    00000000    000000c0   000000c0    r-- .intvecs
  000000c0    000000c0    00004df0   00004df0    r-x .text
  00004eb0    00004eb0    000036f0   000036f0    r-- .rodata
  000085a0    000085a0    00000030   00000030    r-- .cinit
20200000    20200000    0000027e   00000000    rw-
  20200000    20200000    0000021c   00000000    rw- .bss
  2020021c    2020021c    00000062   00000000    rw- .data
20207e00    20207e00    00000200   00000000    rw-
  20207e00    20207e00    00000200   00000000    rw- .stack
41c00000    41c00000    00000060   00000060    r--
  41c00000    41c00000    00000060   00000060    r-- .BCRConfig
41c00100    41c00100    00000058   00000058    r--
  41c00100    41c00100    00000058   00000058    r-- .BSLConfig


SECTION ALLOCATION MAP

 output                                  attributes/
section   page    origin      length       input sections
--------  ----  ----------  ----------   ----------------
.intvecs   0    00000000    000000c0     
                  00000000    000000c0     startup_mspm0g350x_ticlang.o (.intvecs)

.text      0    000000c0    00004df0     
                  000000c0    00000de8     lcd_init.o (.text.LCD_Init)
                  00000ea8    00000bdc     libc.a : _scanfi.c.obj (.text.__TI_scanfi)
                  00001a84    00000400     lcd.o (.text.LCD_ShowChar)
                  00001e84    000003b8     libc.a : strtod.c.obj (.text.strtod)
                  0000223c    000002c0     lcd.o (.text.LCD_Fill)
                  000024fc    00000294     IMU.o (.text.CopeSerial2Data)
                  00002790    00000284     libc.a : _printfi.c.obj (.text:__TI_printfi_minimal)
                  00002a14    0000022c     lcd_init.o (.text.LCD_Address_Set)
                  00002c40    000001e0     libc.a : strtoll.c.obj (.text.strtoll)
                  00002e20    00000192     libclang_rt.builtins.a : adddf3.S.obj (.text.adddf3_subdf3)
                  00002fb2    00000002     startup_mspm0g350x_ticlang.o (.text.Default_Handler)
                  00002fb4    00000180     STEP_MOTOR.o (.text.zdt_emm_wait_reply)
                  00003134    0000016c     libc.a : strtoull.c.obj (.text.strtoull)
                  000032a0    00000144            : strtol.c.obj (.text.strtol)
                  000033e4    0000012c            : strtoul.c.obj (.text.strtoul)
                  00003510    00000128     empty.o (.text.main)
                  00003638    00000120     ti_msp_dl_config.o (.text.SYSCFG_DL_GPIO_init)
                  00003758    0000010c     libclang_rt.builtins.a : divdf3.S.obj (.text.__divdf3)
                  00003864    00000104     driverlib.a : dl_timer.o (.text.DL_Timer_initFourCCPWMMode)
                  00003968    000000fc                 : dl_timer.o (.text.DL_Timer_initTimerMode)
                  00003a64    000000ec     STEP_MOTOR.o (.text.zdt_emm_position_pulses)
                  00003b50    000000e4     libclang_rt.builtins.a : muldf3.S.obj (.text.__muldf3)
                  00003c34    000000d8     libc.a : s_scalbn.c.obj (.text.scalbn)
                  00003d0c    000000d0     MAXICAM.o (.text.UART3_IRQHandler)
                  00003ddc    000000a2     libclang_rt.builtins.a : udivmoddi4.S.obj (.text)
                  00003e7e    0000009a     libc.a : memcpy16.S.obj (.text:memcpy)
                  00003f18    0000008c     libclang_rt.builtins.a : mulsf3.S.obj (.text.__mulsf3)
                  00003fa4    00000088     ti_msp_dl_config.o (.text.SYSCFG_DL_initPower)
                  0000402c    0000007c     libc.a : copy_decompress_lzss.c.obj (.text:decompress:lzss)
                  000040a8    00000074     ti_msp_dl_config.o (.text.SYSCFG_DL_PWM_0_init)
                  0000411c    00000074     ti_msp_dl_config.o (.text.SYSCFG_DL_PWM_1_init)
                  00004190    00000074     ZIGBEE.o (.text.UART1_IRQHandler)
                  00004204    00000074     libclang_rt.builtins.a : comparedf2.c.obj (.text.__gedf2)
                  00004278    00000008     libc.a : _scanfi.c.obj (.text.OUTLINED_FUNCTION_0)
                  00004280    00000074     libclang_rt.builtins.a : truncdfsf2.S.obj (.text.__truncdfsf2)
                  000042f4    00000074     libc.a : sscanf.c.obj (.text._chkmbc)
                  00004368    00000070     lcd_init.o (.text.LCD_WR_DATA)
                  000043d8    00000070     ti_msp_dl_config.o (.text.SYSCFG_DL_UART_0_init)
                  00004448    00000070     ti_msp_dl_config.o (.text.SYSCFG_DL_UART_1_init)
                  000044b8    00000070     ti_msp_dl_config.o (.text.SYSCFG_DL_UART_2_init)
                  00004528    00000070     ti_msp_dl_config.o (.text.SYSCFG_DL_UART_3_init)
                  00004598    0000006c     My_STEPMOTOR.o (.text.StepMotor_Init)
                  00004604    00000068     libclang_rt.builtins.a : comparedf2.c.obj (.text.__ledf2)
                  0000466c    00000062                            : aeabi_dcmp.S.obj (.text.__aeabi_dcmp)
                  000046ce    00000062     libc.a : memset16.S.obj (.text:memset)
                  00004730    00000058     ENCODER.o (.text.GROUP1_IRQHandler)
                  00004788    00000058     ti_msp_dl_config.o (.text.SYSCFG_DL_init)
                  000047e0    00000050     ti_msp_dl_config.o (.text.SYSCFG_DL_TIMER_TICK_init)
                  00004830    0000004c     ti_msp_dl_config.o (.text.SYSCFG_DL_SPI_LCD_init)
                  0000487c    0000004c     ti_msp_dl_config.o (.text.SYSCFG_DL_SYSCTL_init)
                  000048c8    0000004a     lcd.o (.text.LCD_ShowString)
                  00004912    00000002     libclang_rt.builtins.a : aeabi_div0.c.obj (.text.__aeabi_idiv0)
                  00004914    00000048     driverlib.a : dl_uart.o (.text.DL_UART_init)
                  0000495c    00000044                 : dl_spi.o (.text.DL_SPI_init)
                  000049a0    00000040     My_STEPMOTOR.o (.text.StepMotor_MoveRelativeAngle)
                  000049e0    00000040     libclang_rt.builtins.a : aeabi_uidivmod.S.obj (.text.__aeabi_uidivmod)
                  00004a20    00000040     libc.a : atoi.c.obj (.text.atoi)
                  00004a60    00000040     STEP_MOTOR.o (.text.zdt_emm_enable_no_reply)
                  00004aa0    0000003c     libclang_rt.builtins.a : floatsisf.S.obj (.text.__floatsisf)
                  00004adc    0000003c     libc.a : autoinit.c.obj (.text:__TI_auto_init_nobinit_nopinit)
                  00004b18    0000003a     libclang_rt.builtins.a : muldsi3.S.obj (.text.__muldsi3)
                  00004b52    00000002                            : aeabi_div0.c.obj (.text.__aeabi_ldiv0)
                  00004b54    00000038     libc.a : sprintf.c.obj (.text.sprintf)
                  00004b8c    00000030     driverlib.a : dl_uart.o (.text.DL_UART_transmitDataBlocking)
                  00004bbc    00000030     libc.a : sscanf.c.obj (.text.sscanf)
                  00004bec    0000002a     STEP_MOTOR.o (.text.zdt_emm_degrees_to_pulses_x10)
                  00004c16    00000002     --HOLE-- [fill = 0]
                  00004c18    00000028     empty.o (.text.TIMA1_IRQHandler)
                  00004c40    00000028     IMU.o (.text.UART0_IRQHandler)
                  00004c68    00000028     libc.a : boot_cortex_m.c.obj (.text:_c_int00_noargs)
                  00004c90    00000024     libclang_rt.builtins.a : muldi3.S.obj (.text.__muldi3)
                  00004cb4    00000022     libc.a : memccpy.c.obj (.text.memccpy)
                  00004cd6    00000002     --HOLE-- [fill = 0]
                  00004cd8    0000001e     libclang_rt.builtins.a : ashldi3.S.obj (.text.__ashldi3)
                  00004cf6    00000002     --HOLE-- [fill = 0]
                  00004cf8    0000001c     driverlib.a : dl_timer.o (.text.DL_Timer_setCaptCompUpdateMethod)
                  00004d14    0000001c                 : dl_timer.o (.text.DL_Timer_setClockConfig)
                  00004d30    00000018                 : dl_timer.o (.text.DL_Timer_setCaptureCompareOutCtl)
                  00004d48    00000018     libc.a : sprintf.c.obj (.text._outs)
                  00004d60    00000016            : copy_zero_init.c.obj (.text:decompress:ZI:__TI_zero_init_nomemset)
                  00004d76    00000002     --HOLE-- [fill = 0]
                  00004d78    00000014     libclang_rt.builtins.a : aeabi_uldivmod.S.obj (.text.__aeabi_uldivmod)
                  00004d8c    00000014     libc.a : sscanf.c.obj (.text._inpchar)
                  00004da0    00000012     driverlib.a : dl_spi.o (.text.DL_SPI_setClockConfig)
                  00004db2    00000012                 : dl_uart.o (.text.DL_UART_setClockConfig)
                  00004dc4    00000012     libc.a : copy_decompress_none.c.obj (.text:decompress:none)
                  00004dd6    00000002     --HOLE-- [fill = 0]
                  00004dd8    00000010     driverlib.a : dl_timer.o (.text.DL_Timer_setCaptureCompareValue)
                  00004de8    0000000e     board.o (.text.Delay_ms)
                  00004df6    0000000e     libc.a : _scanfi.c.obj (.text.OUTLINED_FUNCTION_1)
                  00004e04    0000000e            : _scanfi.c.obj (.text.OUTLINED_FUNCTION_2)
                  00004e12    0000000e            : _scanfi.c.obj (.text.OUTLINED_FUNCTION_4)
                  00004e20    0000000e     libclang_rt.builtins.a : aeabi_memset.S.obj (.text.__aeabi_memset)
                  00004e2e    0000000e     libc.a : _printfi.c.obj (.text.strlen)
                  00004e3c    0000000c     libclang_rt.builtins.a : aeabi_memset.S.obj (.text.__aeabi_memclr)
                  00004e48    0000000a     driverlib.a : dl_common.o (.text.DL_Common_delayCycles)
                  00004e52    0000000a     libc.a : sprintf.c.obj (.text._outc)
                  00004e5c    00000008            : strtod.c.obj (.text.OUTLINED_FUNCTION_0)
                  00004e64    00000008            : strtod.c.obj (.text.OUTLINED_FUNCTION_1)
                  00004e6c    00000010     libclang_rt.builtins.a : aeabi_dcmp.S.obj (.tramp.__aeabi_dcmpeq.1)
                  00004e7c    00000008     libc.a : aeabi_portable.c.obj (.text.__aeabi_errno_addr)
                  00004e84    00000008     libclang_rt.builtins.a : aeabi_memcpy.S.obj (.text.__aeabi_memcpy)
                  00004e8c    00000008     libc.a : sscanf.c.obj (.text._uninpchar)
                  00004e94    00000006            : _scanfi.c.obj (.text.OUTLINED_FUNCTION_3)
                  00004e9a    00000006            : exit.c.obj (.text:abort)
                  00004ea0    00000004     libsysbm.a : hostexit.c.obj (.text.HOSTexit)
                  00004ea4    00000004     startup_mspm0g350x_ticlang.o (.text.Reset_Handler)
                  00004ea8    00000004     libc.a : pre_init.c.obj (.text._system_pre_init)
                  00004eac    00000004     --HOLE-- [fill = 0]

.cinit     0    000085a0    00000030     
                  000085a0    0000000c     (__TI_handler_table)
                  000085ac    00000008     (.cinit..bss.load) [load image, compression = zero_init]
                  000085b4    00000008     (.cinit..data.load) [load image, compression = lzss]
                  000085bc    00000010     (__TI_cinit_table)
                  000085cc    00000004     --HOLE-- [fill = 0]

.rodata    0    00004eb0    000036f0     
                  00004eb0    000017c0     lcd.o (.rodata.ascii_3216)
                  00006670    000011d0     lcd.o (.rodata.ascii_2412)
                  00007840    000005f0     lcd.o (.rodata.ascii_1608)
                  00007e30    00000474     lcd.o (.rodata.ascii_1206)
                  000082a4    0000000a     ti_msp_dl_config.o (.rodata.gSPI_LCD_config)
                  000082ae    00000002     ti_msp_dl_config.o (.rodata.gSPI_LCD_clockConfig)
                  000082b0    00000101     libc.a : aeabi_ctype.S.obj (.rodata:__aeabi_ctype_table_)
                  000083b1    00000007            : _scanfi.c.obj (.rodata._sproc_int.flit)
                  000083b8    00000080            : strtod.c.obj (.rodata.digits)
                  00008438    00000048            : strtod.c.obj (.rodata.powerof10)
                  00008480    0000001b     empty.o (.rodata.str1.17669528882079347314.1)
                  0000849b    0000001a     empty.o (.rodata.str1.7401042497206923953.1)
                  000084b5    00000016     empty.o (.rodata.str1.11898133897667081452.1)
                  000084cb    00000001     --HOLE-- [fill = 0]
                  000084cc    00000014     ti_msp_dl_config.o (.rodata.gTIMER_TICKTimerConfig)
                  000084e0    00000014     empty.o (.rodata.str1.14685083708502177989.1)
                  000084f4    00000014     empty.o (.rodata.str1.254342170260855183.1)
                  00008508    00000011     libc.a : _printfi.c.obj (.rodata.str1.15363888844622738466.1)
                  00008519    0000000e     empty.o (.rodata.str1.9517790425240694019.1)
                  00008527    00000001     --HOLE-- [fill = 0]
                  00008528    0000000a     ti_msp_dl_config.o (.rodata.gUART_0Config)
                  00008532    0000000a     ti_msp_dl_config.o (.rodata.gUART_1Config)
                  0000853c    0000000a     ti_msp_dl_config.o (.rodata.gUART_2Config)
                  00008546    0000000a     ti_msp_dl_config.o (.rodata.gUART_3Config)
                  00008550    00000009     libc.a : _scanfi.c.obj (.rodata.str1.12964984209033246150.1)
                  00008559    00000009     ZIGBEE.o (.rodata.str1.17608243100409044478.1)
                  00008562    00000002     ti_msp_dl_config.o (.rodata.gUART_0ClockConfig)
                  00008564    00000008     libc.a : _scanfi.c.obj (.rodata..L__const._sproc_float.special)
                  0000856c    00000008     ti_msp_dl_config.o (.rodata.gPWM_0Config)
                  00008574    00000008     ti_msp_dl_config.o (.rodata.gPWM_1Config)
                  0000857c    00000006     libc.a : _scanfi.c.obj (.rodata._sproc_int.barr)
                  00008582    00000004            : _scanfi.c.obj (.rodata.str1.3403580589742030990.1)
                  00008586    00000003     ti_msp_dl_config.o (.rodata.gPWM_0ClockConfig)
                  00008589    00000003     ti_msp_dl_config.o (.rodata.gPWM_1ClockConfig)
                  0000858c    00000003     ti_msp_dl_config.o (.rodata.gTIMER_TICKClockConfig)
                  0000858f    00000002     ti_msp_dl_config.o (.rodata.gUART_1ClockConfig)
                  00008591    00000002     ti_msp_dl_config.o (.rodata.gUART_2ClockConfig)
                  00008593    00000002     ti_msp_dl_config.o (.rodata.gUART_3ClockConfig)
                  00008595    0000000b     --HOLE-- [fill = 0]

.init_array 
*          0    00000000    00000000     UNINITIALIZED

.binit     0    00000000    00000000     

.bss       0    20200000    0000021c     UNINITIALIZED
                  20200000    000000bc     (.common:gPWM_0Backup)
                  202000bc    000000bc     (.common:gTIMER_TICKBackup)
                  20200178    00000030     (.common:gUART_3Backup)
                  202001a8    00000028     (.common:gSPI_LCDBackup)
                  202001d0    00000020     ZIGBEE.o (.bss.UART1_IRQHandler.rx_buf)
                  202001f0    0000000c     ENCODER.o (.bss.motor_encoder1)
                  202001fc    0000000c     ENCODER.o (.bss.motor_encoder2)
                  20200208    0000000b     IMU.o (.bss.CopeSerial2Data.ucRxBuffer)
                  20200213    00000001     (.common:rx_debug_flag)
                  20200214    00000004     (.common:Velocity_Counter)
                  20200218    00000004     (.common:time)

.data      0    2020021c    00000062     UNINITIALIZED
                  2020021c    00000014     IMU.o (.data.stcAccel)
                  20200230    00000014     IMU.o (.data.stcGyro)
                  20200244    00000010     IMU.o (.data.stcQuat)
                  20200254    0000000c     IMU.o (.data.stcAngle)
                  20200260    0000000c     ZIGBEE.o (.data.zigbee_data)
                  2020026c    00000004     MAXICAM.o (.data.UART3_IRQHandler.buffer)
                  20200270    00000004     libc.a : aeabi_portable.c.obj (.data.__aeabi_errno)
                  20200274    00000004     MAXICAM.o (.data.maixcam_data)
                  20200278    00000001     IMU.o (.data.CopeSerial2Data.ucRxCnt)
                  20200279    00000001     ZIGBEE.o (.data.UART1_IRQHandler.rx_idx)
                  2020027a    00000001     MAXICAM.o (.data.UART3_IRQHandler.shift)
                  2020027b    00000001     MAXICAM.o (.data.UART3_IRQHandler.state)
                  2020027c    00000001     MAXICAM.o (.data.maixcam_rx_ready)
                  2020027d    00000001     IMU.o (.data.uart_data)

.stack     0    20207e00    00000200     UNINITIALIZED
                  20207e00    00000004     libc.a : boot_cortex_m.c.obj (.stack)
                  20207e04    000001fc     --HOLE--

.BCRConfig 
*          0    41c00000    00000060     
                  41c00000    00000060     boot_config.o (.BCRConfig)

.BSLConfig 
*          0    41c00100    00000058     
                  41c00100    00000058     boot_config.o (.BSLConfig)

__llvm_prf_cnts 
*          0    20200000    00000000     UNINITIALIZED

__llvm_prf_bits 
*          0    20200000    00000000     UNINITIALIZED

MODULE SUMMARY

       Module                         code    ro data   rw data
       ------                         ----    -------   -------
    .\
       ti_msp_dl_config.o             1424    105       464    
       empty.o                        336     129       8      
       startup_mspm0g350x_ticlang.o   6       192       0      
       boot_config.o                  0       184       0      
    +--+------------------------------+-------+---------+---------+
       Total:                         1766    610       472    
                                                               
    .\BPS\Board\
       board.o                        14      0         0      
    +--+------------------------------+-------+---------+---------+
       Total:                         14      0         0      
                                                               
    .\BPS\lcd\
       lcd.o                          1802    13300     0      
       lcd_init.o                     4228    0         0      
    +--+------------------------------+-------+---------+---------+
       Total:                         6030    13300     0      
                                                               
    .\BPS\src\
       IMU.o                          700     0         81     
       STEP_MOTOR.o                   726     0         0      
       MAXICAM.o                      208     0         11     
       My_STEPMOTOR.o                 172     0         0      
       ZIGBEE.o                       116     9         46     
       ENCODER.o                      88      0         24     
    +--+------------------------------+-------+---------+---------+
       Total:                         2010    9         162    
                                                               
    E:/SDK/Ti/mspm0_sdk_2_10_00_04/mspm0_sdk_2_11_00_07/source/ti/driverlib/lib/ticlang/m0p/mspm0g1x0x_g3x0x/driverlib.a
       dl_timer.o                     608     0         0      
       dl_uart.o                      138     0         0      
       dl_spi.o                       86      0         0      
       dl_common.o                    10      0         0      
    +--+------------------------------+-------+---------+---------+
       Total:                         842     0         0      
                                                               
    E:\software\IDE\Code Composer Studio\ccs\tools\compiler\ti-cgt-armllvm_4.0.4.LTS\lib\armv6m-ti-none-eabi/c/libc.a
       _scanfi.c.obj                  3092    34        0      
       strtod.c.obj                   968     200       0      
       _printfi.c.obj                 658     17        0      
       strtoll.c.obj                  480     0         0      
       strtoull.c.obj                 364     0         0      
       strtol.c.obj                   324     0         0      
       strtoul.c.obj                  300     0         0      
       aeabi_ctype.S.obj              0       257       0      
       s_scalbn.c.obj                 216     0         0      
       sscanf.c.obj                   192     0         0      
       memcpy16.S.obj                 154     0         0      
       copy_decompress_lzss.c.obj     124     0         0      
       memset16.S.obj                 98      0         0      
       sprintf.c.obj                  90      0         0      
       atoi.c.obj                     64      0         0      
       autoinit.c.obj                 60      0         0      
       boot_cortex_m.c.obj            40      0         0      
       memccpy.c.obj                  34      0         0      
       copy_zero_init.c.obj           22      0         0      
       copy_decompress_none.c.obj     18      0         0      
       aeabi_portable.c.obj           8       0         4      
       exit.c.obj                     6       0         0      
       pre_init.c.obj                 4       0         0      
    +--+------------------------------+-------+---------+---------+
       Total:                         7316    508       4      
                                                               
    E:\software\IDE\Code Composer Studio\ccs\tools\compiler\ti-cgt-armllvm_4.0.4.LTS\lib\armv6m-ti-none-eabi/c/libsysbm.a
       hostexit.c.obj                 4       0         0      
    +--+------------------------------+-------+---------+---------+
       Total:                         4       0         0      
                                                               
    E:\software\IDE\Code Composer Studio\ccs\tools\compiler\ti-cgt-armllvm_4.0.4.LTS\lib\armv6m-ti-none-eabi/libclang_rt.builtins.a
       adddf3.S.obj                   402     0         0      
       divdf3.S.obj                   268     0         0      
       muldf3.S.obj                   228     0         0      
       comparedf2.c.obj               220     0         0      
       udivmoddi4.S.obj               162     0         0      
       mulsf3.S.obj                   140     0         0      
       truncdfsf2.S.obj               116     0         0      
       aeabi_dcmp.S.obj               114     0         0      
       aeabi_uidivmod.S.obj           64      0         0      
       floatsisf.S.obj                60      0         0      
       muldsi3.S.obj                  58      0         0      
       muldi3.S.obj                   36      0         0      
       ashldi3.S.obj                  30      0         0      
       aeabi_memset.S.obj             26      0         0      
       aeabi_uldivmod.S.obj           20      0         0      
       aeabi_memcpy.S.obj             8       0         0      
       aeabi_div0.c.obj               4       0         0      
    +--+------------------------------+-------+---------+---------+
       Total:                         1956    0         0      
                                                               
       Stack:                         0       0         512    
       Linker Generated:              0       44        0      
    +--+------------------------------+-------+---------+---------+
       Grand Total:                   19938   14471     1150   


LINKER GENERATED COPY TABLES

__TI_cinit_table @ 000085bc records: 2, size/record: 8, table size: 16
	.bss: load addr=000085ac, load size=00000008 bytes, run addr=20200000, run size=0000021c bytes, compression=zero_init
	.data: load addr=000085b4, load size=00000008 bytes, run addr=2020021c, run size=00000062 bytes, compression=lzss


LINKER GENERATED HANDLER TABLE

__TI_handler_table @ 000085a0 records: 3, size/record: 4, table size: 12
	index: 0, handler: __TI_decompress_lzss
	index: 1, handler: __TI_decompress_none
	index: 2, handler: __TI_zero_init


FAR CALL TRAMPOLINES

callee name               trampoline name
   callee addr  tramp addr   call addr  call info
--------------  -----------  ---------  ----------------
__aeabi_dcmpeq            $Tramp$TT$L$PI$$__aeabi_dcmpeq
   0000466d     00004e6c     00004e6a   libc.a : strtod.c.obj (.text.OUTLINED_FUNCTION_1)

[1 trampolines]
[1 trampoline calls]


GLOBAL SYMBOLS: SORTED ALPHABETICALLY BY Name 

address   name                            
-------   ----                            
00002fb3  ADC0_IRQHandler                 
00002fb3  ADC1_IRQHandler                 
00002fb3  AES_IRQHandler                  
41c00000  BCRConfig                       
41c00100  BSLConfig                       
00004ea0  C$$EXIT                         
00002fb3  CANFD0_IRQHandler               
000024fd  CopeSerial2Data                 
00002fb3  DAC0_IRQHandler                 
00004e49  DL_Common_delayCycles           
0000495d  DL_SPI_init                     
00004da1  DL_SPI_setClockConfig           
00003865  DL_Timer_initFourCCPWMMode      
00003969  DL_Timer_initTimerMode          
00004cf9  DL_Timer_setCaptCompUpdateMethod
00004d31  DL_Timer_setCaptureCompareOutCtl
00004dd9  DL_Timer_setCaptureCompareValue 
00004d15  DL_Timer_setClockConfig         
00004915  DL_UART_init                    
00004db3  DL_UART_setClockConfig          
00004b8d  DL_UART_transmitDataBlocking    
00002fb3  DMA_IRQHandler                  
00002fb3  Default_Handler                 
00004de9  Delay_ms                        
00002fb3  GROUP0_IRQHandler               
00004731  GROUP1_IRQHandler               
00004ea1  HOSTexit                        
00002fb3  HardFault_Handler               
00002fb3  I2C0_IRQHandler                 
00002fb3  I2C1_IRQHandler                 
00002a15  LCD_Address_Set                 
0000223d  LCD_Fill                        
000000c1  LCD_Init                        
00001a85  LCD_ShowChar                    
000048c9  LCD_ShowString                  
00004369  LCD_WR_DATA                     
00002fb3  NMI_Handler                     
00002fb3  PendSV_Handler                  
00002fb3  RTC_IRQHandler                  
00004ea5  Reset_Handler                   
00002fb3  SPI0_IRQHandler                 
00002fb3  SPI1_IRQHandler                 
00002fb3  SVC_Handler                     
00003639  SYSCFG_DL_GPIO_init             
000040a9  SYSCFG_DL_PWM_0_init            
0000411d  SYSCFG_DL_PWM_1_init            
00004831  SYSCFG_DL_SPI_LCD_init          
0000487d  SYSCFG_DL_SYSCTL_init           
000047e1  SYSCFG_DL_TIMER_TICK_init       
000043d9  SYSCFG_DL_UART_0_init           
00004449  SYSCFG_DL_UART_1_init           
000044b9  SYSCFG_DL_UART_2_init           
00004529  SYSCFG_DL_UART_3_init           
00004789  SYSCFG_DL_init                  
00003fa5  SYSCFG_DL_initPower             
00004599  StepMotor_Init                  
000049a1  StepMotor_MoveRelativeAngle     
00002fb3  SysTick_Handler                 
00002fb3  TIMA0_IRQHandler                
00004c19  TIMA1_IRQHandler                
00002fb3  TIMG0_IRQHandler                
00002fb3  TIMG12_IRQHandler               
00002fb3  TIMG6_IRQHandler                
00002fb3  TIMG7_IRQHandler                
00002fb3  TIMG8_IRQHandler                
00004c41  UART0_IRQHandler                
00004191  UART1_IRQHandler                
00002fb3  UART2_IRQHandler                
00003d0d  UART3_IRQHandler                
20200214  Velocity_Counter                
20208000  __STACK_END                     
00000200  __STACK_SIZE                    
00000000  __TI_ATRegion0_region_sz        
00000000  __TI_ATRegion0_src_addr         
00000000  __TI_ATRegion0_trg_addr         
00000000  __TI_ATRegion1_region_sz        
00000000  __TI_ATRegion1_src_addr         
00000000  __TI_ATRegion1_trg_addr         
00000000  __TI_ATRegion2_region_sz        
00000000  __TI_ATRegion2_src_addr         
00000000  __TI_ATRegion2_trg_addr         
000085bc  __TI_CINIT_Base                 
000085cc  __TI_CINIT_Limit                
000085cc  __TI_CINIT_Warm                 
000085a0  __TI_Handler_Table_Base         
000085ac  __TI_Handler_Table_Limit        
00004add  __TI_auto_init_nobinit_nopinit  
0000402d  __TI_decompress_lzss            
00004dc5  __TI_decompress_none            
ffffffff  __TI_pprof_out_hndl             
00002791  __TI_printfi_minimal            
ffffffff  __TI_prof_data_size             
ffffffff  __TI_prof_data_start            
00000ea9  __TI_scanfi                     
00000000  __TI_static_base__              
00004d61  __TI_zero_init_nomemset         
00002e2b  __adddf3                        
000082b0  __aeabi_ctype_table_            
000082b0  __aeabi_ctype_table_C           
00004281  __aeabi_d2f                     
00002e2b  __aeabi_dadd                    
0000466d  __aeabi_dcmpeq                  
000046a9  __aeabi_dcmpge                  
000046bd  __aeabi_dcmpgt                  
00004695  __aeabi_dcmple                  
00004681  __aeabi_dcmplt                  
00003759  __aeabi_ddiv                    
00003b51  __aeabi_dmul                    
00002e21  __aeabi_dsub                    
20200270  __aeabi_errno                   
00004e7d  __aeabi_errno_addr              
00003f19  __aeabi_fmul                    
00004aa1  __aeabi_i2f                     
00004913  __aeabi_idiv0                   
00004b53  __aeabi_ldiv0                   
00004cd9  __aeabi_llsl                    
00004c91  __aeabi_lmul                    
00004e3d  __aeabi_memclr                  
00004e3d  __aeabi_memclr4                 
00004e3d  __aeabi_memclr8                 
00004e85  __aeabi_memcpy                  
00004e85  __aeabi_memcpy4                 
00004e85  __aeabi_memcpy8                 
00004e21  __aeabi_memset                  
00004e21  __aeabi_memset4                 
00004e21  __aeabi_memset8                 
000049e1  __aeabi_uidiv                   
000049e1  __aeabi_uidivmod                
00004d79  __aeabi_uldivmod                
00004cd9  __ashldi3                       
ffffffff  __binit__                       
00004605  __cmpdf2                        
00003759  __divdf3                        
00004605  __eqdf2                         
00004aa1  __floatsisf                     
00004205  __gedf2                         
00004205  __gtdf2                         
00004605  __ledf2                         
00004605  __ltdf2                         
UNDEFED   __mpu_init                      
00003b51  __muldf3                        
00004c91  __muldi3                        
00004b19  __muldsi3                       
00003f19  __mulsf3                        
00004605  __nedf2                         
20207e00  __stack                         
20200000  __start___llvm_prf_bits         
20200000  __start___llvm_prf_cnts         
20200000  __stop___llvm_prf_bits          
20200000  __stop___llvm_prf_cnts          
00002e21  __subdf3                        
00004281  __truncdfsf2                    
00003ddd  __udivmoddi4                    
00004c69  _c_int00_noargs                 
UNDEFED   _system_post_cinit              
00004ea9  _system_pre_init                
00004e9b  abort                           
00007e30  ascii_1206                      
00007840  ascii_1608                      
00006670  ascii_2412                      
00004eb0  ascii_3216                      
00004a21  atoi                            
ffffffff  binit                           
20200000  gPWM_0Backup                    
202001a8  gSPI_LCDBackup                  
202000bc  gTIMER_TICKBackup               
20200178  gUART_3Backup                   
00000000  interruptVectors                
00003c35  ldexp                           
00003c35  ldexpl                          
00003511  main                            
20200274  maixcam_data                    
2020027c  maixcam_rx_ready                
00004cb5  memccpy                         
00003e7f  memcpy                          
000046cf  memset                          
20200213  rx_debug_flag                   
00003c35  scalbn                          
00003c35  scalbnl                         
00004b55  sprintf                         
00004bbd  sscanf                          
2020021c  stcAccel                        
20200254  stcAngle                        
20200230  stcGyro                         
20200244  stcQuat                         
00001e85  strtod                          
000032a1  strtol                          
00001e85  strtold                         
00002c41  strtoll                         
000033e5  strtoul                         
00003135  strtoull                        
20200218  time                            
2020027d  uart_data                       
00004bed  zdt_emm_degrees_to_pulses_x10   
00004a61  zdt_emm_enable_no_reply         
00003a65  zdt_emm_position_pulses         
00002fb5  zdt_emm_wait_reply              
20200260  zigbee_data                     


GLOBAL SYMBOLS: SORTED BY Symbol Address 

address   name                            
-------   ----                            
00000000  __TI_ATRegion0_region_sz        
00000000  __TI_ATRegion0_src_addr         
00000000  __TI_ATRegion0_trg_addr         
00000000  __TI_ATRegion1_region_sz        
00000000  __TI_ATRegion1_src_addr         
00000000  __TI_ATRegion1_trg_addr         
00000000  __TI_ATRegion2_region_sz        
00000000  __TI_ATRegion2_src_addr         
00000000  __TI_ATRegion2_trg_addr         
00000000  __TI_static_base__              
00000000  interruptVectors                
000000c1  LCD_Init                        
00000200  __STACK_SIZE                    
00000ea9  __TI_scanfi                     
00001a85  LCD_ShowChar                    
00001e85  strtod                          
00001e85  strtold                         
0000223d  LCD_Fill                        
000024fd  CopeSerial2Data                 
00002791  __TI_printfi_minimal            
00002a15  LCD_Address_Set                 
00002c41  strtoll                         
00002e21  __aeabi_dsub                    
00002e21  __subdf3                        
00002e2b  __adddf3                        
00002e2b  __aeabi_dadd                    
00002fb3  ADC0_IRQHandler                 
00002fb3  ADC1_IRQHandler                 
00002fb3  AES_IRQHandler                  
00002fb3  CANFD0_IRQHandler               
00002fb3  DAC0_IRQHandler                 
00002fb3  DMA_IRQHandler                  
00002fb3  Default_Handler                 
00002fb3  GROUP0_IRQHandler               
00002fb3  HardFault_Handler               
00002fb3  I2C0_IRQHandler                 
00002fb3  I2C1_IRQHandler                 
00002fb3  NMI_Handler                     
00002fb3  PendSV_Handler                  
00002fb3  RTC_IRQHandler                  
00002fb3  SPI0_IRQHandler                 
00002fb3  SPI1_IRQHandler                 
00002fb3  SVC_Handler                     
00002fb3  SysTick_Handler                 
00002fb3  TIMA0_IRQHandler                
00002fb3  TIMG0_IRQHandler                
00002fb3  TIMG12_IRQHandler               
00002fb3  TIMG6_IRQHandler                
00002fb3  TIMG7_IRQHandler                
00002fb3  TIMG8_IRQHandler                
00002fb3  UART2_IRQHandler                
00002fb5  zdt_emm_wait_reply              
00003135  strtoull                        
000032a1  strtol                          
000033e5  strtoul                         
00003511  main                            
00003639  SYSCFG_DL_GPIO_init             
00003759  __aeabi_ddiv                    
00003759  __divdf3                        
00003865  DL_Timer_initFourCCPWMMode      
00003969  DL_Timer_initTimerMode          
00003a65  zdt_emm_position_pulses         
00003b51  __aeabi_dmul                    
00003b51  __muldf3                        
00003c35  ldexp                           
00003c35  ldexpl                          
00003c35  scalbn                          
00003c35  scalbnl                         
00003d0d  UART3_IRQHandler                
00003ddd  __udivmoddi4                    
00003e7f  memcpy                          
00003f19  __aeabi_fmul                    
00003f19  __mulsf3                        
00003fa5  SYSCFG_DL_initPower             
0000402d  __TI_decompress_lzss            
000040a9  SYSCFG_DL_PWM_0_init            
0000411d  SYSCFG_DL_PWM_1_init            
00004191  UART1_IRQHandler                
00004205  __gedf2                         
00004205  __gtdf2                         
00004281  __aeabi_d2f                     
00004281  __truncdfsf2                    
00004369  LCD_WR_DATA                     
000043d9  SYSCFG_DL_UART_0_init           
00004449  SYSCFG_DL_UART_1_init           
000044b9  SYSCFG_DL_UART_2_init           
00004529  SYSCFG_DL_UART_3_init           
00004599  StepMotor_Init                  
00004605  __cmpdf2                        
00004605  __eqdf2                         
00004605  __ledf2                         
00004605  __ltdf2                         
00004605  __nedf2                         
0000466d  __aeabi_dcmpeq                  
00004681  __aeabi_dcmplt                  
00004695  __aeabi_dcmple                  
000046a9  __aeabi_dcmpge                  
000046bd  __aeabi_dcmpgt                  
000046cf  memset                          
00004731  GROUP1_IRQHandler               
00004789  SYSCFG_DL_init                  
000047e1  SYSCFG_DL_TIMER_TICK_init       
00004831  SYSCFG_DL_SPI_LCD_init          
0000487d  SYSCFG_DL_SYSCTL_init           
000048c9  LCD_ShowString                  
00004913  __aeabi_idiv0                   
00004915  DL_UART_init                    
0000495d  DL_SPI_init                     
000049a1  StepMotor_MoveRelativeAngle     
000049e1  __aeabi_uidiv                   
000049e1  __aeabi_uidivmod                
00004a21  atoi                            
00004a61  zdt_emm_enable_no_reply         
00004aa1  __aeabi_i2f                     
00004aa1  __floatsisf                     
00004add  __TI_auto_init_nobinit_nopinit  
00004b19  __muldsi3                       
00004b53  __aeabi_ldiv0                   
00004b55  sprintf                         
00004b8d  DL_UART_transmitDataBlocking    
00004bbd  sscanf                          
00004bed  zdt_emm_degrees_to_pulses_x10   
00004c19  TIMA1_IRQHandler                
00004c41  UART0_IRQHandler                
00004c69  _c_int00_noargs                 
00004c91  __aeabi_lmul                    
00004c91  __muldi3                        
00004cb5  memccpy                         
00004cd9  __aeabi_llsl                    
00004cd9  __ashldi3                       
00004cf9  DL_Timer_setCaptCompUpdateMethod
00004d15  DL_Timer_setClockConfig         
00004d31  DL_Timer_setCaptureCompareOutCtl
00004d61  __TI_zero_init_nomemset         
00004d79  __aeabi_uldivmod                
00004da1  DL_SPI_setClockConfig           
00004db3  DL_UART_setClockConfig          
00004dc5  __TI_decompress_none            
00004dd9  DL_Timer_setCaptureCompareValue 
00004de9  Delay_ms                        
00004e21  __aeabi_memset                  
00004e21  __aeabi_memset4                 
00004e21  __aeabi_memset8                 
00004e3d  __aeabi_memclr                  
00004e3d  __aeabi_memclr4                 
00004e3d  __aeabi_memclr8                 
00004e49  DL_Common_delayCycles           
00004e7d  __aeabi_errno_addr              
00004e85  __aeabi_memcpy                  
00004e85  __aeabi_memcpy4                 
00004e85  __aeabi_memcpy8                 
00004e9b  abort                           
00004ea0  C$$EXIT                         
00004ea1  HOSTexit                        
00004ea5  Reset_Handler                   
00004ea9  _system_pre_init                
00004eb0  ascii_3216                      
00006670  ascii_2412                      
00007840  ascii_1608                      
00007e30  ascii_1206                      
000082b0  __aeabi_ctype_table_            
000082b0  __aeabi_ctype_table_C           
000085a0  __TI_Handler_Table_Base         
000085ac  __TI_Handler_Table_Limit        
000085bc  __TI_CINIT_Base                 
000085cc  __TI_CINIT_Limit                
000085cc  __TI_CINIT_Warm                 
20200000  __start___llvm_prf_bits         
20200000  __start___llvm_prf_cnts         
20200000  __stop___llvm_prf_bits          
20200000  __stop___llvm_prf_cnts          
20200000  gPWM_0Backup                    
202000bc  gTIMER_TICKBackup               
20200178  gUART_3Backup                   
202001a8  gSPI_LCDBackup                  
20200213  rx_debug_flag                   
20200214  Velocity_Counter                
20200218  time                            
2020021c  stcAccel                        
20200230  stcGyro                         
20200244  stcQuat                         
20200254  stcAngle                        
20200260  zigbee_data                     
20200270  __aeabi_errno                   
20200274  maixcam_data                    
2020027c  maixcam_rx_ready                
2020027d  uart_data                       
20207e00  __stack                         
20208000  __STACK_END                     
41c00000  BCRConfig                       
41c00100  BSLConfig                       
ffffffff  __TI_pprof_out_hndl             
ffffffff  __TI_prof_data_size             
ffffffff  __TI_prof_data_start            
ffffffff  __binit__                       
ffffffff  binit                           
UNDEFED   __mpu_init                      
UNDEFED   _system_post_cinit              

[198 symbols]
