******************************************************************************
            TI ARM Clang Linker PC v4.0.4                      
******************************************************************************
>> Linked Fri Jul 24 11:30:18 2026

OUTPUT FILE NAME:   <ElcContestTest.out>
ENTRY POINT SYMBOL: "_c_int00_noargs"  address: 00004ebd


MEMORY CONFIGURATION

         name            origin    length      used     unused   attr    fill
----------------------  --------  ---------  --------  --------  ----  --------
  FLASH                 00000000   00020000  000086c0  00017940  R  X
  SRAM                  20200000   00008000  00000485  00007b7b  RW X
  BCR_CONFIG            41c00000   000000ff  00000060  0000009f  R   
  BSL_CONFIG            41c00100   00000080  00000058  00000028  R   


SEGMENT ALLOCATION MAP

run origin  load origin   length   init length attrs members
----------  ----------- ---------- ----------- ----- -------
00000000    00000000    000050d8   000050d8    r-x
  00000000    00000000    000000c0   000000c0    r-- .intvecs
  000000c0    000000c0    00005018   00005018    r-x .text
000050e0    000050e0    000035e8   000035e8    r--
  000050e0    000050e0    000035a0   000035a0    r-- .rodata
  00008680    00008680    00000048   00000048    r-- .cinit
20200000    20200000    00000285   00000000    rw-
  20200000    20200000    0000021c   00000000    rw- .bss
  2020021c    2020021c    00000069   00000000    rw- .data
20207e00    20207e00    00000200   00000000    rw-
  20207e00    20207e00    00000200   00000000    rw- .stack
41c00000    41c00000    00000060   00000060    r--
  41c00000    41c00000    00000060   00000060    r-- .BCRConfig
41c00100    41c00100    00000058   00000058    r--
  41c00100    41c00100    00000058   00000058    r-- .BSLConfig


SECTION ALLOCATION MAP

 output                                  attributes/
section   page    origin      length       input sections
--------  ----  ----------  ----------   ----------------
.intvecs   0    00000000    000000c0     
                  00000000    000000c0     startup_mspm0g350x_ticlang.o (.intvecs)

.text      0    000000c0    00005018     
                  000000c0    00000de8     lcd_init.o (.text.LCD_Init)
                  00000ea8    000009d0     libc.a : _printfi.c.obj (.text:__TI_printfi)
                  00001878    00000400     lcd.o (.text.LCD_ShowChar)
                  00001c78    000002c0     lcd.o (.text.LCD_Fill)
                  00001f38    00000294     IMU.o (.text.CopeSerial2Data)
                  000021cc    0000022c     lcd_init.o (.text.LCD_Address_Set)
                  000023f8    00000220     libc.a : _printfi.c.obj (.text._pconv_a)
                  00002618    0000021e     lcd.o (.text.LCD_ShowIntNum)
                  00002836    00000002     startup_mspm0g350x_ticlang.o (.text.Default_Handler)
                  00002838    000001dc     libc.a : _printfi.c.obj (.text._pconv_g)
                  00002a14    0000019a     lcd.o (.text.LCD_ShowFloatNum)
                  00002bae    00000002     libclang_rt.builtins.a : aeabi_div0.c.obj (.text.__aeabi_idiv0)
                  00002bb0    00000192                            : adddf3.S.obj (.text.adddf3_subdf3)
                  00002d42    00000002                            : aeabi_div0.c.obj (.text.__aeabi_ldiv0)
                  00002d44    0000018c     empty.o (.text.PID_Get)
                  00002ed0    00000174     empty.o (.text.Show_Update)
                  00003044    0000013c     libc.a : _printfi.c.obj (.text.fcvt)
                  00003180    00000120     ti_msp_dl_config.o (.text.SYSCFG_DL_GPIO_init)
                  000032a0    00000120     libc.a : _printfi.c.obj (.text._pconv_e)
                  000033c0    0000011c     empty.o (.text.Show_Init)
                  000034dc    0000010c     libclang_rt.builtins.a : divdf3.S.obj (.text.__divdf3)
                  000035e8    00000104     driverlib.a : dl_timer.o (.text.DL_Timer_initFourCCPWMMode)
                  000036ec    000000fc                 : dl_timer.o (.text.DL_Timer_initTimerMode)
                  000037e8    000000e4     libclang_rt.builtins.a : muldf3.S.obj (.text.__muldf3)
                  000038cc    000000e0     empty.o (.text.Velocity_Get)
                  000039ac    000000d8     libc.a : s_scalbn.c.obj (.text.scalbn)
                  00003a84    000000d8     libclang_rt.builtins.a : addsf3.S.obj (.text)
                  00003b5c    000000d4     board.o (.text.uart0_send_SendByte)
                  00003c30    000000a2     libclang_rt.builtins.a : udivmoddi4.S.obj (.text)
                  00003cd2    0000009a     libc.a : memcpy16.S.obj (.text:memcpy)
                  00003d6c    0000008c     libclang_rt.builtins.a : mulsf3.S.obj (.text.__mulsf3)
                  00003df8    00000082                            : divsf3.S.obj (.text.__divsf3)
                  00003e7a    00000002     --HOLE-- [fill = 0]
                  00003e7c    00000080     empty.o (.text.ALL_Init)
                  00003efc    00000080     empty.o (.text.main)
                  00003f7c    0000007c     libc.a : copy_decompress_lzss.c.obj (.text:decompress:lzss)
                  00003ff8    00000074     KEY.o (.text.Key_Get)
                  0000406c    00000074     ti_msp_dl_config.o (.text.SYSCFG_DL_PWM_0_init)
                  000040e0    00000074     ti_msp_dl_config.o (.text.SYSCFG_DL_PWM_1_init)
                  00004154    00000074     libclang_rt.builtins.a : comparedf2.c.obj (.text.__gedf2)
                  000041c8    00000070     lcd_init.o (.text.LCD_WR_DATA)
                  00004238    00000070     ti_msp_dl_config.o (.text.SYSCFG_DL_UART_0_init)
                  000042a8    00000068     libclang_rt.builtins.a : comparedf2.c.obj (.text.__ledf2)
                  00004310    00000068     board.o (.text.lc_printf)
                  00004378    00000066     libc.a : _printfi.c.obj (.text._mcpy)
                  000043de    00000002     --HOLE-- [fill = 0]
                  000043e0    00000062     libclang_rt.builtins.a : aeabi_dcmp.S.obj (.text.__aeabi_dcmp)
                  00004442    00000002     --HOLE-- [fill = 0]
                  00004444    00000062                            : aeabi_fcmp.S.obj (.text.__aeabi_fcmp)
                  000044a6    00000062     libc.a : memset16.S.obj (.text:memset)
                  00004508    00000060     ti_msp_dl_config.o (.text.SYSCFG_DL_initPower)
                  00004568    0000005c     libc.a : s_frexp.c.obj (.text.frexp)
                  000045c4    00000058     ENCODER.o (.text.GROUP1_IRQHandler)
                  0000461c    00000058     libc.a : _ltoa.c.obj (.text.__TI_ltoa)
                  00004674    00000058            : _printfi.c.obj (.text._pconv_f)
                  000046cc    00000056     libclang_rt.builtins.a : aeabi_idivmod.S.obj (.text.__aeabi_idivmod)
                  00004722    00000052     libc.a : _printfi.c.obj (.text._ecpy)
                  00004774    00000050     ti_msp_dl_config.o (.text.SYSCFG_DL_TIMER_TICK_init)
                  000047c4    0000004c     ti_msp_dl_config.o (.text.SYSCFG_DL_SPI_LCD_init)
                  00004810    0000004c     ti_msp_dl_config.o (.text.SYSCFG_DL_SYSCTL_init)
                  0000485c    0000004a     lcd.o (.text.LCD_ShowString)
                  000048a6    00000002     --HOLE-- [fill = 0]
                  000048a8    0000004a     libclang_rt.builtins.a : fixdfsi.S.obj (.text.__fixdfsi)
                  000048f2    00000002     --HOLE-- [fill = 0]
                  000048f4    00000048     driverlib.a : dl_uart.o (.text.DL_UART_init)
                  0000493c    00000044                 : dl_spi.o (.text.DL_SPI_init)
                  00004980    00000044     IMU.o (.text.IMU_Init)
                  000049c4    00000044     ti_msp_dl_config.o (.text.SYSCFG_DL_init)
                  00004a08    00000040     libclang_rt.builtins.a : aeabi_uidivmod.S.obj (.text.__aeabi_uidivmod)
                  00004a48    00000040                            : extendsfdf2.S.obj (.text.__extendsfdf2)
                  00004a88    00000040     libc.a : atoi.c.obj (.text.atoi)
                  00004ac8    00000040            : vsnprintf.c.obj (.text.vsnprintf)
                  00004b08    0000003c     MOTOR.o (.text.AO_Control)
                  00004b44    0000003c     MOTOR.o (.text.BO_Control)
                  00004b80    0000003c     libclang_rt.builtins.a : floatsisf.S.obj (.text.__floatsisf)
                  00004bbc    0000003c                            : comparesf2.S.obj (.text.__gtsf2)
                  00004bf8    0000003c     libc.a : autoinit.c.obj (.text:__TI_auto_init_nobinit_nopinit)
                  00004c34    0000003a     libclang_rt.builtins.a : comparesf2.S.obj (.text.__eqsf2)
                  00004c6e    00000002     --HOLE-- [fill = 0]
                  00004c70    0000003a                            : muldsi3.S.obj (.text.__muldsi3)
                  00004caa    00000002     --HOLE-- [fill = 0]
                  00004cac    00000038     ENCODER.o (.text.Encoder_Get)
                  00004ce4    00000038     libclang_rt.builtins.a : fixsfsi.S.obj (.text.__fixsfsi)
                  00004d1c    00000038     IMU.o (.text.sendCaliYawCommand)
                  00004d54    00000032     libclang_rt.builtins.a : fixunssfsi.S.obj (.text.__fixunssfsi)
                  00004d86    00000002     --HOLE-- [fill = 0]
                  00004d88    00000030     ENCODER.o (.text.Encoder_Init)
                  00004db8    00000030     libc.a : _printfi.c.obj (.text._fcpy)
                  00004de8    00000030            : vsnprintf.c.obj (.text._outs)
                  00004e18    0000002c     libclang_rt.builtins.a : floatsidf.S.obj (.text.__floatsidf)
                  00004e44    00000028     empty.o (.text.TIMA1_IRQHandler)
                  00004e6c    00000028     IMU.o (.text.UART0_IRQHandler)
                  00004e94    00000028     libclang_rt.builtins.a : floatunsisf.S.obj (.text.__floatunsisf)
                  00004ebc    00000028     libc.a : boot_cortex_m.c.obj (.text:_c_int00_noargs)
                  00004ee4    00000024     libclang_rt.builtins.a : muldi3.S.obj (.text.__muldi3)
                  00004f08    00000022     libc.a : memccpy.c.obj (.text.memccpy)
                  00004f2a    00000002     --HOLE-- [fill = 0]
                  00004f2c    0000001e     libclang_rt.builtins.a : ashldi3.S.obj (.text.__ashldi3)
                  00004f4a    00000002     --HOLE-- [fill = 0]
                  00004f4c    0000001c     driverlib.a : dl_timer.o (.text.DL_Timer_setCaptCompUpdateMethod)
                  00004f68    0000001c                 : dl_timer.o (.text.DL_Timer_setClockConfig)
                  00004f84    00000018                 : dl_timer.o (.text.DL_Timer_setCaptureCompareOutCtl)
                  00004f9c    00000018     libc.a : vsnprintf.c.obj (.text._outc)
                  00004fb4    00000016            : copy_zero_init.c.obj (.text:decompress:ZI:__TI_zero_init_nomemset)
                  00004fca    00000002     --HOLE-- [fill = 0]
                  00004fcc    00000014     libclang_rt.builtins.a : aeabi_uldivmod.S.obj (.text.__aeabi_uldivmod)
                  00004fe0    00000014     libc.a : _printfi.c.obj (.text.strchr)
                  00004ff4    00000012     driverlib.a : dl_spi.o (.text.DL_SPI_setClockConfig)
                  00005006    00000012                 : dl_uart.o (.text.DL_UART_setClockConfig)
                  00005018    00000012     libc.a : copy_decompress_none.c.obj (.text:decompress:none)
                  0000502a    00000002     --HOLE-- [fill = 0]
                  0000502c    00000010     driverlib.a : dl_timer.o (.text.DL_Timer_setCaptureCompareValue)
                  0000503c    00000010     libc.a : wcslen.c.obj (.text.wcslen)
                  0000504c    0000000e     board.o (.text.Delay_ms)
                  0000505a    00000002     --HOLE-- [fill = 0]
                  0000505c    0000000e     libclang_rt.builtins.a : aeabi_memset.S.obj (.text.__aeabi_memset)
                  0000506a    0000000e     libc.a : _printfi.c.obj (.text.strlen)
                  00005078    0000000c     libclang_rt.builtins.a : aeabi_memset.S.obj (.text.__aeabi_memclr)
                  00005084    0000000a     driverlib.a : dl_common.o (.text.DL_Common_delayCycles)
                  0000508e    0000000a     libc.a : _printfi.c.obj (.text.OUTLINED_FUNCTION_0)
                  00005098    00000010     libclang_rt.builtins.a : adddf3.S.obj (.tramp.__aeabi_dsub.1)
                  000050a8    0000000a     libc.a : _printfi.c.obj (.text.OUTLINED_FUNCTION_1)
                  000050b2    00000002     --HOLE-- [fill = 0]
                  000050b4    00000008            : aeabi_portable.c.obj (.text.__aeabi_errno_addr)
                  000050bc    00000008     libclang_rt.builtins.a : aeabi_memcpy.S.obj (.text.__aeabi_memcpy)
                  000050c4    00000006     libc.a : exit.c.obj (.text:abort)
                  000050ca    00000004     libsysbm.a : hostexit.c.obj (.text.HOSTexit)
                  000050ce    00000004     startup_mspm0g350x_ticlang.o (.text.Reset_Handler)
                  000050d2    00000004     libc.a : pre_init.c.obj (.text._system_pre_init)
                  000050d6    00000002     --HOLE-- [fill = 0]

.cinit     0    00008680    00000048     
                  00008680    00000021     (.cinit..data.load) [load image, compression = lzss]
                  000086a1    00000003     --HOLE-- [fill = 0]
                  000086a4    0000000c     (__TI_handler_table)
                  000086b0    00000008     (.cinit..bss.load) [load image, compression = zero_init]
                  000086b8    00000010     (__TI_cinit_table)

.rodata    0    000050e0    000035a0     
                  000050e0    000017c0     lcd.o (.rodata.ascii_3216)
                  000068a0    000011d0     lcd.o (.rodata.ascii_2412)
                  00007a70    000005f0     lcd.o (.rodata.ascii_1608)
                  00008060    00000474     lcd.o (.rodata.ascii_1206)
                  000084d4    0000000a     ti_msp_dl_config.o (.rodata.gSPI_LCD_config)
                  000084de    00000002     ti_msp_dl_config.o (.rodata.gSPI_LCD_clockConfig)
                  000084e0    00000101     libc.a : aeabi_ctype.S.obj (.rodata:__aeabi_ctype_table_)
                  000085e1    00000003     ti_msp_dl_config.o (.rodata.gPWM_0ClockConfig)
                  000085e4    00000014     ti_msp_dl_config.o (.rodata.gTIMER_TICKTimerConfig)
                  000085f8    00000011     libc.a : _printfi.c.obj (.rodata.str1.10348868589481759720.1)
                  00008609    00000011            : _printfi.c.obj (.rodata.str1.15363888844622738466.1)
                  0000861a    0000000a     ti_msp_dl_config.o (.rodata.gUART_0Config)
                  00008624    0000000a     empty.o (.rodata.str1.2196762768037919588.1)
                  0000862e    00000002     ti_msp_dl_config.o (.rodata.gUART_0ClockConfig)
                  00008630    00000008     ti_msp_dl_config.o (.rodata.gPWM_0Config)
                  00008638    00000008     ti_msp_dl_config.o (.rodata.gPWM_1Config)
                  00008640    00000008     empty.o (.rodata.str1.11898133897667081452.1)
                  00008648    00000008     empty.o (.rodata.str1.14685083708502177989.1)
                  00008650    00000008     empty.o (.rodata.str1.17669528882079347314.1)
                  00008658    00000008     empty.o (.rodata.str1.254342170260855183.1)
                  00008660    00000007     empty.o (.rodata.str1.15706828512682300538.1)
                  00008667    00000004     empty.o (.rodata.str1.150872071346279890.1)
                  0000866b    00000004     empty.o (.rodata.str1.16704889451495720520.1)
                  0000866f    00000004     empty.o (.rodata.str1.7401042497206923953.1)
                  00008673    00000004     empty.o (.rodata.str1.9517790425240694019.1)
                  00008677    00000003     ti_msp_dl_config.o (.rodata.gPWM_1ClockConfig)
                  0000867a    00000003     ti_msp_dl_config.o (.rodata.gTIMER_TICKClockConfig)
                  0000867d    00000003     --HOLE-- [fill = 0]

.init_array 
*          0    00000000    00000000     UNINITIALIZED

.binit     0    00000000    00000000     

.bss       0    20200000    0000021c     UNINITIALIZED
                  20200000    000000bc     (.common:gPWM_0Backup)
                  202000bc    000000bc     (.common:gTIMER_TICKBackup)
                  20200178    00000028     (.common:Wheel_Left)
                  202001a0    00000028     (.common:Wheel_Right)
                  202001c8    00000028     (.common:gSPI_LCDBackup)
                  202001f0    0000000c     ENCODER.o (.bss.motor_encoder1)
                  202001fc    0000000c     ENCODER.o (.bss.motor_encoder2)
                  20200208    0000000b     IMU.o (.bss.CopeSerial2Data.ucRxBuffer)
                  20200213    00000001     (.common:Track_Value)
                  20200214    00000004     (.common:Distance)
                  20200218    00000004     (.common:Velocity_Counter)

.data      0    2020021c    00000069     UNINITIALIZED
                  2020021c    00000014     IMU.o (.data.stcAccel)
                  20200230    00000014     IMU.o (.data.stcGyro)
                  20200244    00000010     IMU.o (.data.stcQuat)
                  20200254    0000000c     IMU.o (.data.stcAngle)
                  20200260    00000005     IMU.o (.data.Key)
                  20200265    00000005     IMU.o (.data.Save)
                  2020026a    00000005     IMU.o (.data.Yaw_Zero)
                  2020026f    00000001     IMU.o (.data.CopeSerial2Data.ucRxCnt)
                  20200270    00000004     empty.o (.data.PID_KD)
                  20200274    00000004     empty.o (.data.PID_KI)
                  20200278    00000004     empty.o (.data.PID_KP)
                  2020027c    00000004     libc.a : aeabi_portable.c.obj (.data.__aeabi_errno)
                  20200280    00000004     empty.o (.data.time)
                  20200284    00000001     IMU.o (.data.uart_data)

.stack     0    20207e00    00000200     UNINITIALIZED
                  20207e00    00000004     libc.a : boot_cortex_m.c.obj (.stack)
                  20207e04    000001fc     --HOLE--

.BCRConfig 
*          0    41c00000    00000060     
                  41c00000    00000060     boot_config.o (.BCRConfig)

.BSLConfig 
*          0    41c00100    00000058     
                  41c00100    00000058     boot_config.o (.BSLConfig)

__llvm_prf_cnts 
*          0    20200000    00000000     UNINITIALIZED

__llvm_prf_bits 
*          0    20200000    00000000     UNINITIALIZED

MODULE SUMMARY

       Module                         code    ro data   rw data
       ------                         ----    -------   -------
    .\
       empty.o                        1572    65        105    
       ti_msp_dl_config.o             1028    69        416    
       startup_mspm0g350x_ticlang.o   6       192       0      
       boot_config.o                  0       184       0      
    +--+------------------------------+-------+---------+---------+
       Total:                         2606    510       521    
                                                               
    .\BPS\Board\
       board.o                        330     0         0      
    +--+------------------------------+-------+---------+---------+
       Total:                         330     0         0      
                                                               
    .\BPS\lcd\
       lcd.o                          2754    13300     0      
       lcd_init.o                     4228    0         0      
    +--+------------------------------+-------+---------+---------+
       Total:                         6982    13300     0      
                                                               
    .\BPS\src\
       IMU.o                          824     0         96     
       ENCODER.o                      192     0         24     
       MOTOR.o                        120     0         0      
       KEY.o                          116     0         0      
    +--+------------------------------+-------+---------+---------+
       Total:                         1252    0         120    
                                                               
    E:/SDK/Ti/mspm0_sdk_2_10_00_04/mspm0_sdk_2_11_00_07/source/ti/driverlib/lib/ticlang/m0p/mspm0g1x0x_g3x0x/driverlib.a
       dl_timer.o                     608     0         0      
       dl_uart.o                      90      0         0      
       dl_spi.o                       86      0         0      
       dl_common.o                    10      0         0      
    +--+------------------------------+-------+---------+---------+
       Total:                         794     0         0      
                                                               
    E:\software\IDE\Code Composer Studio\ccs\tools\compiler\ti-cgt-armllvm_4.0.4.LTS\lib\armv6m-ti-none-eabi/c/libc.a
       _printfi.c.obj                 4510    34        0      
       aeabi_ctype.S.obj              0       257       0      
       s_scalbn.c.obj                 216     0         0      
       memcpy16.S.obj                 154     0         0      
       vsnprintf.c.obj                136     0         0      
       copy_decompress_lzss.c.obj     124     0         0      
       memset16.S.obj                 98      0         0      
       s_frexp.c.obj                  92      0         0      
       _ltoa.c.obj                    88      0         0      
       atoi.c.obj                     64      0         0      
       autoinit.c.obj                 60      0         0      
       boot_cortex_m.c.obj            40      0         0      
       memccpy.c.obj                  34      0         0      
       copy_zero_init.c.obj           22      0         0      
       copy_decompress_none.c.obj     18      0         0      
       wcslen.c.obj                   16      0         0      
       aeabi_portable.c.obj           8       0         4      
       exit.c.obj                     6       0         0      
       pre_init.c.obj                 4       0         0      
    +--+------------------------------+-------+---------+---------+
       Total:                         5690    291       4      
                                                               
    E:\software\IDE\Code Composer Studio\ccs\tools\compiler\ti-cgt-armllvm_4.0.4.LTS\lib\armv6m-ti-none-eabi/c/libsysbm.a
       hostexit.c.obj                 4       0         0      
    +--+------------------------------+-------+---------+---------+
       Total:                         4       0         0      
                                                               
    E:\software\IDE\Code Composer Studio\ccs\tools\compiler\ti-cgt-armllvm_4.0.4.LTS\lib\armv6m-ti-none-eabi/libclang_rt.builtins.a
       adddf3.S.obj                   418     0         0      
       divdf3.S.obj                   268     0         0      
       muldf3.S.obj                   228     0         0      
       comparedf2.c.obj               220     0         0      
       addsf3.S.obj                   216     0         0      
       udivmoddi4.S.obj               162     0         0      
       mulsf3.S.obj                   140     0         0      
       divsf3.S.obj                   130     0         0      
       comparesf2.S.obj               118     0         0      
       aeabi_dcmp.S.obj               98      0         0      
       aeabi_fcmp.S.obj               98      0         0      
       aeabi_idivmod.S.obj            86      0         0      
       fixdfsi.S.obj                  74      0         0      
       aeabi_uidivmod.S.obj           64      0         0      
       extendsfdf2.S.obj              64      0         0      
       floatsisf.S.obj                60      0         0      
       muldsi3.S.obj                  58      0         0      
       fixsfsi.S.obj                  56      0         0      
       fixunssfsi.S.obj               50      0         0      
       floatsidf.S.obj                44      0         0      
       floatunsisf.S.obj              40      0         0      
       muldi3.S.obj                   36      0         0      
       ashldi3.S.obj                  30      0         0      
       aeabi_memset.S.obj             26      0         0      
       aeabi_uldivmod.S.obj           20      0         0      
       aeabi_memcpy.S.obj             8       0         0      
       aeabi_div0.c.obj               4       0         0      
    +--+------------------------------+-------+---------+---------+
       Total:                         2816    0         0      
                                                               
       Stack:                         0       0         512    
       Linker Generated:              0       69        0      
    +--+------------------------------+-------+---------+---------+
       Grand Total:                   20474   14170     1157   


LINKER GENERATED COPY TABLES

__TI_cinit_table @ 000086b8 records: 2, size/record: 8, table size: 16
	.data: load addr=00008680, load size=00000021 bytes, run addr=2020021c, run size=00000069 bytes, compression=lzss
	.bss: load addr=000086b0, load size=00000008 bytes, run addr=20200000, run size=0000021c bytes, compression=zero_init


LINKER GENERATED HANDLER TABLE

__TI_handler_table @ 000086a4 records: 3, size/record: 4, table size: 12
	index: 0, handler: __TI_decompress_lzss
	index: 1, handler: __TI_decompress_none
	index: 2, handler: __TI_zero_init


FAR CALL TRAMPOLINES

callee name               trampoline name
   callee addr  tramp addr   call addr  call info
--------------  -----------  ---------  ----------------
__aeabi_dsub              $Tramp$TT$L$PI$$__aeabi_dsub
   00002bb1     00005098     00005096   libc.a : _printfi.c.obj (.text.OUTLINED_FUNCTION_0)

[1 trampolines]
[1 trampoline calls]


GLOBAL SYMBOLS: SORTED ALPHABETICALLY BY Name 

address   name                            
-------   ----                            
00002837  ADC0_IRQHandler                 
00002837  ADC1_IRQHandler                 
00002837  AES_IRQHandler                  
00003e7d  ALL_Init                        
00004b09  AO_Control                      
41c00000  BCRConfig                       
00004b45  BO_Control                      
41c00100  BSLConfig                       
000050ca  C$$EXIT                         
00002837  CANFD0_IRQHandler               
00001f39  CopeSerial2Data                 
00002837  DAC0_IRQHandler                 
00005085  DL_Common_delayCycles           
0000493d  DL_SPI_init                     
00004ff5  DL_SPI_setClockConfig           
000035e9  DL_Timer_initFourCCPWMMode      
000036ed  DL_Timer_initTimerMode          
00004f4d  DL_Timer_setCaptCompUpdateMethod
00004f85  DL_Timer_setCaptureCompareOutCtl
0000502d  DL_Timer_setCaptureCompareValue 
00004f69  DL_Timer_setClockConfig         
000048f5  DL_UART_init                    
00005007  DL_UART_setClockConfig          
00002837  DMA_IRQHandler                  
00002837  Default_Handler                 
0000504d  Delay_ms                        
20200214  Distance                        
00004cad  Encoder_Get                     
00004d89  Encoder_Init                    
00002837  GROUP0_IRQHandler               
000045c5  GROUP1_IRQHandler               
000050cb  HOSTexit                        
00002837  HardFault_Handler               
00002837  I2C0_IRQHandler                 
00002837  I2C1_IRQHandler                 
00004981  IMU_Init                        
20200260  Key                             
00003ff9  Key_Get                         
000021cd  LCD_Address_Set                 
00001c79  LCD_Fill                        
000000c1  LCD_Init                        
00001879  LCD_ShowChar                    
00002a15  LCD_ShowFloatNum                
00002619  LCD_ShowIntNum                  
0000485d  LCD_ShowString                  
000041c9  LCD_WR_DATA                     
00002837  NMI_Handler                     
20200270  PID_KD                          
20200274  PID_KI                          
20200278  PID_KP                          
00002837  PendSV_Handler                  
00002837  RTC_IRQHandler                  
000050cf  Reset_Handler                   
00002837  SPI0_IRQHandler                 
00002837  SPI1_IRQHandler                 
00002837  SVC_Handler                     
00003181  SYSCFG_DL_GPIO_init             
0000406d  SYSCFG_DL_PWM_0_init            
000040e1  SYSCFG_DL_PWM_1_init            
000047c5  SYSCFG_DL_SPI_LCD_init          
00004811  SYSCFG_DL_SYSCTL_init           
00004775  SYSCFG_DL_TIMER_TICK_init       
00004239  SYSCFG_DL_UART_0_init           
000049c5  SYSCFG_DL_init                  
00004509  SYSCFG_DL_initPower             
20200265  Save                            
000033c1  Show_Init                       
00002ed1  Show_Update                     
00002837  SysTick_Handler                 
00002837  TIMA0_IRQHandler                
00004e45  TIMA1_IRQHandler                
00002837  TIMG0_IRQHandler                
00002837  TIMG12_IRQHandler               
00002837  TIMG6_IRQHandler                
00002837  TIMG7_IRQHandler                
00002837  TIMG8_IRQHandler                
20200213  Track_Value                     
00004e6d  UART0_IRQHandler                
00002837  UART1_IRQHandler                
00002837  UART2_IRQHandler                
00002837  UART3_IRQHandler                
20200218  Velocity_Counter                
000038cd  Velocity_Get                    
20200178  Wheel_Left                      
202001a0  Wheel_Right                     
2020026a  Yaw_Zero                        
20208000  __STACK_END                     
00000200  __STACK_SIZE                    
00000000  __TI_ATRegion0_region_sz        
00000000  __TI_ATRegion0_src_addr         
00000000  __TI_ATRegion0_trg_addr         
00000000  __TI_ATRegion1_region_sz        
00000000  __TI_ATRegion1_src_addr         
00000000  __TI_ATRegion1_trg_addr         
00000000  __TI_ATRegion2_region_sz        
00000000  __TI_ATRegion2_src_addr         
00000000  __TI_ATRegion2_trg_addr         
000086b8  __TI_CINIT_Base                 
000086c8  __TI_CINIT_Limit                
000086c8  __TI_CINIT_Warm                 
000086a4  __TI_Handler_Table_Base         
000086b0  __TI_Handler_Table_Limit        
00004bf9  __TI_auto_init_nobinit_nopinit  
00003f7d  __TI_decompress_lzss            
00005019  __TI_decompress_none            
0000461d  __TI_ltoa                       
ffffffff  __TI_pprof_out_hndl             
00000ea9  __TI_printfi                    
ffffffff  __TI_prof_data_size             
ffffffff  __TI_prof_data_start            
00000000  __TI_static_base__              
00004fb5  __TI_zero_init_nomemset         
00002bbb  __adddf3                        
00003a8f  __addsf3                        
000084e0  __aeabi_ctype_table_            
000084e0  __aeabi_ctype_table_C           
000048a9  __aeabi_d2iz                    
00002bbb  __aeabi_dadd                    
000043e1  __aeabi_dcmpeq                  
0000441d  __aeabi_dcmpge                  
00004431  __aeabi_dcmpgt                  
00004409  __aeabi_dcmple                  
000043f5  __aeabi_dcmplt                  
000034dd  __aeabi_ddiv                    
000037e9  __aeabi_dmul                    
00002bb1  __aeabi_dsub                    
2020027c  __aeabi_errno                   
000050b5  __aeabi_errno_addr              
00004a49  __aeabi_f2d                     
00004ce5  __aeabi_f2iz                    
00004d55  __aeabi_f2uiz                   
00003a8f  __aeabi_fadd                    
00004445  __aeabi_fcmpeq                  
00004481  __aeabi_fcmpge                  
00004495  __aeabi_fcmpgt                  
0000446d  __aeabi_fcmple                  
00004459  __aeabi_fcmplt                  
00003df9  __aeabi_fdiv                    
00003d6d  __aeabi_fmul                    
00003a85  __aeabi_fsub                    
00004e19  __aeabi_i2d                     
00004b81  __aeabi_i2f                     
000046cd  __aeabi_idiv                    
00002baf  __aeabi_idiv0                   
000046cd  __aeabi_idivmod                 
00002d43  __aeabi_ldiv0                   
00004f2d  __aeabi_llsl                    
00004ee5  __aeabi_lmul                    
00005079  __aeabi_memclr                  
00005079  __aeabi_memclr4                 
00005079  __aeabi_memclr8                 
000050bd  __aeabi_memcpy                  
000050bd  __aeabi_memcpy4                 
000050bd  __aeabi_memcpy8                 
0000505d  __aeabi_memset                  
0000505d  __aeabi_memset4                 
0000505d  __aeabi_memset8                 
00004e95  __aeabi_ui2f                    
00004a09  __aeabi_uidiv                   
00004a09  __aeabi_uidivmod                
00004fcd  __aeabi_uldivmod                
00004f2d  __ashldi3                       
ffffffff  __binit__                       
000042a9  __cmpdf2                        
00004c35  __cmpsf2                        
000034dd  __divdf3                        
00003df9  __divsf3                        
000042a9  __eqdf2                         
00004c35  __eqsf2                         
00004a49  __extendsfdf2                   
000048a9  __fixdfsi                       
00004ce5  __fixsfsi                       
00004d55  __fixunssfsi                    
00004e19  __floatsidf                     
00004b81  __floatsisf                     
00004e95  __floatunsisf                   
00004155  __gedf2                         
00004bbd  __gesf2                         
00004155  __gtdf2                         
00004bbd  __gtsf2                         
000042a9  __ledf2                         
00004c35  __lesf2                         
000042a9  __ltdf2                         
00004c35  __ltsf2                         
UNDEFED   __mpu_init                      
000037e9  __muldf3                        
00004ee5  __muldi3                        
00004c71  __muldsi3                       
00003d6d  __mulsf3                        
000042a9  __nedf2                         
00004c35  __nesf2                         
20207e00  __stack                         
20200000  __start___llvm_prf_bits         
20200000  __start___llvm_prf_cnts         
20200000  __stop___llvm_prf_bits          
20200000  __stop___llvm_prf_cnts          
00002bb1  __subdf3                        
00003a85  __subsf3                        
00003c31  __udivmoddi4                    
00004ebd  _c_int00_noargs                 
UNDEFED   _system_post_cinit              
000050d3  _system_pre_init                
000050c5  abort                           
00008060  ascii_1206                      
00007a70  ascii_1608                      
000068a0  ascii_2412                      
000050e0  ascii_3216                      
00004a89  atoi                            
ffffffff  binit                           
00004569  frexp                           
00004569  frexpl                          
20200000  gPWM_0Backup                    
202001c8  gSPI_LCDBackup                  
202000bc  gTIMER_TICKBackup               
00000000  interruptVectors                
00004311  lc_printf                       
000039ad  ldexp                           
000039ad  ldexpl                          
00003efd  main                            
00004f09  memccpy                         
00003cd3  memcpy                          
000044a7  memset                          
000039ad  scalbn                          
000039ad  scalbnl                         
00004d1d  sendCaliYawCommand              
2020021c  stcAccel                        
20200254  stcAngle                        
20200230  stcGyro                         
20200244  stcQuat                         
20200280  time                            
00003b5d  uart0_send_SendByte             
20200284  uart_data                       
00004ac9  vsnprintf                       
0000503d  wcslen                          


GLOBAL SYMBOLS: SORTED BY Symbol Address 

address   name                            
-------   ----                            
00000000  __TI_ATRegion0_region_sz        
00000000  __TI_ATRegion0_src_addr         
00000000  __TI_ATRegion0_trg_addr         
00000000  __TI_ATRegion1_region_sz        
00000000  __TI_ATRegion1_src_addr         
00000000  __TI_ATRegion1_trg_addr         
00000000  __TI_ATRegion2_region_sz        
00000000  __TI_ATRegion2_src_addr         
00000000  __TI_ATRegion2_trg_addr         
00000000  __TI_static_base__              
00000000  interruptVectors                
000000c1  LCD_Init                        
00000200  __STACK_SIZE                    
00000ea9  __TI_printfi                    
00001879  LCD_ShowChar                    
00001c79  LCD_Fill                        
00001f39  CopeSerial2Data                 
000021cd  LCD_Address_Set                 
00002619  LCD_ShowIntNum                  
00002837  ADC0_IRQHandler                 
00002837  ADC1_IRQHandler                 
00002837  AES_IRQHandler                  
00002837  CANFD0_IRQHandler               
00002837  DAC0_IRQHandler                 
00002837  DMA_IRQHandler                  
00002837  Default_Handler                 
00002837  GROUP0_IRQHandler               
00002837  HardFault_Handler               
00002837  I2C0_IRQHandler                 
00002837  I2C1_IRQHandler                 
00002837  NMI_Handler                     
00002837  PendSV_Handler                  
00002837  RTC_IRQHandler                  
00002837  SPI0_IRQHandler                 
00002837  SPI1_IRQHandler                 
00002837  SVC_Handler                     
00002837  SysTick_Handler                 
00002837  TIMA0_IRQHandler                
00002837  TIMG0_IRQHandler                
00002837  TIMG12_IRQHandler               
00002837  TIMG6_IRQHandler                
00002837  TIMG7_IRQHandler                
00002837  TIMG8_IRQHandler                
00002837  UART1_IRQHandler                
00002837  UART2_IRQHandler                
00002837  UART3_IRQHandler                
00002a15  LCD_ShowFloatNum                
00002baf  __aeabi_idiv0                   
00002bb1  __aeabi_dsub                    
00002bb1  __subdf3                        
00002bbb  __adddf3                        
00002bbb  __aeabi_dadd                    
00002d43  __aeabi_ldiv0                   
00002ed1  Show_Update                     
00003181  SYSCFG_DL_GPIO_init             
000033c1  Show_Init                       
000034dd  __aeabi_ddiv                    
000034dd  __divdf3                        
000035e9  DL_Timer_initFourCCPWMMode      
000036ed  DL_Timer_initTimerMode          
000037e9  __aeabi_dmul                    
000037e9  __muldf3                        
000038cd  Velocity_Get                    
000039ad  ldexp                           
000039ad  ldexpl                          
000039ad  scalbn                          
000039ad  scalbnl                         
00003a85  __aeabi_fsub                    
00003a85  __subsf3                        
00003a8f  __addsf3                        
00003a8f  __aeabi_fadd                    
00003b5d  uart0_send_SendByte             
00003c31  __udivmoddi4                    
00003cd3  memcpy                          
00003d6d  __aeabi_fmul                    
00003d6d  __mulsf3                        
00003df9  __aeabi_fdiv                    
00003df9  __divsf3                        
00003e7d  ALL_Init                        
00003efd  main                            
00003f7d  __TI_decompress_lzss            
00003ff9  Key_Get                         
0000406d  SYSCFG_DL_PWM_0_init            
000040e1  SYSCFG_DL_PWM_1_init            
00004155  __gedf2                         
00004155  __gtdf2                         
000041c9  LCD_WR_DATA                     
00004239  SYSCFG_DL_UART_0_init           
000042a9  __cmpdf2                        
000042a9  __eqdf2                         
000042a9  __ledf2                         
000042a9  __ltdf2                         
000042a9  __nedf2                         
00004311  lc_printf                       
000043e1  __aeabi_dcmpeq                  
000043f5  __aeabi_dcmplt                  
00004409  __aeabi_dcmple                  
0000441d  __aeabi_dcmpge                  
00004431  __aeabi_dcmpgt                  
00004445  __aeabi_fcmpeq                  
00004459  __aeabi_fcmplt                  
0000446d  __aeabi_fcmple                  
00004481  __aeabi_fcmpge                  
00004495  __aeabi_fcmpgt                  
000044a7  memset                          
00004509  SYSCFG_DL_initPower             
00004569  frexp                           
00004569  frexpl                          
000045c5  GROUP1_IRQHandler               
0000461d  __TI_ltoa                       
000046cd  __aeabi_idiv                    
000046cd  __aeabi_idivmod                 
00004775  SYSCFG_DL_TIMER_TICK_init       
000047c5  SYSCFG_DL_SPI_LCD_init          
00004811  SYSCFG_DL_SYSCTL_init           
0000485d  LCD_ShowString                  
000048a9  __aeabi_d2iz                    
000048a9  __fixdfsi                       
000048f5  DL_UART_init                    
0000493d  DL_SPI_init                     
00004981  IMU_Init                        
000049c5  SYSCFG_DL_init                  
00004a09  __aeabi_uidiv                   
00004a09  __aeabi_uidivmod                
00004a49  __aeabi_f2d                     
00004a49  __extendsfdf2                   
00004a89  atoi                            
00004ac9  vsnprintf                       
00004b09  AO_Control                      
00004b45  BO_Control                      
00004b81  __aeabi_i2f                     
00004b81  __floatsisf                     
00004bbd  __gesf2                         
00004bbd  __gtsf2                         
00004bf9  __TI_auto_init_nobinit_nopinit  
00004c35  __cmpsf2                        
00004c35  __eqsf2                         
00004c35  __lesf2                         
00004c35  __ltsf2                         
00004c35  __nesf2                         
00004c71  __muldsi3                       
00004cad  Encoder_Get                     
00004ce5  __aeabi_f2iz                    
00004ce5  __fixsfsi                       
00004d1d  sendCaliYawCommand              
00004d55  __aeabi_f2uiz                   
00004d55  __fixunssfsi                    
00004d89  Encoder_Init                    
00004e19  __aeabi_i2d                     
00004e19  __floatsidf                     
00004e45  TIMA1_IRQHandler                
00004e6d  UART0_IRQHandler                
00004e95  __aeabi_ui2f                    
00004e95  __floatunsisf                   
00004ebd  _c_int00_noargs                 
00004ee5  __aeabi_lmul                    
00004ee5  __muldi3                        
00004f09  memccpy                         
00004f2d  __aeabi_llsl                    
00004f2d  __ashldi3                       
00004f4d  DL_Timer_setCaptCompUpdateMethod
00004f69  DL_Timer_setClockConfig         
00004f85  DL_Timer_setCaptureCompareOutCtl
00004fb5  __TI_zero_init_nomemset         
00004fcd  __aeabi_uldivmod                
00004ff5  DL_SPI_setClockConfig           
00005007  DL_UART_setClockConfig          
00005019  __TI_decompress_none            
0000502d  DL_Timer_setCaptureCompareValue 
0000503d  wcslen                          
0000504d  Delay_ms                        
0000505d  __aeabi_memset                  
0000505d  __aeabi_memset4                 
0000505d  __aeabi_memset8                 
00005079  __aeabi_memclr                  
00005079  __aeabi_memclr4                 
00005079  __aeabi_memclr8                 
00005085  DL_Common_delayCycles           
000050b5  __aeabi_errno_addr              
000050bd  __aeabi_memcpy                  
000050bd  __aeabi_memcpy4                 
000050bd  __aeabi_memcpy8                 
000050c5  abort                           
000050ca  C$$EXIT                         
000050cb  HOSTexit                        
000050cf  Reset_Handler                   
000050d3  _system_pre_init                
000050e0  ascii_3216                      
000068a0  ascii_2412                      
00007a70  ascii_1608                      
00008060  ascii_1206                      
000084e0  __aeabi_ctype_table_            
000084e0  __aeabi_ctype_table_C           
000086a4  __TI_Handler_Table_Base         
000086b0  __TI_Handler_Table_Limit        
000086b8  __TI_CINIT_Base                 
000086c8  __TI_CINIT_Limit                
000086c8  __TI_CINIT_Warm                 
20200000  __start___llvm_prf_bits         
20200000  __start___llvm_prf_cnts         
20200000  __stop___llvm_prf_bits          
20200000  __stop___llvm_prf_cnts          
20200000  gPWM_0Backup                    
202000bc  gTIMER_TICKBackup               
20200178  Wheel_Left                      
202001a0  Wheel_Right                     
202001c8  gSPI_LCDBackup                  
20200213  Track_Value                     
20200214  Distance                        
20200218  Velocity_Counter                
2020021c  stcAccel                        
20200230  stcGyro                         
20200244  stcQuat                         
20200254  stcAngle                        
20200260  Key                             
20200265  Save                            
2020026a  Yaw_Zero                        
20200270  PID_KD                          
20200274  PID_KI                          
20200278  PID_KP                          
2020027c  __aeabi_errno                   
20200280  time                            
20200284  uart_data                       
20207e00  __stack                         
20208000  __STACK_END                     
41c00000  BCRConfig                       
41c00100  BSLConfig                       
ffffffff  __TI_pprof_out_hndl             
ffffffff  __TI_prof_data_size             
ffffffff  __TI_prof_data_start            
ffffffff  __binit__                       
ffffffff  binit                           
UNDEFED   __mpu_init                      
UNDEFED   _system_post_cinit              

[234 symbols]
