******************************************************************************
            TI ARM Clang Linker PC v4.0.4                      
******************************************************************************
>> Linked Tue Jul 28 20:45:09 2026

OUTPUT FILE NAME:   <ElcContestTest.out>
ENTRY POINT SYMBOL: "_c_int00_noargs"  address: 000059bd


MEMORY CONFIGURATION

         name            origin    length      used     unused   attr    fill
----------------------  --------  ---------  --------  --------  ----  --------
  FLASH                 00000000   00020000  00009268  00016d98  R  X
  SRAM                  20200000   00008000  0000051d  00007ae3  RW X
  BCR_CONFIG            41c00000   000000ff  00000060  0000009f  R   
  BSL_CONFIG            41c00100   00000080  00000058  00000028  R   


SEGMENT ALLOCATION MAP

run origin  load origin   length   init length attrs members
----------  ----------- ---------- ----------- ----- -------
00000000    00000000    00009268   00009268    r-x
  00000000    00000000    000000c0   000000c0    r-- .intvecs
  000000c0    000000c0    00005b80   00005b80    r-x .text
  00005c40    00005c40    000035e0   000035e0    r-- .rodata
  00009220    00009220    00000048   00000048    r-- .cinit
20200000    20200000    0000031f   00000000    rw-
  20200000    20200000    0000028a   00000000    rw- .bss
  2020028c    2020028c    00000093   00000000    rw- .data
20207e00    20207e00    00000200   00000000    rw-
  20207e00    20207e00    00000200   00000000    rw- .stack
41c00000    41c00000    00000060   00000060    r--
  41c00000    41c00000    00000060   00000060    r-- .BCRConfig
41c00100    41c00100    00000058   00000058    r--
  41c00100    41c00100    00000058   00000058    r-- .BSLConfig


SECTION ALLOCATION MAP

 output                                  attributes/
section   page    origin      length       input sections
--------  ----  ----------  ----------   ----------------
.intvecs   0    00000000    000000c0     
                  00000000    000000c0     startup_mspm0g350x_ticlang.o (.intvecs)

.text      0    000000c0    00005b80     
                  000000c0    00000de8     lcd_init.o (.text.LCD_Init)
                  00000ea8    000009d0     libc.a : _printfi.c.obj (.text:__TI_printfi)
                  00001878    00000400     lcd.o (.text.LCD_ShowChar)
                  00001c78    000002c0     lcd.o (.text.LCD_Fill)
                  00001f38    00000294     IMU.o (.text.CopeSerial2Data)
                  000021cc    0000022c     lcd_init.o (.text.LCD_Address_Set)
                  000023f8    00000220     libc.a : _printfi.c.obj (.text._pconv_a)
                  00002618    0000021e     lcd.o (.text.LCD_ShowIntNum)
                  00002836    00000002     startup_mspm0g350x_ticlang.o (.text.Default_Handler)
                  00002838    00000214     empty.o (.text.Run_Turn)
                  00002a4c    000001dc     libc.a : _printfi.c.obj (.text._pconv_g)
                  00002c28    000001d0     empty.o (.text.Run_Track)
                  00002df8    000001ac     empty.o (.text.Show_Update)
                  00002fa4    0000019a     lcd.o (.text.LCD_ShowFloatNum)
                  0000313e    00000002     libclang_rt.builtins.a : aeabi_div0.c.obj (.text.__aeabi_idiv0)
                  00003140    00000192                            : adddf3.S.obj (.text.adddf3_subdf3)
                  000032d2    00000002                            : aeabi_div0.c.obj (.text.__aeabi_ldiv0)
                  000032d4    00000188     empty.o (.text.main)
                  0000345c    0000016c     empty.o (.text.PID_Get)
                  000035c8    00000154     empty.o (.text.Show_Init)
                  0000371c    00000154     YAW_PID.o (.text.YawPID_Compute)
                  00003870    0000013c     ti_msp_dl_config.o (.text.SYSCFG_DL_GPIO_init)
                  000039ac    0000013c     libc.a : _printfi.c.obj (.text.fcvt)
                  00003ae8    00000120            : _printfi.c.obj (.text._pconv_e)
                  00003c08    0000010c     libclang_rt.builtins.a : divdf3.S.obj (.text.__divdf3)
                  00003d14    00000104     driverlib.a : dl_timer.o (.text.DL_Timer_initFourCCPWMMode)
                  00003e18    000000fc                 : dl_timer.o (.text.DL_Timer_initTimerMode)
                  00003f14    000000e4     empty.o (.text.Run_AngleHold)
                  00003ff8    000000e4     libclang_rt.builtins.a : muldf3.S.obj (.text.__muldf3)
                  000040dc    000000e0     empty.o (.text.Velocity_Get)
                  000041bc    000000d8     libc.a : s_scalbn.c.obj (.text.scalbn)
                  00004294    000000d8     libclang_rt.builtins.a : addsf3.S.obj (.text)
                  0000436c    000000d4     board.o (.text.uart0_send_SendByte)
                  00004440    000000d0     MAXICAM.o (.text.UART3_IRQHandler)
                  00004510    000000a8     TRACK.o (.text.Track_Get)
                  000045b8    000000a2     libclang_rt.builtins.a : udivmoddi4.S.obj (.text)
                  0000465a    0000009a     libc.a : memcpy16.S.obj (.text:memcpy)
                  000046f4    0000008c     libclang_rt.builtins.a : mulsf3.S.obj (.text.__mulsf3)
                  00004780    00000082                            : divsf3.S.obj (.text.__divsf3)
                  00004802    00000002     --HOLE-- [fill = 0]
                  00004804    0000007c     ti_msp_dl_config.o (.text.SYSCFG_DL_initPower)
                  00004880    0000007c     libc.a : copy_decompress_lzss.c.obj (.text:decompress:lzss)
                  000048fc    00000078     empty.o (.text.System_Init)
                  00004974    00000074     ti_msp_dl_config.o (.text.SYSCFG_DL_PWM_0_init)
                  000049e8    00000074     ti_msp_dl_config.o (.text.SYSCFG_DL_PWM_1_init)
                  00004a5c    00000074     libclang_rt.builtins.a : comparedf2.c.obj (.text.__gedf2)
                  00004ad0    00000074                            : truncdfsf2.S.obj (.text.__truncdfsf2)
                  00004b44    00000070     lcd_init.o (.text.LCD_WR_DATA)
                  00004bb4    00000070     ti_msp_dl_config.o (.text.SYSCFG_DL_UART_0_init)
                  00004c24    00000070     ti_msp_dl_config.o (.text.SYSCFG_DL_UART_2_init)
                  00004c94    00000070     ti_msp_dl_config.o (.text.SYSCFG_DL_UART_3_init)
                  00004d04    00000068     libclang_rt.builtins.a : comparedf2.c.obj (.text.__ledf2)
                  00004d6c    00000066     libc.a : _printfi.c.obj (.text._mcpy)
                  00004dd2    00000002     --HOLE-- [fill = 0]
                  00004dd4    00000062     libclang_rt.builtins.a : aeabi_dcmp.S.obj (.text.__aeabi_dcmp)
                  00004e36    00000002     --HOLE-- [fill = 0]
                  00004e38    00000062                            : aeabi_fcmp.S.obj (.text.__aeabi_fcmp)
                  00004e9a    00000062     libc.a : memset16.S.obj (.text:memset)
                  00004efc    0000005c            : s_frexp.c.obj (.text.frexp)
                  00004f58    00000058     ENCODER.o (.text.GROUP1_IRQHandler)
                  00004fb0    00000058     libc.a : _ltoa.c.obj (.text.__TI_ltoa)
                  00005008    00000058            : _printfi.c.obj (.text._pconv_f)
                  00005060    00000056     libclang_rt.builtins.a : aeabi_idivmod.S.obj (.text.__aeabi_idivmod)
                  000050b6    00000002     --HOLE-- [fill = 0]
                  000050b8    00000054     ti_msp_dl_config.o (.text.SYSCFG_DL_init)
                  0000510c    00000052     libc.a : _printfi.c.obj (.text._ecpy)
                  0000515e    00000002     --HOLE-- [fill = 0]
                  00005160    00000050     ti_msp_dl_config.o (.text.SYSCFG_DL_TIMER_TICK_init)
                  000051b0    0000004c     BLINK.o (.text.BUZZER_Blink)
                  000051fc    0000004c     BLINK.o (.text.LED_Blink)
                  00005248    0000004c     ti_msp_dl_config.o (.text.SYSCFG_DL_SPI_LCD_init)
                  00005294    0000004c     ti_msp_dl_config.o (.text.SYSCFG_DL_SYSCTL_init)
                  000052e0    0000004c     TRACK.o (.text.Track_GetBits)
                  0000532c    0000004a     lcd.o (.text.LCD_ShowString)
                  00005376    00000002     --HOLE-- [fill = 0]
                  00005378    0000004a     libclang_rt.builtins.a : fixdfsi.S.obj (.text.__fixdfsi)
                  000053c2    00000002     --HOLE-- [fill = 0]
                  000053c4    00000048     driverlib.a : dl_uart.o (.text.DL_UART_init)
                  0000540c    00000044                 : dl_spi.o (.text.DL_SPI_init)
                  00005450    00000044     board.o (.text.UART0_Init)
                  00005494    00000044     board.o (.text.UART3_Init)
                  000054d8    00000040     libclang_rt.builtins.a : aeabi_uidivmod.S.obj (.text.__aeabi_uidivmod)
                  00005518    00000040                            : extendsfdf2.S.obj (.text.__extendsfdf2)
                  00005558    00000040     libc.a : atoi.c.obj (.text.atoi)
                  00005598    0000003c     MOTOR.o (.text.AO_Control)
                  000055d4    0000003c     MOTOR.o (.text.BO_Control)
                  00005610    0000003c     libclang_rt.builtins.a : floatsisf.S.obj (.text.__floatsisf)
                  0000564c    0000003c                            : comparesf2.S.obj (.text.__gtsf2)
                  00005688    0000003c     libc.a : autoinit.c.obj (.text:__TI_auto_init_nobinit_nopinit)
                  000056c4    0000003a     libclang_rt.builtins.a : comparesf2.S.obj (.text.__eqsf2)
                  000056fe    00000002     --HOLE-- [fill = 0]
                  00005700    0000003a                            : muldsi3.S.obj (.text.__muldsi3)
                  0000573a    00000002     --HOLE-- [fill = 0]
                  0000573c    00000038     ENCODER.o (.text.Encoder_Get)
                  00005774    00000038     libclang_rt.builtins.a : fixsfsi.S.obj (.text.__fixsfsi)
                  000057ac    00000038     IMU.o (.text.sendCaliYawCommand)
                  000057e4    00000038     libc.a : sprintf.c.obj (.text.sprintf)
                  0000581c    00000034     YAW_PID.o (.text.YawPID_Init)
                  00005850    00000034     board.o (.text.uart2_sendString)
                  00005884    00000032     libclang_rt.builtins.a : fixunssfsi.S.obj (.text.__fixunssfsi)
                  000058b6    00000002     --HOLE-- [fill = 0]
                  000058b8    00000030     ENCODER.o (.text.Encoder_Init)
                  000058e8    00000030     libc.a : _printfi.c.obj (.text._fcpy)
                  00005918    0000002c     libclang_rt.builtins.a : floatsidf.S.obj (.text.__floatsidf)
                  00005944    00000028     empty.o (.text.TIMA1_IRQHandler)
                  0000596c    00000028     IMU.o (.text.UART0_IRQHandler)
                  00005994    00000028     libclang_rt.builtins.a : floatunsisf.S.obj (.text.__floatunsisf)
                  000059bc    00000028     libc.a : boot_cortex_m.c.obj (.text:_c_int00_noargs)
                  000059e4    00000024     libclang_rt.builtins.a : muldi3.S.obj (.text.__muldi3)
                  00005a08    00000022     libc.a : memccpy.c.obj (.text.memccpy)
                  00005a2a    00000002     --HOLE-- [fill = 0]
                  00005a2c    0000001e     libclang_rt.builtins.a : ashldi3.S.obj (.text.__ashldi3)
                  00005a4a    00000002     --HOLE-- [fill = 0]
                  00005a4c    0000001c     driverlib.a : dl_timer.o (.text.DL_Timer_setCaptCompUpdateMethod)
                  00005a68    0000001c                 : dl_timer.o (.text.DL_Timer_setClockConfig)
                  00005a84    00000018                 : dl_timer.o (.text.DL_Timer_setCaptureCompareOutCtl)
                  00005a9c    00000018     YAW_PID.o (.text.YawPID_Enable)
                  00005ab4    00000018     libc.a : sprintf.c.obj (.text._outs)
                  00005acc    00000016            : copy_zero_init.c.obj (.text:decompress:ZI:__TI_zero_init_nomemset)
                  00005ae2    00000002     --HOLE-- [fill = 0]
                  00005ae4    00000014     libclang_rt.builtins.a : aeabi_uldivmod.S.obj (.text.__aeabi_uldivmod)
                  00005af8    00000014     libc.a : _printfi.c.obj (.text.strchr)
                  00005b0c    00000012     driverlib.a : dl_spi.o (.text.DL_SPI_setClockConfig)
                  00005b1e    00000012                 : dl_uart.o (.text.DL_UART_setClockConfig)
                  00005b30    00000012     libc.a : copy_decompress_none.c.obj (.text:decompress:none)
                  00005b42    00000002     --HOLE-- [fill = 0]
                  00005b44    00000010     driverlib.a : dl_timer.o (.text.DL_Timer_setCaptureCompareValue)
                  00005b54    00000010     MAGENT.o (.text.Magent_On)
                  00005b64    00000010     libc.a : wcslen.c.obj (.text.wcslen)
                  00005b74    0000000e     board.o (.text.Delay_ms)
                  00005b82    00000002     --HOLE-- [fill = 0]
                  00005b84    0000000e     libclang_rt.builtins.a : aeabi_memset.S.obj (.text.__aeabi_memset)
                  00005b92    0000000e     libc.a : _printfi.c.obj (.text.strlen)
                  00005ba0    0000000c     ZIGBEE.o (.text.UART2_IRQHandler)
                  00005bac    0000000c     IMU.o (.text.Yaw)
                  00005bb8    0000000c     YAW_PID.o (.text.YawPID_ResetIntegral)
                  00005bc4    0000000c     YAW_PID.o (.text.YawPID_SetTarget)
                  00005bd0    0000000a     driverlib.a : dl_common.o (.text.DL_Common_delayCycles)
                  00005bda    0000000a     libc.a : _printfi.c.obj (.text.OUTLINED_FUNCTION_0)
                  00005be4    00000010     libclang_rt.builtins.a : adddf3.S.obj (.tramp.__aeabi_dsub.1)
                  00005bf4    0000000a     libc.a : _printfi.c.obj (.text.OUTLINED_FUNCTION_1)
                  00005bfe    0000000a            : sprintf.c.obj (.text._outc)
                  00005c08    00000008     IMU.o (.text.IMU_Init)
                  00005c10    00000008     MAXICAM.o (.text.MAIXCAM_Init)
                  00005c18    00000008     libc.a : aeabi_portable.c.obj (.text.__aeabi_errno_addr)
                  00005c20    00000008     libclang_rt.builtins.a : aeabi_memcpy.S.obj (.text.__aeabi_memcpy)
                  00005c28    00000006     libc.a : exit.c.obj (.text:abort)
                  00005c2e    00000004     libsysbm.a : hostexit.c.obj (.text.HOSTexit)
                  00005c32    00000004     startup_mspm0g350x_ticlang.o (.text.Reset_Handler)
                  00005c36    00000004     libc.a : pre_init.c.obj (.text._system_pre_init)
                  00005c3a    00000006     --HOLE-- [fill = 0]

.cinit     0    00009220    00000048     
                  00009220    00000022     (.cinit..data.load) [load image, compression = lzss]
                  00009242    00000002     --HOLE-- [fill = 0]
                  00009244    0000000c     (__TI_handler_table)
                  00009250    00000008     (.cinit..bss.load) [load image, compression = zero_init]
                  00009258    00000010     (__TI_cinit_table)

.rodata    0    00005c40    000035e0     
                  00005c40    000017c0     lcd.o (.rodata.ascii_3216)
                  00007400    000011d0     lcd.o (.rodata.ascii_2412)
                  000085d0    000005f0     lcd.o (.rodata.ascii_1608)
                  00008bc0    00000474     lcd.o (.rodata.ascii_1206)
                  00009034    0000000a     ti_msp_dl_config.o (.rodata.gSPI_LCD_config)
                  0000903e    00000002     ti_msp_dl_config.o (.rodata.gSPI_LCD_clockConfig)
                  00009040    00000101     libc.a : aeabi_ctype.S.obj (.rodata:__aeabi_ctype_table_)
                  00009141    00000003     ti_msp_dl_config.o (.rodata.gPWM_0ClockConfig)
                  00009144    00000014     ti_msp_dl_config.o (.rodata.gTIMER_TICKTimerConfig)
                  00009158    00000011     libc.a : _printfi.c.obj (.rodata.str1.10348868589481759720.1)
                  00009169    00000011            : _printfi.c.obj (.rodata.str1.15363888844622738466.1)
                  0000917a    0000000e     empty.o (.rodata.str1.9517790425240694019.1)
                  00009188    0000000a     ti_msp_dl_config.o (.rodata.gUART_0Config)
                  00009192    0000000a     ti_msp_dl_config.o (.rodata.gUART_2Config)
                  0000919c    0000000a     ti_msp_dl_config.o (.rodata.gUART_3Config)
                  000091a6    0000000a     empty.o (.rodata.str1.9410084661655729462.1)
                  000091b0    00000009     empty.o (.rodata.str1.11898133897667081452.1)
                  000091b9    00000009     empty.o (.rodata.str1.14685083708502177989.1)
                  000091c2    00000009     empty.o (.rodata.str1.16704889451495720520.1)
                  000091cb    00000001     --HOLE-- [fill = 0]
                  000091cc    00000008     ti_msp_dl_config.o (.rodata.gPWM_0Config)
                  000091d4    00000008     ti_msp_dl_config.o (.rodata.gPWM_1Config)
                  000091dc    00000008     empty.o (.rodata.str1.17669528882079347314.1)
                  000091e4    00000008     empty.o (.rodata.str1.254342170260855183.1)
                  000091ec    00000008     empty.o (.rodata.str1.7401042497206923953.1)
                  000091f4    00000007     empty.o (.rodata.str1.17686411042290499047.1)
                  000091fb    00000006     empty.o (.rodata.str1.15170238581331914936.1)
                  00009201    00000005     empty.o (.rodata.str1.7386103758396746866.1)
                  00009206    00000004     empty.o (.rodata.str1.150872071346279890.1)
                  0000920a    00000004     empty.o (.rodata.str1.15706828512682300538.1)
                  0000920e    00000004     empty.o (.rodata.str1.2196762768037919588.1)
                  00009212    00000003     ti_msp_dl_config.o (.rodata.gPWM_1ClockConfig)
                  00009215    00000003     ti_msp_dl_config.o (.rodata.gTIMER_TICKClockConfig)
                  00009218    00000002     ti_msp_dl_config.o (.rodata.gUART_0ClockConfig)
                  0000921a    00000002     ti_msp_dl_config.o (.rodata.gUART_2ClockConfig)
                  0000921c    00000002     ti_msp_dl_config.o (.rodata.gUART_3ClockConfig)
                  0000921e    00000002     --HOLE-- [fill = 0]

.init_array 
*          0    00000000    00000000     UNINITIALIZED

.binit     0    00000000    00000000     

.bss       0    20200000    0000028a     UNINITIALIZED
                  20200000    000000bc     (.common:gPWM_0Backup)
                  202000bc    000000bc     (.common:gTIMER_TICKBackup)
                  20200178    00000030     (.common:Yaw_Circle)
                  202001a8    00000030     (.common:gUART_3Backup)
                  202001d8    00000028     (.common:Wheel_Left)
                  20200200    00000028     (.common:Wheel_Right)
                  20200228    00000028     (.common:gSPI_LCDBackup)
                  20200250    0000000c     ENCODER.o (.bss.motor_encoder1)
                  2020025c    0000000c     ENCODER.o (.bss.motor_encoder2)
                  20200268    0000000b     IMU.o (.bss.CopeSerial2Data.ucRxBuffer)
                  20200273    00000001     (.common:Mode)
                  20200274    00000004     (.common:Distance)
                  20200278    00000004     (.common:Target_Yaw)
                  2020027c    00000004     (.common:Velocity_Counter)
                  20200280    00000004     (.common:Yaw_Value)
                  20200284    00000004     (.common:time)
                  20200288    00000001     (.common:Track_Value)
                  20200289    00000001     (.common:Turn_State)

.data      0    2020028c    00000093     UNINITIALIZED
                  2020028c    00000014     IMU.o (.data.stcAccel)
                  202002a0    00000014     IMU.o (.data.stcGyro)
                  202002b4    00000010     IMU.o (.data.stcQuat)
                  202002c4    0000000c     IMU.o (.data.stcAngle)
                  202002d0    00000005     IMU.o (.data.Key)
                  202002d5    00000005     IMU.o (.data.Save)
                  202002da    00000005     IMU.o (.data.Yaw_Zero)
                  202002df    00000001     BLINK.o (.data.BUZZER_Blink.state)
                  202002e0    00000004     BLINK.o (.data.BUZZER_Blink.t0)
                  202002e4    00000004     BLINK.o (.data.LED_Blink.t0)
                  202002e8    00000004     empty.o (.data.PID_KD)
                  202002ec    00000004     empty.o (.data.PID_KI)
                  202002f0    00000004     empty.o (.data.PID_KP)
                  202002f4    00000004     empty.o (.data.Run_AngleHold.Last_Direction)
                  202002f8    00000004     empty.o (.data.Run_Track.Last_Error)
                  202002fc    00000004     empty.o (.data.Run_Turn.Encoder_Start_L)
                  20200300    00000004     empty.o (.data.Run_Turn.Encoder_Start_R)
                  20200304    00000004     empty.o (.data.Turn_Start_Yaw)
                  20200308    00000004     MAXICAM.o (.data.UART3_IRQHandler.buffer)
                  2020030c    00000004     libc.a : aeabi_portable.c.obj (.data.__aeabi_errno)
                  20200310    00000004     MAXICAM.o (.data.maixcam_data)
                  20200314    00000001     IMU.o (.data.CopeSerial2Data.ucRxCnt)
                  20200315    00000001     BLINK.o (.data.LED_Blink.state)
                  20200316    00000001     empty.o (.data.Run_Track.Last_Track_Bits)
                  20200317    00000001     empty.o (.data.Run_Track.Tracking_Flag)
                  20200318    00000001     empty.o (.data.Run_Turn.Last_Turn_State)
                  20200319    00000001     empty.o (.data.Run_Turn.Phase)
                  2020031a    00000001     TRACK.o (.data.Track_Get.Track_Value)
                  2020031b    00000001     MAXICAM.o (.data.UART3_IRQHandler.shift)
                  2020031c    00000001     MAXICAM.o (.data.UART3_IRQHandler.state)
                  2020031d    00000001     MAXICAM.o (.data.maixcam_rx_ready)
                  2020031e    00000001     IMU.o (.data.uart_data)

.stack     0    20207e00    00000200     UNINITIALIZED
                  20207e00    00000004     libc.a : boot_cortex_m.c.obj (.stack)
                  20207e04    000001fc     --HOLE--

.BCRConfig 
*          0    41c00000    00000060     
                  41c00000    00000060     boot_config.o (.BCRConfig)

.BSLConfig 
*          0    41c00100    00000058     
                  41c00100    00000058     boot_config.o (.BSLConfig)

__llvm_prf_cnts 
*          0    20200000    00000000     UNINITIALIZED

__llvm_prf_bits 
*          0    20200000    00000000     UNINITIALIZED

MODULE SUMMARY

       Module                         code    ro data   rw data
       ------                         ----    -------   -------
    .\
       empty.o                        3132    105       139    
       ti_msp_dl_config.o             1324    93        464    
       startup_mspm0g350x_ticlang.o   6       192       0      
       boot_config.o                  0       184       0      
    +--+------------------------------+-------+---------+---------+
       Total:                         4462    574       603    
                                                               
    .\BPS\Board\
       board.o                        414     0         0      
    +--+------------------------------+-------+---------+---------+
       Total:                         414     0         0      
                                                               
    .\BPS\lcd\
       lcd.o                          2754    13300     0      
       lcd_init.o                     4228    0         0      
    +--+------------------------------+-------+---------+---------+
       Total:                         6982    13300     0      
                                                               
    .\BPS\src\
       IMU.o                          776     0         96     
       YAW_PID.o                      440     0         48     
       TRACK.o                        244     0         1      
       MAXICAM.o                      216     0         11     
       ENCODER.o                      192     0         24     
       BLINK.o                        152     0         10     
       MOTOR.o                        120     0         0      
       MAGENT.o                       16      0         0      
       ZIGBEE.o                       12      0         0      
    +--+------------------------------+-------+---------+---------+
       Total:                         2168    0         190    
                                                               
    E:/SDK/Ti/mspm0_sdk_2_10_00_04/mspm0_sdk_2_11_00_07/source/ti/driverlib/lib/ticlang/m0p/mspm0g1x0x_g3x0x/driverlib.a
       dl_timer.o                     608     0         0      
       dl_uart.o                      90      0         0      
       dl_spi.o                       86      0         0      
       dl_common.o                    10      0         0      
    +--+------------------------------+-------+---------+---------+
       Total:                         794     0         0      
                                                               
    E:\software\IDE\Code Composer Studio\ccs\tools\compiler\ti-cgt-armllvm_4.0.4.LTS\lib\armv6m-ti-none-eabi/c/libc.a
       _printfi.c.obj                 4510    34        0      
       aeabi_ctype.S.obj              0       257       0      
       s_scalbn.c.obj                 216     0         0      
       memcpy16.S.obj                 154     0         0      
       copy_decompress_lzss.c.obj     124     0         0      
       memset16.S.obj                 98      0         0      
       s_frexp.c.obj                  92      0         0      
       sprintf.c.obj                  90      0         0      
       _ltoa.c.obj                    88      0         0      
       atoi.c.obj                     64      0         0      
       autoinit.c.obj                 60      0         0      
       boot_cortex_m.c.obj            40      0         0      
       memccpy.c.obj                  34      0         0      
       copy_zero_init.c.obj           22      0         0      
       copy_decompress_none.c.obj     18      0         0      
       wcslen.c.obj                   16      0         0      
       aeabi_portable.c.obj           8       0         4      
       exit.c.obj                     6       0         0      
       pre_init.c.obj                 4       0         0      
    +--+------------------------------+-------+---------+---------+
       Total:                         5644    291       4      
                                                               
    E:\software\IDE\Code Composer Studio\ccs\tools\compiler\ti-cgt-armllvm_4.0.4.LTS\lib\armv6m-ti-none-eabi/c/libsysbm.a
       hostexit.c.obj                 4       0         0      
    +--+------------------------------+-------+---------+---------+
       Total:                         4       0         0      
                                                               
    E:\software\IDE\Code Composer Studio\ccs\tools\compiler\ti-cgt-armllvm_4.0.4.LTS\lib\armv6m-ti-none-eabi/libclang_rt.builtins.a
       adddf3.S.obj                   418     0         0      
       divdf3.S.obj                   268     0         0      
       muldf3.S.obj                   228     0         0      
       comparedf2.c.obj               220     0         0      
       addsf3.S.obj                   216     0         0      
       udivmoddi4.S.obj               162     0         0      
       mulsf3.S.obj                   140     0         0      
       divsf3.S.obj                   130     0         0      
       comparesf2.S.obj               118     0         0      
       truncdfsf2.S.obj               116     0         0      
       aeabi_dcmp.S.obj               98      0         0      
       aeabi_fcmp.S.obj               98      0         0      
       aeabi_idivmod.S.obj            86      0         0      
       fixdfsi.S.obj                  74      0         0      
       aeabi_uidivmod.S.obj           64      0         0      
       extendsfdf2.S.obj              64      0         0      
       floatsisf.S.obj                60      0         0      
       muldsi3.S.obj                  58      0         0      
       fixsfsi.S.obj                  56      0         0      
       fixunssfsi.S.obj               50      0         0      
       floatsidf.S.obj                44      0         0      
       floatunsisf.S.obj              40      0         0      
       muldi3.S.obj                   36      0         0      
       ashldi3.S.obj                  30      0         0      
       aeabi_uldivmod.S.obj           20      0         0      
       aeabi_memset.S.obj             14      0         0      
       aeabi_memcpy.S.obj             8       0         0      
       aeabi_div0.c.obj               4       0         0      
    +--+------------------------------+-------+---------+---------+
       Total:                         2920    0         0      
                                                               
       Stack:                         0       0         512    
       Linker Generated:              0       70        0      
    +--+------------------------------+-------+---------+---------+
       Grand Total:                   23388   14235     1309   


LINKER GENERATED COPY TABLES

__TI_cinit_table @ 00009258 records: 2, size/record: 8, table size: 16
	.data: load addr=00009220, load size=00000022 bytes, run addr=2020028c, run size=00000093 bytes, compression=lzss
	.bss: load addr=00009250, load size=00000008 bytes, run addr=20200000, run size=0000028a bytes, compression=zero_init


LINKER GENERATED HANDLER TABLE

__TI_handler_table @ 00009244 records: 3, size/record: 4, table size: 12
	index: 0, handler: __TI_decompress_lzss
	index: 1, handler: __TI_decompress_none
	index: 2, handler: __TI_zero_init


FAR CALL TRAMPOLINES

callee name               trampoline name
   callee addr  tramp addr   call addr  call info
--------------  -----------  ---------  ----------------
__aeabi_dsub              $Tramp$TT$L$PI$$__aeabi_dsub
   00003141     00005be4     00005be2   libc.a : _printfi.c.obj (.text.OUTLINED_FUNCTION_0)

[1 trampolines]
[1 trampoline calls]


GLOBAL SYMBOLS: SORTED ALPHABETICALLY BY Name 

address   name                            
-------   ----                            
00002837  ADC0_IRQHandler                 
00002837  ADC1_IRQHandler                 
00002837  AES_IRQHandler                  
00005599  AO_Control                      
41c00000  BCRConfig                       
000055d5  BO_Control                      
41c00100  BSLConfig                       
000051b1  BUZZER_Blink                    
00005c2e  C$$EXIT                         
00002837  CANFD0_IRQHandler               
00001f39  CopeSerial2Data                 
00002837  DAC0_IRQHandler                 
00005bd1  DL_Common_delayCycles           
0000540d  DL_SPI_init                     
00005b0d  DL_SPI_setClockConfig           
00003d15  DL_Timer_initFourCCPWMMode      
00003e19  DL_Timer_initTimerMode          
00005a4d  DL_Timer_setCaptCompUpdateMethod
00005a85  DL_Timer_setCaptureCompareOutCtl
00005b45  DL_Timer_setCaptureCompareValue 
00005a69  DL_Timer_setClockConfig         
000053c5  DL_UART_init                    
00005b1f  DL_UART_setClockConfig          
00002837  DMA_IRQHandler                  
00002837  Default_Handler                 
00005b75  Delay_ms                        
20200274  Distance                        
0000573d  Encoder_Get                     
000058b9  Encoder_Init                    
00002837  GROUP0_IRQHandler               
00004f59  GROUP1_IRQHandler               
00005c2f  HOSTexit                        
00002837  HardFault_Handler               
00002837  I2C0_IRQHandler                 
00002837  I2C1_IRQHandler                 
00005c09  IMU_Init                        
202002d0  Key                             
000021cd  LCD_Address_Set                 
00001c79  LCD_Fill                        
000000c1  LCD_Init                        
00001879  LCD_ShowChar                    
00002fa5  LCD_ShowFloatNum                
00002619  LCD_ShowIntNum                  
0000532d  LCD_ShowString                  
00004b45  LCD_WR_DATA                     
000051fd  LED_Blink                       
00005c11  MAIXCAM_Init                    
00005b55  Magent_On                       
20200273  Mode                            
00002837  NMI_Handler                     
202002e8  PID_KD                          
202002ec  PID_KI                          
202002f0  PID_KP                          
00002837  PendSV_Handler                  
00002837  RTC_IRQHandler                  
00005c33  Reset_Handler                   
00003f15  Run_AngleHold                   
00002c29  Run_Track                       
00002839  Run_Turn                        
00002837  SPI0_IRQHandler                 
00002837  SPI1_IRQHandler                 
00002837  SVC_Handler                     
00003871  SYSCFG_DL_GPIO_init             
00004975  SYSCFG_DL_PWM_0_init            
000049e9  SYSCFG_DL_PWM_1_init            
00005249  SYSCFG_DL_SPI_LCD_init          
00005295  SYSCFG_DL_SYSCTL_init           
00005161  SYSCFG_DL_TIMER_TICK_init       
00004bb5  SYSCFG_DL_UART_0_init           
00004c25  SYSCFG_DL_UART_2_init           
00004c95  SYSCFG_DL_UART_3_init           
000050b9  SYSCFG_DL_init                  
00004805  SYSCFG_DL_initPower             
202002d5  Save                            
000035c9  Show_Init                       
00002df9  Show_Update                     
00002837  SysTick_Handler                 
000048fd  System_Init                     
00002837  TIMA0_IRQHandler                
00005945  TIMA1_IRQHandler                
00002837  TIMG0_IRQHandler                
00002837  TIMG12_IRQHandler               
00002837  TIMG6_IRQHandler                
00002837  TIMG7_IRQHandler                
00002837  TIMG8_IRQHandler                
20200278  Target_Yaw                      
00004511  Track_Get                       
000052e1  Track_GetBits                   
20200288  Track_Value                     
20200304  Turn_Start_Yaw                  
20200289  Turn_State                      
0000596d  UART0_IRQHandler                
00005451  UART0_Init                      
00002837  UART1_IRQHandler                
00005ba1  UART2_IRQHandler                
00004441  UART3_IRQHandler                
00005495  UART3_Init                      
2020027c  Velocity_Counter                
000040dd  Velocity_Get                    
202001d8  Wheel_Left                      
20200200  Wheel_Right                     
00005bad  Yaw                             
0000371d  YawPID_Compute                  
00005a9d  YawPID_Enable                   
0000581d  YawPID_Init                     
00005bb9  YawPID_ResetIntegral            
00005bc5  YawPID_SetTarget                
20200178  Yaw_Circle                      
20200280  Yaw_Value                       
202002da  Yaw_Zero                        
20208000  __STACK_END                     
00000200  __STACK_SIZE                    
00000000  __TI_ATRegion0_region_sz        
00000000  __TI_ATRegion0_src_addr         
00000000  __TI_ATRegion0_trg_addr         
00000000  __TI_ATRegion1_region_sz        
00000000  __TI_ATRegion1_src_addr         
00000000  __TI_ATRegion1_trg_addr         
00000000  __TI_ATRegion2_region_sz        
00000000  __TI_ATRegion2_src_addr         
00000000  __TI_ATRegion2_trg_addr         
00009258  __TI_CINIT_Base                 
00009268  __TI_CINIT_Limit                
00009268  __TI_CINIT_Warm                 
00009244  __TI_Handler_Table_Base         
00009250  __TI_Handler_Table_Limit        
00005689  __TI_auto_init_nobinit_nopinit  
00004881  __TI_decompress_lzss            
00005b31  __TI_decompress_none            
00004fb1  __TI_ltoa                       
ffffffff  __TI_pprof_out_hndl             
00000ea9  __TI_printfi                    
ffffffff  __TI_prof_data_size             
ffffffff  __TI_prof_data_start            
00000000  __TI_static_base__              
00005acd  __TI_zero_init_nomemset         
0000314b  __adddf3                        
0000429f  __addsf3                        
00009040  __aeabi_ctype_table_            
00009040  __aeabi_ctype_table_C           
00004ad1  __aeabi_d2f                     
00005379  __aeabi_d2iz                    
0000314b  __aeabi_dadd                    
00004dd5  __aeabi_dcmpeq                  
00004e11  __aeabi_dcmpge                  
00004e25  __aeabi_dcmpgt                  
00004dfd  __aeabi_dcmple                  
00004de9  __aeabi_dcmplt                  
00003c09  __aeabi_ddiv                    
00003ff9  __aeabi_dmul                    
00003141  __aeabi_dsub                    
2020030c  __aeabi_errno                   
00005c19  __aeabi_errno_addr              
00005519  __aeabi_f2d                     
00005775  __aeabi_f2iz                    
00005885  __aeabi_f2uiz                   
0000429f  __aeabi_fadd                    
00004e39  __aeabi_fcmpeq                  
00004e75  __aeabi_fcmpge                  
00004e89  __aeabi_fcmpgt                  
00004e61  __aeabi_fcmple                  
00004e4d  __aeabi_fcmplt                  
00004781  __aeabi_fdiv                    
000046f5  __aeabi_fmul                    
00004295  __aeabi_fsub                    
00005919  __aeabi_i2d                     
00005611  __aeabi_i2f                     
00005061  __aeabi_idiv                    
0000313f  __aeabi_idiv0                   
00005061  __aeabi_idivmod                 
000032d3  __aeabi_ldiv0                   
00005a2d  __aeabi_llsl                    
000059e5  __aeabi_lmul                    
00005c21  __aeabi_memcpy                  
00005c21  __aeabi_memcpy4                 
00005c21  __aeabi_memcpy8                 
00005b85  __aeabi_memset                  
00005b85  __aeabi_memset4                 
00005b85  __aeabi_memset8                 
00005995  __aeabi_ui2f                    
000054d9  __aeabi_uidiv                   
000054d9  __aeabi_uidivmod                
00005ae5  __aeabi_uldivmod                
00005a2d  __ashldi3                       
ffffffff  __binit__                       
00004d05  __cmpdf2                        
000056c5  __cmpsf2                        
00003c09  __divdf3                        
00004781  __divsf3                        
00004d05  __eqdf2                         
000056c5  __eqsf2                         
00005519  __extendsfdf2                   
00005379  __fixdfsi                       
00005775  __fixsfsi                       
00005885  __fixunssfsi                    
00005919  __floatsidf                     
00005611  __floatsisf                     
00005995  __floatunsisf                   
00004a5d  __gedf2                         
0000564d  __gesf2                         
00004a5d  __gtdf2                         
0000564d  __gtsf2                         
00004d05  __ledf2                         
000056c5  __lesf2                         
00004d05  __ltdf2                         
000056c5  __ltsf2                         
UNDEFED   __mpu_init                      
00003ff9  __muldf3                        
000059e5  __muldi3                        
00005701  __muldsi3                       
000046f5  __mulsf3                        
00004d05  __nedf2                         
000056c5  __nesf2                         
20207e00  __stack                         
20200000  __start___llvm_prf_bits         
20200000  __start___llvm_prf_cnts         
20200000  __stop___llvm_prf_bits          
20200000  __stop___llvm_prf_cnts          
00003141  __subdf3                        
00004295  __subsf3                        
00004ad1  __truncdfsf2                    
000045b9  __udivmoddi4                    
000059bd  _c_int00_noargs                 
UNDEFED   _system_post_cinit              
00005c37  _system_pre_init                
00005c29  abort                           
00008bc0  ascii_1206                      
000085d0  ascii_1608                      
00007400  ascii_2412                      
00005c40  ascii_3216                      
00005559  atoi                            
ffffffff  binit                           
00004efd  frexp                           
00004efd  frexpl                          
20200000  gPWM_0Backup                    
20200228  gSPI_LCDBackup                  
202000bc  gTIMER_TICKBackup               
202001a8  gUART_3Backup                   
00000000  interruptVectors                
000041bd  ldexp                           
000041bd  ldexpl                          
000032d5  main                            
20200310  maixcam_data                    
2020031d  maixcam_rx_ready                
00005a09  memccpy                         
0000465b  memcpy                          
00004e9b  memset                          
000041bd  scalbn                          
000041bd  scalbnl                         
000057ad  sendCaliYawCommand              
000057e5  sprintf                         
2020028c  stcAccel                        
202002c4  stcAngle                        
202002a0  stcGyro                         
202002b4  stcQuat                         
20200284  time                            
0000436d  uart0_send_SendByte             
00005851  uart2_sendString                
2020031e  uart_data                       
00005b65  wcslen                          


GLOBAL SYMBOLS: SORTED BY Symbol Address 

address   name                            
-------   ----                            
00000000  __TI_ATRegion0_region_sz        
00000000  __TI_ATRegion0_src_addr         
00000000  __TI_ATRegion0_trg_addr         
00000000  __TI_ATRegion1_region_sz        
00000000  __TI_ATRegion1_src_addr         
00000000  __TI_ATRegion1_trg_addr         
00000000  __TI_ATRegion2_region_sz        
00000000  __TI_ATRegion2_src_addr         
00000000  __TI_ATRegion2_trg_addr         
00000000  __TI_static_base__              
00000000  interruptVectors                
000000c1  LCD_Init                        
00000200  __STACK_SIZE                    
00000ea9  __TI_printfi                    
00001879  LCD_ShowChar                    
00001c79  LCD_Fill                        
00001f39  CopeSerial2Data                 
000021cd  LCD_Address_Set                 
00002619  LCD_ShowIntNum                  
00002837  ADC0_IRQHandler                 
00002837  ADC1_IRQHandler                 
00002837  AES_IRQHandler                  
00002837  CANFD0_IRQHandler               
00002837  DAC0_IRQHandler                 
00002837  DMA_IRQHandler                  
00002837  Default_Handler                 
00002837  GROUP0_IRQHandler               
00002837  HardFault_Handler               
00002837  I2C0_IRQHandler                 
00002837  I2C1_IRQHandler                 
00002837  NMI_Handler                     
00002837  PendSV_Handler                  
00002837  RTC_IRQHandler                  
00002837  SPI0_IRQHandler                 
00002837  SPI1_IRQHandler                 
00002837  SVC_Handler                     
00002837  SysTick_Handler                 
00002837  TIMA0_IRQHandler                
00002837  TIMG0_IRQHandler                
00002837  TIMG12_IRQHandler               
00002837  TIMG6_IRQHandler                
00002837  TIMG7_IRQHandler                
00002837  TIMG8_IRQHandler                
00002837  UART1_IRQHandler                
00002839  Run_Turn                        
00002c29  Run_Track                       
00002df9  Show_Update                     
00002fa5  LCD_ShowFloatNum                
0000313f  __aeabi_idiv0                   
00003141  __aeabi_dsub                    
00003141  __subdf3                        
0000314b  __adddf3                        
0000314b  __aeabi_dadd                    
000032d3  __aeabi_ldiv0                   
000032d5  main                            
000035c9  Show_Init                       
0000371d  YawPID_Compute                  
00003871  SYSCFG_DL_GPIO_init             
00003c09  __aeabi_ddiv                    
00003c09  __divdf3                        
00003d15  DL_Timer_initFourCCPWMMode      
00003e19  DL_Timer_initTimerMode          
00003f15  Run_AngleHold                   
00003ff9  __aeabi_dmul                    
00003ff9  __muldf3                        
000040dd  Velocity_Get                    
000041bd  ldexp                           
000041bd  ldexpl                          
000041bd  scalbn                          
000041bd  scalbnl                         
00004295  __aeabi_fsub                    
00004295  __subsf3                        
0000429f  __addsf3                        
0000429f  __aeabi_fadd                    
0000436d  uart0_send_SendByte             
00004441  UART3_IRQHandler                
00004511  Track_Get                       
000045b9  __udivmoddi4                    
0000465b  memcpy                          
000046f5  __aeabi_fmul                    
000046f5  __mulsf3                        
00004781  __aeabi_fdiv                    
00004781  __divsf3                        
00004805  SYSCFG_DL_initPower             
00004881  __TI_decompress_lzss            
000048fd  System_Init                     
00004975  SYSCFG_DL_PWM_0_init            
000049e9  SYSCFG_DL_PWM_1_init            
00004a5d  __gedf2                         
00004a5d  __gtdf2                         
00004ad1  __aeabi_d2f                     
00004ad1  __truncdfsf2                    
00004b45  LCD_WR_DATA                     
00004bb5  SYSCFG_DL_UART_0_init           
00004c25  SYSCFG_DL_UART_2_init           
00004c95  SYSCFG_DL_UART_3_init           
00004d05  __cmpdf2                        
00004d05  __eqdf2                         
00004d05  __ledf2                         
00004d05  __ltdf2                         
00004d05  __nedf2                         
00004dd5  __aeabi_dcmpeq                  
00004de9  __aeabi_dcmplt                  
00004dfd  __aeabi_dcmple                  
00004e11  __aeabi_dcmpge                  
00004e25  __aeabi_dcmpgt                  
00004e39  __aeabi_fcmpeq                  
00004e4d  __aeabi_fcmplt                  
00004e61  __aeabi_fcmple                  
00004e75  __aeabi_fcmpge                  
00004e89  __aeabi_fcmpgt                  
00004e9b  memset                          
00004efd  frexp                           
00004efd  frexpl                          
00004f59  GROUP1_IRQHandler               
00004fb1  __TI_ltoa                       
00005061  __aeabi_idiv                    
00005061  __aeabi_idivmod                 
000050b9  SYSCFG_DL_init                  
00005161  SYSCFG_DL_TIMER_TICK_init       
000051b1  BUZZER_Blink                    
000051fd  LED_Blink                       
00005249  SYSCFG_DL_SPI_LCD_init          
00005295  SYSCFG_DL_SYSCTL_init           
000052e1  Track_GetBits                   
0000532d  LCD_ShowString                  
00005379  __aeabi_d2iz                    
00005379  __fixdfsi                       
000053c5  DL_UART_init                    
0000540d  DL_SPI_init                     
00005451  UART0_Init                      
00005495  UART3_Init                      
000054d9  __aeabi_uidiv                   
000054d9  __aeabi_uidivmod                
00005519  __aeabi_f2d                     
00005519  __extendsfdf2                   
00005559  atoi                            
00005599  AO_Control                      
000055d5  BO_Control                      
00005611  __aeabi_i2f                     
00005611  __floatsisf                     
0000564d  __gesf2                         
0000564d  __gtsf2                         
00005689  __TI_auto_init_nobinit_nopinit  
000056c5  __cmpsf2                        
000056c5  __eqsf2                         
000056c5  __lesf2                         
000056c5  __ltsf2                         
000056c5  __nesf2                         
00005701  __muldsi3                       
0000573d  Encoder_Get                     
00005775  __aeabi_f2iz                    
00005775  __fixsfsi                       
000057ad  sendCaliYawCommand              
000057e5  sprintf                         
0000581d  YawPID_Init                     
00005851  uart2_sendString                
00005885  __aeabi_f2uiz                   
00005885  __fixunssfsi                    
000058b9  Encoder_Init                    
00005919  __aeabi_i2d                     
00005919  __floatsidf                     
00005945  TIMA1_IRQHandler                
0000596d  UART0_IRQHandler                
00005995  __aeabi_ui2f                    
00005995  __floatunsisf                   
000059bd  _c_int00_noargs                 
000059e5  __aeabi_lmul                    
000059e5  __muldi3                        
00005a09  memccpy                         
00005a2d  __aeabi_llsl                    
00005a2d  __ashldi3                       
00005a4d  DL_Timer_setCaptCompUpdateMethod
00005a69  DL_Timer_setClockConfig         
00005a85  DL_Timer_setCaptureCompareOutCtl
00005a9d  YawPID_Enable                   
00005acd  __TI_zero_init_nomemset         
00005ae5  __aeabi_uldivmod                
00005b0d  DL_SPI_setClockConfig           
00005b1f  DL_UART_setClockConfig          
00005b31  __TI_decompress_none            
00005b45  DL_Timer_setCaptureCompareValue 
00005b55  Magent_On                       
00005b65  wcslen                          
00005b75  Delay_ms                        
00005b85  __aeabi_memset                  
00005b85  __aeabi_memset4                 
00005b85  __aeabi_memset8                 
00005ba1  UART2_IRQHandler                
00005bad  Yaw                             
00005bb9  YawPID_ResetIntegral            
00005bc5  YawPID_SetTarget                
00005bd1  DL_Common_delayCycles           
00005c09  IMU_Init                        
00005c11  MAIXCAM_Init                    
00005c19  __aeabi_errno_addr              
00005c21  __aeabi_memcpy                  
00005c21  __aeabi_memcpy4                 
00005c21  __aeabi_memcpy8                 
00005c29  abort                           
00005c2e  C$$EXIT                         
00005c2f  HOSTexit                        
00005c33  Reset_Handler                   
00005c37  _system_pre_init                
00005c40  ascii_3216                      
00007400  ascii_2412                      
000085d0  ascii_1608                      
00008bc0  ascii_1206                      
00009040  __aeabi_ctype_table_            
00009040  __aeabi_ctype_table_C           
00009244  __TI_Handler_Table_Base         
00009250  __TI_Handler_Table_Limit        
00009258  __TI_CINIT_Base                 
00009268  __TI_CINIT_Limit                
00009268  __TI_CINIT_Warm                 
20200000  __start___llvm_prf_bits         
20200000  __start___llvm_prf_cnts         
20200000  __stop___llvm_prf_bits          
20200000  __stop___llvm_prf_cnts          
20200000  gPWM_0Backup                    
202000bc  gTIMER_TICKBackup               
20200178  Yaw_Circle                      
202001a8  gUART_3Backup                   
202001d8  Wheel_Left                      
20200200  Wheel_Right                     
20200228  gSPI_LCDBackup                  
20200273  Mode                            
20200274  Distance                        
20200278  Target_Yaw                      
2020027c  Velocity_Counter                
20200280  Yaw_Value                       
20200284  time                            
20200288  Track_Value                     
20200289  Turn_State                      
2020028c  stcAccel                        
202002a0  stcGyro                         
202002b4  stcQuat                         
202002c4  stcAngle                        
202002d0  Key                             
202002d5  Save                            
202002da  Yaw_Zero                        
202002e8  PID_KD                          
202002ec  PID_KI                          
202002f0  PID_KP                          
20200304  Turn_Start_Yaw                  
2020030c  __aeabi_errno                   
20200310  maixcam_data                    
2020031d  maixcam_rx_ready                
2020031e  uart_data                       
20207e00  __stack                         
20208000  __STACK_END                     
41c00000  BCRConfig                       
41c00100  BSLConfig                       
ffffffff  __TI_pprof_out_hndl             
ffffffff  __TI_prof_data_size             
ffffffff  __TI_prof_data_start            
ffffffff  __binit__                       
ffffffff  binit                           
UNDEFED   __mpu_init                      
UNDEFED   _system_post_cinit              

[260 symbols]
