******************************************************************************
            TI ARM Clang Linker PC v4.0.4                      
******************************************************************************
>> Linked Thu Jul 30 16:44:53 2026

OUTPUT FILE NAME:   <ElcContestTest.out>
ENTRY POINT SYMBOL: "_c_int00_noargs"  address: 00005481


MEMORY CONFIGURATION

         name            origin    length      used     unused   attr    fill
----------------------  --------  ---------  --------  --------  ----  --------
  FLASH                 00000000   00020000  00008d68  00017298  R  X
  SRAM                  20200000   00008000  000004a2  00007b5e  RW X
  BCR_CONFIG            41c00000   000000ff  00000060  0000009f  R   
  BSL_CONFIG            41c00100   00000080  00000058  00000028  R   


SEGMENT ALLOCATION MAP

run origin  load origin   length   init length attrs members
----------  ----------- ---------- ----------- ----- -------
00000000    00000000    00008d68   00008d68    r-x
  00000000    00000000    000000c0   000000c0    r-- .intvecs
  000000c0    000000c0    00005600   00005600    r-x .text
  000056c0    000056c0    00003670   00003670    r-- .rodata
  00008d30    00008d30    00000038   00000038    r-- .cinit
20200000    20200000    000002a2   00000000    rw-
  20200000    20200000    0000021c   00000000    rw- .bss
  2020021c    2020021c    00000086   00000000    rw- .data
20207e00    20207e00    00000200   00000000    rw-
  20207e00    20207e00    00000200   00000000    rw- .stack
41c00000    41c00000    00000060   00000060    r--
  41c00000    41c00000    00000060   00000060    r-- .BCRConfig
41c00100    41c00100    00000058   00000058    r--
  41c00100    41c00100    00000058   00000058    r-- .BSLConfig


SECTION ALLOCATION MAP

 output                                  attributes/
section   page    origin      length       input sections
--------  ----  ----------  ----------   ----------------
.intvecs   0    00000000    000000c0     
                  00000000    000000c0     startup_mspm0g350x_ticlang.o (.intvecs)

.text      0    000000c0    00005600     
                  000000c0    00000de8     lcd_init.o (.text.LCD_Init)
                  00000ea8    00000bdc     libc.a : _scanfi.c.obj (.text.__TI_scanfi)
                  00001a84    00000400     lcd.o (.text.LCD_ShowChar)
                  00001e84    000003b8     libc.a : strtod.c.obj (.text.strtod)
                  0000223c    000002c0     lcd.o (.text.LCD_Fill)
                  000024fc    00000294     IMU.o (.text.CopeSerial2Data)
                  00002790    00000240     empty.o (.text.TiltInner_Loop)
                  000029d0    0000022c     lcd_init.o (.text.LCD_Address_Set)
                  00002bfc    0000021e     lcd.o (.text.LCD_ShowIntNum)
                  00002e1a    00000002     startup_mspm0g350x_ticlang.o (.text.Default_Handler)
                  00002e1c    000001e0     libc.a : strtoll.c.obj (.text.strtoll)
                  00002ffc    000001cc     empty.o (.text.main)
                  000031c8    0000019a     lcd.o (.text.LCD_ShowFloatNum)
                  00003362    00000002     libclang_rt.builtins.a : aeabi_div0.c.obj (.text.__aeabi_idiv0)
                  00003364    00000192                            : adddf3.S.obj (.text.adddf3_subdf3)
                  000034f6    00000002                            : aeabi_div0.c.obj (.text.__aeabi_ldiv0)
                  000034f8    00000180     STEP_MOTOR.o (.text.zdt_emm_wait_reply)
                  00003678    0000016c     libc.a : strtoull.c.obj (.text.strtoull)
                  000037e4    00000144            : strtol.c.obj (.text.strtol)
                  00003928    0000012c            : strtoul.c.obj (.text.strtoul)
                  00003a54    00000124     ti_msp_dl_config.o (.text.SYSCFG_DL_GPIO_init)
                  00003b78    0000010c     libclang_rt.builtins.a : divdf3.S.obj (.text.__divdf3)
                  00003c84    00000104     driverlib.a : dl_timer.o (.text.DL_Timer_initFourCCPWMMode)
                  00003d88    000000fc                 : dl_timer.o (.text.DL_Timer_initTimerMode)
                  00003e84    000000f8     STEP_MOTOR.o (.text.zdt_emm_read_request)
                  00003f7c    000000e4     libclang_rt.builtins.a : muldf3.S.obj (.text.__muldf3)
                  00004060    000000d8     libc.a : s_scalbn.c.obj (.text.scalbn)
                  00004138    000000d8     libclang_rt.builtins.a : addsf3.S.obj (.text)
                  00004210    000000d0     MAXICAM.o (.text.UART3_IRQHandler)
                  000042e0    000000a2     libclang_rt.builtins.a : udivmoddi4.S.obj (.text)
                  00004382    0000009a     libc.a : memcpy16.S.obj (.text:memcpy)
                  0000441c    0000008c     libclang_rt.builtins.a : mulsf3.S.obj (.text.__mulsf3)
                  000044a8    00000088     ti_msp_dl_config.o (.text.SYSCFG_DL_initPower)
                  00004530    00000082     libclang_rt.builtins.a : divsf3.S.obj (.text.__divsf3)
                  000045b2    00000002     --HOLE-- [fill = 0]
                  000045b4    0000007c     libc.a : copy_decompress_lzss.c.obj (.text:decompress:lzss)
                  00004630    00000074     ti_msp_dl_config.o (.text.SYSCFG_DL_PWM_0_init)
                  000046a4    00000074     ti_msp_dl_config.o (.text.SYSCFG_DL_PWM_1_init)
                  00004718    00000074     ZIGBEE.o (.text.UART1_IRQHandler)
                  0000478c    00000074     libclang_rt.builtins.a : comparedf2.c.obj (.text.__gedf2)
                  00004800    00000074                            : truncdfsf2.S.obj (.text.__truncdfsf2)
                  00004874    00000074     libc.a : sscanf.c.obj (.text._chkmbc)
                  000048e8    00000070     lcd_init.o (.text.LCD_WR_DATA)
                  00004958    00000070     ti_msp_dl_config.o (.text.SYSCFG_DL_UART_0_init)
                  000049c8    00000070     ti_msp_dl_config.o (.text.SYSCFG_DL_UART_1_init)
                  00004a38    00000070     ti_msp_dl_config.o (.text.SYSCFG_DL_UART_2_init)
                  00004aa8    00000070     ti_msp_dl_config.o (.text.SYSCFG_DL_UART_3_init)
                  00004b18    0000006c     STEP_MOTOR.o (.text.zdt_emm_speed_no_reply)
                  00004b84    00000068     libclang_rt.builtins.a : comparedf2.c.obj (.text.__ledf2)
                  00004bec    00000068     STEP_MOTOR.o (.text.zdt_emm_zero_position)
                  00004c54    00000064     My_STEPMOTOR.o (.text.StepMotor_Init)
                  00004cb8    00000064     My_STEPMOTOR.o (.text.StepMotor_ReadAngle_x10)
                  00004d1c    00000064     STEP_MOTOR.o (.text.zdt_emm_read_position_raw)
                  00004d80    00000062     libclang_rt.builtins.a : aeabi_dcmp.S.obj (.text.__aeabi_dcmp)
                  00004de2    00000002     --HOLE-- [fill = 0]
                  00004de4    00000062                            : aeabi_fcmp.S.obj (.text.__aeabi_fcmp)
                  00004e46    00000062     libc.a : memset16.S.obj (.text:memset)
                  00004ea8    00000058     ENCODER.o (.text.GROUP1_IRQHandler)
                  00004f00    00000058     ti_msp_dl_config.o (.text.SYSCFG_DL_init)
                  00004f58    00000050     ti_msp_dl_config.o (.text.SYSCFG_DL_TIMER_TICK_init)
                  00004fa8    0000004c     ti_msp_dl_config.o (.text.SYSCFG_DL_SPI_LCD_init)
                  00004ff4    0000004c     ti_msp_dl_config.o (.text.SYSCFG_DL_SYSCTL_init)
                  00005040    0000004a     lcd.o (.text.LCD_ShowString)
                  0000508a    00000002     --HOLE-- [fill = 0]
                  0000508c    00000048     driverlib.a : dl_uart.o (.text.DL_UART_init)
                  000050d4    00000044                 : dl_spi.o (.text.DL_SPI_init)
                  00005118    00000040     libclang_rt.builtins.a : aeabi_uidivmod.S.obj (.text.__aeabi_uidivmod)
                  00005158    00000040     libc.a : atoi.c.obj (.text.atoi)
                  00005198    00000040     STEP_MOTOR.o (.text.zdt_emm_enable_no_reply)
                  000051d8    0000003c     libclang_rt.builtins.a : floatsisf.S.obj (.text.__floatsisf)
                  00005214    0000003c                            : comparesf2.S.obj (.text.__gtsf2)
                  00005250    0000003c     libc.a : autoinit.c.obj (.text:__TI_auto_init_nobinit_nopinit)
                  0000528c    0000003a     libclang_rt.builtins.a : comparesf2.S.obj (.text.__eqsf2)
                  000052c6    00000002     --HOLE-- [fill = 0]
                  000052c8    0000003a                            : muldsi3.S.obj (.text.__muldsi3)
                  00005302    00000002     --HOLE-- [fill = 0]
                  00005304    00000038                            : fixsfsi.S.obj (.text.__fixsfsi)
                  0000533c    00000036     STEP_MOTOR.o (.text.zdt_emm_stop_no_reply)
                  00005372    00000002     --HOLE-- [fill = 0]
                  00005374    00000032     libclang_rt.builtins.a : fixunssfsi.S.obj (.text.__fixunssfsi)
                  000053a6    00000002     --HOLE-- [fill = 0]
                  000053a8    00000030     driverlib.a : dl_uart.o (.text.DL_UART_transmitDataBlocking)
                  000053d8    00000030     libc.a : sscanf.c.obj (.text.sscanf)
                  00005408    00000028     empty.o (.text.TIMA1_IRQHandler)
                  00005430    00000028     IMU.o (.text.UART0_IRQHandler)
                  00005458    00000028     libclang_rt.builtins.a : floatunsisf.S.obj (.text.__floatunsisf)
                  00005480    00000028     libc.a : boot_cortex_m.c.obj (.text:_c_int00_noargs)
                  000054a8    00000024     libclang_rt.builtins.a : muldi3.S.obj (.text.__muldi3)
                  000054cc    00000020     My_STEPMOTOR.o (.text.StepMotor_RunSpeed_NoReply)
                  000054ec    0000001e     libclang_rt.builtins.a : ashldi3.S.obj (.text.__ashldi3)
                  0000550a    00000002     --HOLE-- [fill = 0]
                  0000550c    0000001c     driverlib.a : dl_timer.o (.text.DL_Timer_setCaptCompUpdateMethod)
                  00005528    0000001c                 : dl_timer.o (.text.DL_Timer_setClockConfig)
                  00005544    00000018                 : dl_timer.o (.text.DL_Timer_setCaptureCompareOutCtl)
                  0000555c    00000018     My_STEPMOTOR.o (.text.StepMotor_ZeroPosition)
                  00005574    00000016     libc.a : copy_zero_init.c.obj (.text:decompress:ZI:__TI_zero_init_nomemset)
                  0000558a    00000002     --HOLE-- [fill = 0]
                  0000558c    00000014     My_STEPMOTOR.o (.text.StepMotor_Stop_NoReply)
                  000055a0    00000014     libclang_rt.builtins.a : aeabi_uldivmod.S.obj (.text.__aeabi_uldivmod)
                  000055b4    00000014     libc.a : sscanf.c.obj (.text._inpchar)
                  000055c8    00000012     driverlib.a : dl_spi.o (.text.DL_SPI_setClockConfig)
                  000055da    00000012                 : dl_uart.o (.text.DL_UART_setClockConfig)
                  000055ec    00000012     libc.a : copy_decompress_none.c.obj (.text:decompress:none)
                  000055fe    00000002     --HOLE-- [fill = 0]
                  00005600    00000010     driverlib.a : dl_timer.o (.text.DL_Timer_setCaptureCompareValue)
                  00005610    0000000e     board.o (.text.Delay_ms)
                  0000561e    0000000e     libc.a : _scanfi.c.obj (.text.OUTLINED_FUNCTION_1)
                  0000562c    0000000e            : _scanfi.c.obj (.text.OUTLINED_FUNCTION_2)
                  0000563a    0000000e            : _scanfi.c.obj (.text.OUTLINED_FUNCTION_4)
                  00005648    0000000c     libclang_rt.builtins.a : aeabi_memset.S.obj (.text.__aeabi_memclr)
                  00005654    0000000a     driverlib.a : dl_common.o (.text.DL_Common_delayCycles)
                  0000565e    00000008     libc.a : _scanfi.c.obj (.text.OUTLINED_FUNCTION_0)
                  00005666    00000008            : strtod.c.obj (.text.OUTLINED_FUNCTION_0)
                  0000566e    00000008            : strtod.c.obj (.text.OUTLINED_FUNCTION_1)
                  00005676    00000002     --HOLE-- [fill = 0]
                  00005678    00000010     libclang_rt.builtins.a : aeabi_dcmp.S.obj (.tramp.__aeabi_dcmpeq.1)
                  00005688    00000008     libc.a : aeabi_portable.c.obj (.text.__aeabi_errno_addr)
                  00005690    00000008     libclang_rt.builtins.a : aeabi_memcpy.S.obj (.text.__aeabi_memcpy)
                  00005698    00000008     libc.a : sscanf.c.obj (.text._uninpchar)
                  000056a0    00000006            : _scanfi.c.obj (.text.OUTLINED_FUNCTION_3)
                  000056a6    00000006            : exit.c.obj (.text:abort)
                  000056ac    00000004     libsysbm.a : hostexit.c.obj (.text.HOSTexit)
                  000056b0    00000004     startup_mspm0g350x_ticlang.o (.text.Reset_Handler)
                  000056b4    00000004     libc.a : pre_init.c.obj (.text._system_pre_init)
                  000056b8    00000008     --HOLE-- [fill = 0]

.cinit     0    00008d30    00000038     
                  00008d30    0000000d     (.cinit..data.load) [load image, compression = lzss]
                  00008d3d    00000003     --HOLE-- [fill = 0]
                  00008d40    0000000c     (__TI_handler_table)
                  00008d4c    00000008     (.cinit..bss.load) [load image, compression = zero_init]
                  00008d54    00000010     (__TI_cinit_table)
                  00008d64    00000004     --HOLE-- [fill = 0]

.rodata    0    000056c0    00003670     
                  000056c0    000017c0     lcd.o (.rodata.ascii_3216)
                  00006e80    000011d0     lcd.o (.rodata.ascii_2412)
                  00008050    000005f0     lcd.o (.rodata.ascii_1608)
                  00008640    00000474     lcd.o (.rodata.ascii_1206)
                  00008ab4    0000000a     ti_msp_dl_config.o (.rodata.gSPI_LCD_config)
                  00008abe    00000002     ti_msp_dl_config.o (.rodata.gSPI_LCD_clockConfig)
                  00008ac0    00000101     libc.a : aeabi_ctype.S.obj (.rodata:__aeabi_ctype_table_)
                  00008bc1    00000007            : _scanfi.c.obj (.rodata._sproc_int.flit)
                  00008bc8    00000080            : strtod.c.obj (.rodata.digits)
                  00008c48    00000048            : strtod.c.obj (.rodata.powerof10)
                  00008c90    00000014     ti_msp_dl_config.o (.rodata.gTIMER_TICKTimerConfig)
                  00008ca4    0000000a     ti_msp_dl_config.o (.rodata.gUART_0Config)
                  00008cae    0000000a     ti_msp_dl_config.o (.rodata.gUART_1Config)
                  00008cb8    0000000a     ti_msp_dl_config.o (.rodata.gUART_2Config)
                  00008cc2    0000000a     ti_msp_dl_config.o (.rodata.gUART_3Config)
                  00008ccc    00000009     libc.a : _scanfi.c.obj (.rodata.str1.12964984209033246150.1)
                  00008cd5    00000009     ZIGBEE.o (.rodata.str1.17608243100409044478.1)
                  00008cde    00000002     ti_msp_dl_config.o (.rodata.gUART_0ClockConfig)
                  00008ce0    00000008     libc.a : _scanfi.c.obj (.rodata..L__const._sproc_float.special)
                  00008ce8    00000008     ti_msp_dl_config.o (.rodata.gPWM_0Config)
                  00008cf0    00000008     ti_msp_dl_config.o (.rodata.gPWM_1Config)
                  00008cf8    00000006     libc.a : _scanfi.c.obj (.rodata._sproc_int.barr)
                  00008cfe    00000005     empty.o (.rodata.str1.11898133897667081452.1)
                  00008d03    00000005     empty.o (.rodata.str1.14685083708502177989.1)
                  00008d08    00000005     empty.o (.rodata.str1.17669528882079347314.1)
                  00008d0d    00000005     empty.o (.rodata.str1.254342170260855183.1)
                  00008d12    00000005     empty.o (.rodata.str1.9517790425240694019.1)
                  00008d17    00000004     libc.a : _scanfi.c.obj (.rodata.str1.3403580589742030990.1)
                  00008d1b    00000003     ti_msp_dl_config.o (.rodata.gPWM_0ClockConfig)
                  00008d1e    00000003     ti_msp_dl_config.o (.rodata.gPWM_1ClockConfig)
                  00008d21    00000003     ti_msp_dl_config.o (.rodata.gTIMER_TICKClockConfig)
                  00008d24    00000002     ti_msp_dl_config.o (.rodata.gUART_1ClockConfig)
                  00008d26    00000002     ti_msp_dl_config.o (.rodata.gUART_2ClockConfig)
                  00008d28    00000002     ti_msp_dl_config.o (.rodata.gUART_3ClockConfig)
                  00008d2a    00000006     --HOLE-- [fill = 0]

.init_array 
*          0    00000000    00000000     UNINITIALIZED

.binit     0    00000000    00000000     

.bss       0    20200000    0000021c     UNINITIALIZED
                  20200000    000000bc     (.common:gPWM_0Backup)
                  202000bc    000000bc     (.common:gTIMER_TICKBackup)
                  20200178    00000030     (.common:gUART_3Backup)
                  202001a8    00000028     (.common:gSPI_LCDBackup)
                  202001d0    00000020     ZIGBEE.o (.bss.UART1_IRQHandler.rx_buf)
                  202001f0    0000000c     ENCODER.o (.bss.motor_encoder1)
                  202001fc    0000000c     ENCODER.o (.bss.motor_encoder2)
                  20200208    0000000b     IMU.o (.bss.CopeSerial2Data.ucRxBuffer)
                  20200213    00000001     (.common:rx_debug_flag)
                  20200214    00000004     (.common:Velocity_Counter)
                  20200218    00000004     (.common:time)

.data      0    2020021c    00000086     UNINITIALIZED
                  2020021c    00000014     IMU.o (.data.stcAccel)
                  20200230    00000014     IMU.o (.data.stcGyro)
                  20200244    00000010     IMU.o (.data.stcQuat)
                  20200254    0000000c     IMU.o (.data.stcAngle)
                  20200260    0000000c     ZIGBEE.o (.data.zigbee_data)
                  2020026c    00000004     empty.o (.data.Inner_Current_x10)
                  20200270    00000004     empty.o (.data.Inner_Dir)
                  20200274    00000004     empty.o (.data.Inner_Error)
                  20200278    00000004     empty.o (.data.Inner_Integral)
                  2020027c    00000004     empty.o (.data.Inner_LastError)
                  20200280    00000004     empty.o (.data.Inner_LastTime)
                  20200284    00000004     empty.o (.data.Inner_Output)
                  20200288    00000004     empty.o (.data.Inner_Status)
                  2020028c    00000004     empty.o (.data.Inner_Target_x10)
                  20200290    00000004     MAXICAM.o (.data.UART3_IRQHandler.buffer)
                  20200294    00000004     libc.a : aeabi_portable.c.obj (.data.__aeabi_errno)
                  20200298    00000004     MAXICAM.o (.data.maixcam_data)
                  2020029c    00000001     IMU.o (.data.CopeSerial2Data.ucRxCnt)
                  2020029d    00000001     ZIGBEE.o (.data.UART1_IRQHandler.rx_idx)
                  2020029e    00000001     MAXICAM.o (.data.UART3_IRQHandler.shift)
                  2020029f    00000001     MAXICAM.o (.data.UART3_IRQHandler.state)
                  202002a0    00000001     MAXICAM.o (.data.maixcam_rx_ready)
                  202002a1    00000001     IMU.o (.data.uart_data)

.stack     0    20207e00    00000200     UNINITIALIZED
                  20207e00    00000004     libc.a : boot_cortex_m.c.obj (.stack)
                  20207e04    000001fc     --HOLE--

.BCRConfig 
*          0    41c00000    00000060     
                  41c00000    00000060     boot_config.o (.BCRConfig)

.BSLConfig 
*          0    41c00100    00000058     
                  41c00100    00000058     boot_config.o (.BSLConfig)

__llvm_prf_cnts 
*          0    20200000    00000000     UNINITIALIZED

__llvm_prf_bits 
*          0    20200000    00000000     UNINITIALIZED

MODULE SUMMARY

       Module                         code    ro data   rw data
       ------                         ----    -------   -------
    .\
       ti_msp_dl_config.o             1428    105       464    
       empty.o                        1076    25        44     
       startup_mspm0g350x_ticlang.o   6       192       0      
       boot_config.o                  0       184       0      
    +--+------------------------------+-------+---------+---------+
       Total:                         2510    506       508    
                                                               
    .\BPS\Board\
       board.o                        14      0         0      
    +--+------------------------------+-------+---------+---------+
       Total:                         14      0         0      
                                                               
    .\BPS\lcd\
       lcd.o                          2754    13300     0      
       lcd_init.o                     4228    0         0      
    +--+------------------------------+-------+---------+---------+
       Total:                         6982    13300     0      
                                                               
    .\BPS\src\
       STEP_MOTOR.o                   1062    0         0      
       IMU.o                          700     0         81     
       My_STEPMOTOR.o                 276     0         0      
       MAXICAM.o                      208     0         11     
       ZIGBEE.o                       116     9         46     
       ENCODER.o                      88      0         24     
    +--+------------------------------+-------+---------+---------+
       Total:                         2450    9         162    
                                                               
    E:/SDK/Ti/mspm0_sdk_2_10_00_04/mspm0_sdk_2_11_00_07/source/ti/driverlib/lib/ticlang/m0p/mspm0g1x0x_g3x0x/driverlib.a
       dl_timer.o                     608     0         0      
       dl_uart.o                      138     0         0      
       dl_spi.o                       86      0         0      
       dl_common.o                    10      0         0      
    +--+------------------------------+-------+---------+---------+
       Total:                         842     0         0      
                                                               
    E:\software\IDE\Code Composer Studio\ccs\tools\compiler\ti-cgt-armllvm_4.0.4.LTS\lib\armv6m-ti-none-eabi/c/libc.a
       _scanfi.c.obj                  3092    34        0      
       strtod.c.obj                   968     200       0      
       strtoll.c.obj                  480     0         0      
       strtoull.c.obj                 364     0         0      
       strtol.c.obj                   324     0         0      
       strtoul.c.obj                  300     0         0      
       aeabi_ctype.S.obj              0       257       0      
       s_scalbn.c.obj                 216     0         0      
       sscanf.c.obj                   192     0         0      
       memcpy16.S.obj                 154     0         0      
       copy_decompress_lzss.c.obj     124     0         0      
       memset16.S.obj                 98      0         0      
       atoi.c.obj                     64      0         0      
       autoinit.c.obj                 60      0         0      
       boot_cortex_m.c.obj            40      0         0      
       copy_zero_init.c.obj           22      0         0      
       copy_decompress_none.c.obj     18      0         0      
       aeabi_portable.c.obj           8       0         4      
       exit.c.obj                     6       0         0      
       pre_init.c.obj                 4       0         0      
    +--+------------------------------+-------+---------+---------+
       Total:                         6534    491       4      
                                                               
    E:\software\IDE\Code Composer Studio\ccs\tools\compiler\ti-cgt-armllvm_4.0.4.LTS\lib\armv6m-ti-none-eabi/c/libsysbm.a
       hostexit.c.obj                 4       0         0      
    +--+------------------------------+-------+---------+---------+
       Total:                         4       0         0      
                                                               
    E:\software\IDE\Code Composer Studio\ccs\tools\compiler\ti-cgt-armllvm_4.0.4.LTS\lib\armv6m-ti-none-eabi/libclang_rt.builtins.a
       adddf3.S.obj                   402     0         0      
       divdf3.S.obj                   268     0         0      
       muldf3.S.obj                   228     0         0      
       comparedf2.c.obj               220     0         0      
       addsf3.S.obj                   216     0         0      
       udivmoddi4.S.obj               162     0         0      
       mulsf3.S.obj                   140     0         0      
       divsf3.S.obj                   130     0         0      
       comparesf2.S.obj               118     0         0      
       truncdfsf2.S.obj               116     0         0      
       aeabi_dcmp.S.obj               114     0         0      
       aeabi_fcmp.S.obj               98      0         0      
       aeabi_uidivmod.S.obj           64      0         0      
       floatsisf.S.obj                60      0         0      
       muldsi3.S.obj                  58      0         0      
       fixsfsi.S.obj                  56      0         0      
       fixunssfsi.S.obj               50      0         0      
       floatunsisf.S.obj              40      0         0      
       muldi3.S.obj                   36      0         0      
       ashldi3.S.obj                  30      0         0      
       aeabi_uldivmod.S.obj           20      0         0      
       aeabi_memset.S.obj             12      0         0      
       aeabi_memcpy.S.obj             8       0         0      
       aeabi_div0.c.obj               4       0         0      
    +--+------------------------------+-------+---------+---------+
       Total:                         2650    0         0      
                                                               
       Stack:                         0       0         512    
       Linker Generated:              0       49        0      
    +--+------------------------------+-------+---------+---------+
       Grand Total:                   21986   14355     1186   


LINKER GENERATED COPY TABLES

__TI_cinit_table @ 00008d54 records: 2, size/record: 8, table size: 16
	.data: load addr=00008d30, load size=0000000d bytes, run addr=2020021c, run size=00000086 bytes, compression=lzss
	.bss: load addr=00008d4c, load size=00000008 bytes, run addr=20200000, run size=0000021c bytes, compression=zero_init


LINKER GENERATED HANDLER TABLE

__TI_handler_table @ 00008d40 records: 3, size/record: 4, table size: 12
	index: 0, handler: __TI_decompress_lzss
	index: 1, handler: __TI_decompress_none
	index: 2, handler: __TI_zero_init


FAR CALL TRAMPOLINES

callee name               trampoline name
   callee addr  tramp addr   call addr  call info
--------------  -----------  ---------  ----------------
__aeabi_dcmpeq            $Tramp$TT$L$PI$$__aeabi_dcmpeq
   00004d81     00005678     00005674   libc.a : strtod.c.obj (.text.OUTLINED_FUNCTION_1)

[1 trampolines]
[1 trampoline calls]


GLOBAL SYMBOLS: SORTED ALPHABETICALLY BY Name 

address   name                            
-------   ----                            
00002e1b  ADC0_IRQHandler                 
00002e1b  ADC1_IRQHandler                 
00002e1b  AES_IRQHandler                  
41c00000  BCRConfig                       
41c00100  BSLConfig                       
000056ac  C$$EXIT                         
00002e1b  CANFD0_IRQHandler               
000024fd  CopeSerial2Data                 
00002e1b  DAC0_IRQHandler                 
00005655  DL_Common_delayCycles           
000050d5  DL_SPI_init                     
000055c9  DL_SPI_setClockConfig           
00003c85  DL_Timer_initFourCCPWMMode      
00003d89  DL_Timer_initTimerMode          
0000550d  DL_Timer_setCaptCompUpdateMethod
00005545  DL_Timer_setCaptureCompareOutCtl
00005601  DL_Timer_setCaptureCompareValue 
00005529  DL_Timer_setClockConfig         
0000508d  DL_UART_init                    
000055db  DL_UART_setClockConfig          
000053a9  DL_UART_transmitDataBlocking    
00002e1b  DMA_IRQHandler                  
00002e1b  Default_Handler                 
00005611  Delay_ms                        
00002e1b  GROUP0_IRQHandler               
00004ea9  GROUP1_IRQHandler               
000056ad  HOSTexit                        
00002e1b  HardFault_Handler               
00002e1b  I2C0_IRQHandler                 
00002e1b  I2C1_IRQHandler                 
2020026c  Inner_Current_x10               
20200270  Inner_Dir                       
20200274  Inner_Error                     
20200278  Inner_Integral                  
2020027c  Inner_LastError                 
20200280  Inner_LastTime                  
20200284  Inner_Output                    
20200288  Inner_Status                    
2020028c  Inner_Target_x10                
000029d1  LCD_Address_Set                 
0000223d  LCD_Fill                        
000000c1  LCD_Init                        
00001a85  LCD_ShowChar                    
000031c9  LCD_ShowFloatNum                
00002bfd  LCD_ShowIntNum                  
00005041  LCD_ShowString                  
000048e9  LCD_WR_DATA                     
00002e1b  NMI_Handler                     
00002e1b  PendSV_Handler                  
00002e1b  RTC_IRQHandler                  
000056b1  Reset_Handler                   
00002e1b  SPI0_IRQHandler                 
00002e1b  SPI1_IRQHandler                 
00002e1b  SVC_Handler                     
00003a55  SYSCFG_DL_GPIO_init             
00004631  SYSCFG_DL_PWM_0_init            
000046a5  SYSCFG_DL_PWM_1_init            
00004fa9  SYSCFG_DL_SPI_LCD_init          
00004ff5  SYSCFG_DL_SYSCTL_init           
00004f59  SYSCFG_DL_TIMER_TICK_init       
00004959  SYSCFG_DL_UART_0_init           
000049c9  SYSCFG_DL_UART_1_init           
00004a39  SYSCFG_DL_UART_2_init           
00004aa9  SYSCFG_DL_UART_3_init           
00004f01  SYSCFG_DL_init                  
000044a9  SYSCFG_DL_initPower             
00004c55  StepMotor_Init                  
00004cb9  StepMotor_ReadAngle_x10         
000054cd  StepMotor_RunSpeed_NoReply      
0000558d  StepMotor_Stop_NoReply          
0000555d  StepMotor_ZeroPosition          
00002e1b  SysTick_Handler                 
00002e1b  TIMA0_IRQHandler                
00005409  TIMA1_IRQHandler                
00002e1b  TIMG0_IRQHandler                
00002e1b  TIMG12_IRQHandler               
00002e1b  TIMG6_IRQHandler                
00002e1b  TIMG7_IRQHandler                
00002e1b  TIMG8_IRQHandler                
00002791  TiltInner_Loop                  
00005431  UART0_IRQHandler                
00004719  UART1_IRQHandler                
00002e1b  UART2_IRQHandler                
00004211  UART3_IRQHandler                
20200214  Velocity_Counter                
20208000  __STACK_END                     
00000200  __STACK_SIZE                    
00000000  __TI_ATRegion0_region_sz        
00000000  __TI_ATRegion0_src_addr         
00000000  __TI_ATRegion0_trg_addr         
00000000  __TI_ATRegion1_region_sz        
00000000  __TI_ATRegion1_src_addr         
00000000  __TI_ATRegion1_trg_addr         
00000000  __TI_ATRegion2_region_sz        
00000000  __TI_ATRegion2_src_addr         
00000000  __TI_ATRegion2_trg_addr         
00008d54  __TI_CINIT_Base                 
00008d64  __TI_CINIT_Limit                
00008d64  __TI_CINIT_Warm                 
00008d40  __TI_Handler_Table_Base         
00008d4c  __TI_Handler_Table_Limit        
00005251  __TI_auto_init_nobinit_nopinit  
000045b5  __TI_decompress_lzss            
000055ed  __TI_decompress_none            
ffffffff  __TI_pprof_out_hndl             
ffffffff  __TI_prof_data_size             
ffffffff  __TI_prof_data_start            
00000ea9  __TI_scanfi                     
00000000  __TI_static_base__              
00005575  __TI_zero_init_nomemset         
0000336f  __adddf3                        
00004143  __addsf3                        
00008ac0  __aeabi_ctype_table_            
00008ac0  __aeabi_ctype_table_C           
00004801  __aeabi_d2f                     
0000336f  __aeabi_dadd                    
00004d81  __aeabi_dcmpeq                  
00004dbd  __aeabi_dcmpge                  
00004dd1  __aeabi_dcmpgt                  
00004da9  __aeabi_dcmple                  
00004d95  __aeabi_dcmplt                  
00003b79  __aeabi_ddiv                    
00003f7d  __aeabi_dmul                    
00003365  __aeabi_dsub                    
20200294  __aeabi_errno                   
00005689  __aeabi_errno_addr              
00005305  __aeabi_f2iz                    
00005375  __aeabi_f2uiz                   
00004143  __aeabi_fadd                    
00004de5  __aeabi_fcmpeq                  
00004e21  __aeabi_fcmpge                  
00004e35  __aeabi_fcmpgt                  
00004e0d  __aeabi_fcmple                  
00004df9  __aeabi_fcmplt                  
00004531  __aeabi_fdiv                    
0000441d  __aeabi_fmul                    
00004139  __aeabi_fsub                    
000051d9  __aeabi_i2f                     
00003363  __aeabi_idiv0                   
000034f7  __aeabi_ldiv0                   
000054ed  __aeabi_llsl                    
000054a9  __aeabi_lmul                    
00005649  __aeabi_memclr                  
00005649  __aeabi_memclr4                 
00005649  __aeabi_memclr8                 
00005691  __aeabi_memcpy                  
00005691  __aeabi_memcpy4                 
00005691  __aeabi_memcpy8                 
00005459  __aeabi_ui2f                    
00005119  __aeabi_uidiv                   
00005119  __aeabi_uidivmod                
000055a1  __aeabi_uldivmod                
000054ed  __ashldi3                       
ffffffff  __binit__                       
00004b85  __cmpdf2                        
0000528d  __cmpsf2                        
00003b79  __divdf3                        
00004531  __divsf3                        
00004b85  __eqdf2                         
0000528d  __eqsf2                         
00005305  __fixsfsi                       
00005375  __fixunssfsi                    
000051d9  __floatsisf                     
00005459  __floatunsisf                   
0000478d  __gedf2                         
00005215  __gesf2                         
0000478d  __gtdf2                         
00005215  __gtsf2                         
00004b85  __ledf2                         
0000528d  __lesf2                         
00004b85  __ltdf2                         
0000528d  __ltsf2                         
UNDEFED   __mpu_init                      
00003f7d  __muldf3                        
000054a9  __muldi3                        
000052c9  __muldsi3                       
0000441d  __mulsf3                        
00004b85  __nedf2                         
0000528d  __nesf2                         
20207e00  __stack                         
20200000  __start___llvm_prf_bits         
20200000  __start___llvm_prf_cnts         
20200000  __stop___llvm_prf_bits          
20200000  __stop___llvm_prf_cnts          
00003365  __subdf3                        
00004139  __subsf3                        
00004801  __truncdfsf2                    
000042e1  __udivmoddi4                    
00005481  _c_int00_noargs                 
UNDEFED   _system_post_cinit              
000056b5  _system_pre_init                
000056a7  abort                           
00008640  ascii_1206                      
00008050  ascii_1608                      
00006e80  ascii_2412                      
000056c0  ascii_3216                      
00005159  atoi                            
ffffffff  binit                           
20200000  gPWM_0Backup                    
202001a8  gSPI_LCDBackup                  
202000bc  gTIMER_TICKBackup               
20200178  gUART_3Backup                   
00000000  interruptVectors                
00004061  ldexp                           
00004061  ldexpl                          
00002ffd  main                            
20200298  maixcam_data                    
202002a0  maixcam_rx_ready                
00004383  memcpy                          
00004e47  memset                          
20200213  rx_debug_flag                   
00004061  scalbn                          
00004061  scalbnl                         
000053d9  sscanf                          
2020021c  stcAccel                        
20200254  stcAngle                        
20200230  stcGyro                         
20200244  stcQuat                         
00001e85  strtod                          
000037e5  strtol                          
00001e85  strtold                         
00002e1d  strtoll                         
00003929  strtoul                         
00003679  strtoull                        
20200218  time                            
202002a1  uart_data                       
00005199  zdt_emm_enable_no_reply         
00004d1d  zdt_emm_read_position_raw       
00004b19  zdt_emm_speed_no_reply          
0000533d  zdt_emm_stop_no_reply           
000034f9  zdt_emm_wait_reply              
00004bed  zdt_emm_zero_position           
20200260  zigbee_data                     


GLOBAL SYMBOLS: SORTED BY Symbol Address 

address   name                            
-------   ----                            
00000000  __TI_ATRegion0_region_sz        
00000000  __TI_ATRegion0_src_addr         
00000000  __TI_ATRegion0_trg_addr         
00000000  __TI_ATRegion1_region_sz        
00000000  __TI_ATRegion1_src_addr         
00000000  __TI_ATRegion1_trg_addr         
00000000  __TI_ATRegion2_region_sz        
00000000  __TI_ATRegion2_src_addr         
00000000  __TI_ATRegion2_trg_addr         
00000000  __TI_static_base__              
00000000  interruptVectors                
000000c1  LCD_Init                        
00000200  __STACK_SIZE                    
00000ea9  __TI_scanfi                     
00001a85  LCD_ShowChar                    
00001e85  strtod                          
00001e85  strtold                         
0000223d  LCD_Fill                        
000024fd  CopeSerial2Data                 
00002791  TiltInner_Loop                  
000029d1  LCD_Address_Set                 
00002bfd  LCD_ShowIntNum                  
00002e1b  ADC0_IRQHandler                 
00002e1b  ADC1_IRQHandler                 
00002e1b  AES_IRQHandler                  
00002e1b  CANFD0_IRQHandler               
00002e1b  DAC0_IRQHandler                 
00002e1b  DMA_IRQHandler                  
00002e1b  Default_Handler                 
00002e1b  GROUP0_IRQHandler               
00002e1b  HardFault_Handler               
00002e1b  I2C0_IRQHandler                 
00002e1b  I2C1_IRQHandler                 
00002e1b  NMI_Handler                     
00002e1b  PendSV_Handler                  
00002e1b  RTC_IRQHandler                  
00002e1b  SPI0_IRQHandler                 
00002e1b  SPI1_IRQHandler                 
00002e1b  SVC_Handler                     
00002e1b  SysTick_Handler                 
00002e1b  TIMA0_IRQHandler                
00002e1b  TIMG0_IRQHandler                
00002e1b  TIMG12_IRQHandler               
00002e1b  TIMG6_IRQHandler                
00002e1b  TIMG7_IRQHandler                
00002e1b  TIMG8_IRQHandler                
00002e1b  UART2_IRQHandler                
00002e1d  strtoll                         
00002ffd  main                            
000031c9  LCD_ShowFloatNum                
00003363  __aeabi_idiv0                   
00003365  __aeabi_dsub                    
00003365  __subdf3                        
0000336f  __adddf3                        
0000336f  __aeabi_dadd                    
000034f7  __aeabi_ldiv0                   
000034f9  zdt_emm_wait_reply              
00003679  strtoull                        
000037e5  strtol                          
00003929  strtoul                         
00003a55  SYSCFG_DL_GPIO_init             
00003b79  __aeabi_ddiv                    
00003b79  __divdf3                        
00003c85  DL_Timer_initFourCCPWMMode      
00003d89  DL_Timer_initTimerMode          
00003f7d  __aeabi_dmul                    
00003f7d  __muldf3                        
00004061  ldexp                           
00004061  ldexpl                          
00004061  scalbn                          
00004061  scalbnl                         
00004139  __aeabi_fsub                    
00004139  __subsf3                        
00004143  __addsf3                        
00004143  __aeabi_fadd                    
00004211  UART3_IRQHandler                
000042e1  __udivmoddi4                    
00004383  memcpy                          
0000441d  __aeabi_fmul                    
0000441d  __mulsf3                        
000044a9  SYSCFG_DL_initPower             
00004531  __aeabi_fdiv                    
00004531  __divsf3                        
000045b5  __TI_decompress_lzss            
00004631  SYSCFG_DL_PWM_0_init            
000046a5  SYSCFG_DL_PWM_1_init            
00004719  UART1_IRQHandler                
0000478d  __gedf2                         
0000478d  __gtdf2                         
00004801  __aeabi_d2f                     
00004801  __truncdfsf2                    
000048e9  LCD_WR_DATA                     
00004959  SYSCFG_DL_UART_0_init           
000049c9  SYSCFG_DL_UART_1_init           
00004a39  SYSCFG_DL_UART_2_init           
00004aa9  SYSCFG_DL_UART_3_init           
00004b19  zdt_emm_speed_no_reply          
00004b85  __cmpdf2                        
00004b85  __eqdf2                         
00004b85  __ledf2                         
00004b85  __ltdf2                         
00004b85  __nedf2                         
00004bed  zdt_emm_zero_position           
00004c55  StepMotor_Init                  
00004cb9  StepMotor_ReadAngle_x10         
00004d1d  zdt_emm_read_position_raw       
00004d81  __aeabi_dcmpeq                  
00004d95  __aeabi_dcmplt                  
00004da9  __aeabi_dcmple                  
00004dbd  __aeabi_dcmpge                  
00004dd1  __aeabi_dcmpgt                  
00004de5  __aeabi_fcmpeq                  
00004df9  __aeabi_fcmplt                  
00004e0d  __aeabi_fcmple                  
00004e21  __aeabi_fcmpge                  
00004e35  __aeabi_fcmpgt                  
00004e47  memset                          
00004ea9  GROUP1_IRQHandler               
00004f01  SYSCFG_DL_init                  
00004f59  SYSCFG_DL_TIMER_TICK_init       
00004fa9  SYSCFG_DL_SPI_LCD_init          
00004ff5  SYSCFG_DL_SYSCTL_init           
00005041  LCD_ShowString                  
0000508d  DL_UART_init                    
000050d5  DL_SPI_init                     
00005119  __aeabi_uidiv                   
00005119  __aeabi_uidivmod                
00005159  atoi                            
00005199  zdt_emm_enable_no_reply         
000051d9  __aeabi_i2f                     
000051d9  __floatsisf                     
00005215  __gesf2                         
00005215  __gtsf2                         
00005251  __TI_auto_init_nobinit_nopinit  
0000528d  __cmpsf2                        
0000528d  __eqsf2                         
0000528d  __lesf2                         
0000528d  __ltsf2                         
0000528d  __nesf2                         
000052c9  __muldsi3                       
00005305  __aeabi_f2iz                    
00005305  __fixsfsi                       
0000533d  zdt_emm_stop_no_reply           
00005375  __aeabi_f2uiz                   
00005375  __fixunssfsi                    
000053a9  DL_UART_transmitDataBlocking    
000053d9  sscanf                          
00005409  TIMA1_IRQHandler                
00005431  UART0_IRQHandler                
00005459  __aeabi_ui2f                    
00005459  __floatunsisf                   
00005481  _c_int00_noargs                 
000054a9  __aeabi_lmul                    
000054a9  __muldi3                        
000054cd  StepMotor_RunSpeed_NoReply      
000054ed  __aeabi_llsl                    
000054ed  __ashldi3                       
0000550d  DL_Timer_setCaptCompUpdateMethod
00005529  DL_Timer_setClockConfig         
00005545  DL_Timer_setCaptureCompareOutCtl
0000555d  StepMotor_ZeroPosition          
00005575  __TI_zero_init_nomemset         
0000558d  StepMotor_Stop_NoReply          
000055a1  __aeabi_uldivmod                
000055c9  DL_SPI_setClockConfig           
000055db  DL_UART_setClockConfig          
000055ed  __TI_decompress_none            
00005601  DL_Timer_setCaptureCompareValue 
00005611  Delay_ms                        
00005649  __aeabi_memclr                  
00005649  __aeabi_memclr4                 
00005649  __aeabi_memclr8                 
00005655  DL_Common_delayCycles           
00005689  __aeabi_errno_addr              
00005691  __aeabi_memcpy                  
00005691  __aeabi_memcpy4                 
00005691  __aeabi_memcpy8                 
000056a7  abort                           
000056ac  C$$EXIT                         
000056ad  HOSTexit                        
000056b1  Reset_Handler                   
000056b5  _system_pre_init                
000056c0  ascii_3216                      
00006e80  ascii_2412                      
00008050  ascii_1608                      
00008640  ascii_1206                      
00008ac0  __aeabi_ctype_table_            
00008ac0  __aeabi_ctype_table_C           
00008d40  __TI_Handler_Table_Base         
00008d4c  __TI_Handler_Table_Limit        
00008d54  __TI_CINIT_Base                 
00008d64  __TI_CINIT_Limit                
00008d64  __TI_CINIT_Warm                 
20200000  __start___llvm_prf_bits         
20200000  __start___llvm_prf_cnts         
20200000  __stop___llvm_prf_bits          
20200000  __stop___llvm_prf_cnts          
20200000  gPWM_0Backup                    
202000bc  gTIMER_TICKBackup               
20200178  gUART_3Backup                   
202001a8  gSPI_LCDBackup                  
20200213  rx_debug_flag                   
20200214  Velocity_Counter                
20200218  time                            
2020021c  stcAccel                        
20200230  stcGyro                         
20200244  stcQuat                         
20200254  stcAngle                        
20200260  zigbee_data                     
2020026c  Inner_Current_x10               
20200270  Inner_Dir                       
20200274  Inner_Error                     
20200278  Inner_Integral                  
2020027c  Inner_LastError                 
20200280  Inner_LastTime                  
20200284  Inner_Output                    
20200288  Inner_Status                    
2020028c  Inner_Target_x10                
20200294  __aeabi_errno                   
20200298  maixcam_data                    
202002a0  maixcam_rx_ready                
202002a1  uart_data                       
20207e00  __stack                         
20208000  __STACK_END                     
41c00000  BCRConfig                       
41c00100  BSLConfig                       
ffffffff  __TI_pprof_out_hndl             
ffffffff  __TI_prof_data_size             
ffffffff  __TI_prof_data_start            
ffffffff  __binit__                       
ffffffff  binit                           
UNDEFED   __mpu_init                      
UNDEFED   _system_post_cinit              

[233 symbols]
