******************************************************************************
            TI ARM Clang Linker PC v4.0.4                      
******************************************************************************
>> Linked Wed Jul 29 22:25:04 2026

OUTPUT FILE NAME:   <ElcContestTest.out>
ENTRY POINT SYMBOL: "_c_int00_noargs"  address: 00006f85


MEMORY CONFIGURATION

         name            origin    length      used     unused   attr    fill
----------------------  --------  ---------  --------  --------  ----  --------
  FLASH                 00000000   00020000  0000a9a8  00015658  R  X
  SRAM                  20200000   00008000  0000052f  00007ad1  RW X
  BCR_CONFIG            41c00000   000000ff  00000060  0000009f  R   
  BSL_CONFIG            41c00100   00000080  00000058  00000028  R   


SEGMENT ALLOCATION MAP

run origin  load origin   length   init length attrs members
----------  ----------- ---------- ----------- ----- -------
00000000    00000000    0000a9a8   0000a9a8    r-x
  00000000    00000000    000000c0   000000c0    r-- .intvecs
  000000c0    000000c0    000071b0   000071b0    r-x .text
  00007270    00007270    000036f0   000036f0    r-- .rodata
  0000a960    0000a960    00000048   00000048    r-- .cinit
20200000    20200000    00000331   00000000    rw-
  20200000    20200000    000002aa   00000000    rw- .bss
  202002ac    202002ac    00000085   00000000    rw- .data
20207e00    20207e00    00000200   00000000    rw-
  20207e00    20207e00    00000200   00000000    rw- .stack
41c00000    41c00000    00000060   00000060    r--
  41c00000    41c00000    00000060   00000060    r-- .BCRConfig
41c00100    41c00100    00000058   00000058    r--
  41c00100    41c00100    00000058   00000058    r-- .BSLConfig


SECTION ALLOCATION MAP

 output                                  attributes/
section   page    origin      length       input sections
--------  ----  ----------  ----------   ----------------
.intvecs   0    00000000    000000c0     
                  00000000    000000c0     startup_mspm0g350x_ticlang.o (.intvecs)

.text      0    000000c0    000071b0     
                  000000c0    00000de8     lcd_init.o (.text.LCD_Init)
                  00000ea8    00000bdc     libc.a : _scanfi.c.obj (.text.__TI_scanfi)
                  00001a84    000009d0            : _printfi.c.obj (.text:__TI_printfi)
                  00002454    00000400     lcd.o (.text.LCD_ShowChar)
                  00002854    000003b8     libc.a : strtod.c.obj (.text.strtod)
                  00002c0c    000002c0     lcd.o (.text.LCD_Fill)
                  00002ecc    00000294     IMU.o (.text.CopeSerial2Data)
                  00003160    0000022c     lcd_init.o (.text.LCD_Address_Set)
                  0000338c    00000220     libc.a : _printfi.c.obj (.text._pconv_a)
                  000035ac    0000021e     lcd.o (.text.LCD_ShowIntNum)
                  000037ca    00000002     startup_mspm0g350x_ticlang.o (.text.Default_Handler)
                  000037cc    000001e4     empty.o (.text.Show_Update)
                  000039b0    000001e0     libc.a : strtoll.c.obj (.text.strtoll)
                  00003b90    000001dc            : _printfi.c.obj (.text._pconv_g)
                  00003d6c    0000019a     lcd.o (.text.LCD_ShowFloatNum)
                  00003f06    00000002     libclang_rt.builtins.a : aeabi_div0.c.obj (.text.__aeabi_idiv0)
                  00003f08    00000192                            : adddf3.S.obj (.text.adddf3_subdf3)
                  0000409a    00000002                            : aeabi_div0.c.obj (.text.__aeabi_ldiv0)
                  0000409c    00000184     empty.o (.text.Show_Init)
                  00004220    0000016c     empty.o (.text.PID_Get)
                  0000438c    0000016c     empty.o (.text.main)
                  000044f8    0000016c     libc.a : strtoull.c.obj (.text.strtoull)
                  00004664    00000154     YAW_PID.o (.text.YawPID_Compute)
                  000047b8    00000144     libc.a : strtol.c.obj (.text.strtol)
                  000048fc    0000013c            : _printfi.c.obj (.text.fcvt)
                  00004a38    00000132     lcd.o (.text.LCD_ShowBinNum)
                  00004b6a    00000002     --HOLE-- [fill = 0]
                  00004b6c    0000012c     libc.a : strtoul.c.obj (.text.strtoul)
                  00004c98    00000124     empty.o (.text.Run_Track)
                  00004dbc    00000120     ti_msp_dl_config.o (.text.SYSCFG_DL_GPIO_init)
                  00004edc    00000120     libc.a : _printfi.c.obj (.text._pconv_e)
                  00004ffc    0000010c     libclang_rt.builtins.a : divdf3.S.obj (.text.__divdf3)
                  00005108    00000104     driverlib.a : dl_timer.o (.text.DL_Timer_initFourCCPWMMode)
                  0000520c    000000fc                 : dl_timer.o (.text.DL_Timer_initTimerMode)
                  00005308    000000e4     empty.o (.text.Run_AngleHold)
                  000053ec    000000e4     libclang_rt.builtins.a : muldf3.S.obj (.text.__muldf3)
                  000054d0    000000e0     empty.o (.text.Velocity_Get)
                  000055b0    000000d8     libc.a : s_scalbn.c.obj (.text.scalbn)
                  00005688    000000d8     libclang_rt.builtins.a : addsf3.S.obj (.text)
                  00005760    000000d4     board.o (.text.uart0_send_SendByte)
                  00005834    000000d0     MAXICAM.o (.text.UART3_IRQHandler)
                  00005904    000000a2     libclang_rt.builtins.a : udivmoddi4.S.obj (.text)
                  000059a6    0000009a     libc.a : memcpy16.S.obj (.text:memcpy)
                  00005a40    0000008c     libclang_rt.builtins.a : mulsf3.S.obj (.text.__mulsf3)
                  00005acc    00000088     ti_msp_dl_config.o (.text.SYSCFG_DL_initPower)
                  00005b54    00000082     libclang_rt.builtins.a : divsf3.S.obj (.text.__divsf3)
                  00005bd6    00000002     --HOLE-- [fill = 0]
                  00005bd8    0000007c     libc.a : copy_decompress_lzss.c.obj (.text:decompress:lzss)
                  00005c54    00000078     empty.o (.text.System_Init)
                  00005ccc    00000074     ti_msp_dl_config.o (.text.SYSCFG_DL_PWM_0_init)
                  00005d40    00000074     ti_msp_dl_config.o (.text.SYSCFG_DL_PWM_1_init)
                  00005db4    00000074     TRACK.o (.text.Track_Get)
                  00005e28    00000074     ZIGBEE.o (.text.UART1_IRQHandler)
                  00005e9c    00000074     libclang_rt.builtins.a : comparedf2.c.obj (.text.__gedf2)
                  00005f10    00000074                            : truncdfsf2.S.obj (.text.__truncdfsf2)
                  00005f84    00000074     libc.a : sscanf.c.obj (.text._chkmbc)
                  00005ff8    00000070     lcd_init.o (.text.LCD_WR_DATA)
                  00006068    00000070     ti_msp_dl_config.o (.text.SYSCFG_DL_UART_0_init)
                  000060d8    00000070     ti_msp_dl_config.o (.text.SYSCFG_DL_UART_1_init)
                  00006148    00000070     ti_msp_dl_config.o (.text.SYSCFG_DL_UART_2_init)
                  000061b8    00000070     ti_msp_dl_config.o (.text.SYSCFG_DL_UART_3_init)
                  00006228    00000068     libclang_rt.builtins.a : comparedf2.c.obj (.text.__ledf2)
                  00006290    00000066     libc.a : _printfi.c.obj (.text._mcpy)
                  000062f6    00000002     --HOLE-- [fill = 0]
                  000062f8    00000064     My_STEPMOTOR.o (.text.StepMotor_Init)
                  0000635c    00000062     libclang_rt.builtins.a : aeabi_dcmp.S.obj (.text.__aeabi_dcmp)
                  000063be    00000002     --HOLE-- [fill = 0]
                  000063c0    00000062                            : aeabi_fcmp.S.obj (.text.__aeabi_fcmp)
                  00006422    00000062     libc.a : memset16.S.obj (.text:memset)
                  00006484    0000005c            : s_frexp.c.obj (.text.frexp)
                  000064e0    00000058     ENCODER.o (.text.GROUP1_IRQHandler)
                  00006538    00000058     ti_msp_dl_config.o (.text.SYSCFG_DL_init)
                  00006590    00000058     libc.a : _ltoa.c.obj (.text.__TI_ltoa)
                  000065e8    00000058            : _printfi.c.obj (.text._pconv_f)
                  00006640    00000056     libclang_rt.builtins.a : aeabi_idivmod.S.obj (.text.__aeabi_idivmod)
                  00006696    00000052     libc.a : _printfi.c.obj (.text._ecpy)
                  000066e8    00000050     ti_msp_dl_config.o (.text.SYSCFG_DL_TIMER_TICK_init)
                  00006738    0000004c     ti_msp_dl_config.o (.text.SYSCFG_DL_SPI_LCD_init)
                  00006784    0000004c     ti_msp_dl_config.o (.text.SYSCFG_DL_SYSCTL_init)
                  000067d0    0000004a     lcd.o (.text.LCD_ShowString)
                  0000681a    00000002     --HOLE-- [fill = 0]
                  0000681c    0000004a     libclang_rt.builtins.a : fixdfsi.S.obj (.text.__fixdfsi)
                  00006866    00000002     --HOLE-- [fill = 0]
                  00006868    00000048     driverlib.a : dl_uart.o (.text.DL_UART_init)
                  000068b0    00000044                 : dl_spi.o (.text.DL_SPI_init)
                  000068f4    00000044     board.o (.text.UART0_Init)
                  00006938    00000044     board.o (.text.UART1_Init)
                  0000697c    00000044     board.o (.text.UART3_Init)
                  000069c0    00000040     TRACK.o (.text.Track_GetBits)
                  00006a00    00000040     libclang_rt.builtins.a : aeabi_uidivmod.S.obj (.text.__aeabi_uidivmod)
                  00006a40    00000040                            : extendsfdf2.S.obj (.text.__extendsfdf2)
                  00006a80    00000040     libc.a : atoi.c.obj (.text.atoi)
                  00006ac0    00000040     STEP_MOTOR.o (.text.zdt_emm_enable_no_reply)
                  00006b00    0000003c     MOTOR.o (.text.AO_Control)
                  00006b3c    0000003c     MOTOR.o (.text.BO_Control)
                  00006b78    0000003c     libclang_rt.builtins.a : floatsisf.S.obj (.text.__floatsisf)
                  00006bb4    0000003c                            : comparesf2.S.obj (.text.__gtsf2)
                  00006bf0    0000003c     libc.a : autoinit.c.obj (.text:__TI_auto_init_nobinit_nopinit)
                  00006c2c    0000003a     libclang_rt.builtins.a : comparesf2.S.obj (.text.__eqsf2)
                  00006c66    00000002     --HOLE-- [fill = 0]
                  00006c68    0000003a                            : muldsi3.S.obj (.text.__muldsi3)
                  00006ca2    00000002     --HOLE-- [fill = 0]
                  00006ca4    00000038     ENCODER.o (.text.Encoder_Get)
                  00006cdc    00000038     libclang_rt.builtins.a : fixsfsi.S.obj (.text.__fixsfsi)
                  00006d14    00000038     IMU.o (.text.sendCaliYawCommand)
                  00006d4c    00000038     libc.a : sprintf.c.obj (.text.sprintf)
                  00006d84    00000034     YAW_PID.o (.text.YawPID_Init)
                  00006db8    00000034     board.o (.text.uart1_sendString)
                  00006dec    00000032     libclang_rt.builtins.a : fixunssfsi.S.obj (.text.__fixunssfsi)
                  00006e1e    00000002     --HOLE-- [fill = 0]
                  00006e20    00000030     driverlib.a : dl_uart.o (.text.DL_UART_transmitDataBlocking)
                  00006e50    00000030     ENCODER.o (.text.Encoder_Init)
                  00006e80    00000030     libc.a : _printfi.c.obj (.text._fcpy)
                  00006eb0    00000030            : sscanf.c.obj (.text.sscanf)
                  00006ee0    0000002c     libclang_rt.builtins.a : floatsidf.S.obj (.text.__floatsidf)
                  00006f0c    00000028     empty.o (.text.TIMA1_IRQHandler)
                  00006f34    00000028     IMU.o (.text.UART0_IRQHandler)
                  00006f5c    00000028     libclang_rt.builtins.a : floatunsisf.S.obj (.text.__floatunsisf)
                  00006f84    00000028     libc.a : boot_cortex_m.c.obj (.text:_c_int00_noargs)
                  00006fac    00000024     libclang_rt.builtins.a : muldi3.S.obj (.text.__muldi3)
                  00006fd0    00000022     libc.a : memccpy.c.obj (.text.memccpy)
                  00006ff2    00000002     --HOLE-- [fill = 0]
                  00006ff4    0000001e     libclang_rt.builtins.a : ashldi3.S.obj (.text.__ashldi3)
                  00007012    00000002     --HOLE-- [fill = 0]
                  00007014    0000001c     driverlib.a : dl_timer.o (.text.DL_Timer_setCaptCompUpdateMethod)
                  00007030    0000001c                 : dl_timer.o (.text.DL_Timer_setClockConfig)
                  0000704c    00000018                 : dl_timer.o (.text.DL_Timer_setCaptureCompareOutCtl)
                  00007064    00000018     YAW_PID.o (.text.YawPID_Enable)
                  0000707c    00000018     libc.a : sprintf.c.obj (.text._outs)
                  00007094    00000016            : copy_zero_init.c.obj (.text:decompress:ZI:__TI_zero_init_nomemset)
                  000070aa    00000002     --HOLE-- [fill = 0]
                  000070ac    00000014     libclang_rt.builtins.a : aeabi_uldivmod.S.obj (.text.__aeabi_uldivmod)
                  000070c0    00000014     libc.a : sscanf.c.obj (.text._inpchar)
                  000070d4    00000014            : _printfi.c.obj (.text.strchr)
                  000070e8    00000012     driverlib.a : dl_spi.o (.text.DL_SPI_setClockConfig)
                  000070fa    00000012                 : dl_uart.o (.text.DL_UART_setClockConfig)
                  0000710c    00000012     libc.a : copy_decompress_none.c.obj (.text:decompress:none)
                  0000711e    00000002     --HOLE-- [fill = 0]
                  00007120    00000010     driverlib.a : dl_timer.o (.text.DL_Timer_setCaptureCompareValue)
                  00007130    00000010     libc.a : wcslen.c.obj (.text.wcslen)
                  00007140    0000000e     board.o (.text.Delay_ms)
                  0000714e    0000000e     libc.a : _scanfi.c.obj (.text.OUTLINED_FUNCTION_1)
                  0000715c    0000000e            : _scanfi.c.obj (.text.OUTLINED_FUNCTION_2)
                  0000716a    0000000e            : _scanfi.c.obj (.text.OUTLINED_FUNCTION_4)
                  00007178    0000000e     libclang_rt.builtins.a : aeabi_memset.S.obj (.text.__aeabi_memset)
                  00007186    0000000e     libc.a : _printfi.c.obj (.text.strlen)
                  00007194    0000000c     IMU.o (.text.Yaw)
                  000071a0    0000000c     YAW_PID.o (.text.YawPID_ResetIntegral)
                  000071ac    0000000c     YAW_PID.o (.text.YawPID_SetTarget)
                  000071b8    0000000c     libclang_rt.builtins.a : aeabi_memset.S.obj (.text.__aeabi_memclr)
                  000071c4    0000000a     driverlib.a : dl_common.o (.text.DL_Common_delayCycles)
                  000071ce    0000000a     libc.a : _printfi.c.obj (.text.OUTLINED_FUNCTION_0)
                  000071d8    00000010     libclang_rt.builtins.a : adddf3.S.obj (.tramp.__aeabi_dsub.1)
                  000071e8    0000000a     libc.a : _printfi.c.obj (.text.OUTLINED_FUNCTION_1)
                  000071f2    0000000a            : sprintf.c.obj (.text._outc)
                  000071fc    00000008     IMU.o (.text.IMU_Init)
                  00007204    00000008     MAXICAM.o (.text.MAIXCAM_Init)
                  0000720c    00000008     libc.a : _scanfi.c.obj (.text.OUTLINED_FUNCTION_0)
                  00007214    00000008            : strtod.c.obj (.text.OUTLINED_FUNCTION_0)
                  0000721c    00000008            : strtod.c.obj (.text.OUTLINED_FUNCTION_1)
                  00007224    00000010     libclang_rt.builtins.a : aeabi_dcmp.S.obj (.tramp.__aeabi_dcmpeq.1)
                  00007234    00000008     ZIGBEE.o (.text.Zigbee_Init)
                  0000723c    00000008     libc.a : aeabi_portable.c.obj (.text.__aeabi_errno_addr)
                  00007244    00000008     libclang_rt.builtins.a : aeabi_memcpy.S.obj (.text.__aeabi_memcpy)
                  0000724c    00000008     libc.a : sscanf.c.obj (.text._uninpchar)
                  00007254    00000006            : _scanfi.c.obj (.text.OUTLINED_FUNCTION_3)
                  0000725a    00000006            : exit.c.obj (.text:abort)
                  00007260    00000004     libsysbm.a : hostexit.c.obj (.text.HOSTexit)
                  00007264    00000004     startup_mspm0g350x_ticlang.o (.text.Reset_Handler)
                  00007268    00000004     libc.a : pre_init.c.obj (.text._system_pre_init)
                  0000726c    00000004     --HOLE-- [fill = 0]

.cinit     0    0000a960    00000048     
                  0000a960    00000022     (.cinit..data.load) [load image, compression = lzss]
                  0000a982    00000002     --HOLE-- [fill = 0]
                  0000a984    0000000c     (__TI_handler_table)
                  0000a990    00000008     (.cinit..bss.load) [load image, compression = zero_init]
                  0000a998    00000010     (__TI_cinit_table)

.rodata    0    00007270    000036f0     
                  00007270    000017c0     lcd.o (.rodata.ascii_3216)
                  00008a30    000011d0     lcd.o (.rodata.ascii_2412)
                  00009c00    000005f0     lcd.o (.rodata.ascii_1608)
                  0000a1f0    00000474     lcd.o (.rodata.ascii_1206)
                  0000a664    0000000a     ti_msp_dl_config.o (.rodata.gSPI_LCD_config)
                  0000a66e    00000002     ti_msp_dl_config.o (.rodata.gSPI_LCD_clockConfig)
                  0000a670    00000101     libc.a : aeabi_ctype.S.obj (.rodata:__aeabi_ctype_table_)
                  0000a771    00000007            : _scanfi.c.obj (.rodata._sproc_int.flit)
                  0000a778    00000080            : strtod.c.obj (.rodata.digits)
                  0000a7f8    00000048            : strtod.c.obj (.rodata.powerof10)
                  0000a840    00000014     ti_msp_dl_config.o (.rodata.gTIMER_TICKTimerConfig)
                  0000a854    00000011     libc.a : _printfi.c.obj (.rodata.str1.10348868589481759720.1)
                  0000a865    00000011            : _printfi.c.obj (.rodata.str1.15363888844622738466.1)
                  0000a876    0000000a     ti_msp_dl_config.o (.rodata.gUART_0Config)
                  0000a880    0000000a     ti_msp_dl_config.o (.rodata.gUART_1Config)
                  0000a88a    0000000a     ti_msp_dl_config.o (.rodata.gUART_2Config)
                  0000a894    0000000a     ti_msp_dl_config.o (.rodata.gUART_3Config)
                  0000a89e    0000000a     empty.o (.rodata.str1.9410084661655729462.1)
                  0000a8a8    0000000a     empty.o (.rodata.str1.9517790425240694019.1)
                  0000a8b2    00000009     empty.o (.rodata.str1.11898133897667081452.1)
                  0000a8bb    00000009     libc.a : _scanfi.c.obj (.rodata.str1.12964984209033246150.1)
                  0000a8c4    00000009     empty.o (.rodata.str1.14685083708502177989.1)
                  0000a8cd    00000009     empty.o (.rodata.str1.16704889451495720520.1)
                  0000a8d6    00000009     ZIGBEE.o (.rodata.str1.17608243100409044478.1)
                  0000a8df    00000001     --HOLE-- [fill = 0]
                  0000a8e0    00000008     libc.a : _scanfi.c.obj (.rodata..L__const._sproc_float.special)
                  0000a8e8    00000008     ti_msp_dl_config.o (.rodata.gPWM_0Config)
                  0000a8f0    00000008     ti_msp_dl_config.o (.rodata.gPWM_1Config)
                  0000a8f8    00000008     empty.o (.rodata.str1.17669528882079347314.1)
                  0000a900    00000008     empty.o (.rodata.str1.254342170260855183.1)
                  0000a908    00000008     empty.o (.rodata.str1.5792233746214848027.1)
                  0000a910    00000008     empty.o (.rodata.str1.7401042497206923953.1)
                  0000a918    00000007     empty.o (.rodata.str1.17686411042290499047.1)
                  0000a91f    00000006     libc.a : _scanfi.c.obj (.rodata._sproc_int.barr)
                  0000a925    00000006     empty.o (.rodata.str1.15170238581331914936.1)
                  0000a92b    00000005     empty.o (.rodata.str1.11822412164550770238.1)
                  0000a930    00000005     empty.o (.rodata.str1.7386103758396746866.1)
                  0000a935    00000004     empty.o (.rodata.str1.150872071346279890.1)
                  0000a939    00000004     empty.o (.rodata.str1.15706828512682300538.1)
                  0000a93d    00000004     empty.o (.rodata.str1.2196762768037919588.1)
                  0000a941    00000004     libc.a : _scanfi.c.obj (.rodata.str1.3403580589742030990.1)
                  0000a945    00000003     ti_msp_dl_config.o (.rodata.gPWM_0ClockConfig)
                  0000a948    00000003     ti_msp_dl_config.o (.rodata.gPWM_1ClockConfig)
                  0000a94b    00000003     ti_msp_dl_config.o (.rodata.gTIMER_TICKClockConfig)
                  0000a94e    00000002     ti_msp_dl_config.o (.rodata.gUART_0ClockConfig)
                  0000a950    00000002     ti_msp_dl_config.o (.rodata.gUART_1ClockConfig)
                  0000a952    00000002     ti_msp_dl_config.o (.rodata.gUART_2ClockConfig)
                  0000a954    00000002     ti_msp_dl_config.o (.rodata.gUART_3ClockConfig)
                  0000a956    0000000a     --HOLE-- [fill = 0]

.init_array 
*          0    00000000    00000000     UNINITIALIZED

.binit     0    00000000    00000000     

.bss       0    20200000    000002aa     UNINITIALIZED
                  20200000    000000bc     (.common:gPWM_0Backup)
                  202000bc    000000bc     (.common:gTIMER_TICKBackup)
                  20200178    00000030     (.common:Yaw_Circle)
                  202001a8    00000030     (.common:gUART_3Backup)
                  202001d8    00000028     (.common:Wheel_Left)
                  20200200    00000028     (.common:Wheel_Right)
                  20200228    00000028     (.common:gSPI_LCDBackup)
                  20200250    00000020     ZIGBEE.o (.bss.UART1_IRQHandler.rx_buf)
                  20200270    0000000c     ENCODER.o (.bss.motor_encoder1)
                  2020027c    0000000c     ENCODER.o (.bss.motor_encoder2)
                  20200288    0000000b     IMU.o (.bss.CopeSerial2Data.ucRxBuffer)
                  20200293    00000001     (.common:Mode)
                  20200294    00000004     (.common:Distance)
                  20200298    00000004     (.common:Target_Yaw)
                  2020029c    00000004     (.common:Velocity_Counter)
                  202002a0    00000004     (.common:Yaw_Value)
                  202002a4    00000004     (.common:time)
                  202002a8    00000001     (.common:Track_Value)
                  202002a9    00000001     (.common:rx_debug_flag)

.data      0    202002ac    00000085     UNINITIALIZED
                  202002ac    00000014     IMU.o (.data.stcAccel)
                  202002c0    00000014     IMU.o (.data.stcGyro)
                  202002d4    00000010     IMU.o (.data.stcQuat)
                  202002e4    0000000c     IMU.o (.data.stcAngle)
                  202002f0    0000000c     ZIGBEE.o (.data.zigbee_data)
                  202002fc    00000005     IMU.o (.data.Key)
                  20200301    00000005     IMU.o (.data.Save)
                  20200306    00000005     IMU.o (.data.Yaw_Zero)
                  2020030b    00000001     IMU.o (.data.CopeSerial2Data.ucRxCnt)
                  2020030c    00000004     empty.o (.data.PID_KD)
                  20200310    00000004     empty.o (.data.PID_KI)
                  20200314    00000004     empty.o (.data.PID_KP)
                  20200318    00000004     empty.o (.data.Run_AngleHold.Last_Direction)
                  2020031c    00000004     empty.o (.data.Run_Track.Last_Error)
                  20200320    00000004     MAXICAM.o (.data.UART3_IRQHandler.buffer)
                  20200324    00000004     libc.a : aeabi_portable.c.obj (.data.__aeabi_errno)
                  20200328    00000004     MAXICAM.o (.data.maixcam_data)
                  2020032c    00000001     ZIGBEE.o (.data.UART1_IRQHandler.rx_idx)
                  2020032d    00000001     MAXICAM.o (.data.UART3_IRQHandler.shift)
                  2020032e    00000001     MAXICAM.o (.data.UART3_IRQHandler.state)
                  2020032f    00000001     MAXICAM.o (.data.maixcam_rx_ready)
                  20200330    00000001     IMU.o (.data.uart_data)

.stack     0    20207e00    00000200     UNINITIALIZED
                  20207e00    00000004     libc.a : boot_cortex_m.c.obj (.stack)
                  20207e04    000001fc     --HOLE--

.BCRConfig 
*          0    41c00000    00000060     
                  41c00000    00000060     boot_config.o (.BCRConfig)

.BSLConfig 
*          0    41c00100    00000058     
                  41c00100    00000058     boot_config.o (.BSLConfig)

__llvm_prf_cnts 
*          0    20200000    00000000     UNINITIALIZED

__llvm_prf_bits 
*          0    20200000    00000000     UNINITIALIZED

MODULE SUMMARY

       Module                         code    ro data   rw data
       ------                         ----    -------   -------
    .\
       empty.o                        2504    114       122    
       ti_msp_dl_config.o             1424    105       464    
       startup_mspm0g350x_ticlang.o   6       192       0      
       boot_config.o                  0       184       0      
    +--+------------------------------+-------+---------+---------+
       Total:                         3934    595       586    
                                                               
    .\BPS\Board\
       board.o                        482     0         0      
    +--+------------------------------+-------+---------+---------+
       Total:                         482     0         0      
                                                               
    .\BPS\lcd\
       lcd.o                          3060    13300     0      
       lcd_init.o                     4228    0         0      
    +--+------------------------------+-------+---------+---------+
       Total:                         7288    13300     0      
                                                               
    .\BPS\src\
       IMU.o                          776     0         96     
       YAW_PID.o                      440     0         48     
       MAXICAM.o                      216     0         11     
       ENCODER.o                      192     0         24     
       TRACK.o                        180     0         0      
       ZIGBEE.o                       124     9         46     
       MOTOR.o                        120     0         0      
       My_STEPMOTOR.o                 100     0         0      
       STEP_MOTOR.o                   64      0         0      
    +--+------------------------------+-------+---------+---------+
       Total:                         2212    9         225    
                                                               
    E:/SDK/Ti/mspm0_sdk_2_10_00_04/mspm0_sdk_2_11_00_07/source/ti/driverlib/lib/ticlang/m0p/mspm0g1x0x_g3x0x/driverlib.a
       dl_timer.o                     608     0         0      
       dl_uart.o                      138     0         0      
       dl_spi.o                       86      0         0      
       dl_common.o                    10      0         0      
    +--+------------------------------+-------+---------+---------+
       Total:                         842     0         0      
                                                               
    E:\software\IDE\Code Composer Studio\ccs\tools\compiler\ti-cgt-armllvm_4.0.4.LTS\lib\armv6m-ti-none-eabi/c/libc.a
       _printfi.c.obj                 4510    34        0      
       _scanfi.c.obj                  3092    34        0      
       strtod.c.obj                   968     200       0      
       strtoll.c.obj                  480     0         0      
       strtoull.c.obj                 364     0         0      
       strtol.c.obj                   324     0         0      
       strtoul.c.obj                  300     0         0      
       aeabi_ctype.S.obj              0       257       0      
       s_scalbn.c.obj                 216     0         0      
       sscanf.c.obj                   192     0         0      
       memcpy16.S.obj                 154     0         0      
       copy_decompress_lzss.c.obj     124     0         0      
       memset16.S.obj                 98      0         0      
       s_frexp.c.obj                  92      0         0      
       sprintf.c.obj                  90      0         0      
       _ltoa.c.obj                    88      0         0      
       atoi.c.obj                     64      0         0      
       autoinit.c.obj                 60      0         0      
       boot_cortex_m.c.obj            40      0         0      
       memccpy.c.obj                  34      0         0      
       copy_zero_init.c.obj           22      0         0      
       copy_decompress_none.c.obj     18      0         0      
       wcslen.c.obj                   16      0         0      
       aeabi_portable.c.obj           8       0         4      
       exit.c.obj                     6       0         0      
       pre_init.c.obj                 4       0         0      
    +--+------------------------------+-------+---------+---------+
       Total:                         11364   525       4      
                                                               
    E:\software\IDE\Code Composer Studio\ccs\tools\compiler\ti-cgt-armllvm_4.0.4.LTS\lib\armv6m-ti-none-eabi/c/libsysbm.a
       hostexit.c.obj                 4       0         0      
    +--+------------------------------+-------+---------+---------+
       Total:                         4       0         0      
                                                               
    E:\software\IDE\Code Composer Studio\ccs\tools\compiler\ti-cgt-armllvm_4.0.4.LTS\lib\armv6m-ti-none-eabi/libclang_rt.builtins.a
       adddf3.S.obj                   418     0         0      
       divdf3.S.obj                   268     0         0      
       muldf3.S.obj                   228     0         0      
       comparedf2.c.obj               220     0         0      
       addsf3.S.obj                   216     0         0      
       udivmoddi4.S.obj               162     0         0      
       mulsf3.S.obj                   140     0         0      
       divsf3.S.obj                   130     0         0      
       comparesf2.S.obj               118     0         0      
       truncdfsf2.S.obj               116     0         0      
       aeabi_dcmp.S.obj               114     0         0      
       aeabi_fcmp.S.obj               98      0         0      
       aeabi_idivmod.S.obj            86      0         0      
       fixdfsi.S.obj                  74      0         0      
       aeabi_uidivmod.S.obj           64      0         0      
       extendsfdf2.S.obj              64      0         0      
       floatsisf.S.obj                60      0         0      
       muldsi3.S.obj                  58      0         0      
       fixsfsi.S.obj                  56      0         0      
       fixunssfsi.S.obj               50      0         0      
       floatsidf.S.obj                44      0         0      
       floatunsisf.S.obj              40      0         0      
       muldi3.S.obj                   36      0         0      
       ashldi3.S.obj                  30      0         0      
       aeabi_memset.S.obj             26      0         0      
       aeabi_uldivmod.S.obj           20      0         0      
       aeabi_memcpy.S.obj             8       0         0      
       aeabi_div0.c.obj               4       0         0      
    +--+------------------------------+-------+---------+---------+
       Total:                         2948    0         0      
                                                               
       Stack:                         0       0         512    
       Linker Generated:              0       70        0      
    +--+------------------------------+-------+---------+---------+
       Grand Total:                   29074   14499     1327   


LINKER GENERATED COPY TABLES

__TI_cinit_table @ 0000a998 records: 2, size/record: 8, table size: 16
	.data: load addr=0000a960, load size=00000022 bytes, run addr=202002ac, run size=00000085 bytes, compression=lzss
	.bss: load addr=0000a990, load size=00000008 bytes, run addr=20200000, run size=000002aa bytes, compression=zero_init


LINKER GENERATED HANDLER TABLE

__TI_handler_table @ 0000a984 records: 3, size/record: 4, table size: 12
	index: 0, handler: __TI_decompress_lzss
	index: 1, handler: __TI_decompress_none
	index: 2, handler: __TI_zero_init


FAR CALL TRAMPOLINES

callee name               trampoline name
   callee addr  tramp addr   call addr  call info
--------------  -----------  ---------  ----------------
__aeabi_dsub              $Tramp$TT$L$PI$$__aeabi_dsub
   00003f09     000071d8     000071d6   libc.a : _printfi.c.obj (.text.OUTLINED_FUNCTION_0)
__aeabi_dcmpeq            $Tramp$TT$L$PI$$__aeabi_dcmpeq
   0000635d     00007224     00007222   libc.a : strtod.c.obj (.text.OUTLINED_FUNCTION_1)

[2 trampolines]
[2 trampoline calls]


GLOBAL SYMBOLS: SORTED ALPHABETICALLY BY Name 

address   name                            
-------   ----                            
000037cb  ADC0_IRQHandler                 
000037cb  ADC1_IRQHandler                 
000037cb  AES_IRQHandler                  
00006b01  AO_Control                      
41c00000  BCRConfig                       
00006b3d  BO_Control                      
41c00100  BSLConfig                       
00007260  C$$EXIT                         
000037cb  CANFD0_IRQHandler               
00002ecd  CopeSerial2Data                 
000037cb  DAC0_IRQHandler                 
000071c5  DL_Common_delayCycles           
000068b1  DL_SPI_init                     
000070e9  DL_SPI_setClockConfig           
00005109  DL_Timer_initFourCCPWMMode      
0000520d  DL_Timer_initTimerMode          
00007015  DL_Timer_setCaptCompUpdateMethod
0000704d  DL_Timer_setCaptureCompareOutCtl
00007121  DL_Timer_setCaptureCompareValue 
00007031  DL_Timer_setClockConfig         
00006869  DL_UART_init                    
000070fb  DL_UART_setClockConfig          
00006e21  DL_UART_transmitDataBlocking    
000037cb  DMA_IRQHandler                  
000037cb  Default_Handler                 
00007141  Delay_ms                        
20200294  Distance                        
00006ca5  Encoder_Get                     
00006e51  Encoder_Init                    
000037cb  GROUP0_IRQHandler               
000064e1  GROUP1_IRQHandler               
00007261  HOSTexit                        
000037cb  HardFault_Handler               
000037cb  I2C0_IRQHandler                 
000037cb  I2C1_IRQHandler                 
000071fd  IMU_Init                        
202002fc  Key                             
00003161  LCD_Address_Set                 
00002c0d  LCD_Fill                        
000000c1  LCD_Init                        
00004a39  LCD_ShowBinNum                  
00002455  LCD_ShowChar                    
00003d6d  LCD_ShowFloatNum                
000035ad  LCD_ShowIntNum                  
000067d1  LCD_ShowString                  
00005ff9  LCD_WR_DATA                     
00007205  MAIXCAM_Init                    
20200293  Mode                            
000037cb  NMI_Handler                     
2020030c  PID_KD                          
20200310  PID_KI                          
20200314  PID_KP                          
000037cb  PendSV_Handler                  
000037cb  RTC_IRQHandler                  
00007265  Reset_Handler                   
00005309  Run_AngleHold                   
00004c99  Run_Track                       
000037cb  SPI0_IRQHandler                 
000037cb  SPI1_IRQHandler                 
000037cb  SVC_Handler                     
00004dbd  SYSCFG_DL_GPIO_init             
00005ccd  SYSCFG_DL_PWM_0_init            
00005d41  SYSCFG_DL_PWM_1_init            
00006739  SYSCFG_DL_SPI_LCD_init          
00006785  SYSCFG_DL_SYSCTL_init           
000066e9  SYSCFG_DL_TIMER_TICK_init       
00006069  SYSCFG_DL_UART_0_init           
000060d9  SYSCFG_DL_UART_1_init           
00006149  SYSCFG_DL_UART_2_init           
000061b9  SYSCFG_DL_UART_3_init           
00006539  SYSCFG_DL_init                  
00005acd  SYSCFG_DL_initPower             
20200301  Save                            
0000409d  Show_Init                       
000037cd  Show_Update                     
000062f9  StepMotor_Init                  
000037cb  SysTick_Handler                 
00005c55  System_Init                     
000037cb  TIMA0_IRQHandler                
00006f0d  TIMA1_IRQHandler                
000037cb  TIMG0_IRQHandler                
000037cb  TIMG12_IRQHandler               
000037cb  TIMG6_IRQHandler                
000037cb  TIMG7_IRQHandler                
000037cb  TIMG8_IRQHandler                
20200298  Target_Yaw                      
00005db5  Track_Get                       
000069c1  Track_GetBits                   
202002a8  Track_Value                     
00006f35  UART0_IRQHandler                
000068f5  UART0_Init                      
00005e29  UART1_IRQHandler                
00006939  UART1_Init                      
000037cb  UART2_IRQHandler                
00005835  UART3_IRQHandler                
0000697d  UART3_Init                      
2020029c  Velocity_Counter                
000054d1  Velocity_Get                    
202001d8  Wheel_Left                      
20200200  Wheel_Right                     
00007195  Yaw                             
00004665  YawPID_Compute                  
00007065  YawPID_Enable                   
00006d85  YawPID_Init                     
000071a1  YawPID_ResetIntegral            
000071ad  YawPID_SetTarget                
20200178  Yaw_Circle                      
202002a0  Yaw_Value                       
20200306  Yaw_Zero                        
00007235  Zigbee_Init                     
20208000  __STACK_END                     
00000200  __STACK_SIZE                    
00000000  __TI_ATRegion0_region_sz        
00000000  __TI_ATRegion0_src_addr         
00000000  __TI_ATRegion0_trg_addr         
00000000  __TI_ATRegion1_region_sz        
00000000  __TI_ATRegion1_src_addr         
00000000  __TI_ATRegion1_trg_addr         
00000000  __TI_ATRegion2_region_sz        
00000000  __TI_ATRegion2_src_addr         
00000000  __TI_ATRegion2_trg_addr         
0000a998  __TI_CINIT_Base                 
0000a9a8  __TI_CINIT_Limit                
0000a9a8  __TI_CINIT_Warm                 
0000a984  __TI_Handler_Table_Base         
0000a990  __TI_Handler_Table_Limit        
00006bf1  __TI_auto_init_nobinit_nopinit  
00005bd9  __TI_decompress_lzss            
0000710d  __TI_decompress_none            
00006591  __TI_ltoa                       
ffffffff  __TI_pprof_out_hndl             
00001a85  __TI_printfi                    
ffffffff  __TI_prof_data_size             
ffffffff  __TI_prof_data_start            
00000ea9  __TI_scanfi                     
00000000  __TI_static_base__              
00007095  __TI_zero_init_nomemset         
00003f13  __adddf3                        
00005693  __addsf3                        
0000a670  __aeabi_ctype_table_            
0000a670  __aeabi_ctype_table_C           
00005f11  __aeabi_d2f                     
0000681d  __aeabi_d2iz                    
00003f13  __aeabi_dadd                    
0000635d  __aeabi_dcmpeq                  
00006399  __aeabi_dcmpge                  
000063ad  __aeabi_dcmpgt                  
00006385  __aeabi_dcmple                  
00006371  __aeabi_dcmplt                  
00004ffd  __aeabi_ddiv                    
000053ed  __aeabi_dmul                    
00003f09  __aeabi_dsub                    
20200324  __aeabi_errno                   
0000723d  __aeabi_errno_addr              
00006a41  __aeabi_f2d                     
00006cdd  __aeabi_f2iz                    
00006ded  __aeabi_f2uiz                   
00005693  __aeabi_fadd                    
000063c1  __aeabi_fcmpeq                  
000063fd  __aeabi_fcmpge                  
00006411  __aeabi_fcmpgt                  
000063e9  __aeabi_fcmple                  
000063d5  __aeabi_fcmplt                  
00005b55  __aeabi_fdiv                    
00005a41  __aeabi_fmul                    
00005689  __aeabi_fsub                    
00006ee1  __aeabi_i2d                     
00006b79  __aeabi_i2f                     
00006641  __aeabi_idiv                    
00003f07  __aeabi_idiv0                   
00006641  __aeabi_idivmod                 
0000409b  __aeabi_ldiv0                   
00006ff5  __aeabi_llsl                    
00006fad  __aeabi_lmul                    
000071b9  __aeabi_memclr                  
000071b9  __aeabi_memclr4                 
000071b9  __aeabi_memclr8                 
00007245  __aeabi_memcpy                  
00007245  __aeabi_memcpy4                 
00007245  __aeabi_memcpy8                 
00007179  __aeabi_memset                  
00007179  __aeabi_memset4                 
00007179  __aeabi_memset8                 
00006f5d  __aeabi_ui2f                    
00006a01  __aeabi_uidiv                   
00006a01  __aeabi_uidivmod                
000070ad  __aeabi_uldivmod                
00006ff5  __ashldi3                       
ffffffff  __binit__                       
00006229  __cmpdf2                        
00006c2d  __cmpsf2                        
00004ffd  __divdf3                        
00005b55  __divsf3                        
00006229  __eqdf2                         
00006c2d  __eqsf2                         
00006a41  __extendsfdf2                   
0000681d  __fixdfsi                       
00006cdd  __fixsfsi                       
00006ded  __fixunssfsi                    
00006ee1  __floatsidf                     
00006b79  __floatsisf                     
00006f5d  __floatunsisf                   
00005e9d  __gedf2                         
00006bb5  __gesf2                         
00005e9d  __gtdf2                         
00006bb5  __gtsf2                         
00006229  __ledf2                         
00006c2d  __lesf2                         
00006229  __ltdf2                         
00006c2d  __ltsf2                         
UNDEFED   __mpu_init                      
000053ed  __muldf3                        
00006fad  __muldi3                        
00006c69  __muldsi3                       
00005a41  __mulsf3                        
00006229  __nedf2                         
00006c2d  __nesf2                         
20207e00  __stack                         
20200000  __start___llvm_prf_bits         
20200000  __start___llvm_prf_cnts         
20200000  __stop___llvm_prf_bits          
20200000  __stop___llvm_prf_cnts          
00003f09  __subdf3                        
00005689  __subsf3                        
00005f11  __truncdfsf2                    
00005905  __udivmoddi4                    
00006f85  _c_int00_noargs                 
UNDEFED   _system_post_cinit              
00007269  _system_pre_init                
0000725b  abort                           
0000a1f0  ascii_1206                      
00009c00  ascii_1608                      
00008a30  ascii_2412                      
00007270  ascii_3216                      
00006a81  atoi                            
ffffffff  binit                           
00006485  frexp                           
00006485  frexpl                          
20200000  gPWM_0Backup                    
20200228  gSPI_LCDBackup                  
202000bc  gTIMER_TICKBackup               
202001a8  gUART_3Backup                   
00000000  interruptVectors                
000055b1  ldexp                           
000055b1  ldexpl                          
0000438d  main                            
20200328  maixcam_data                    
2020032f  maixcam_rx_ready                
00006fd1  memccpy                         
000059a7  memcpy                          
00006423  memset                          
202002a9  rx_debug_flag                   
000055b1  scalbn                          
000055b1  scalbnl                         
00006d15  sendCaliYawCommand              
00006d4d  sprintf                         
00006eb1  sscanf                          
202002ac  stcAccel                        
202002e4  stcAngle                        
202002c0  stcGyro                         
202002d4  stcQuat                         
00002855  strtod                          
000047b9  strtol                          
00002855  strtold                         
000039b1  strtoll                         
00004b6d  strtoul                         
000044f9  strtoull                        
202002a4  time                            
00005761  uart0_send_SendByte             
00006db9  uart1_sendString                
20200330  uart_data                       
00007131  wcslen                          
00006ac1  zdt_emm_enable_no_reply         
202002f0  zigbee_data                     


GLOBAL SYMBOLS: SORTED BY Symbol Address 

address   name                            
-------   ----                            
00000000  __TI_ATRegion0_region_sz        
00000000  __TI_ATRegion0_src_addr         
00000000  __TI_ATRegion0_trg_addr         
00000000  __TI_ATRegion1_region_sz        
00000000  __TI_ATRegion1_src_addr         
00000000  __TI_ATRegion1_trg_addr         
00000000  __TI_ATRegion2_region_sz        
00000000  __TI_ATRegion2_src_addr         
00000000  __TI_ATRegion2_trg_addr         
00000000  __TI_static_base__              
00000000  interruptVectors                
000000c1  LCD_Init                        
00000200  __STACK_SIZE                    
00000ea9  __TI_scanfi                     
00001a85  __TI_printfi                    
00002455  LCD_ShowChar                    
00002855  strtod                          
00002855  strtold                         
00002c0d  LCD_Fill                        
00002ecd  CopeSerial2Data                 
00003161  LCD_Address_Set                 
000035ad  LCD_ShowIntNum                  
000037cb  ADC0_IRQHandler                 
000037cb  ADC1_IRQHandler                 
000037cb  AES_IRQHandler                  
000037cb  CANFD0_IRQHandler               
000037cb  DAC0_IRQHandler                 
000037cb  DMA_IRQHandler                  
000037cb  Default_Handler                 
000037cb  GROUP0_IRQHandler               
000037cb  HardFault_Handler               
000037cb  I2C0_IRQHandler                 
000037cb  I2C1_IRQHandler                 
000037cb  NMI_Handler                     
000037cb  PendSV_Handler                  
000037cb  RTC_IRQHandler                  
000037cb  SPI0_IRQHandler                 
000037cb  SPI1_IRQHandler                 
000037cb  SVC_Handler                     
000037cb  SysTick_Handler                 
000037cb  TIMA0_IRQHandler                
000037cb  TIMG0_IRQHandler                
000037cb  TIMG12_IRQHandler               
000037cb  TIMG6_IRQHandler                
000037cb  TIMG7_IRQHandler                
000037cb  TIMG8_IRQHandler                
000037cb  UART2_IRQHandler                
000037cd  Show_Update                     
000039b1  strtoll                         
00003d6d  LCD_ShowFloatNum                
00003f07  __aeabi_idiv0                   
00003f09  __aeabi_dsub                    
00003f09  __subdf3                        
00003f13  __adddf3                        
00003f13  __aeabi_dadd                    
0000409b  __aeabi_ldiv0                   
0000409d  Show_Init                       
0000438d  main                            
000044f9  strtoull                        
00004665  YawPID_Compute                  
000047b9  strtol                          
00004a39  LCD_ShowBinNum                  
00004b6d  strtoul                         
00004c99  Run_Track                       
00004dbd  SYSCFG_DL_GPIO_init             
00004ffd  __aeabi_ddiv                    
00004ffd  __divdf3                        
00005109  DL_Timer_initFourCCPWMMode      
0000520d  DL_Timer_initTimerMode          
00005309  Run_AngleHold                   
000053ed  __aeabi_dmul                    
000053ed  __muldf3                        
000054d1  Velocity_Get                    
000055b1  ldexp                           
000055b1  ldexpl                          
000055b1  scalbn                          
000055b1  scalbnl                         
00005689  __aeabi_fsub                    
00005689  __subsf3                        
00005693  __addsf3                        
00005693  __aeabi_fadd                    
00005761  uart0_send_SendByte             
00005835  UART3_IRQHandler                
00005905  __udivmoddi4                    
000059a7  memcpy                          
00005a41  __aeabi_fmul                    
00005a41  __mulsf3                        
00005acd  SYSCFG_DL_initPower             
00005b55  __aeabi_fdiv                    
00005b55  __divsf3                        
00005bd9  __TI_decompress_lzss            
00005c55  System_Init                     
00005ccd  SYSCFG_DL_PWM_0_init            
00005d41  SYSCFG_DL_PWM_1_init            
00005db5  Track_Get                       
00005e29  UART1_IRQHandler                
00005e9d  __gedf2                         
00005e9d  __gtdf2                         
00005f11  __aeabi_d2f                     
00005f11  __truncdfsf2                    
00005ff9  LCD_WR_DATA                     
00006069  SYSCFG_DL_UART_0_init           
000060d9  SYSCFG_DL_UART_1_init           
00006149  SYSCFG_DL_UART_2_init           
000061b9  SYSCFG_DL_UART_3_init           
00006229  __cmpdf2                        
00006229  __eqdf2                         
00006229  __ledf2                         
00006229  __ltdf2                         
00006229  __nedf2                         
000062f9  StepMotor_Init                  
0000635d  __aeabi_dcmpeq                  
00006371  __aeabi_dcmplt                  
00006385  __aeabi_dcmple                  
00006399  __aeabi_dcmpge                  
000063ad  __aeabi_dcmpgt                  
000063c1  __aeabi_fcmpeq                  
000063d5  __aeabi_fcmplt                  
000063e9  __aeabi_fcmple                  
000063fd  __aeabi_fcmpge                  
00006411  __aeabi_fcmpgt                  
00006423  memset                          
00006485  frexp                           
00006485  frexpl                          
000064e1  GROUP1_IRQHandler               
00006539  SYSCFG_DL_init                  
00006591  __TI_ltoa                       
00006641  __aeabi_idiv                    
00006641  __aeabi_idivmod                 
000066e9  SYSCFG_DL_TIMER_TICK_init       
00006739  SYSCFG_DL_SPI_LCD_init          
00006785  SYSCFG_DL_SYSCTL_init           
000067d1  LCD_ShowString                  
0000681d  __aeabi_d2iz                    
0000681d  __fixdfsi                       
00006869  DL_UART_init                    
000068b1  DL_SPI_init                     
000068f5  UART0_Init                      
00006939  UART1_Init                      
0000697d  UART3_Init                      
000069c1  Track_GetBits                   
00006a01  __aeabi_uidiv                   
00006a01  __aeabi_uidivmod                
00006a41  __aeabi_f2d                     
00006a41  __extendsfdf2                   
00006a81  atoi                            
00006ac1  zdt_emm_enable_no_reply         
00006b01  AO_Control                      
00006b3d  BO_Control                      
00006b79  __aeabi_i2f                     
00006b79  __floatsisf                     
00006bb5  __gesf2                         
00006bb5  __gtsf2                         
00006bf1  __TI_auto_init_nobinit_nopinit  
00006c2d  __cmpsf2                        
00006c2d  __eqsf2                         
00006c2d  __lesf2                         
00006c2d  __ltsf2                         
00006c2d  __nesf2                         
00006c69  __muldsi3                       
00006ca5  Encoder_Get                     
00006cdd  __aeabi_f2iz                    
00006cdd  __fixsfsi                       
00006d15  sendCaliYawCommand              
00006d4d  sprintf                         
00006d85  YawPID_Init                     
00006db9  uart1_sendString                
00006ded  __aeabi_f2uiz                   
00006ded  __fixunssfsi                    
00006e21  DL_UART_transmitDataBlocking    
00006e51  Encoder_Init                    
00006eb1  sscanf                          
00006ee1  __aeabi_i2d                     
00006ee1  __floatsidf                     
00006f0d  TIMA1_IRQHandler                
00006f35  UART0_IRQHandler                
00006f5d  __aeabi_ui2f                    
00006f5d  __floatunsisf                   
00006f85  _c_int00_noargs                 
00006fad  __aeabi_lmul                    
00006fad  __muldi3                        
00006fd1  memccpy                         
00006ff5  __aeabi_llsl                    
00006ff5  __ashldi3                       
00007015  DL_Timer_setCaptCompUpdateMethod
00007031  DL_Timer_setClockConfig         
0000704d  DL_Timer_setCaptureCompareOutCtl
00007065  YawPID_Enable                   
00007095  __TI_zero_init_nomemset         
000070ad  __aeabi_uldivmod                
000070e9  DL_SPI_setClockConfig           
000070fb  DL_UART_setClockConfig          
0000710d  __TI_decompress_none            
00007121  DL_Timer_setCaptureCompareValue 
00007131  wcslen                          
00007141  Delay_ms                        
00007179  __aeabi_memset                  
00007179  __aeabi_memset4                 
00007179  __aeabi_memset8                 
00007195  Yaw                             
000071a1  YawPID_ResetIntegral            
000071ad  YawPID_SetTarget                
000071b9  __aeabi_memclr                  
000071b9  __aeabi_memclr4                 
000071b9  __aeabi_memclr8                 
000071c5  DL_Common_delayCycles           
000071fd  IMU_Init                        
00007205  MAIXCAM_Init                    
00007235  Zigbee_Init                     
0000723d  __aeabi_errno_addr              
00007245  __aeabi_memcpy                  
00007245  __aeabi_memcpy4                 
00007245  __aeabi_memcpy8                 
0000725b  abort                           
00007260  C$$EXIT                         
00007261  HOSTexit                        
00007265  Reset_Handler                   
00007269  _system_pre_init                
00007270  ascii_3216                      
00008a30  ascii_2412                      
00009c00  ascii_1608                      
0000a1f0  ascii_1206                      
0000a670  __aeabi_ctype_table_            
0000a670  __aeabi_ctype_table_C           
0000a984  __TI_Handler_Table_Base         
0000a990  __TI_Handler_Table_Limit        
0000a998  __TI_CINIT_Base                 
0000a9a8  __TI_CINIT_Limit                
0000a9a8  __TI_CINIT_Warm                 
20200000  __start___llvm_prf_bits         
20200000  __start___llvm_prf_cnts         
20200000  __stop___llvm_prf_bits          
20200000  __stop___llvm_prf_cnts          
20200000  gPWM_0Backup                    
202000bc  gTIMER_TICKBackup               
20200178  Yaw_Circle                      
202001a8  gUART_3Backup                   
202001d8  Wheel_Left                      
20200200  Wheel_Right                     
20200228  gSPI_LCDBackup                  
20200293  Mode                            
20200294  Distance                        
20200298  Target_Yaw                      
2020029c  Velocity_Counter                
202002a0  Yaw_Value                       
202002a4  time                            
202002a8  Track_Value                     
202002a9  rx_debug_flag                   
202002ac  stcAccel                        
202002c0  stcGyro                         
202002d4  stcQuat                         
202002e4  stcAngle                        
202002f0  zigbee_data                     
202002fc  Key                             
20200301  Save                            
20200306  Yaw_Zero                        
2020030c  PID_KD                          
20200310  PID_KI                          
20200314  PID_KP                          
20200324  __aeabi_errno                   
20200328  maixcam_data                    
2020032f  maixcam_rx_ready                
20200330  uart_data                       
20207e00  __stack                         
20208000  __STACK_END                     
41c00000  BCRConfig                       
41c00100  BSLConfig                       
ffffffff  __TI_pprof_out_hndl             
ffffffff  __TI_prof_data_size             
ffffffff  __TI_prof_data_start            
ffffffff  __binit__                       
ffffffff  binit                           
UNDEFED   __mpu_init                      
UNDEFED   _system_post_cinit              

[274 symbols]
