<?xml version="1.0" encoding="ISO-8859-1" ?>
<link_info>
   <banner>TI ARM Clang Linker PC v4.0.4.LTS</banner>
   <copyright>Copyright (c) 1996-2018 Texas Instruments Incorporated</copyright>
   <command_line>E:\software\IDE\Code Composer Studio\ccs\tools\compiler\ti-cgt-armllvm_4.0.4.LTS\bin\tiarmlnk -IE:\software\IDE\Code Composer Studio\ccs\tools\compiler\ti-cgt-armllvm_4.0.4.LTS\lib -o ElcContestTest.out -mElcContestTest.map -iE:/SDK/Ti/mspm0_sdk_2_10_00_04/mspm0_sdk_2_11_00_07/source -iE:/Code/Project-MSPM0G3507/ElcContestTest -iE:/Code/Project-MSPM0G3507/ElcContestTest/Debug/syscfg -iE:/software/IDE/Code Composer Studio/ccs/tools/compiler/ti-cgt-armllvm_4.0.4.LTS/lib --diag_wrap=off --display_error_number --warn_sections --xml_link_info=ElcContestTest_linkInfo.xml --rom_model ./empty.o ./ti_msp_dl_config.o ./boot_config.o ./startup_mspm0g350x_ticlang.o ./BPS/Board/board.o ./BPS/lcd/lcd.o ./BPS/lcd/lcd_init.o ./BPS/src/BLINK.o ./BPS/src/ENCODER.o ./BPS/src/IMU.o ./BPS/src/KEY.o ./BPS/src/MOTOR.o ./BPS/src/TRACK.o ./BPS/src/YAW_PID.o -l./device_linker.cmd -ldevice.cmd.genlibs -llibc.a --start-group -llibc++.a -llibc++abi.a -llibc.a -llibsys.a -llibsysbm.a -llibclang_rt.builtins.a -llibclang_rt.profile.a --end-group --cg_opt_level=2</command_line>
   <link_time>0x6a61dbce</link_time>
   <link_errors>0x0</link_errors>
   <output_file>E:\Code\Project-MSPM0G3507\ElcContestTest\Debug\ElcContestTest.out</output_file>
   <entry_point>
      <name>_c_int00_noargs</name>
      <address>0x49a5</address>
   </entry_point>
   <input_file_list>
      <input_file id="fl-1">
         <path>E:\Code\Project-MSPM0G3507\ElcContestTest\Debug\.\</path>
         <kind>object</kind>
         <file>empty.o</file>
         <name>empty.o</name>
      </input_file>
      <input_file id="fl-2">
         <path>E:\Code\Project-MSPM0G3507\ElcContestTest\Debug\.\</path>
         <kind>object</kind>
         <file>ti_msp_dl_config.o</file>
         <name>ti_msp_dl_config.o</name>
      </input_file>
      <input_file id="fl-3">
         <path>E:\Code\Project-MSPM0G3507\ElcContestTest\Debug\.\</path>
         <kind>object</kind>
         <file>boot_config.o</file>
         <name>boot_config.o</name>
      </input_file>
      <input_file id="fl-4">
         <path>E:\Code\Project-MSPM0G3507\ElcContestTest\Debug\.\</path>
         <kind>object</kind>
         <file>startup_mspm0g350x_ticlang.o</file>
         <name>startup_mspm0g350x_ticlang.o</name>
      </input_file>
      <input_file id="fl-5">
         <path>E:\Code\Project-MSPM0G3507\ElcContestTest\Debug\.\BPS\Board\</path>
         <kind>object</kind>
         <file>board.o</file>
         <name>board.o</name>
      </input_file>
      <input_file id="fl-6">
         <path>E:\Code\Project-MSPM0G3507\ElcContestTest\Debug\.\BPS\lcd\</path>
         <kind>object</kind>
         <file>lcd.o</file>
         <name>lcd.o</name>
      </input_file>
      <input_file id="fl-7">
         <path>E:\Code\Project-MSPM0G3507\ElcContestTest\Debug\.\BPS\lcd\</path>
         <kind>object</kind>
         <file>lcd_init.o</file>
         <name>lcd_init.o</name>
      </input_file>
      <input_file id="fl-8">
         <path>E:\Code\Project-MSPM0G3507\ElcContestTest\Debug\.\BPS\src\</path>
         <kind>object</kind>
         <file>BLINK.o</file>
         <name>BLINK.o</name>
      </input_file>
      <input_file id="fl-9">
         <path>E:\Code\Project-MSPM0G3507\ElcContestTest\Debug\.\BPS\src\</path>
         <kind>object</kind>
         <file>ENCODER.o</file>
         <name>ENCODER.o</name>
      </input_file>
      <input_file id="fl-a">
         <path>E:\Code\Project-MSPM0G3507\ElcContestTest\Debug\.\BPS\src\</path>
         <kind>object</kind>
         <file>IMU.o</file>
         <name>IMU.o</name>
      </input_file>
      <input_file id="fl-b">
         <path>E:\Code\Project-MSPM0G3507\ElcContestTest\Debug\.\BPS\src\</path>
         <kind>object</kind>
         <file>KEY.o</file>
         <name>KEY.o</name>
      </input_file>
      <input_file id="fl-c">
         <path>E:\Code\Project-MSPM0G3507\ElcContestTest\Debug\.\BPS\src\</path>
         <kind>object</kind>
         <file>MOTOR.o</file>
         <name>MOTOR.o</name>
      </input_file>
      <input_file id="fl-d">
         <path>E:\Code\Project-MSPM0G3507\ElcContestTest\Debug\.\BPS\src\</path>
         <kind>object</kind>
         <file>TRACK.o</file>
         <name>TRACK.o</name>
      </input_file>
      <input_file id="fl-e">
         <path>E:\Code\Project-MSPM0G3507\ElcContestTest\Debug\.\BPS\src\</path>
         <kind>object</kind>
         <file>YAW_PID.o</file>
         <name>YAW_PID.o</name>
      </input_file>
      <input_file id="fl-1b">
         <path>E:\Code\Project-MSPM0G3507\ElcContestTest\Debug\</path>
         <kind>object</kind>
         <file>&lt;internal&gt;</file>
         <name>&lt;internal&gt;</name>
      </input_file>
      <input_file id="fl-1c">
         <path>E:\SDK\Ti\mspm0_sdk_2_10_00_04\mspm0_sdk_2_11_00_07\source\ti\driverlib\lib\ticlang\m0p\mspm0g1x0x_g3x0x\</path>
         <kind>archive</kind>
         <file>driverlib.a</file>
         <name>dl_common.o</name>
      </input_file>
      <input_file id="fl-1d">
         <path>E:\SDK\Ti\mspm0_sdk_2_10_00_04\mspm0_sdk_2_11_00_07\source\ti\driverlib\lib\ticlang\m0p\mspm0g1x0x_g3x0x\</path>
         <kind>archive</kind>
         <file>driverlib.a</file>
         <name>dl_spi.o</name>
      </input_file>
      <input_file id="fl-1e">
         <path>E:\SDK\Ti\mspm0_sdk_2_10_00_04\mspm0_sdk_2_11_00_07\source\ti\driverlib\lib\ticlang\m0p\mspm0g1x0x_g3x0x\</path>
         <kind>archive</kind>
         <file>driverlib.a</file>
         <name>dl_timer.o</name>
      </input_file>
      <input_file id="fl-1f">
         <path>E:\SDK\Ti\mspm0_sdk_2_10_00_04\mspm0_sdk_2_11_00_07\source\ti\driverlib\lib\ticlang\m0p\mspm0g1x0x_g3x0x\</path>
         <kind>archive</kind>
         <file>driverlib.a</file>
         <name>dl_uart.o</name>
      </input_file>
      <input_file id="fl-36">
         <path>E:\software\IDE\Code Composer Studio\ccs\tools\compiler\ti-cgt-armllvm_4.0.4.LTS\lib\armv6m-ti-none-eabi\c\</path>
         <kind>archive</kind>
         <file>libc.a</file>
         <name>sprintf.c.obj</name>
      </input_file>
      <input_file id="fl-37">
         <path>E:\software\IDE\Code Composer Studio\ccs\tools\compiler\ti-cgt-armllvm_4.0.4.LTS\lib\armv6m-ti-none-eabi\c\</path>
         <kind>archive</kind>
         <file>libc.a</file>
         <name>vsnprintf.c.obj</name>
      </input_file>
      <input_file id="fl-38">
         <path>E:\software\IDE\Code Composer Studio\ccs\tools\compiler\ti-cgt-armllvm_4.0.4.LTS\lib\armv6m-ti-none-eabi\c\</path>
         <kind>archive</kind>
         <file>libc.a</file>
         <name>boot_cortex_m.c.obj</name>
      </input_file>
      <input_file id="fl-39">
         <path>E:\software\IDE\Code Composer Studio\ccs\tools\compiler\ti-cgt-armllvm_4.0.4.LTS\lib\armv6m-ti-none-eabi\c\</path>
         <kind>archive</kind>
         <file>libc.a</file>
         <name>mathacl_init.c.obj</name>
      </input_file>
      <input_file id="fl-3a">
         <path>E:\software\IDE\Code Composer Studio\ccs\tools\compiler\ti-cgt-armllvm_4.0.4.LTS\lib\armv6m-ti-none-eabi\c\</path>
         <kind>archive</kind>
         <file>libc.a</file>
         <name>autoinit.c.obj</name>
      </input_file>
      <input_file id="fl-3b">
         <path>E:\software\IDE\Code Composer Studio\ccs\tools\compiler\ti-cgt-armllvm_4.0.4.LTS\lib\armv6m-ti-none-eabi\c\</path>
         <kind>archive</kind>
         <file>libc.a</file>
         <name>pre_init.c.obj</name>
      </input_file>
      <input_file id="fl-3c">
         <path>E:\software\IDE\Code Composer Studio\ccs\tools\compiler\ti-cgt-armllvm_4.0.4.LTS\lib\armv6m-ti-none-eabi\c\</path>
         <kind>archive</kind>
         <file>libc.a</file>
         <name>cpy_tbl.c.obj</name>
      </input_file>
      <input_file id="fl-3d">
         <path>E:\software\IDE\Code Composer Studio\ccs\tools\compiler\ti-cgt-armllvm_4.0.4.LTS\lib\armv6m-ti-none-eabi\c\</path>
         <kind>archive</kind>
         <file>libc.a</file>
         <name>copy_zero_init.c.obj</name>
      </input_file>
      <input_file id="fl-3e">
         <path>E:\software\IDE\Code Composer Studio\ccs\tools\compiler\ti-cgt-armllvm_4.0.4.LTS\lib\armv6m-ti-none-eabi\c\</path>
         <kind>archive</kind>
         <file>libc.a</file>
         <name>copy_decompress_none.c.obj</name>
      </input_file>
      <input_file id="fl-3f">
         <path>E:\software\IDE\Code Composer Studio\ccs\tools\compiler\ti-cgt-armllvm_4.0.4.LTS\lib\armv6m-ti-none-eabi\c\</path>
         <kind>archive</kind>
         <file>libc.a</file>
         <name>copy_decompress_lzss.c.obj</name>
      </input_file>
      <input_file id="fl-40">
         <path>E:\software\IDE\Code Composer Studio\ccs\tools\compiler\ti-cgt-armllvm_4.0.4.LTS\lib\armv6m-ti-none-eabi\c\</path>
         <kind>archive</kind>
         <file>libc.a</file>
         <name>_printfi.c.obj</name>
      </input_file>
      <input_file id="fl-41">
         <path>E:\software\IDE\Code Composer Studio\ccs\tools\compiler\ti-cgt-armllvm_4.0.4.LTS\lib\armv6m-ti-none-eabi\c\</path>
         <kind>archive</kind>
         <file>libc.a</file>
         <name>aeabi_portable.c.obj</name>
      </input_file>
      <input_file id="fl-42">
         <path>E:\software\IDE\Code Composer Studio\ccs\tools\compiler\ti-cgt-armllvm_4.0.4.LTS\lib\armv6m-ti-none-eabi\c\</path>
         <kind>archive</kind>
         <file>libc.a</file>
         <name>exit.c.obj</name>
      </input_file>
      <input_file id="fl-43">
         <path>E:\software\IDE\Code Composer Studio\ccs\tools\compiler\ti-cgt-armllvm_4.0.4.LTS\lib\armv6m-ti-none-eabi\c\</path>
         <kind>archive</kind>
         <file>libc.a</file>
         <name>_lock.c.obj</name>
      </input_file>
      <input_file id="fl-44">
         <path>E:\software\IDE\Code Composer Studio\ccs\tools\compiler\ti-cgt-armllvm_4.0.4.LTS\lib\armv6m-ti-none-eabi\c\</path>
         <kind>archive</kind>
         <file>libc.a</file>
         <name>_ltoa.c.obj</name>
      </input_file>
      <input_file id="fl-45">
         <path>E:\software\IDE\Code Composer Studio\ccs\tools\compiler\ti-cgt-armllvm_4.0.4.LTS\lib\armv6m-ti-none-eabi\c\</path>
         <kind>archive</kind>
         <file>libc.a</file>
         <name>args_main.c.obj</name>
      </input_file>
      <input_file id="fl-46">
         <path>E:\software\IDE\Code Composer Studio\ccs\tools\compiler\ti-cgt-armllvm_4.0.4.LTS\lib\armv6m-ti-none-eabi\c\</path>
         <kind>archive</kind>
         <file>libc.a</file>
         <name>assert.c.obj</name>
      </input_file>
      <input_file id="fl-47">
         <path>E:\software\IDE\Code Composer Studio\ccs\tools\compiler\ti-cgt-armllvm_4.0.4.LTS\lib\armv6m-ti-none-eabi\c\</path>
         <kind>archive</kind>
         <file>libc.a</file>
         <name>atoi.c.obj</name>
      </input_file>
      <input_file id="fl-48">
         <path>E:\software\IDE\Code Composer Studio\ccs\tools\compiler\ti-cgt-armllvm_4.0.4.LTS\lib\armv6m-ti-none-eabi\c\</path>
         <kind>archive</kind>
         <file>libc.a</file>
         <name>defs.c.obj</name>
      </input_file>
      <input_file id="fl-49">
         <path>E:\software\IDE\Code Composer Studio\ccs\tools\compiler\ti-cgt-armllvm_4.0.4.LTS\lib\armv6m-ti-none-eabi\c\</path>
         <kind>archive</kind>
         <file>libc.a</file>
         <name>memccpy.c.obj</name>
      </input_file>
      <input_file id="fl-4a">
         <path>E:\software\IDE\Code Composer Studio\ccs\tools\compiler\ti-cgt-armllvm_4.0.4.LTS\lib\armv6m-ti-none-eabi\c\</path>
         <kind>archive</kind>
         <file>libc.a</file>
         <name>memory.c.obj</name>
      </input_file>
      <input_file id="fl-4b">
         <path>E:\software\IDE\Code Composer Studio\ccs\tools\compiler\ti-cgt-armllvm_4.0.4.LTS\lib\armv6m-ti-none-eabi\c\</path>
         <kind>archive</kind>
         <file>libc.a</file>
         <name>s_frexp.c.obj</name>
      </input_file>
      <input_file id="fl-4c">
         <path>E:\software\IDE\Code Composer Studio\ccs\tools\compiler\ti-cgt-armllvm_4.0.4.LTS\lib\armv6m-ti-none-eabi\c\</path>
         <kind>archive</kind>
         <file>libc.a</file>
         <name>s_scalbn.c.obj</name>
      </input_file>
      <input_file id="fl-4d">
         <path>E:\software\IDE\Code Composer Studio\ccs\tools\compiler\ti-cgt-armllvm_4.0.4.LTS\lib\armv6m-ti-none-eabi\c\</path>
         <kind>archive</kind>
         <file>libc.a</file>
         <name>wcslen.c.obj</name>
      </input_file>
      <input_file id="fl-4e">
         <path>E:\software\IDE\Code Composer Studio\ccs\tools\compiler\ti-cgt-armllvm_4.0.4.LTS\lib\armv6m-ti-none-eabi\c\</path>
         <kind>archive</kind>
         <file>libc.a</file>
         <name>fflush.c.obj</name>
      </input_file>
      <input_file id="fl-4f">
         <path>E:\software\IDE\Code Composer Studio\ccs\tools\compiler\ti-cgt-armllvm_4.0.4.LTS\lib\armv6m-ti-none-eabi\c\</path>
         <kind>archive</kind>
         <file>libc.a</file>
         <name>fputs.c.obj</name>
      </input_file>
      <input_file id="fl-50">
         <path>E:\software\IDE\Code Composer Studio\ccs\tools\compiler\ti-cgt-armllvm_4.0.4.LTS\lib\armv6m-ti-none-eabi\c\</path>
         <kind>archive</kind>
         <file>libc.a</file>
         <name>_io_perm.c.obj</name>
      </input_file>
      <input_file id="fl-51">
         <path>E:\software\IDE\Code Composer Studio\ccs\tools\compiler\ti-cgt-armllvm_4.0.4.LTS\lib\armv6m-ti-none-eabi\c\</path>
         <kind>archive</kind>
         <file>libc.a</file>
         <name>setvbuf.c.obj</name>
      </input_file>
      <input_file id="fl-52">
         <path>E:\software\IDE\Code Composer Studio\ccs\tools\compiler\ti-cgt-armllvm_4.0.4.LTS\lib\armv6m-ti-none-eabi\c\</path>
         <kind>archive</kind>
         <file>libc.a</file>
         <name>aeabi_ctype.S.obj</name>
      </input_file>
      <input_file id="fl-53">
         <path>E:\software\IDE\Code Composer Studio\ccs\tools\compiler\ti-cgt-armllvm_4.0.4.LTS\lib\armv6m-ti-none-eabi\c\</path>
         <kind>archive</kind>
         <file>libc.a</file>
         <name>fopen.c.obj</name>
      </input_file>
      <input_file id="fl-54">
         <path>E:\software\IDE\Code Composer Studio\ccs\tools\compiler\ti-cgt-armllvm_4.0.4.LTS\lib\armv6m-ti-none-eabi\c\</path>
         <kind>archive</kind>
         <file>libc.a</file>
         <name>fseek.c.obj</name>
      </input_file>
      <input_file id="fl-55">
         <path>E:\software\IDE\Code Composer Studio\ccs\tools\compiler\ti-cgt-armllvm_4.0.4.LTS\lib\armv6m-ti-none-eabi\c\</path>
         <kind>archive</kind>
         <file>libc.a</file>
         <name>fclose.c.obj</name>
      </input_file>
      <input_file id="fl-f5">
         <path>E:\software\IDE\Code Composer Studio\ccs\tools\compiler\ti-cgt-armllvm_4.0.4.LTS\lib\armv6m-ti-none-eabi\c\</path>
         <kind>archive</kind>
         <file>libsysbm.a</file>
         <name>hostexit.c.obj</name>
      </input_file>
      <input_file id="fl-f6">
         <path>E:\software\IDE\Code Composer Studio\ccs\tools\compiler\ti-cgt-armllvm_4.0.4.LTS\lib\armv6m-ti-none-eabi\c\</path>
         <kind>archive</kind>
         <file>libsysbm.a</file>
         <name>write.c.obj</name>
      </input_file>
      <input_file id="fl-f7">
         <path>E:\software\IDE\Code Composer Studio\ccs\tools\compiler\ti-cgt-armllvm_4.0.4.LTS\lib\armv6m-ti-none-eabi\c\</path>
         <kind>archive</kind>
         <file>libsysbm.a</file>
         <name>host_device.c.obj</name>
      </input_file>
      <input_file id="fl-f8">
         <path>E:\software\IDE\Code Composer Studio\ccs\tools\compiler\ti-cgt-armllvm_4.0.4.LTS\lib\armv6m-ti-none-eabi\c\</path>
         <kind>archive</kind>
         <file>libsysbm.a</file>
         <name>remove.c.obj</name>
      </input_file>
      <input_file id="fl-f9">
         <path>E:\software\IDE\Code Composer Studio\ccs\tools\compiler\ti-cgt-armllvm_4.0.4.LTS\lib\armv6m-ti-none-eabi\c\</path>
         <kind>archive</kind>
         <file>libsysbm.a</file>
         <name>open.c.obj</name>
      </input_file>
      <input_file id="fl-fa">
         <path>E:\software\IDE\Code Composer Studio\ccs\tools\compiler\ti-cgt-armllvm_4.0.4.LTS\lib\armv6m-ti-none-eabi\c\</path>
         <kind>archive</kind>
         <file>libsysbm.a</file>
         <name>lseek.c.obj</name>
      </input_file>
      <input_file id="fl-fb">
         <path>E:\software\IDE\Code Composer Studio\ccs\tools\compiler\ti-cgt-armllvm_4.0.4.LTS\lib\armv6m-ti-none-eabi\c\</path>
         <kind>archive</kind>
         <file>libsysbm.a</file>
         <name>close.c.obj</name>
      </input_file>
      <input_file id="fl-fc">
         <path>E:\software\IDE\Code Composer Studio\ccs\tools\compiler\ti-cgt-armllvm_4.0.4.LTS\lib\armv6m-ti-none-eabi\c\</path>
         <kind>archive</kind>
         <file>libsysbm.a</file>
         <name>unlink.c.obj</name>
      </input_file>
      <input_file id="fl-fd">
         <path>E:\software\IDE\Code Composer Studio\ccs\tools\compiler\ti-cgt-armllvm_4.0.4.LTS\lib\armv6m-ti-none-eabi\c\</path>
         <kind>archive</kind>
         <file>libsysbm.a</file>
         <name>hostclose.c.obj</name>
      </input_file>
      <input_file id="fl-fe">
         <path>E:\software\IDE\Code Composer Studio\ccs\tools\compiler\ti-cgt-armllvm_4.0.4.LTS\lib\armv6m-ti-none-eabi\c\</path>
         <kind>archive</kind>
         <file>libsysbm.a</file>
         <name>hostlseek.c.obj</name>
      </input_file>
      <input_file id="fl-ff">
         <path>E:\software\IDE\Code Composer Studio\ccs\tools\compiler\ti-cgt-armllvm_4.0.4.LTS\lib\armv6m-ti-none-eabi\c\</path>
         <kind>archive</kind>
         <file>libsysbm.a</file>
         <name>hostopen.c.obj</name>
      </input_file>
      <input_file id="fl-100">
         <path>E:\software\IDE\Code Composer Studio\ccs\tools\compiler\ti-cgt-armllvm_4.0.4.LTS\lib\armv6m-ti-none-eabi\c\</path>
         <kind>archive</kind>
         <file>libsysbm.a</file>
         <name>hostread.c.obj</name>
      </input_file>
      <input_file id="fl-101">
         <path>E:\software\IDE\Code Composer Studio\ccs\tools\compiler\ti-cgt-armllvm_4.0.4.LTS\lib\armv6m-ti-none-eabi\c\</path>
         <kind>archive</kind>
         <file>libsysbm.a</file>
         <name>hostrename.c.obj</name>
      </input_file>
      <input_file id="fl-102">
         <path>E:\software\IDE\Code Composer Studio\ccs\tools\compiler\ti-cgt-armllvm_4.0.4.LTS\lib\armv6m-ti-none-eabi\c\</path>
         <kind>archive</kind>
         <file>libsysbm.a</file>
         <name>hostunlink.c.obj</name>
      </input_file>
      <input_file id="fl-103">
         <path>E:\software\IDE\Code Composer Studio\ccs\tools\compiler\ti-cgt-armllvm_4.0.4.LTS\lib\armv6m-ti-none-eabi\c\</path>
         <kind>archive</kind>
         <file>libsysbm.a</file>
         <name>hostwrite.c.obj</name>
      </input_file>
      <input_file id="fl-104">
         <path>E:\software\IDE\Code Composer Studio\ccs\tools\compiler\ti-cgt-armllvm_4.0.4.LTS\lib\armv6m-ti-none-eabi\c\</path>
         <kind>archive</kind>
         <file>libsysbm.a</file>
         <name>trgmsg.c.obj</name>
      </input_file>
      <input_file id="fl-105">
         <path>E:\software\IDE\Code Composer Studio\ccs\tools\compiler\ti-cgt-armllvm_4.0.4.LTS\lib\armv6m-ti-none-eabi\</path>
         <kind>archive</kind>
         <file>libclang_rt.builtins.a</file>
         <name>addsf3.S.obj</name>
      </input_file>
      <input_file id="fl-106">
         <path>E:\software\IDE\Code Composer Studio\ccs\tools\compiler\ti-cgt-armllvm_4.0.4.LTS\lib\armv6m-ti-none-eabi\</path>
         <kind>archive</kind>
         <file>libclang_rt.builtins.a</file>
         <name>adddf3.S.obj</name>
      </input_file>
      <input_file id="fl-107">
         <path>E:\software\IDE\Code Composer Studio\ccs\tools\compiler\ti-cgt-armllvm_4.0.4.LTS\lib\armv6m-ti-none-eabi\</path>
         <kind>archive</kind>
         <file>libclang_rt.builtins.a</file>
         <name>muldf3.S.obj</name>
      </input_file>
      <input_file id="fl-108">
         <path>E:\software\IDE\Code Composer Studio\ccs\tools\compiler\ti-cgt-armllvm_4.0.4.LTS\lib\armv6m-ti-none-eabi\</path>
         <kind>archive</kind>
         <file>libclang_rt.builtins.a</file>
         <name>muldsi3.S.obj</name>
      </input_file>
      <input_file id="fl-109">
         <path>E:\software\IDE\Code Composer Studio\ccs\tools\compiler\ti-cgt-armllvm_4.0.4.LTS\lib\armv6m-ti-none-eabi\</path>
         <kind>archive</kind>
         <file>libclang_rt.builtins.a</file>
         <name>mulsf3.S.obj</name>
      </input_file>
      <input_file id="fl-10a">
         <path>E:\software\IDE\Code Composer Studio\ccs\tools\compiler\ti-cgt-armllvm_4.0.4.LTS\lib\armv6m-ti-none-eabi\</path>
         <kind>archive</kind>
         <file>libclang_rt.builtins.a</file>
         <name>divsf3.S.obj</name>
      </input_file>
      <input_file id="fl-10b">
         <path>E:\software\IDE\Code Composer Studio\ccs\tools\compiler\ti-cgt-armllvm_4.0.4.LTS\lib\armv6m-ti-none-eabi\</path>
         <kind>archive</kind>
         <file>libclang_rt.builtins.a</file>
         <name>divdf3.S.obj</name>
      </input_file>
      <input_file id="fl-10c">
         <path>E:\software\IDE\Code Composer Studio\ccs\tools\compiler\ti-cgt-armllvm_4.0.4.LTS\lib\armv6m-ti-none-eabi\</path>
         <kind>archive</kind>
         <file>libclang_rt.builtins.a</file>
         <name>extendsfdf2.S.obj</name>
      </input_file>
      <input_file id="fl-10d">
         <path>E:\software\IDE\Code Composer Studio\ccs\tools\compiler\ti-cgt-armllvm_4.0.4.LTS\lib\armv6m-ti-none-eabi\</path>
         <kind>archive</kind>
         <file>libclang_rt.builtins.a</file>
         <name>fixdfsi.S.obj</name>
      </input_file>
      <input_file id="fl-10e">
         <path>E:\software\IDE\Code Composer Studio\ccs\tools\compiler\ti-cgt-armllvm_4.0.4.LTS\lib\armv6m-ti-none-eabi\</path>
         <kind>archive</kind>
         <file>libclang_rt.builtins.a</file>
         <name>fixsfsi.S.obj</name>
      </input_file>
      <input_file id="fl-10f">
         <path>E:\software\IDE\Code Composer Studio\ccs\tools\compiler\ti-cgt-armllvm_4.0.4.LTS\lib\armv6m-ti-none-eabi\</path>
         <kind>archive</kind>
         <file>libclang_rt.builtins.a</file>
         <name>fixunssfsi.S.obj</name>
      </input_file>
      <input_file id="fl-110">
         <path>E:\software\IDE\Code Composer Studio\ccs\tools\compiler\ti-cgt-armllvm_4.0.4.LTS\lib\armv6m-ti-none-eabi\</path>
         <kind>archive</kind>
         <file>libclang_rt.builtins.a</file>
         <name>floatsidf.S.obj</name>
      </input_file>
      <input_file id="fl-111">
         <path>E:\software\IDE\Code Composer Studio\ccs\tools\compiler\ti-cgt-armllvm_4.0.4.LTS\lib\armv6m-ti-none-eabi\</path>
         <kind>archive</kind>
         <file>libclang_rt.builtins.a</file>
         <name>floatsisf.S.obj</name>
      </input_file>
      <input_file id="fl-112">
         <path>E:\software\IDE\Code Composer Studio\ccs\tools\compiler\ti-cgt-armllvm_4.0.4.LTS\lib\armv6m-ti-none-eabi\</path>
         <kind>archive</kind>
         <file>libclang_rt.builtins.a</file>
         <name>muldi3.S.obj</name>
      </input_file>
      <input_file id="fl-113">
         <path>E:\software\IDE\Code Composer Studio\ccs\tools\compiler\ti-cgt-armllvm_4.0.4.LTS\lib\armv6m-ti-none-eabi\</path>
         <kind>archive</kind>
         <file>libclang_rt.builtins.a</file>
         <name>aeabi_dcmp.S.obj</name>
      </input_file>
      <input_file id="fl-114">
         <path>E:\software\IDE\Code Composer Studio\ccs\tools\compiler\ti-cgt-armllvm_4.0.4.LTS\lib\armv6m-ti-none-eabi\</path>
         <kind>archive</kind>
         <file>libclang_rt.builtins.a</file>
         <name>aeabi_fcmp.S.obj</name>
      </input_file>
      <input_file id="fl-115">
         <path>E:\software\IDE\Code Composer Studio\ccs\tools\compiler\ti-cgt-armllvm_4.0.4.LTS\lib\armv6m-ti-none-eabi\</path>
         <kind>archive</kind>
         <file>libclang_rt.builtins.a</file>
         <name>aeabi_idivmod.S.obj</name>
      </input_file>
      <input_file id="fl-116">
         <path>E:\software\IDE\Code Composer Studio\ccs\tools\compiler\ti-cgt-armllvm_4.0.4.LTS\lib\armv6m-ti-none-eabi\</path>
         <kind>archive</kind>
         <file>libclang_rt.builtins.a</file>
         <name>aeabi_memcpy.S.obj</name>
      </input_file>
      <input_file id="fl-117">
         <path>E:\software\IDE\Code Composer Studio\ccs\tools\compiler\ti-cgt-armllvm_4.0.4.LTS\lib\armv6m-ti-none-eabi\</path>
         <kind>archive</kind>
         <file>libclang_rt.builtins.a</file>
         <name>aeabi_memset.S.obj</name>
      </input_file>
      <input_file id="fl-118">
         <path>E:\software\IDE\Code Composer Studio\ccs\tools\compiler\ti-cgt-armllvm_4.0.4.LTS\lib\armv6m-ti-none-eabi\</path>
         <kind>archive</kind>
         <file>libclang_rt.builtins.a</file>
         <name>aeabi_uidivmod.S.obj</name>
      </input_file>
      <input_file id="fl-119">
         <path>E:\software\IDE\Code Composer Studio\ccs\tools\compiler\ti-cgt-armllvm_4.0.4.LTS\lib\armv6m-ti-none-eabi\</path>
         <kind>archive</kind>
         <file>libclang_rt.builtins.a</file>
         <name>aeabi_uldivmod.S.obj</name>
      </input_file>
      <input_file id="fl-11a">
         <path>E:\software\IDE\Code Composer Studio\ccs\tools\compiler\ti-cgt-armllvm_4.0.4.LTS\lib\armv6m-ti-none-eabi\</path>
         <kind>archive</kind>
         <file>libclang_rt.builtins.a</file>
         <name>comparesf2.S.obj</name>
      </input_file>
      <input_file id="fl-11b">
         <path>E:\software\IDE\Code Composer Studio\ccs\tools\compiler\ti-cgt-armllvm_4.0.4.LTS\lib\armv6m-ti-none-eabi\</path>
         <kind>archive</kind>
         <file>libclang_rt.builtins.a</file>
         <name>udivmoddi4.S.obj</name>
      </input_file>
      <input_file id="fl-11c">
         <path>E:\software\IDE\Code Composer Studio\ccs\tools\compiler\ti-cgt-armllvm_4.0.4.LTS\lib\armv6m-ti-none-eabi\</path>
         <kind>archive</kind>
         <file>libclang_rt.builtins.a</file>
         <name>ashldi3.S.obj</name>
      </input_file>
      <input_file id="fl-11d">
         <path>E:\software\IDE\Code Composer Studio\ccs\tools\compiler\ti-cgt-armllvm_4.0.4.LTS\lib\armv6m-ti-none-eabi\</path>
         <kind>archive</kind>
         <file>libclang_rt.builtins.a</file>
         <name>comparedf2.c.obj</name>
      </input_file>
      <input_file id="fl-11e">
         <path>E:\software\IDE\Code Composer Studio\ccs\tools\compiler\ti-cgt-armllvm_4.0.4.LTS\lib\armv6m-ti-none-eabi\</path>
         <kind>archive</kind>
         <file>libclang_rt.builtins.a</file>
         <name>aeabi_div0.c.obj</name>
      </input_file>
      <input_file id="fl-11f">
         <path>E:\software\IDE\Code Composer Studio\ccs\tools\compiler\ti-cgt-armllvm_4.0.4.LTS\lib\armv6m-ti-none-eabi\c\</path>
         <kind>archive</kind>
         <file>libc.a</file>
         <name>getdevice.c.obj</name>
      </input_file>
      <input_file id="fl-120">
         <path>E:\software\IDE\Code Composer Studio\ccs\tools\compiler\ti-cgt-armllvm_4.0.4.LTS\lib\armv6m-ti-none-eabi\c\</path>
         <kind>archive</kind>
         <file>libc.a</file>
         <name>memcpy16.S.obj</name>
      </input_file>
      <input_file id="fl-121">
         <path>E:\software\IDE\Code Composer Studio\ccs\tools\compiler\ti-cgt-armllvm_4.0.4.LTS\lib\armv6m-ti-none-eabi\c\</path>
         <kind>archive</kind>
         <file>libc.a</file>
         <name>memset16.S.obj</name>
      </input_file>
      <input_file id="fl-122">
         <path>E:\software\IDE\Code Composer Studio\ccs\tools\compiler\ti-cgt-armllvm_4.0.4.LTS\lib\armv6m-ti-none-eabi\c\</path>
         <kind>archive</kind>
         <file>libc.a</file>
         <name>strcmp-armv6m.S.obj</name>
      </input_file>
   </input_file_list>
   <object_component_list>
      <object_component id="oc-1b">
         <name>.intvecs</name>
         <load_address>0x0</load_address>
         <readonly>true</readonly>
         <run_address>0x0</run_address>
         <size>0xc0</size>
         <alignment>0x4</alignment>
         <input_file_ref idref="fl-4"/>
      </object_component>
      <object_component id="oc-b0">
         <name>.text.LCD_Init</name>
         <load_address>0xc0</load_address>
         <readonly>true</readonly>
         <executable>true</executable>
         <run_address>0xc0</run_address>
         <size>0xde8</size>
         <alignment>0x4</alignment>
         <input_file_ref idref="fl-7"/>
      </object_component>
      <object_component id="oc-1ad">
         <name>.text:__TI_printfi</name>
         <load_address>0xea8</load_address>
         <readonly>true</readonly>
         <executable>true</executable>
         <run_address>0xea8</run_address>
         <size>0x9d0</size>
         <alignment>0x4</alignment>
         <input_file_ref idref="fl-40"/>
      </object_component>
      <object_component id="oc-11d">
         <name>.text.LCD_ShowChar</name>
         <load_address>0x1878</load_address>
         <readonly>true</readonly>
         <executable>true</executable>
         <run_address>0x1878</run_address>
         <size>0x400</size>
         <alignment>0x4</alignment>
         <input_file_ref idref="fl-6"/>
      </object_component>
      <object_component id="oc-b6">
         <name>.text.LCD_Fill</name>
         <load_address>0x1c78</load_address>
         <readonly>true</readonly>
         <executable>true</executable>
         <run_address>0x1c78</run_address>
         <size>0x2c0</size>
         <alignment>0x4</alignment>
         <input_file_ref idref="fl-6"/>
      </object_component>
      <object_component id="oc-70">
         <name>.text.CopeSerial2Data</name>
         <load_address>0x1f38</load_address>
         <readonly>true</readonly>
         <executable>true</executable>
         <run_address>0x1f38</run_address>
         <size>0x294</size>
         <alignment>0x4</alignment>
         <input_file_ref idref="fl-a"/>
      </object_component>
      <object_component id="oc-114">
         <name>.text.LCD_Address_Set</name>
         <load_address>0x21cc</load_address>
         <readonly>true</readonly>
         <executable>true</executable>
         <run_address>0x21cc</run_address>
         <size>0x22c</size>
         <alignment>0x4</alignment>
         <input_file_ref idref="fl-7"/>
      </object_component>
      <object_component id="oc-c2">
         <name>.text.LCD_ShowIntNum</name>
         <load_address>0x23f8</load_address>
         <readonly>true</readonly>
         <executable>true</executable>
         <run_address>0x23f8</run_address>
         <size>0x220</size>
         <alignment>0x2</alignment>
         <input_file_ref idref="fl-6"/>
      </object_component>
      <object_component id="oc-1cd">
         <name>.text._pconv_a</name>
         <load_address>0x2618</load_address>
         <readonly>true</readonly>
         <executable>true</executable>
         <run_address>0x2618</run_address>
         <size>0x220</size>
         <alignment>0x4</alignment>
         <input_file_ref idref="fl-40"/>
      </object_component>
      <object_component id="oc-1d2">
         <name>.text._pconv_g</name>
         <load_address>0x2838</load_address>
         <readonly>true</readonly>
         <executable>true</executable>
         <run_address>0x2838</run_address>
         <size>0x1dc</size>
         <alignment>0x4</alignment>
         <input_file_ref idref="fl-40"/>
      </object_component>
      <object_component id="oc-212">
         <name>.text.adddf3_subdf3</name>
         <load_address>0x2a14</load_address>
         <readonly>true</readonly>
         <executable>true</executable>
         <run_address>0x2a14</run_address>
         <size>0x192</size>
         <alignment>0x4</alignment>
         <input_file_ref idref="fl-106"/>
      </object_component>
      <object_component id="oc-39">
         <name>.text.Default_Handler</name>
         <load_address>0x2ba6</load_address>
         <readonly>true</readonly>
         <executable>true</executable>
         <run_address>0x2ba6</run_address>
         <size>0x2</size>
         <alignment>0x2</alignment>
         <input_file_ref idref="fl-4"/>
      </object_component>
      <object_component id="oc-87">
         <name>.text.main</name>
         <load_address>0x2ba8</load_address>
         <readonly>true</readonly>
         <executable>true</executable>
         <run_address>0x2ba8</run_address>
         <size>0x158</size>
         <alignment>0x4</alignment>
         <input_file_ref idref="fl-1"/>
      </object_component>
      <object_component id="oc-c4">
         <name>.text.PID_Get</name>
         <load_address>0x2d00</load_address>
         <readonly>true</readonly>
         <executable>true</executable>
         <run_address>0x2d00</run_address>
         <size>0x144</size>
         <alignment>0x4</alignment>
         <input_file_ref idref="fl-1"/>
      </object_component>
      <object_component id="oc-216">
         <name>.text.fcvt</name>
         <load_address>0x2e44</load_address>
         <readonly>true</readonly>
         <executable>true</executable>
         <run_address>0x2e44</run_address>
         <size>0x13c</size>
         <alignment>0x4</alignment>
         <input_file_ref idref="fl-40"/>
      </object_component>
      <object_component id="oc-1d4">
         <name>.text._pconv_e</name>
         <load_address>0x2f80</load_address>
         <readonly>true</readonly>
         <executable>true</executable>
         <run_address>0x2f80</run_address>
         <size>0x120</size>
         <alignment>0x4</alignment>
         <input_file_ref idref="fl-40"/>
      </object_component>
      <object_component id="oc-104">
         <name>.text.SYSCFG_DL_GPIO_init</name>
         <load_address>0x30a0</load_address>
         <readonly>true</readonly>
         <executable>true</executable>
         <run_address>0x30a0</run_address>
         <size>0x118</size>
         <alignment>0x4</alignment>
         <input_file_ref idref="fl-2"/>
      </object_component>
      <object_component id="oc-20e">
         <name>.text.__divdf3</name>
         <load_address>0x31b8</load_address>
         <readonly>true</readonly>
         <executable>true</executable>
         <run_address>0x31b8</run_address>
         <size>0x10c</size>
         <alignment>0x4</alignment>
         <input_file_ref idref="fl-10b"/>
      </object_component>
      <object_component id="oc-15a">
         <name>.text.DL_Timer_initFourCCPWMMode</name>
         <load_address>0x32c4</load_address>
         <readonly>true</readonly>
         <executable>true</executable>
         <run_address>0x32c4</run_address>
         <size>0x104</size>
         <alignment>0x4</alignment>
         <input_file_ref idref="fl-1e"/>
      </object_component>
      <object_component id="oc-161">
         <name>.text.DL_Timer_initTimerMode</name>
         <load_address>0x33c8</load_address>
         <readonly>true</readonly>
         <executable>true</executable>
         <run_address>0x33c8</run_address>
         <size>0xfc</size>
         <alignment>0x4</alignment>
         <input_file_ref idref="fl-1e"/>
      </object_component>
      <object_component id="oc-1fe">
         <name>.text.__muldf3</name>
         <load_address>0x34c4</load_address>
         <readonly>true</readonly>
         <executable>true</executable>
         <run_address>0x34c4</run_address>
         <size>0xe4</size>
         <alignment>0x4</alignment>
         <input_file_ref idref="fl-107"/>
      </object_component>
      <object_component id="oc-c3">
         <name>.text.Velocity_Get</name>
         <load_address>0x35a8</load_address>
         <readonly>true</readonly>
         <executable>true</executable>
         <run_address>0x35a8</run_address>
         <size>0xe0</size>
         <alignment>0x4</alignment>
         <input_file_ref idref="fl-1"/>
      </object_component>
      <object_component id="oc-1ed">
         <name>.text.scalbn</name>
         <load_address>0x3688</load_address>
         <readonly>true</readonly>
         <executable>true</executable>
         <run_address>0x3688</run_address>
         <size>0xd8</size>
         <alignment>0x4</alignment>
         <input_file_ref idref="fl-4c"/>
      </object_component>
      <object_component id="oc-126">
         <name>.text</name>
         <load_address>0x3760</load_address>
         <readonly>true</readonly>
         <executable>true</executable>
         <run_address>0x3760</run_address>
         <size>0xd8</size>
         <alignment>0x4</alignment>
         <input_file_ref idref="fl-105"/>
      </object_component>
      <object_component id="oc-118">
         <name>.text.uart0_send_SendByte</name>
         <load_address>0x3838</load_address>
         <readonly>true</readonly>
         <executable>true</executable>
         <run_address>0x3838</run_address>
         <size>0xd4</size>
         <alignment>0x4</alignment>
         <input_file_ref idref="fl-5"/>
      </object_component>
      <object_component id="oc-1e4">
         <name>.text</name>
         <load_address>0x390c</load_address>
         <readonly>true</readonly>
         <executable>true</executable>
         <run_address>0x390c</run_address>
         <size>0xa2</size>
         <alignment>0x4</alignment>
         <input_file_ref idref="fl-11b"/>
      </object_component>
      <object_component id="oc-a5">
         <name>.text:memcpy</name>
         <load_address>0x39ae</load_address>
         <readonly>true</readonly>
         <executable>true</executable>
         <run_address>0x39ae</run_address>
         <size>0x9a</size>
         <alignment>0x1</alignment>
         <input_file_ref idref="fl-120"/>
      </object_component>
      <object_component id="oc-96">
         <name>.text.__mulsf3</name>
         <load_address>0x3a48</load_address>
         <readonly>true</readonly>
         <executable>true</executable>
         <run_address>0x3a48</run_address>
         <size>0x8c</size>
         <alignment>0x4</alignment>
         <input_file_ref idref="fl-109"/>
      </object_component>
      <object_component id="oc-122">
         <name>.text.__divsf3</name>
         <load_address>0x3ad4</load_address>
         <readonly>true</readonly>
         <executable>true</executable>
         <run_address>0x3ad4</run_address>
         <size>0x82</size>
         <alignment>0x4</alignment>
         <input_file_ref idref="fl-10a"/>
      </object_component>
      <object_component id="oc-17a">
         <name>.text.__aeabi_idiv0</name>
         <load_address>0x3b56</load_address>
         <readonly>true</readonly>
         <executable>true</executable>
         <run_address>0x3b56</run_address>
         <size>0x2</size>
         <alignment>0x2</alignment>
         <input_file_ref idref="fl-11e"/>
      </object_component>
      <object_component id="oc-bc">
         <name>.text.IMU_Init</name>
         <load_address>0x3b58</load_address>
         <readonly>true</readonly>
         <executable>true</executable>
         <run_address>0x3b58</run_address>
         <size>0x7c</size>
         <alignment>0x4</alignment>
         <input_file_ref idref="fl-a"/>
      </object_component>
      <object_component id="oc-1f">
         <name>.text:decompress:lzss</name>
         <load_address>0x3bd4</load_address>
         <readonly>true</readonly>
         <executable>true</executable>
         <run_address>0x3bd4</run_address>
         <size>0x7c</size>
         <alignment>0x4</alignment>
         <input_file_ref idref="fl-3f"/>
      </object_component>
      <object_component id="oc-107">
         <name>.text.SYSCFG_DL_PWM_0_init</name>
         <load_address>0x3c50</load_address>
         <readonly>true</readonly>
         <executable>true</executable>
         <run_address>0x3c50</run_address>
         <size>0x74</size>
         <alignment>0x4</alignment>
         <input_file_ref idref="fl-2"/>
      </object_component>
      <object_component id="oc-20c">
         <name>.text.__gedf2</name>
         <load_address>0x3cc4</load_address>
         <readonly>true</readonly>
         <executable>true</executable>
         <run_address>0x3cc4</run_address>
         <size>0x74</size>
         <alignment>0x4</alignment>
         <input_file_ref idref="fl-11d"/>
      </object_component>
      <object_component id="oc-115">
         <name>.text.LCD_WR_DATA</name>
         <load_address>0x3d38</load_address>
         <readonly>true</readonly>
         <executable>true</executable>
         <run_address>0x3d38</run_address>
         <size>0x70</size>
         <alignment>0x4</alignment>
         <input_file_ref idref="fl-7"/>
      </object_component>
      <object_component id="oc-10a">
         <name>.text.SYSCFG_DL_UART_0_init</name>
         <load_address>0x3da8</load_address>
         <readonly>true</readonly>
         <executable>true</executable>
         <run_address>0x3da8</run_address>
         <size>0x70</size>
         <alignment>0x4</alignment>
         <input_file_ref idref="fl-2"/>
      </object_component>
      <object_component id="oc-108">
         <name>.text.SYSCFG_DL_PWM_1_init</name>
         <load_address>0x3e18</load_address>
         <readonly>true</readonly>
         <executable>true</executable>
         <run_address>0x3e18</run_address>
         <size>0x6c</size>
         <alignment>0x4</alignment>
         <input_file_ref idref="fl-2"/>
      </object_component>
      <object_component id="oc-206">
         <name>.text.__ledf2</name>
         <load_address>0x3e84</load_address>
         <readonly>true</readonly>
         <executable>true</executable>
         <run_address>0x3e84</run_address>
         <size>0x68</size>
         <alignment>0x4</alignment>
         <input_file_ref idref="fl-11d"/>
      </object_component>
      <object_component id="oc-c9">
         <name>.text.lc_printf</name>
         <load_address>0x3eec</load_address>
         <readonly>true</readonly>
         <executable>true</executable>
         <run_address>0x3eec</run_address>
         <size>0x68</size>
         <alignment>0x4</alignment>
         <input_file_ref idref="fl-5"/>
      </object_component>
      <object_component id="oc-205">
         <name>.text._mcpy</name>
         <load_address>0x3f54</load_address>
         <readonly>true</readonly>
         <executable>true</executable>
         <run_address>0x3f54</run_address>
         <size>0x66</size>
         <alignment>0x2</alignment>
         <input_file_ref idref="fl-40"/>
      </object_component>
      <object_component id="oc-218">
         <name>.text.__aeabi_ldiv0</name>
         <load_address>0x3fba</load_address>
         <readonly>true</readonly>
         <executable>true</executable>
         <run_address>0x3fba</run_address>
         <size>0x2</size>
         <alignment>0x2</alignment>
         <input_file_ref idref="fl-11e"/>
      </object_component>
      <object_component id="oc-1ce">
         <name>.text.__aeabi_dcmp</name>
         <load_address>0x3fbc</load_address>
         <readonly>true</readonly>
         <executable>true</executable>
         <run_address>0x3fbc</run_address>
         <size>0x62</size>
         <alignment>0x4</alignment>
         <input_file_ref idref="fl-113"/>
      </object_component>
      <object_component id="oc-12a">
         <name>.text.__aeabi_fcmp</name>
         <load_address>0x4020</load_address>
         <readonly>true</readonly>
         <executable>true</executable>
         <run_address>0x4020</run_address>
         <size>0x62</size>
         <alignment>0x4</alignment>
         <input_file_ref idref="fl-114"/>
      </object_component>
      <object_component id="oc-102">
         <name>.text:memset</name>
         <load_address>0x4082</load_address>
         <readonly>true</readonly>
         <executable>true</executable>
         <run_address>0x4082</run_address>
         <size>0x62</size>
         <alignment>0x1</alignment>
         <input_file_ref idref="fl-121"/>
      </object_component>
      <object_component id="oc-103">
         <name>.text.SYSCFG_DL_initPower</name>
         <load_address>0x40e4</load_address>
         <readonly>true</readonly>
         <executable>true</executable>
         <run_address>0x40e4</run_address>
         <size>0x60</size>
         <alignment>0x4</alignment>
         <input_file_ref idref="fl-2"/>
      </object_component>
      <object_component id="oc-1e9">
         <name>.text.frexp</name>
         <load_address>0x4144</load_address>
         <readonly>true</readonly>
         <executable>true</executable>
         <run_address>0x4144</run_address>
         <size>0x5c</size>
         <alignment>0x4</alignment>
         <input_file_ref idref="fl-4b"/>
      </object_component>
      <object_component id="oc-3a">
         <name>.text.GROUP1_IRQHandler</name>
         <load_address>0x41a0</load_address>
         <readonly>true</readonly>
         <executable>true</executable>
         <run_address>0x41a0</run_address>
         <size>0x58</size>
         <alignment>0x4</alignment>
         <input_file_ref idref="fl-9"/>
      </object_component>
      <object_component id="oc-1f5">
         <name>.text.__TI_ltoa</name>
         <load_address>0x41f8</load_address>
         <readonly>true</readonly>
         <executable>true</executable>
         <run_address>0x41f8</run_address>
         <size>0x58</size>
         <alignment>0x2</alignment>
         <input_file_ref idref="fl-44"/>
      </object_component>
      <object_component id="oc-1d3">
         <name>.text._pconv_f</name>
         <load_address>0x4250</load_address>
         <readonly>true</readonly>
         <executable>true</executable>
         <run_address>0x4250</run_address>
         <size>0x58</size>
         <alignment>0x2</alignment>
         <input_file_ref idref="fl-40"/>
      </object_component>
      <object_component id="oc-225">
         <name>.text.__aeabi_idivmod</name>
         <load_address>0x42a8</load_address>
         <readonly>true</readonly>
         <executable>true</executable>
         <run_address>0x42a8</run_address>
         <size>0x56</size>
         <alignment>0x4</alignment>
         <input_file_ref idref="fl-115"/>
      </object_component>
      <object_component id="oc-203">
         <name>.text._ecpy</name>
         <load_address>0x42fe</load_address>
         <readonly>true</readonly>
         <executable>true</executable>
         <run_address>0x42fe</run_address>
         <size>0x52</size>
         <alignment>0x2</alignment>
         <input_file_ref idref="fl-40"/>
      </object_component>
      <object_component id="oc-10b">
         <name>.text.SYSCFG_DL_SPI_LCD_init</name>
         <load_address>0x4350</load_address>
         <readonly>true</readonly>
         <executable>true</executable>
         <run_address>0x4350</run_address>
         <size>0x4c</size>
         <alignment>0x4</alignment>
         <input_file_ref idref="fl-2"/>
      </object_component>
      <object_component id="oc-105">
         <name>.text.SYSCFG_DL_SYSCTL_init</name>
         <load_address>0x439c</load_address>
         <readonly>true</readonly>
         <executable>true</executable>
         <run_address>0x439c</run_address>
         <size>0x4c</size>
         <alignment>0x4</alignment>
         <input_file_ref idref="fl-2"/>
      </object_component>
      <object_component id="oc-109">
         <name>.text.SYSCFG_DL_TIMER_TICK_init</name>
         <load_address>0x43e8</load_address>
         <readonly>true</readonly>
         <executable>true</executable>
         <run_address>0x43e8</run_address>
         <size>0x4c</size>
         <alignment>0x4</alignment>
         <input_file_ref idref="fl-2"/>
      </object_component>
      <object_component id="oc-1f1">
         <name>.text.__fixdfsi</name>
         <load_address>0x4434</load_address>
         <readonly>true</readonly>
         <executable>true</executable>
         <run_address>0x4434</run_address>
         <size>0x4a</size>
         <alignment>0x4</alignment>
         <input_file_ref idref="fl-10d"/>
      </object_component>
      <object_component id="oc-16a">
         <name>.text.DL_UART_init</name>
         <load_address>0x4480</load_address>
         <readonly>true</readonly>
         <executable>true</executable>
         <run_address>0x4480</run_address>
         <size>0x48</size>
         <alignment>0x4</alignment>
         <input_file_ref idref="fl-1f"/>
      </object_component>
      <object_component id="oc-173">
         <name>.text.DL_SPI_init</name>
         <load_address>0x44c8</load_address>
         <readonly>true</readonly>
         <executable>true</executable>
         <run_address>0x44c8</run_address>
         <size>0x44</size>
         <alignment>0x4</alignment>
         <input_file_ref idref="fl-1d"/>
      </object_component>
      <object_component id="oc-aa">
         <name>.text.SYSCFG_DL_init</name>
         <load_address>0x450c</load_address>
         <readonly>true</readonly>
         <executable>true</executable>
         <run_address>0x450c</run_address>
         <size>0x44</size>
         <alignment>0x4</alignment>
         <input_file_ref idref="fl-2"/>
      </object_component>
      <object_component id="oc-11e">
         <name>.text.__aeabi_uidivmod</name>
         <load_address>0x4550</load_address>
         <readonly>true</readonly>
         <executable>true</executable>
         <run_address>0x4550</run_address>
         <size>0x40</size>
         <alignment>0x4</alignment>
         <input_file_ref idref="fl-118"/>
      </object_component>
      <object_component id="oc-c5">
         <name>.text.__extendsfdf2</name>
         <load_address>0x4590</load_address>
         <readonly>true</readonly>
         <executable>true</executable>
         <run_address>0x4590</run_address>
         <size>0x40</size>
         <alignment>0x4</alignment>
         <input_file_ref idref="fl-10c"/>
      </object_component>
      <object_component id="oc-1b7">
         <name>.text.atoi</name>
         <load_address>0x45d0</load_address>
         <readonly>true</readonly>
         <executable>true</executable>
         <run_address>0x45d0</run_address>
         <size>0x40</size>
         <alignment>0x4</alignment>
         <input_file_ref idref="fl-47"/>
      </object_component>
      <object_component id="oc-132">
         <name>.text.vsnprintf</name>
         <load_address>0x4610</load_address>
         <readonly>true</readonly>
         <executable>true</executable>
         <run_address>0x4610</run_address>
         <size>0x40</size>
         <alignment>0x4</alignment>
         <input_file_ref idref="fl-37"/>
      </object_component>
      <object_component id="oc-d9">
         <name>.text.AO_Control</name>
         <load_address>0x4650</load_address>
         <readonly>true</readonly>
         <executable>true</executable>
         <run_address>0x4650</run_address>
         <size>0x3c</size>
         <alignment>0x4</alignment>
         <input_file_ref idref="fl-c"/>
      </object_component>
      <object_component id="oc-d3">
         <name>.text.BO_Control</name>
         <load_address>0x468c</load_address>
         <readonly>true</readonly>
         <executable>true</executable>
         <run_address>0x468c</run_address>
         <size>0x3c</size>
         <alignment>0x4</alignment>
         <input_file_ref idref="fl-c"/>
      </object_component>
      <object_component id="oc-92">
         <name>.text.__floatsisf</name>
         <load_address>0x46c8</load_address>
         <readonly>true</readonly>
         <executable>true</executable>
         <run_address>0x46c8</run_address>
         <size>0x3c</size>
         <alignment>0x4</alignment>
         <input_file_ref idref="fl-111"/>
      </object_component>
      <object_component id="oc-187">
         <name>.text.__gtsf2</name>
         <load_address>0x4704</load_address>
         <readonly>true</readonly>
         <executable>true</executable>
         <run_address>0x4704</run_address>
         <size>0x3c</size>
         <alignment>0x4</alignment>
         <input_file_ref idref="fl-11a"/>
      </object_component>
      <object_component id="oc-e4">
         <name>.text:__TI_auto_init_nobinit_nopinit</name>
         <load_address>0x4740</load_address>
         <readonly>true</readonly>
         <executable>true</executable>
         <run_address>0x4740</run_address>
         <size>0x3c</size>
         <alignment>0x4</alignment>
         <input_file_ref idref="fl-3a"/>
      </object_component>
      <object_component id="oc-182">
         <name>.text.__eqsf2</name>
         <load_address>0x477c</load_address>
         <readonly>true</readonly>
         <executable>true</executable>
         <run_address>0x477c</run_address>
         <size>0x3a</size>
         <alignment>0x4</alignment>
         <input_file_ref idref="fl-11a"/>
      </object_component>
      <object_component id="oc-f7">
         <name>.text.__muldsi3</name>
         <load_address>0x47b8</load_address>
         <readonly>true</readonly>
         <executable>true</executable>
         <run_address>0x47b8</run_address>
         <size>0x3a</size>
         <alignment>0x4</alignment>
         <input_file_ref idref="fl-108"/>
      </object_component>
      <object_component id="oc-bd">
         <name>.text.Encoder_Get</name>
         <load_address>0x47f4</load_address>
         <readonly>true</readonly>
         <executable>true</executable>
         <run_address>0x47f4</run_address>
         <size>0x38</size>
         <alignment>0x4</alignment>
         <input_file_ref idref="fl-9"/>
      </object_component>
      <object_component id="oc-be">
         <name>.text.__fixsfsi</name>
         <load_address>0x482c</load_address>
         <readonly>true</readonly>
         <executable>true</executable>
         <run_address>0x482c</run_address>
         <size>0x38</size>
         <alignment>0x4</alignment>
         <input_file_ref idref="fl-10e"/>
      </object_component>
      <object_component id="oc-cf">
         <name>.text.__fixunssfsi</name>
         <load_address>0x4864</load_address>
         <readonly>true</readonly>
         <executable>true</executable>
         <run_address>0x4864</run_address>
         <size>0x32</size>
         <alignment>0x4</alignment>
         <input_file_ref idref="fl-10f"/>
      </object_component>
      <object_component id="oc-af">
         <name>.text.Encoder_Init</name>
         <load_address>0x4898</load_address>
         <readonly>true</readonly>
         <executable>true</executable>
         <run_address>0x4898</run_address>
         <size>0x30</size>
         <alignment>0x4</alignment>
         <input_file_ref idref="fl-9"/>
      </object_component>
      <object_component id="oc-204">
         <name>.text._fcpy</name>
         <load_address>0x48c8</load_address>
         <readonly>true</readonly>
         <executable>true</executable>
         <run_address>0x48c8</run_address>
         <size>0x30</size>
         <alignment>0x2</alignment>
         <input_file_ref idref="fl-40"/>
      </object_component>
      <object_component id="oc-18a">
         <name>.text._outs</name>
         <load_address>0x48f8</load_address>
         <readonly>true</readonly>
         <executable>true</executable>
         <run_address>0x48f8</run_address>
         <size>0x30</size>
         <alignment>0x2</alignment>
         <input_file_ref idref="fl-37"/>
      </object_component>
      <object_component id="oc-1f9">
         <name>.text.__floatsidf</name>
         <load_address>0x4928</load_address>
         <readonly>true</readonly>
         <executable>true</executable>
         <run_address>0x4928</run_address>
         <size>0x2c</size>
         <alignment>0x4</alignment>
         <input_file_ref idref="fl-110"/>
      </object_component>
      <object_component id="oc-44">
         <name>.text.TIMG0_IRQHandler</name>
         <load_address>0x4954</load_address>
         <readonly>true</readonly>
         <executable>true</executable>
         <run_address>0x4954</run_address>
         <size>0x28</size>
         <alignment>0x4</alignment>
         <input_file_ref idref="fl-1"/>
      </object_component>
      <object_component id="oc-3f">
         <name>.text.UART0_IRQHandler</name>
         <load_address>0x497c</load_address>
         <readonly>true</readonly>
         <executable>true</executable>
         <run_address>0x497c</run_address>
         <size>0x28</size>
         <alignment>0x4</alignment>
         <input_file_ref idref="fl-a"/>
      </object_component>
      <object_component id="oc-64">
         <name>.text:_c_int00_noargs</name>
         <load_address>0x49a4</load_address>
         <readonly>true</readonly>
         <executable>true</executable>
         <run_address>0x49a4</run_address>
         <size>0x28</size>
         <alignment>0x4</alignment>
         <input_file_ref idref="fl-38"/>
      </object_component>
      <object_component id="oc-1c4">
         <name>.text.__muldi3</name>
         <load_address>0x49cc</load_address>
         <readonly>true</readonly>
         <executable>true</executable>
         <run_address>0x49cc</run_address>
         <size>0x24</size>
         <alignment>0x4</alignment>
         <input_file_ref idref="fl-112"/>
      </object_component>
      <object_component id="oc-1b0">
         <name>.text.memccpy</name>
         <load_address>0x49f0</load_address>
         <readonly>true</readonly>
         <executable>true</executable>
         <run_address>0x49f0</run_address>
         <size>0x22</size>
         <alignment>0x2</alignment>
         <input_file_ref idref="fl-49"/>
      </object_component>
      <object_component id="oc-219">
         <name>.text.__ashldi3</name>
         <load_address>0x4a14</load_address>
         <readonly>true</readonly>
         <executable>true</executable>
         <run_address>0x4a14</run_address>
         <size>0x1e</size>
         <alignment>0x4</alignment>
         <input_file_ref idref="fl-11c"/>
      </object_component>
      <object_component id="oc-15c">
         <name>.text.DL_Timer_setCaptCompUpdateMethod</name>
         <load_address>0x4a34</load_address>
         <readonly>true</readonly>
         <executable>true</executable>
         <run_address>0x4a34</run_address>
         <size>0x1c</size>
         <alignment>0x4</alignment>
         <input_file_ref idref="fl-1e"/>
      </object_component>
      <object_component id="oc-159">
         <name>.text.DL_Timer_setClockConfig</name>
         <load_address>0x4a50</load_address>
         <readonly>true</readonly>
         <executable>true</executable>
         <run_address>0x4a50</run_address>
         <size>0x1c</size>
         <alignment>0x4</alignment>
         <input_file_ref idref="fl-1e"/>
      </object_component>
      <object_component id="oc-15b">
         <name>.text.DL_Timer_setCaptureCompareOutCtl</name>
         <load_address>0x4a6c</load_address>
         <readonly>true</readonly>
         <executable>true</executable>
         <run_address>0x4a6c</run_address>
         <size>0x18</size>
         <alignment>0x4</alignment>
         <input_file_ref idref="fl-1e"/>
      </object_component>
      <object_component id="oc-18b">
         <name>.text._outc</name>
         <load_address>0x4a84</load_address>
         <readonly>true</readonly>
         <executable>true</executable>
         <run_address>0x4a84</run_address>
         <size>0x18</size>
         <alignment>0x2</alignment>
         <input_file_ref idref="fl-37"/>
      </object_component>
      <object_component id="oc-5b">
         <name>.text:decompress:ZI:__TI_zero_init_nomemset</name>
         <load_address>0x4a9c</load_address>
         <readonly>true</readonly>
         <executable>true</executable>
         <run_address>0x4a9c</run_address>
         <size>0x16</size>
         <alignment>0x2</alignment>
         <input_file_ref idref="fl-3d"/>
      </object_component>
      <object_component id="oc-1c9">
         <name>.text.__aeabi_uldivmod</name>
         <load_address>0x4ab4</load_address>
         <readonly>true</readonly>
         <executable>true</executable>
         <run_address>0x4ab4</run_address>
         <size>0x14</size>
         <alignment>0x4</alignment>
         <input_file_ref idref="fl-119"/>
      </object_component>
      <object_component id="oc-202">
         <name>.text.strchr</name>
         <load_address>0x4ac8</load_address>
         <readonly>true</readonly>
         <executable>true</executable>
         <run_address>0x4ac8</run_address>
         <size>0x14</size>
         <alignment>0x2</alignment>
         <input_file_ref idref="fl-40"/>
      </object_component>
      <object_component id="oc-16d">
         <name>.text.DL_SPI_setClockConfig</name>
         <load_address>0x4adc</load_address>
         <readonly>true</readonly>
         <executable>true</executable>
         <run_address>0x4adc</run_address>
         <size>0x12</size>
         <alignment>0x2</alignment>
         <input_file_ref idref="fl-1d"/>
      </object_component>
      <object_component id="oc-164">
         <name>.text.DL_UART_setClockConfig</name>
         <load_address>0x4aee</load_address>
         <readonly>true</readonly>
         <executable>true</executable>
         <run_address>0x4aee</run_address>
         <size>0x12</size>
         <alignment>0x2</alignment>
         <input_file_ref idref="fl-1f"/>
      </object_component>
      <object_component id="oc-23">
         <name>.text:decompress:none</name>
         <load_address>0x4b00</load_address>
         <readonly>true</readonly>
         <executable>true</executable>
         <run_address>0x4b00</run_address>
         <size>0x12</size>
         <alignment>0x2</alignment>
         <input_file_ref idref="fl-3e"/>
      </object_component>
      <object_component id="oc-13b">
         <name>.text.DL_Timer_setCaptureCompareValue</name>
         <load_address>0x4b14</load_address>
         <readonly>true</readonly>
         <executable>true</executable>
         <run_address>0x4b14</run_address>
         <size>0x10</size>
         <alignment>0x4</alignment>
         <input_file_ref idref="fl-1e"/>
      </object_component>
      <object_component id="oc-1bb">
         <name>.text.wcslen</name>
         <load_address>0x4b24</load_address>
         <readonly>true</readonly>
         <executable>true</executable>
         <run_address>0x4b24</run_address>
         <size>0x10</size>
         <alignment>0x2</alignment>
         <input_file_ref idref="fl-4d"/>
      </object_component>
      <object_component id="oc-111">
         <name>.text.Delay_ms</name>
         <load_address>0x4b34</load_address>
         <readonly>true</readonly>
         <executable>true</executable>
         <run_address>0x4b34</run_address>
         <size>0xe</size>
         <alignment>0x2</alignment>
         <input_file_ref idref="fl-5"/>
      </object_component>
      <object_component id="oc-1af">
         <name>.text.__aeabi_memset</name>
         <load_address>0x4b44</load_address>
         <readonly>true</readonly>
         <executable>true</executable>
         <run_address>0x4b44</run_address>
         <size>0xe</size>
         <alignment>0x4</alignment>
         <input_file_ref idref="fl-117"/>
      </object_component>
      <object_component id="oc-1ae">
         <name>.text.strlen</name>
         <load_address>0x4b52</load_address>
         <readonly>true</readonly>
         <executable>true</executable>
         <run_address>0x4b52</run_address>
         <size>0xe</size>
         <alignment>0x2</alignment>
         <input_file_ref idref="fl-40"/>
      </object_component>
      <object_component id="oc-7e">
         <name>.text.__aeabi_memclr</name>
         <load_address>0x4b60</load_address>
         <readonly>true</readonly>
         <executable>true</executable>
         <run_address>0x4b60</run_address>
         <size>0xc</size>
         <alignment>0x4</alignment>
         <input_file_ref idref="fl-117"/>
      </object_component>
      <object_component id="oc-155">
         <name>.text.DL_Common_delayCycles</name>
         <load_address>0x4b6c</load_address>
         <readonly>true</readonly>
         <executable>true</executable>
         <run_address>0x4b6c</run_address>
         <size>0xa</size>
         <alignment>0x2</alignment>
         <input_file_ref idref="fl-1c"/>
      </object_component>
      <object_component id="oc-1fd">
         <name>.text.OUTLINED_FUNCTION_0</name>
         <load_address>0x4b76</load_address>
         <readonly>true</readonly>
         <executable>true</executable>
         <run_address>0x4b76</run_address>
         <size>0xa</size>
         <alignment>0x2</alignment>
         <input_file_ref idref="fl-40"/>
      </object_component>
      <object_component id="oc-27b">
         <name>.tramp.__aeabi_dsub.1</name>
         <load_address>0x4b80</load_address>
         <readonly>true</readonly>
         <executable>true</executable>
         <run_address>0x4b80</run_address>
         <size>0x10</size>
         <alignment>0x4</alignment>
         <input_file_ref idref="fl-106"/>
      </object_component>
      <object_component id="oc-217">
         <name>.text.OUTLINED_FUNCTION_1</name>
         <load_address>0x4b90</load_address>
         <readonly>true</readonly>
         <executable>true</executable>
         <run_address>0x4b90</run_address>
         <size>0xa</size>
         <alignment>0x2</alignment>
         <input_file_ref idref="fl-40"/>
      </object_component>
      <object_component id="oc-1bf">
         <name>.text.__aeabi_errno_addr</name>
         <load_address>0x4b9c</load_address>
         <readonly>true</readonly>
         <executable>true</executable>
         <run_address>0x4b9c</run_address>
         <size>0x8</size>
         <alignment>0x4</alignment>
         <input_file_ref idref="fl-41"/>
      </object_component>
      <object_component id="oc-54">
         <name>.text.__aeabi_memcpy</name>
         <load_address>0x4ba4</load_address>
         <readonly>true</readonly>
         <executable>true</executable>
         <run_address>0x4ba4</run_address>
         <size>0x8</size>
         <alignment>0x4</alignment>
         <input_file_ref idref="fl-116"/>
      </object_component>
      <object_component id="oc-dd">
         <name>.text:abort</name>
         <load_address>0x4bac</load_address>
         <readonly>true</readonly>
         <executable>true</executable>
         <run_address>0x4bac</run_address>
         <size>0x6</size>
         <alignment>0x2</alignment>
         <input_file_ref idref="fl-42"/>
      </object_component>
      <object_component id="oc-143">
         <name>.text.HOSTexit</name>
         <load_address>0x4bb2</load_address>
         <readonly>true</readonly>
         <executable>true</executable>
         <run_address>0x4bb2</run_address>
         <size>0x4</size>
         <alignment>0x2</alignment>
         <input_file_ref idref="fl-f5"/>
      </object_component>
      <object_component id="oc-35">
         <name>.text.Reset_Handler</name>
         <load_address>0x4bb6</load_address>
         <readonly>true</readonly>
         <executable>true</executable>
         <run_address>0x4bb6</run_address>
         <size>0x4</size>
         <alignment>0x2</alignment>
         <input_file_ref idref="fl-4"/>
      </object_component>
      <object_component id="oc-83">
         <name>.text._system_pre_init</name>
         <load_address>0x4bba</load_address>
         <readonly>true</readonly>
         <executable>true</executable>
         <run_address>0x4bba</run_address>
         <size>0x4</size>
         <alignment>0x2</alignment>
         <input_file_ref idref="fl-3b"/>
      </object_component>
      <object_component id="oc-277">
         <name>.cinit..data.load</name>
         <load_address>0x8120</load_address>
         <readonly>true</readonly>
         <run_address>0x8120</run_address>
         <size>0x21</size>
         <alignment>0x1</alignment>
      </object_component>
      <object_component id="oc-275">
         <name>__TI_handler_table</name>
         <load_address>0x8144</load_address>
         <readonly>true</readonly>
         <run_address>0x8144</run_address>
         <size>0xc</size>
         <alignment>0x4</alignment>
      </object_component>
      <object_component id="oc-278">
         <name>.cinit..bss.load</name>
         <load_address>0x8150</load_address>
         <readonly>true</readonly>
         <run_address>0x8150</run_address>
         <size>0x8</size>
         <alignment>0x4</alignment>
      </object_component>
      <object_component id="oc-276">
         <name>__TI_cinit_table</name>
         <load_address>0x8158</load_address>
         <readonly>true</readonly>
         <run_address>0x8158</run_address>
         <size>0x10</size>
         <alignment>0x4</alignment>
      </object_component>
      <object_component id="oc-179">
         <name>.rodata.ascii_3216</name>
         <load_address>0x4bc0</load_address>
         <readonly>true</readonly>
         <run_address>0x4bc0</run_address>
         <size>0x17c0</size>
         <alignment>0x1</alignment>
         <input_file_ref idref="fl-6"/>
      </object_component>
      <object_component id="oc-176">
         <name>.rodata.ascii_2412</name>
         <load_address>0x6380</load_address>
         <readonly>true</readonly>
         <run_address>0x6380</run_address>
         <size>0x11d0</size>
         <alignment>0x1</alignment>
         <input_file_ref idref="fl-6"/>
      </object_component>
      <object_component id="oc-177">
         <name>.rodata.ascii_1608</name>
         <load_address>0x7550</load_address>
         <readonly>true</readonly>
         <run_address>0x7550</run_address>
         <size>0x5f0</size>
         <alignment>0x1</alignment>
         <input_file_ref idref="fl-6"/>
      </object_component>
      <object_component id="oc-178">
         <name>.rodata.ascii_1206</name>
         <load_address>0x7b40</load_address>
         <readonly>true</readonly>
         <run_address>0x7b40</run_address>
         <size>0x474</size>
         <alignment>0x1</alignment>
         <input_file_ref idref="fl-6"/>
      </object_component>
      <object_component id="oc-175">
         <name>.rodata.gSPI_LCD_config</name>
         <load_address>0x7fb4</load_address>
         <readonly>true</readonly>
         <run_address>0x7fb4</run_address>
         <size>0xa</size>
         <alignment>0x2</alignment>
         <input_file_ref idref="fl-2"/>
      </object_component>
      <object_component id="oc-174">
         <name>.rodata.gSPI_LCD_clockConfig</name>
         <load_address>0x7fbe</load_address>
         <readonly>true</readonly>
         <run_address>0x7fbe</run_address>
         <size>0x2</size>
         <alignment>0x1</alignment>
         <input_file_ref idref="fl-2"/>
      </object_component>
      <object_component id="oc-1d8">
         <name>.rodata:__aeabi_ctype_table_</name>
         <load_address>0x7fc0</load_address>
         <readonly>true</readonly>
         <run_address>0x7fc0</run_address>
         <size>0x101</size>
         <alignment>0x10</alignment>
         <input_file_ref idref="fl-52"/>
      </object_component>
      <object_component id="oc-15d">
         <name>.rodata.gPWM_0ClockConfig</name>
         <load_address>0x80c1</load_address>
         <readonly>true</readonly>
         <run_address>0x80c1</run_address>
         <size>0x3</size>
         <alignment>0x1</alignment>
         <input_file_ref idref="fl-2"/>
      </object_component>
      <object_component id="oc-163">
         <name>.rodata.gTIMER_TICKTimerConfig</name>
         <load_address>0x80c4</load_address>
         <readonly>true</readonly>
         <run_address>0x80c4</run_address>
         <size>0x14</size>
         <alignment>0x4</alignment>
         <input_file_ref idref="fl-2"/>
      </object_component>
      <object_component id="oc-1c8">
         <name>.rodata.str1.10348868589481759720.1</name>
         <load_address>0x80d8</load_address>
         <readonly>true</readonly>
         <run_address>0x80d8</run_address>
         <size>0x11</size>
         <alignment>0x1</alignment>
         <input_file_ref idref="fl-40"/>
      </object_component>
      <object_component id="oc-1b4">
         <name>.rodata.str1.15363888844622738466.1</name>
         <load_address>0x80e9</load_address>
         <readonly>true</readonly>
         <run_address>0x80e9</run_address>
         <size>0x11</size>
         <alignment>0x1</alignment>
         <input_file_ref idref="fl-40"/>
      </object_component>
      <object_component id="oc-16c">
         <name>.rodata.gUART_0Config</name>
         <load_address>0x80fa</load_address>
         <readonly>true</readonly>
         <run_address>0x80fa</run_address>
         <size>0xa</size>
         <alignment>0x2</alignment>
         <input_file_ref idref="fl-2"/>
      </object_component>
      <object_component id="oc-15e">
         <name>.rodata.gPWM_0Config</name>
         <load_address>0x8104</load_address>
         <readonly>true</readonly>
         <run_address>0x8104</run_address>
         <size>0x8</size>
         <alignment>0x4</alignment>
         <input_file_ref idref="fl-2"/>
      </object_component>
      <object_component id="oc-160">
         <name>.rodata.gPWM_1Config</name>
         <load_address>0x810c</load_address>
         <readonly>true</readonly>
         <run_address>0x810c</run_address>
         <size>0x8</size>
         <alignment>0x4</alignment>
         <input_file_ref idref="fl-2"/>
      </object_component>
      <object_component id="oc-dc">
         <name>.rodata.str1.9517790425240694019.1</name>
         <load_address>0x8114</load_address>
         <readonly>true</readonly>
         <run_address>0x8114</run_address>
         <size>0x4</size>
         <alignment>0x1</alignment>
         <input_file_ref idref="fl-1"/>
      </object_component>
      <object_component id="oc-15f">
         <name>.rodata.gPWM_1ClockConfig</name>
         <load_address>0x8118</load_address>
         <readonly>true</readonly>
         <run_address>0x8118</run_address>
         <size>0x3</size>
         <alignment>0x1</alignment>
         <input_file_ref idref="fl-2"/>
      </object_component>
      <object_component id="oc-162">
         <name>.rodata.gTIMER_TICKClockConfig</name>
         <load_address>0x811b</load_address>
         <readonly>true</readonly>
         <run_address>0x811b</run_address>
         <size>0x3</size>
         <alignment>0x1</alignment>
         <input_file_ref idref="fl-2"/>
      </object_component>
      <object_component id="oc-16b">
         <name>.rodata.gUART_0ClockConfig</name>
         <load_address>0x811e</load_address>
         <readonly>true</readonly>
         <run_address>0x811e</run_address>
         <size>0x2</size>
         <alignment>0x1</alignment>
         <input_file_ref idref="fl-2"/>
      </object_component>
      <object_component id="oc-23d">
         <name>.binit</name>
         <load_address>0x0</load_address>
         <readonly>true</readonly>
         <run_address>0x0</run_address>
         <size>0x0</size>
         <alignment>0x4</alignment>
      </object_component>
      <object_component id="oc-76">
         <name>.data.time</name>
         <load_address>0x20200274</load_address>
         <readwrite>true</readwrite>
         <run_address>0x20200274</run_address>
         <size>0x4</size>
         <alignment>0x4</alignment>
         <input_file_ref idref="fl-1"/>
      </object_component>
      <object_component id="oc-12f">
         <name>.data.PID_KP</name>
         <load_address>0x2020026c</load_address>
         <readwrite>true</readwrite>
         <run_address>0x2020026c</run_address>
         <size>0x4</size>
         <alignment>0x4</alignment>
         <input_file_ref idref="fl-1"/>
      </object_component>
      <object_component id="oc-12e">
         <name>.data.PID_KI</name>
         <load_address>0x20200268</load_address>
         <readwrite>true</readwrite>
         <run_address>0x20200268</run_address>
         <size>0x4</size>
         <alignment>0x4</alignment>
         <input_file_ref idref="fl-1"/>
      </object_component>
      <object_component id="oc-130">
         <name>.data.PID_KD</name>
         <load_address>0x20200264</load_address>
         <readwrite>true</readwrite>
         <run_address>0x20200264</run_address>
         <size>0x4</size>
         <alignment>0x4</alignment>
         <input_file_ref idref="fl-1"/>
      </object_component>
      <object_component id="oc-72">
         <name>.data.uart_data</name>
         <load_address>0x20200278</load_address>
         <readwrite>true</readwrite>
         <run_address>0x20200278</run_address>
         <size>0x1</size>
         <alignment>0x1</alignment>
         <input_file_ref idref="fl-a"/>
      </object_component>
      <object_component id="oc-9e">
         <name>.data.stcAngle</name>
         <load_address>0x20200248</load_address>
         <readwrite>true</readwrite>
         <run_address>0x20200248</run_address>
         <size>0xc</size>
         <alignment>0x4</alignment>
         <input_file_ref idref="fl-a"/>
      </object_component>
      <object_component id="oc-9f">
         <name>.data.stcGyro</name>
         <load_address>0x20200224</load_address>
         <readwrite>true</readwrite>
         <run_address>0x20200224</run_address>
         <size>0x14</size>
         <alignment>0x4</alignment>
         <input_file_ref idref="fl-a"/>
      </object_component>
      <object_component id="oc-9d">
         <name>.data.stcAccel</name>
         <load_address>0x20200210</load_address>
         <readwrite>true</readwrite>
         <run_address>0x20200210</run_address>
         <size>0x14</size>
         <alignment>0x4</alignment>
         <input_file_ref idref="fl-a"/>
      </object_component>
      <object_component id="oc-9c">
         <name>.data.stcQuat</name>
         <load_address>0x20200238</load_address>
         <readwrite>true</readwrite>
         <run_address>0x20200238</run_address>
         <size>0x10</size>
         <alignment>0x4</alignment>
         <input_file_ref idref="fl-a"/>
      </object_component>
      <object_component id="oc-9a">
         <name>.data.CopeSerial2Data.ucRxCnt</name>
         <load_address>0x20200263</load_address>
         <readwrite>true</readwrite>
         <run_address>0x20200263</run_address>
         <size>0x1</size>
         <alignment>0x1</alignment>
         <input_file_ref idref="fl-a"/>
      </object_component>
      <object_component id="oc-119">
         <name>.data.Key</name>
         <load_address>0x20200254</load_address>
         <readwrite>true</readwrite>
         <run_address>0x20200254</run_address>
         <size>0x5</size>
         <alignment>0x1</alignment>
         <input_file_ref idref="fl-a"/>
      </object_component>
      <object_component id="oc-11a">
         <name>.data.Yaw_Zero</name>
         <load_address>0x2020025e</load_address>
         <readwrite>true</readwrite>
         <run_address>0x2020025e</run_address>
         <size>0x5</size>
         <alignment>0x1</alignment>
         <input_file_ref idref="fl-a"/>
      </object_component>
      <object_component id="oc-11b">
         <name>.data.Save</name>
         <load_address>0x20200259</load_address>
         <readwrite>true</readwrite>
         <run_address>0x20200259</run_address>
         <size>0x5</size>
         <alignment>0x1</alignment>
         <input_file_ref idref="fl-a"/>
      </object_component>
      <object_component id="oc-1df">
         <name>.data.__aeabi_errno</name>
         <load_address>0x20200270</load_address>
[...]
      <symbol id="sm-131">
         <name>CopeSerial2Data</name>
         <value>0x1f39</value>
         <object_component_ref idref="oc-70"/>
      </symbol>
      <symbol id="sm-132">
         <name>UART0_IRQHandler</name>
         <value>0x497d</value>
         <object_component_ref idref="oc-3f"/>
      </symbol>
      <symbol id="sm-133">
         <name>uart_data</name>
         <value>0x20200278</value>
         <object_component_ref idref="oc-72"/>
      </symbol>
      <symbol id="sm-142">
         <name>AO_Control</name>
         <value>0x4651</value>
         <object_component_ref idref="oc-d9"/>
      </symbol>
      <symbol id="sm-143">
         <name>BO_Control</name>
         <value>0x468d</value>
         <object_component_ref idref="oc-d3"/>
      </symbol>
      <symbol id="sm-146">
         <name>__TI_ATRegion0_src_addr</name>
         <value>0x0</value>
      </symbol>
      <symbol id="sm-147">
         <name>__TI_ATRegion0_trg_addr</name>
         <value>0x0</value>
      </symbol>
      <symbol id="sm-148">
         <name>__TI_ATRegion0_region_sz</name>
         <value>0x0</value>
      </symbol>
      <symbol id="sm-149">
         <name>__TI_ATRegion1_src_addr</name>
         <value>0x0</value>
      </symbol>
      <symbol id="sm-14a">
         <name>__TI_ATRegion1_trg_addr</name>
         <value>0x0</value>
      </symbol>
      <symbol id="sm-14b">
         <name>__TI_ATRegion1_region_sz</name>
         <value>0x0</value>
      </symbol>
      <symbol id="sm-14c">
         <name>__TI_ATRegion2_src_addr</name>
         <value>0x0</value>
      </symbol>
      <symbol id="sm-14d">
         <name>__TI_ATRegion2_trg_addr</name>
         <value>0x0</value>
      </symbol>
      <symbol id="sm-14e">
         <name>__TI_ATRegion2_region_sz</name>
         <value>0x0</value>
      </symbol>
      <symbol id="sm-157">
         <name>DL_Common_delayCycles</name>
         <value>0x4b6d</value>
         <object_component_ref idref="oc-155"/>
      </symbol>
      <symbol id="sm-164">
         <name>DL_SPI_init</name>
         <value>0x44c9</value>
         <object_component_ref idref="oc-173"/>
      </symbol>
      <symbol id="sm-165">
         <name>DL_SPI_setClockConfig</name>
         <value>0x4add</value>
         <object_component_ref idref="oc-16d"/>
      </symbol>
      <symbol id="sm-181">
         <name>DL_Timer_setClockConfig</name>
         <value>0x4a51</value>
         <object_component_ref idref="oc-159"/>
      </symbol>
      <symbol id="sm-182">
         <name>DL_Timer_initTimerMode</name>
         <value>0x33c9</value>
         <object_component_ref idref="oc-161"/>
      </symbol>
      <symbol id="sm-183">
         <name>DL_Timer_setCaptureCompareValue</name>
         <value>0x4b15</value>
         <object_component_ref idref="oc-13b"/>
      </symbol>
      <symbol id="sm-184">
         <name>DL_Timer_setCaptCompUpdateMethod</name>
         <value>0x4a35</value>
         <object_component_ref idref="oc-15c"/>
      </symbol>
      <symbol id="sm-185">
         <name>DL_Timer_setCaptureCompareOutCtl</name>
         <value>0x4a6d</value>
         <object_component_ref idref="oc-15b"/>
      </symbol>
      <symbol id="sm-186">
         <name>DL_Timer_initFourCCPWMMode</name>
         <value>0x32c5</value>
         <object_component_ref idref="oc-15a"/>
      </symbol>
      <symbol id="sm-193">
         <name>DL_UART_init</name>
         <value>0x4481</value>
         <object_component_ref idref="oc-16a"/>
      </symbol>
      <symbol id="sm-194">
         <name>DL_UART_setClockConfig</name>
         <value>0x4aef</value>
         <object_component_ref idref="oc-164"/>
      </symbol>
      <symbol id="sm-1a6">
         <name>vsnprintf</name>
         <value>0x4611</value>
         <object_component_ref idref="oc-132"/>
      </symbol>
      <symbol id="sm-1b1">
         <name>_c_int00_noargs</name>
         <value>0x49a5</value>
         <object_component_ref idref="oc-64"/>
      </symbol>
      <symbol id="sm-1b2">
         <name>__stack</name>
         <value>0x20207e00</value>
         <object_component_ref idref="oc-1d"/>
      </symbol>
      <symbol id="sm-1be">
         <name>__TI_auto_init_nobinit_nopinit</name>
         <value>0x4741</value>
         <object_component_ref idref="oc-e4"/>
      </symbol>
      <symbol id="sm-1c6">
         <name>_system_pre_init</name>
         <value>0x4bbb</value>
         <object_component_ref idref="oc-83"/>
      </symbol>
      <symbol id="sm-1d1">
         <name>__TI_zero_init_nomemset</name>
         <value>0x4a9d</value>
         <object_component_ref idref="oc-5b"/>
      </symbol>
      <symbol id="sm-1da">
         <name>__TI_decompress_none</name>
         <value>0x4b01</value>
         <object_component_ref idref="oc-23"/>
      </symbol>
      <symbol id="sm-1e5">
         <name>__TI_decompress_lzss</name>
         <value>0x3bd5</value>
         <object_component_ref idref="oc-1f"/>
      </symbol>
      <symbol id="sm-22e">
         <name>__TI_printfi</name>
         <value>0xea9</value>
         <object_component_ref idref="oc-1ad"/>
      </symbol>
      <symbol id="sm-239">
         <name>__aeabi_errno_addr</name>
         <value>0x4b9d</value>
         <object_component_ref idref="oc-1bf"/>
      </symbol>
      <symbol id="sm-23a">
         <name>__aeabi_errno</name>
         <value>0x20200270</value>
         <object_component_ref idref="oc-1df"/>
      </symbol>
      <symbol id="sm-244">
         <name>abort</name>
         <value>0x4bad</value>
         <object_component_ref idref="oc-dd"/>
      </symbol>
      <symbol id="sm-24e">
         <name>__TI_ltoa</name>
         <value>0x41f9</value>
         <object_component_ref idref="oc-1f5"/>
      </symbol>
      <symbol id="sm-25a">
         <name>atoi</name>
         <value>0x45d1</value>
         <object_component_ref idref="oc-1b7"/>
      </symbol>
      <symbol id="sm-264">
         <name>memccpy</name>
         <value>0x49f1</value>
         <object_component_ref idref="oc-1b0"/>
      </symbol>
      <symbol id="sm-26f">
         <name>frexp</name>
         <value>0x4145</value>
         <object_component_ref idref="oc-1e9"/>
      </symbol>
      <symbol id="sm-270">
         <name>frexpl</name>
         <value>0x4145</value>
         <object_component_ref idref="oc-1e9"/>
      </symbol>
      <symbol id="sm-27a">
         <name>scalbn</name>
         <value>0x3689</value>
         <object_component_ref idref="oc-1ed"/>
      </symbol>
      <symbol id="sm-27b">
         <name>ldexp</name>
         <value>0x3689</value>
         <object_component_ref idref="oc-1ed"/>
      </symbol>
      <symbol id="sm-27c">
         <name>scalbnl</name>
         <value>0x3689</value>
         <object_component_ref idref="oc-1ed"/>
      </symbol>
      <symbol id="sm-27d">
         <name>ldexpl</name>
         <value>0x3689</value>
         <object_component_ref idref="oc-1ed"/>
      </symbol>
      <symbol id="sm-286">
         <name>wcslen</name>
         <value>0x4b25</value>
         <object_component_ref idref="oc-1bb"/>
      </symbol>
      <symbol id="sm-28b">
         <name>__aeabi_ctype_table_</name>
         <value>0x7fc0</value>
         <object_component_ref idref="oc-1d8"/>
      </symbol>
      <symbol id="sm-28c">
         <name>__aeabi_ctype_table_C</name>
         <value>0x7fc0</value>
         <object_component_ref idref="oc-1d8"/>
      </symbol>
      <symbol id="sm-297">
         <name>HOSTexit</name>
         <value>0x4bb3</value>
         <object_component_ref idref="oc-143"/>
      </symbol>
      <symbol id="sm-298">
         <name>C$$EXIT</name>
         <value>0x4bb2</value>
         <object_component_ref idref="oc-143"/>
      </symbol>
      <symbol id="sm-2ad">
         <name>__aeabi_fadd</name>
         <value>0x376b</value>
         <object_component_ref idref="oc-126"/>
      </symbol>
      <symbol id="sm-2ae">
         <name>__addsf3</name>
         <value>0x376b</value>
         <object_component_ref idref="oc-126"/>
      </symbol>
      <symbol id="sm-2af">
         <name>__aeabi_fsub</name>
         <value>0x3761</value>
         <object_component_ref idref="oc-126"/>
      </symbol>
      <symbol id="sm-2b0">
         <name>__subsf3</name>
         <value>0x3761</value>
         <object_component_ref idref="oc-126"/>
      </symbol>
      <symbol id="sm-2b6">
         <name>__aeabi_dadd</name>
         <value>0x2a1f</value>
         <object_component_ref idref="oc-212"/>
      </symbol>
      <symbol id="sm-2b7">
         <name>__adddf3</name>
         <value>0x2a1f</value>
         <object_component_ref idref="oc-212"/>
      </symbol>
      <symbol id="sm-2b8">
         <name>__aeabi_dsub</name>
         <value>0x2a15</value>
         <object_component_ref idref="oc-212"/>
      </symbol>
      <symbol id="sm-2b9">
         <name>__subdf3</name>
         <value>0x2a15</value>
         <object_component_ref idref="oc-212"/>
      </symbol>
      <symbol id="sm-2c2">
         <name>__aeabi_dmul</name>
         <value>0x34c5</value>
         <object_component_ref idref="oc-1fe"/>
      </symbol>
      <symbol id="sm-2c3">
         <name>__muldf3</name>
         <value>0x34c5</value>
         <object_component_ref idref="oc-1fe"/>
      </symbol>
      <symbol id="sm-2c9">
         <name>__muldsi3</name>
         <value>0x47b9</value>
         <object_component_ref idref="oc-f7"/>
      </symbol>
      <symbol id="sm-2cf">
         <name>__aeabi_fmul</name>
         <value>0x3a49</value>
         <object_component_ref idref="oc-96"/>
      </symbol>
      <symbol id="sm-2d0">
         <name>__mulsf3</name>
         <value>0x3a49</value>
         <object_component_ref idref="oc-96"/>
      </symbol>
      <symbol id="sm-2d6">
         <name>__aeabi_fdiv</name>
         <value>0x3ad5</value>
         <object_component_ref idref="oc-122"/>
      </symbol>
      <symbol id="sm-2d7">
         <name>__divsf3</name>
         <value>0x3ad5</value>
         <object_component_ref idref="oc-122"/>
      </symbol>
      <symbol id="sm-2dd">
         <name>__aeabi_ddiv</name>
         <value>0x31b9</value>
         <object_component_ref idref="oc-20e"/>
      </symbol>
      <symbol id="sm-2de">
         <name>__divdf3</name>
         <value>0x31b9</value>
         <object_component_ref idref="oc-20e"/>
      </symbol>
      <symbol id="sm-2e4">
         <name>__aeabi_f2d</name>
         <value>0x4591</value>
         <object_component_ref idref="oc-c5"/>
      </symbol>
      <symbol id="sm-2e5">
         <name>__extendsfdf2</name>
         <value>0x4591</value>
         <object_component_ref idref="oc-c5"/>
      </symbol>
      <symbol id="sm-2eb">
         <name>__aeabi_d2iz</name>
         <value>0x4435</value>
         <object_component_ref idref="oc-1f1"/>
      </symbol>
      <symbol id="sm-2ec">
         <name>__fixdfsi</name>
         <value>0x4435</value>
         <object_component_ref idref="oc-1f1"/>
      </symbol>
      <symbol id="sm-2f2">
         <name>__aeabi_f2iz</name>
         <value>0x482d</value>
         <object_component_ref idref="oc-be"/>
      </symbol>
      <symbol id="sm-2f3">
         <name>__fixsfsi</name>
         <value>0x482d</value>
         <object_component_ref idref="oc-be"/>
      </symbol>
      <symbol id="sm-2f9">
         <name>__aeabi_f2uiz</name>
         <value>0x4865</value>
         <object_component_ref idref="oc-cf"/>
      </symbol>
      <symbol id="sm-2fa">
         <name>__fixunssfsi</name>
         <value>0x4865</value>
         <object_component_ref idref="oc-cf"/>
      </symbol>
      <symbol id="sm-300">
         <name>__aeabi_i2d</name>
         <value>0x4929</value>
         <object_component_ref idref="oc-1f9"/>
      </symbol>
      <symbol id="sm-301">
         <name>__floatsidf</name>
         <value>0x4929</value>
         <object_component_ref idref="oc-1f9"/>
      </symbol>
      <symbol id="sm-307">
         <name>__aeabi_i2f</name>
         <value>0x46c9</value>
         <object_component_ref idref="oc-92"/>
      </symbol>
      <symbol id="sm-308">
         <name>__floatsisf</name>
         <value>0x46c9</value>
         <object_component_ref idref="oc-92"/>
      </symbol>
      <symbol id="sm-30e">
         <name>__aeabi_lmul</name>
         <value>0x49cd</value>
         <object_component_ref idref="oc-1c4"/>
      </symbol>
      <symbol id="sm-30f">
         <name>__muldi3</name>
         <value>0x49cd</value>
         <object_component_ref idref="oc-1c4"/>
      </symbol>
      <symbol id="sm-315">
         <name>__aeabi_dcmpeq</name>
         <value>0x3fbd</value>
         <object_component_ref idref="oc-1ce"/>
      </symbol>
      <symbol id="sm-316">
         <name>__aeabi_dcmplt</name>
         <value>0x3fd1</value>
         <object_component_ref idref="oc-1ce"/>
      </symbol>
      <symbol id="sm-317">
         <name>__aeabi_dcmple</name>
         <value>0x3fe5</value>
         <object_component_ref idref="oc-1ce"/>
      </symbol>
      <symbol id="sm-318">
         <name>__aeabi_dcmpge</name>
         <value>0x3ff9</value>
         <object_component_ref idref="oc-1ce"/>
      </symbol>
      <symbol id="sm-319">
         <name>__aeabi_dcmpgt</name>
         <value>0x400d</value>
         <object_component_ref idref="oc-1ce"/>
      </symbol>
      <symbol id="sm-31f">
         <name>__aeabi_fcmpeq</name>
         <value>0x4021</value>
         <object_component_ref idref="oc-12a"/>
      </symbol>
      <symbol id="sm-320">
         <name>__aeabi_fcmplt</name>
         <value>0x4035</value>
         <object_component_ref idref="oc-12a"/>
      </symbol>
      <symbol id="sm-321">
         <name>__aeabi_fcmple</name>
         <value>0x4049</value>
         <object_component_ref idref="oc-12a"/>
      </symbol>
      <symbol id="sm-322">
         <name>__aeabi_fcmpge</name>
         <value>0x405d</value>
         <object_component_ref idref="oc-12a"/>
      </symbol>
      <symbol id="sm-323">
         <name>__aeabi_fcmpgt</name>
         <value>0x4071</value>
         <object_component_ref idref="oc-12a"/>
      </symbol>
      <symbol id="sm-329">
         <name>__aeabi_idiv</name>
         <value>0x42a9</value>
         <object_component_ref idref="oc-225"/>
      </symbol>
      <symbol id="sm-32a">
         <name>__aeabi_idivmod</name>
         <value>0x42a9</value>
         <object_component_ref idref="oc-225"/>
      </symbol>
      <symbol id="sm-330">
         <name>__aeabi_memcpy</name>
         <value>0x4ba5</value>
         <object_component_ref idref="oc-54"/>
      </symbol>
      <symbol id="sm-331">
         <name>__aeabi_memcpy4</name>
         <value>0x4ba5</value>
         <object_component_ref idref="oc-54"/>
      </symbol>
      <symbol id="sm-332">
         <name>__aeabi_memcpy8</name>
         <value>0x4ba5</value>
         <object_component_ref idref="oc-54"/>
      </symbol>
      <symbol id="sm-33b">
         <name>__aeabi_memset</name>
         <value>0x4b45</value>
         <object_component_ref idref="oc-1af"/>
      </symbol>
      <symbol id="sm-33c">
         <name>__aeabi_memset4</name>
         <value>0x4b45</value>
         <object_component_ref idref="oc-1af"/>
      </symbol>
      <symbol id="sm-33d">
         <name>__aeabi_memset8</name>
         <value>0x4b45</value>
         <object_component_ref idref="oc-1af"/>
      </symbol>
      <symbol id="sm-33e">
         <name>__aeabi_memclr</name>
         <value>0x4b61</value>
         <object_component_ref idref="oc-7e"/>
      </symbol>
      <symbol id="sm-33f">
         <name>__aeabi_memclr4</name>
         <value>0x4b61</value>
         <object_component_ref idref="oc-7e"/>
      </symbol>
      <symbol id="sm-340">
         <name>__aeabi_memclr8</name>
         <value>0x4b61</value>
         <object_component_ref idref="oc-7e"/>
      </symbol>
      <symbol id="sm-346">
         <name>__aeabi_uidiv</name>
         <value>0x4551</value>
         <object_component_ref idref="oc-11e"/>
      </symbol>
      <symbol id="sm-347">
         <name>__aeabi_uidivmod</name>
         <value>0x4551</value>
         <object_component_ref idref="oc-11e"/>
      </symbol>
      <symbol id="sm-34d">
         <name>__aeabi_uldivmod</name>
         <value>0x4ab5</value>
         <object_component_ref idref="oc-1c9"/>
      </symbol>
      <symbol id="sm-356">
         <name>__eqsf2</name>
         <value>0x477d</value>
         <object_component_ref idref="oc-182"/>
      </symbol>
      <symbol id="sm-357">
         <name>__lesf2</name>
         <value>0x477d</value>
         <object_component_ref idref="oc-182"/>
      </symbol>
      <symbol id="sm-358">
         <name>__ltsf2</name>
         <value>0x477d</value>
         <object_component_ref idref="oc-182"/>
      </symbol>
      <symbol id="sm-359">
         <name>__nesf2</name>
         <value>0x477d</value>
         <object_component_ref idref="oc-182"/>
      </symbol>
      <symbol id="sm-35a">
         <name>__cmpsf2</name>
         <value>0x477d</value>
         <object_component_ref idref="oc-182"/>
      </symbol>
      <symbol id="sm-35b">
         <name>__gtsf2</name>
         <value>0x4705</value>
         <object_component_ref idref="oc-187"/>
      </symbol>
      <symbol id="sm-35c">
         <name>__gesf2</name>
         <value>0x4705</value>
         <object_component_ref idref="oc-187"/>
      </symbol>
      <symbol id="sm-362">
         <name>__udivmoddi4</name>
         <value>0x390d</value>
         <object_component_ref idref="oc-1e4"/>
      </symbol>
      <symbol id="sm-368">
         <name>__aeabi_llsl</name>
         <value>0x4a15</value>
         <object_component_ref idref="oc-219"/>
      </symbol>
      <symbol id="sm-369">
         <name>__ashldi3</name>
         <value>0x4a15</value>
         <object_component_ref idref="oc-219"/>
      </symbol>
      <symbol id="sm-377">
         <name>__ledf2</name>
         <value>0x3e85</value>
         <object_component_ref idref="oc-206"/>
      </symbol>
      <symbol id="sm-378">
         <name>__gedf2</name>
         <value>0x3cc5</value>
         <object_component_ref idref="oc-20c"/>
      </symbol>
      <symbol id="sm-379">
         <name>__cmpdf2</name>
         <value>0x3e85</value>
         <object_component_ref idref="oc-206"/>
      </symbol>
      <symbol id="sm-37a">
         <name>__eqdf2</name>
         <value>0x3e85</value>
         <object_component_ref idref="oc-206"/>
      </symbol>
      <symbol id="sm-37b">
         <name>__ltdf2</name>
         <value>0x3e85</value>
         <object_component_ref idref="oc-206"/>
      </symbol>
      <symbol id="sm-37c">
         <name>__nedf2</name>
         <value>0x3e85</value>
         <object_component_ref idref="oc-206"/>
      </symbol>
      <symbol id="sm-37d">
         <name>__gtdf2</name>
         <value>0x3cc5</value>
         <object_component_ref idref="oc-20c"/>
      </symbol>
      <symbol id="sm-389">
         <name>__aeabi_idiv0</name>
         <value>0x3b57</value>
         <object_component_ref idref="oc-17a"/>
      </symbol>
      <symbol id="sm-38a">
         <name>__aeabi_ldiv0</name>
         <value>0x3fbb</value>
         <object_component_ref idref="oc-218"/>
      </symbol>
      <symbol id="sm-3a4">
         <name>memcpy</name>
         <value>0x39af</value>
         <object_component_ref idref="oc-a5"/>
      </symbol>
      <symbol id="sm-3b3">
         <name>memset</name>
         <value>0x4083</value>
         <object_component_ref idref="oc-102"/>
      </symbol>
      <symbol id="sm-3b4">
         <name>__TI_static_base__</name>
         <value>0x0</value>
      </symbol>
      <symbol id="sm-3b8">
         <name>__mpu_init</name>
         <value>0x0</value>
      </symbol>
      <symbol id="sm-3b9">
         <name>_system_post_cinit</name>
         <value>0x0</value>
      </symbol>
   </symbol_table>
   <title>Link successful</title>
</link_info>
