******************************************************************************
            TI ARM Clang Linker PC v4.0.4                      
******************************************************************************
>> Linked Fri Jul 24 15:18:46 2026

OUTPUT FILE NAME:   <ElcContestTest.out>
ENTRY POINT SYMBOL: "_c_int00_noargs"  address: 000034b9


MEMORY CONFIGURATION

         name            origin    length      used     unused   attr    fill
----------------------  --------  ---------  --------  --------  ----  --------
  FLASH                 00000000   00020000  00006a80  00019580  R  X
  SRAM                  20200000   00008000  00000486  00007b7a  RW X
  BCR_CONFIG            41c00000   000000ff  00000060  0000009f  R   
  BSL_CONFIG            41c00100   00000080  00000058  00000028  R   


SEGMENT ALLOCATION MAP

run origin  load origin   length   init length attrs members
----------  ----------- ---------- ----------- ----- -------
00000000    00000000    00006a80   00006a80    r-x
  00000000    00000000    000000c0   000000c0    r-- .intvecs
  000000c0    000000c0    00003500   00003500    r-x .text
  000035c0    000035c0    00003478   00003478    r-- .rodata
  00006a38    00006a38    00000048   00000048    r-- .cinit
20200000    20200000    00000286   00000000    rw-
  20200000    20200000    0000021c   00000000    rw- .bss
  2020021c    2020021c    0000006a   00000000    rw- .data
20207e00    20207e00    00000200   00000000    rw-
  20207e00    20207e00    00000200   00000000    rw- .stack
41c00000    41c00000    00000060   00000060    r--
  41c00000    41c00000    00000060   00000060    r-- .BCRConfig
41c00100    41c00100    00000058   00000058    r--
  41c00100    41c00100    00000058   00000058    r-- .BSLConfig


SECTION ALLOCATION MAP

 output                                  attributes/
section   page    origin      length       input sections
--------  ----  ----------  ----------   ----------------
.intvecs   0    00000000    000000c0     
                  00000000    000000c0     startup_mspm0g350x_ticlang.o (.intvecs)

.text      0    000000c0    00003500     
                  000000c0    00000de8     lcd_init.o (.text.LCD_Init)
                  00000ea8    00000400     lcd.o (.text.LCD_ShowChar)
                  000012a8    000002c0     lcd.o (.text.LCD_Fill)
                  00001568    00000294     IMU.o (.text.CopeSerial2Data)
                  000017fc    0000022c     lcd_init.o (.text.LCD_Address_Set)
                  00001a28    0000021e     lcd.o (.text.LCD_ShowIntNum)
                  00001c46    0000019a     lcd.o (.text.LCD_ShowFloatNum)
                  00001de0    00000174     empty.o (.text.Show_Update)
                  00001f54    0000016c     empty.o (.text.PID_Get)
                  000020c0    0000014c     empty.o (.text.main)
                  0000220c    00000120     ti_msp_dl_config.o (.text.SYSCFG_DL_GPIO_init)
                  0000232c    0000011c     empty.o (.text.Show_Init)
                  00002448    00000104     driverlib.a : dl_timer.o (.text.DL_Timer_initFourCCPWMMode)
                  0000254c    000000fc                 : dl_timer.o (.text.DL_Timer_initTimerMode)
                  00002648    000000e0     empty.o (.text.Velocity_Get)
                  00002728    000000d8     libclang_rt.builtins.a : addsf3.S.obj (.text)
                  00002800    000000d4     board.o (.text.uart0_send_SendByte)
                  000028d4    000000a8     TRACK.o (.text.Track_Get)
                  0000297c    0000009a     libc.a : memcpy16.S.obj (.text:memcpy)
                  00002a16    00000002     startup_mspm0g350x_ticlang.o (.text.Default_Handler)
                  00002a18    0000008c     libclang_rt.builtins.a : mulsf3.S.obj (.text.__mulsf3)
                  00002aa4    00000082                            : divsf3.S.obj (.text.__divsf3)
                  00002b26    00000002                            : aeabi_div0.c.obj (.text.__aeabi_idiv0)
                  00002b28    00000080     empty.o (.text.ALL_Init)
                  00002ba8    0000007c     libc.a : copy_decompress_lzss.c.obj (.text:decompress:lzss)
                  00002c24    00000074     ti_msp_dl_config.o (.text.SYSCFG_DL_PWM_0_init)
                  00002c98    00000074     ti_msp_dl_config.o (.text.SYSCFG_DL_PWM_1_init)
                  00002d0c    00000070     lcd_init.o (.text.LCD_WR_DATA)
                  00002d7c    00000070     ti_msp_dl_config.o (.text.SYSCFG_DL_UART_0_init)
                  00002dec    00000062     libclang_rt.builtins.a : aeabi_fcmp.S.obj (.text.__aeabi_fcmp)
                  00002e4e    00000002     --HOLE-- [fill = 0]
                  00002e50    00000060     ti_msp_dl_config.o (.text.SYSCFG_DL_initPower)
                  00002eb0    00000058     ENCODER.o (.text.GROUP1_IRQHandler)
                  00002f08    00000050     ti_msp_dl_config.o (.text.SYSCFG_DL_TIMER_TICK_init)
                  00002f58    0000004c     ti_msp_dl_config.o (.text.SYSCFG_DL_SPI_LCD_init)
                  00002fa4    0000004c     ti_msp_dl_config.o (.text.SYSCFG_DL_SYSCTL_init)
                  00002ff0    0000004a     lcd.o (.text.LCD_ShowString)
                  0000303a    00000002     --HOLE-- [fill = 0]
                  0000303c    00000048     driverlib.a : dl_uart.o (.text.DL_UART_init)
                  00003084    00000044                 : dl_spi.o (.text.DL_SPI_init)
                  000030c8    00000044     IMU.o (.text.IMU_Init)
                  0000310c    00000044     ti_msp_dl_config.o (.text.SYSCFG_DL_init)
                  00003150    00000040     libclang_rt.builtins.a : aeabi_uidivmod.S.obj (.text.__aeabi_uidivmod)
                  00003190    0000003c     MOTOR.o (.text.AO_Control)
                  000031cc    0000003c     MOTOR.o (.text.BO_Control)
                  00003208    0000003c     libclang_rt.builtins.a : floatsisf.S.obj (.text.__floatsisf)
                  00003244    0000003c                            : comparesf2.S.obj (.text.__gtsf2)
                  00003280    0000003c     libc.a : autoinit.c.obj (.text:__TI_auto_init_nobinit_nopinit)
                  000032bc    0000003a     libclang_rt.builtins.a : comparesf2.S.obj (.text.__eqsf2)
                  000032f6    00000002     --HOLE-- [fill = 0]
                  000032f8    0000003a                            : muldsi3.S.obj (.text.__muldsi3)
                  00003332    00000002     --HOLE-- [fill = 0]
                  00003334    00000038     ENCODER.o (.text.Encoder_Get)
                  0000336c    00000038     libclang_rt.builtins.a : fixsfsi.S.obj (.text.__fixsfsi)
                  000033a4    00000038     IMU.o (.text.sendCaliYawCommand)
                  000033dc    00000032     libclang_rt.builtins.a : fixunssfsi.S.obj (.text.__fixunssfsi)
                  0000340e    00000002     --HOLE-- [fill = 0]
                  00003410    00000030     ENCODER.o (.text.Encoder_Init)
                  00003440    00000028     empty.o (.text.TIMA1_IRQHandler)
                  00003468    00000028     IMU.o (.text.UART0_IRQHandler)
                  00003490    00000028     libclang_rt.builtins.a : floatunsisf.S.obj (.text.__floatunsisf)
                  000034b8    00000028     libc.a : boot_cortex_m.c.obj (.text:_c_int00_noargs)
                  000034e0    0000001c     driverlib.a : dl_timer.o (.text.DL_Timer_setCaptCompUpdateMethod)
                  000034fc    0000001c                 : dl_timer.o (.text.DL_Timer_setClockConfig)
                  00003518    00000018                 : dl_timer.o (.text.DL_Timer_setCaptureCompareOutCtl)
                  00003530    00000016     libc.a : copy_zero_init.c.obj (.text:decompress:ZI:__TI_zero_init_nomemset)
                  00003546    00000012     driverlib.a : dl_spi.o (.text.DL_SPI_setClockConfig)
                  00003558    00000012                 : dl_uart.o (.text.DL_UART_setClockConfig)
                  0000356a    00000012     libc.a : copy_decompress_none.c.obj (.text:decompress:none)
                  0000357c    00000010     driverlib.a : dl_timer.o (.text.DL_Timer_setCaptureCompareValue)
                  0000358c    0000000e     board.o (.text.Delay_ms)
                  0000359a    0000000a     driverlib.a : dl_common.o (.text.DL_Common_delayCycles)
                  000035a4    00000008     libclang_rt.builtins.a : aeabi_memcpy.S.obj (.text.__aeabi_memcpy)
                  000035ac    00000006     libc.a : exit.c.obj (.text:abort)
                  000035b2    00000004     libsysbm.a : hostexit.c.obj (.text.HOSTexit)
                  000035b6    00000004     startup_mspm0g350x_ticlang.o (.text.Reset_Handler)
                  000035ba    00000004     libc.a : pre_init.c.obj (.text._system_pre_init)
                  000035be    00000002     --HOLE-- [fill = 0]

.cinit     0    00006a38    00000048     
                  00006a38    00000021     (.cinit..data.load) [load image, compression = lzss]
                  00006a59    00000003     --HOLE-- [fill = 0]
                  00006a5c    0000000c     (__TI_handler_table)
                  00006a68    00000008     (.cinit..bss.load) [load image, compression = zero_init]
                  00006a70    00000010     (__TI_cinit_table)

.rodata    0    000035c0    00003478     
                  000035c0    000017c0     lcd.o (.rodata.ascii_3216)
                  00004d80    000011d0     lcd.o (.rodata.ascii_2412)
                  00005f50    000005f0     lcd.o (.rodata.ascii_1608)
                  00006540    00000474     lcd.o (.rodata.ascii_1206)
                  000069b4    00000014     ti_msp_dl_config.o (.rodata.gTIMER_TICKTimerConfig)
                  000069c8    0000000a     ti_msp_dl_config.o (.rodata.gSPI_LCD_config)
                  000069d2    0000000a     ti_msp_dl_config.o (.rodata.gUART_0Config)
                  000069dc    0000000a     empty.o (.rodata.str1.15706828512682300538.1)
                  000069e6    00000002     ti_msp_dl_config.o (.rodata.gSPI_LCD_clockConfig)
                  000069e8    00000008     ti_msp_dl_config.o (.rodata.gPWM_0Config)
                  000069f0    00000008     ti_msp_dl_config.o (.rodata.gPWM_1Config)
                  000069f8    00000008     empty.o (.rodata.str1.14685083708502177989.1)
                  00006a00    00000008     empty.o (.rodata.str1.17669528882079347314.1)
                  00006a08    00000008     empty.o (.rodata.str1.254342170260855183.1)
                  00006a10    00000008     empty.o (.rodata.str1.9517790425240694019.1)
                  00006a18    00000007     empty.o (.rodata.str1.150872071346279890.1)
                  00006a1f    00000004     empty.o (.rodata.str1.11898133897667081452.1)
                  00006a23    00000004     empty.o (.rodata.str1.16704889451495720520.1)
                  00006a27    00000004     empty.o (.rodata.str1.7401042497206923953.1)
                  00006a2b    00000003     ti_msp_dl_config.o (.rodata.gPWM_0ClockConfig)
                  00006a2e    00000003     ti_msp_dl_config.o (.rodata.gPWM_1ClockConfig)
                  00006a31    00000003     ti_msp_dl_config.o (.rodata.gTIMER_TICKClockConfig)
                  00006a34    00000002     ti_msp_dl_config.o (.rodata.gUART_0ClockConfig)
                  00006a36    00000002     --HOLE-- [fill = 0]

.init_array 
*          0    00000000    00000000     UNINITIALIZED

.binit     0    00000000    00000000     

.bss       0    20200000    0000021c     UNINITIALIZED
                  20200000    000000bc     (.common:gPWM_0Backup)
                  202000bc    000000bc     (.common:gTIMER_TICKBackup)
                  20200178    00000028     (.common:Wheel_Left)
                  202001a0    00000028     (.common:Wheel_Right)
                  202001c8    00000028     (.common:gSPI_LCDBackup)
                  202001f0    0000000c     ENCODER.o (.bss.motor_encoder1)
                  202001fc    0000000c     ENCODER.o (.bss.motor_encoder2)
                  20200208    0000000b     IMU.o (.bss.CopeSerial2Data.ucRxBuffer)
                  20200213    00000001     (.common:Track_Value)
                  20200214    00000004     (.common:Distance)
                  20200218    00000004     (.common:Velocity_Counter)

.data      0    2020021c    0000006a     UNINITIALIZED
                  2020021c    00000014     IMU.o (.data.stcAccel)
                  20200230    00000014     IMU.o (.data.stcGyro)
                  20200244    00000010     IMU.o (.data.stcQuat)
                  20200254    0000000c     IMU.o (.data.stcAngle)
                  20200260    00000005     IMU.o (.data.Key)
                  20200265    00000005     IMU.o (.data.Save)
                  2020026a    00000005     IMU.o (.data.Yaw_Zero)
                  2020026f    00000001     IMU.o (.data.CopeSerial2Data.ucRxCnt)
                  20200270    00000004     empty.o (.data.Mode_Tracking.Last_Error)
                  20200274    00000004     empty.o (.data.PID_KD)
                  20200278    00000004     empty.o (.data.PID_KI)
                  2020027c    00000004     empty.o (.data.PID_KP)
                  20200280    00000004     empty.o (.data.time)
                  20200284    00000001     TRACK.o (.data.Track_Get.Track_Value)
                  20200285    00000001     IMU.o (.data.uart_data)

.stack     0    20207e00    00000200     UNINITIALIZED
                  20207e00    00000004     libc.a : boot_cortex_m.c.obj (.stack)
                  20207e04    000001fc     --HOLE--

.BCRConfig 
*          0    41c00000    00000060     
                  41c00000    00000060     boot_config.o (.BCRConfig)

.BSLConfig 
*          0    41c00100    00000058     
                  41c00100    00000058     boot_config.o (.BSLConfig)

__llvm_prf_cnts 
*          0    20200000    00000000     UNINITIALIZED

__llvm_prf_bits 
*          0    20200000    00000000     UNINITIALIZED

MODULE SUMMARY

       Module                         code    ro data   rw data
       ------                         ----    -------   -------
    .\
       empty.o                        1744    61        109    
       ti_msp_dl_config.o             1028    69        416    
       startup_mspm0g350x_ticlang.o   6       192       0      
       boot_config.o                  0       184       0      
    +--+------------------------------+-------+---------+---------+
       Total:                         2778    506       525    
                                                               
    .\BPS\Board\
       board.o                        226     0         0      
    +--+------------------------------+-------+---------+---------+
       Total:                         226     0         0      
                                                               
    .\BPS\lcd\
       lcd.o                          2754    13300     0      
       lcd_init.o                     4228    0         0      
    +--+------------------------------+-------+---------+---------+
       Total:                         6982    13300     0      
                                                               
    .\BPS\src\
       IMU.o                          824     0         96     
       ENCODER.o                      192     0         24     
       TRACK.o                        168     0         1      
       MOTOR.o                        120     0         0      
    +--+------------------------------+-------+---------+---------+
       Total:                         1304    0         121    
                                                               
    E:/SDK/Ti/mspm0_sdk_2_10_00_04/mspm0_sdk_2_11_00_07/source/ti/driverlib/lib/ticlang/m0p/mspm0g1x0x_g3x0x/driverlib.a
       dl_timer.o                     608     0         0      
       dl_uart.o                      90      0         0      
       dl_spi.o                       86      0         0      
       dl_common.o                    10      0         0      
    +--+------------------------------+-------+---------+---------+
       Total:                         794     0         0      
                                                               
    E:\software\IDE\Code Composer Studio\ccs\tools\compiler\ti-cgt-armllvm_4.0.4.LTS\lib\armv6m-ti-none-eabi/c/libc.a
       memcpy16.S.obj                 154     0         0      
       copy_decompress_lzss.c.obj     124     0         0      
       autoinit.c.obj                 60      0         0      
       boot_cortex_m.c.obj            40      0         0      
       copy_zero_init.c.obj           22      0         0      
       copy_decompress_none.c.obj     18      0         0      
       exit.c.obj                     6       0         0      
       pre_init.c.obj                 4       0         0      
    +--+------------------------------+-------+---------+---------+
       Total:                         428     0         0      
                                                               
    E:\software\IDE\Code Composer Studio\ccs\tools\compiler\ti-cgt-armllvm_4.0.4.LTS\lib\armv6m-ti-none-eabi/c/libsysbm.a
       hostexit.c.obj                 4       0         0      
    +--+------------------------------+-------+---------+---------+
       Total:                         4       0         0      
                                                               
    E:\software\IDE\Code Composer Studio\ccs\tools\compiler\ti-cgt-armllvm_4.0.4.LTS\lib\armv6m-ti-none-eabi/libclang_rt.builtins.a
       addsf3.S.obj                   216     0         0      
       mulsf3.S.obj                   140     0         0      
       divsf3.S.obj                   130     0         0      
       comparesf2.S.obj               118     0         0      
       aeabi_fcmp.S.obj               98      0         0      
       aeabi_uidivmod.S.obj           64      0         0      
       floatsisf.S.obj                60      0         0      
       muldsi3.S.obj                  58      0         0      
       fixsfsi.S.obj                  56      0         0      
       fixunssfsi.S.obj               50      0         0      
       floatunsisf.S.obj              40      0         0      
       aeabi_memcpy.S.obj             8       0         0      
       aeabi_div0.c.obj               2       0         0      
    +--+------------------------------+-------+---------+---------+
       Total:                         1040    0         0      
                                                               
       Stack:                         0       0         512    
       Linker Generated:              0       69        0      
    +--+------------------------------+-------+---------+---------+
       Grand Total:                   13556   13875     1158   


LINKER GENERATED COPY TABLES

__TI_cinit_table @ 00006a70 records: 2, size/record: 8, table size: 16
	.data: load addr=00006a38, load size=00000021 bytes, run addr=2020021c, run size=0000006a bytes, compression=lzss
	.bss: load addr=00006a68, load size=00000008 bytes, run addr=20200000, run size=0000021c bytes, compression=zero_init


LINKER GENERATED HANDLER TABLE

__TI_handler_table @ 00006a5c records: 3, size/record: 4, table size: 12
	index: 0, handler: __TI_decompress_lzss
	index: 1, handler: __TI_decompress_none
	index: 2, handler: __TI_zero_init


GLOBAL SYMBOLS: SORTED ALPHABETICALLY BY Name 

address   name                            
-------   ----                            
00002a17  ADC0_IRQHandler                 
00002a17  ADC1_IRQHandler                 
00002a17  AES_IRQHandler                  
00002b29  ALL_Init                        
00003191  AO_Control                      
41c00000  BCRConfig                       
000031cd  BO_Control                      
41c00100  BSLConfig                       
000035b2  C$$EXIT                         
00002a17  CANFD0_IRQHandler               
00001569  CopeSerial2Data                 
00002a17  DAC0_IRQHandler                 
0000359b  DL_Common_delayCycles           
00003085  DL_SPI_init                     
00003547  DL_SPI_setClockConfig           
00002449  DL_Timer_initFourCCPWMMode      
0000254d  DL_Timer_initTimerMode          
000034e1  DL_Timer_setCaptCompUpdateMethod
00003519  DL_Timer_setCaptureCompareOutCtl
0000357d  DL_Timer_setCaptureCompareValue 
000034fd  DL_Timer_setClockConfig         
0000303d  DL_UART_init                    
00003559  DL_UART_setClockConfig          
00002a17  DMA_IRQHandler                  
00002a17  Default_Handler                 
0000358d  Delay_ms                        
20200214  Distance                        
00003335  Encoder_Get                     
00003411  Encoder_Init                    
00002a17  GROUP0_IRQHandler               
00002eb1  GROUP1_IRQHandler               
000035b3  HOSTexit                        
00002a17  HardFault_Handler               
00002a17  I2C0_IRQHandler                 
00002a17  I2C1_IRQHandler                 
000030c9  IMU_Init                        
20200260  Key                             
000017fd  LCD_Address_Set                 
000012a9  LCD_Fill                        
000000c1  LCD_Init                        
00000ea9  LCD_ShowChar                    
00001c47  LCD_ShowFloatNum                
00001a29  LCD_ShowIntNum                  
00002ff1  LCD_ShowString                  
00002d0d  LCD_WR_DATA                     
00002a17  NMI_Handler                     
20200274  PID_KD                          
20200278  PID_KI                          
2020027c  PID_KP                          
00002a17  PendSV_Handler                  
00002a17  RTC_IRQHandler                  
000035b7  Reset_Handler                   
00002a17  SPI0_IRQHandler                 
00002a17  SPI1_IRQHandler                 
00002a17  SVC_Handler                     
0000220d  SYSCFG_DL_GPIO_init             
00002c25  SYSCFG_DL_PWM_0_init            
00002c99  SYSCFG_DL_PWM_1_init            
00002f59  SYSCFG_DL_SPI_LCD_init          
00002fa5  SYSCFG_DL_SYSCTL_init           
00002f09  SYSCFG_DL_TIMER_TICK_init       
00002d7d  SYSCFG_DL_UART_0_init           
0000310d  SYSCFG_DL_init                  
00002e51  SYSCFG_DL_initPower             
20200265  Save                            
0000232d  Show_Init                       
00001de1  Show_Update                     
00002a17  SysTick_Handler                 
00002a17  TIMA0_IRQHandler                
00003441  TIMA1_IRQHandler                
00002a17  TIMG0_IRQHandler                
00002a17  TIMG12_IRQHandler               
00002a17  TIMG6_IRQHandler                
00002a17  TIMG7_IRQHandler                
00002a17  TIMG8_IRQHandler                
000028d5  Track_Get                       
20200213  Track_Value                     
00003469  UART0_IRQHandler                
00002a17  UART1_IRQHandler                
00002a17  UART2_IRQHandler                
00002a17  UART3_IRQHandler                
20200218  Velocity_Counter                
00002649  Velocity_Get                    
20200178  Wheel_Left                      
202001a0  Wheel_Right                     
2020026a  Yaw_Zero                        
20208000  __STACK_END                     
00000200  __STACK_SIZE                    
00000000  __TI_ATRegion0_region_sz        
00000000  __TI_ATRegion0_src_addr         
00000000  __TI_ATRegion0_trg_addr         
00000000  __TI_ATRegion1_region_sz        
00000000  __TI_ATRegion1_src_addr         
00000000  __TI_ATRegion1_trg_addr         
00000000  __TI_ATRegion2_region_sz        
00000000  __TI_ATRegion2_src_addr         
00000000  __TI_ATRegion2_trg_addr         
00006a70  __TI_CINIT_Base                 
00006a80  __TI_CINIT_Limit                
00006a80  __TI_CINIT_Warm                 
00006a5c  __TI_Handler_Table_Base         
00006a68  __TI_Handler_Table_Limit        
00003281  __TI_auto_init_nobinit_nopinit  
00002ba9  __TI_decompress_lzss            
0000356b  __TI_decompress_none            
ffffffff  __TI_pprof_out_hndl             
ffffffff  __TI_prof_data_size             
ffffffff  __TI_prof_data_start            
00000000  __TI_static_base__              
00003531  __TI_zero_init_nomemset         
00002733  __addsf3                        
0000336d  __aeabi_f2iz                    
000033dd  __aeabi_f2uiz                   
00002733  __aeabi_fadd                    
00002ded  __aeabi_fcmpeq                  
00002e29  __aeabi_fcmpge                  
00002e3d  __aeabi_fcmpgt                  
00002e15  __aeabi_fcmple                  
00002e01  __aeabi_fcmplt                  
00002aa5  __aeabi_fdiv                    
00002a19  __aeabi_fmul                    
00002729  __aeabi_fsub                    
00003209  __aeabi_i2f                     
00002b27  __aeabi_idiv0                   
000035a5  __aeabi_memcpy                  
000035a5  __aeabi_memcpy4                 
000035a5  __aeabi_memcpy8                 
00003491  __aeabi_ui2f                    
00003151  __aeabi_uidiv                   
00003151  __aeabi_uidivmod                
ffffffff  __binit__                       
000032bd  __cmpsf2                        
00002aa5  __divsf3                        
000032bd  __eqsf2                         
0000336d  __fixsfsi                       
000033dd  __fixunssfsi                    
00003209  __floatsisf                     
00003491  __floatunsisf                   
00003245  __gesf2                         
00003245  __gtsf2                         
000032bd  __lesf2                         
000032bd  __ltsf2                         
UNDEFED   __mpu_init                      
000032f9  __muldsi3                       
00002a19  __mulsf3                        
000032bd  __nesf2                         
20207e00  __stack                         
20200000  __start___llvm_prf_bits         
20200000  __start___llvm_prf_cnts         
20200000  __stop___llvm_prf_bits          
20200000  __stop___llvm_prf_cnts          
00002729  __subsf3                        
000034b9  _c_int00_noargs                 
UNDEFED   _system_post_cinit              
000035bb  _system_pre_init                
000035ad  abort                           
00006540  ascii_1206                      
00005f50  ascii_1608                      
00004d80  ascii_2412                      
000035c0  ascii_3216                      
ffffffff  binit                           
20200000  gPWM_0Backup                    
202001c8  gSPI_LCDBackup                  
202000bc  gTIMER_TICKBackup               
00000000  interruptVectors                
000020c1  main                            
0000297d  memcpy                          
000033a5  sendCaliYawCommand              
2020021c  stcAccel                        
20200254  stcAngle                        
20200230  stcGyro                         
20200244  stcQuat                         
20200280  time                            
00002801  uart0_send_SendByte             
20200285  uart_data                       


GLOBAL SYMBOLS: SORTED BY Symbol Address 

address   name                            
-------   ----                            
00000000  __TI_ATRegion0_region_sz        
00000000  __TI_ATRegion0_src_addr         
00000000  __TI_ATRegion0_trg_addr         
00000000  __TI_ATRegion1_region_sz        
00000000  __TI_ATRegion1_src_addr         
00000000  __TI_ATRegion1_trg_addr         
00000000  __TI_ATRegion2_region_sz        
00000000  __TI_ATRegion2_src_addr         
00000000  __TI_ATRegion2_trg_addr         
00000000  __TI_static_base__              
00000000  interruptVectors                
000000c1  LCD_Init                        
00000200  __STACK_SIZE                    
00000ea9  LCD_ShowChar                    
000012a9  LCD_Fill                        
00001569  CopeSerial2Data                 
000017fd  LCD_Address_Set                 
00001a29  LCD_ShowIntNum                  
00001c47  LCD_ShowFloatNum                
00001de1  Show_Update                     
000020c1  main                            
0000220d  SYSCFG_DL_GPIO_init             
0000232d  Show_Init                       
00002449  DL_Timer_initFourCCPWMMode      
0000254d  DL_Timer_initTimerMode          
00002649  Velocity_Get                    
00002729  __aeabi_fsub                    
00002729  __subsf3                        
00002733  __addsf3                        
00002733  __aeabi_fadd                    
00002801  uart0_send_SendByte             
000028d5  Track_Get                       
0000297d  memcpy                          
00002a17  ADC0_IRQHandler                 
00002a17  ADC1_IRQHandler                 
00002a17  AES_IRQHandler                  
00002a17  CANFD0_IRQHandler               
00002a17  DAC0_IRQHandler                 
00002a17  DMA_IRQHandler                  
00002a17  Default_Handler                 
00002a17  GROUP0_IRQHandler               
00002a17  HardFault_Handler               
00002a17  I2C0_IRQHandler                 
00002a17  I2C1_IRQHandler                 
00002a17  NMI_Handler                     
00002a17  PendSV_Handler                  
00002a17  RTC_IRQHandler                  
00002a17  SPI0_IRQHandler                 
00002a17  SPI1_IRQHandler                 
00002a17  SVC_Handler                     
00002a17  SysTick_Handler                 
00002a17  TIMA0_IRQHandler                
00002a17  TIMG0_IRQHandler                
00002a17  TIMG12_IRQHandler               
00002a17  TIMG6_IRQHandler                
00002a17  TIMG7_IRQHandler                
00002a17  TIMG8_IRQHandler                
00002a17  UART1_IRQHandler                
00002a17  UART2_IRQHandler                
00002a17  UART3_IRQHandler                
00002a19  __aeabi_fmul                    
00002a19  __mulsf3                        
00002aa5  __aeabi_fdiv                    
00002aa5  __divsf3                        
00002b27  __aeabi_idiv0                   
00002b29  ALL_Init                        
00002ba9  __TI_decompress_lzss            
00002c25  SYSCFG_DL_PWM_0_init            
00002c99  SYSCFG_DL_PWM_1_init            
00002d0d  LCD_WR_DATA                     
00002d7d  SYSCFG_DL_UART_0_init           
00002ded  __aeabi_fcmpeq                  
00002e01  __aeabi_fcmplt                  
00002e15  __aeabi_fcmple                  
00002e29  __aeabi_fcmpge                  
00002e3d  __aeabi_fcmpgt                  
00002e51  SYSCFG_DL_initPower             
00002eb1  GROUP1_IRQHandler               
00002f09  SYSCFG_DL_TIMER_TICK_init       
00002f59  SYSCFG_DL_SPI_LCD_init          
00002fa5  SYSCFG_DL_SYSCTL_init           
00002ff1  LCD_ShowString                  
0000303d  DL_UART_init                    
00003085  DL_SPI_init                     
000030c9  IMU_Init                        
0000310d  SYSCFG_DL_init                  
00003151  __aeabi_uidiv                   
00003151  __aeabi_uidivmod                
00003191  AO_Control                      
000031cd  BO_Control                      
00003209  __aeabi_i2f                     
00003209  __floatsisf                     
00003245  __gesf2                         
00003245  __gtsf2                         
00003281  __TI_auto_init_nobinit_nopinit  
000032bd  __cmpsf2                        
000032bd  __eqsf2                         
000032bd  __lesf2                         
000032bd  __ltsf2                         
000032bd  __nesf2                         
000032f9  __muldsi3                       
00003335  Encoder_Get                     
0000336d  __aeabi_f2iz                    
0000336d  __fixsfsi                       
000033a5  sendCaliYawCommand              
000033dd  __aeabi_f2uiz                   
000033dd  __fixunssfsi                    
00003411  Encoder_Init                    
00003441  TIMA1_IRQHandler                
00003469  UART0_IRQHandler                
00003491  __aeabi_ui2f                    
00003491  __floatunsisf                   
000034b9  _c_int00_noargs                 
000034e1  DL_Timer_setCaptCompUpdateMethod
000034fd  DL_Timer_setClockConfig         
00003519  DL_Timer_setCaptureCompareOutCtl
00003531  __TI_zero_init_nomemset         
00003547  DL_SPI_setClockConfig           
00003559  DL_UART_setClockConfig          
0000356b  __TI_decompress_none            
0000357d  DL_Timer_setCaptureCompareValue 
0000358d  Delay_ms                        
0000359b  DL_Common_delayCycles           
000035a5  __aeabi_memcpy                  
000035a5  __aeabi_memcpy4                 
000035a5  __aeabi_memcpy8                 
000035ad  abort                           
000035b2  C$$EXIT                         
000035b3  HOSTexit                        
000035b7  Reset_Handler                   
000035bb  _system_pre_init                
000035c0  ascii_3216                      
00004d80  ascii_2412                      
00005f50  ascii_1608                      
00006540  ascii_1206                      
00006a5c  __TI_Handler_Table_Base         
00006a68  __TI_Handler_Table_Limit        
00006a70  __TI_CINIT_Base                 
00006a80  __TI_CINIT_Limit                
00006a80  __TI_CINIT_Warm                 
20200000  __start___llvm_prf_bits         
20200000  __start___llvm_prf_cnts         
20200000  __stop___llvm_prf_bits          
20200000  __stop___llvm_prf_cnts          
20200000  gPWM_0Backup                    
202000bc  gTIMER_TICKBackup               
20200178  Wheel_Left                      
202001a0  Wheel_Right                     
202001c8  gSPI_LCDBackup                  
20200213  Track_Value                     
20200214  Distance                        
20200218  Velocity_Counter                
2020021c  stcAccel                        
20200230  stcGyro                         
20200244  stcQuat                         
20200254  stcAngle                        
20200260  Key                             
20200265  Save                            
2020026a  Yaw_Zero                        
20200274  PID_KD                          
20200278  PID_KI                          
2020027c  PID_KP                          
20200280  time                            
20200285  uart_data                       
20207e00  __stack                         
20208000  __STACK_END                     
41c00000  BCRConfig                       
41c00100  BSLConfig                       
ffffffff  __TI_pprof_out_hndl             
ffffffff  __TI_prof_data_size             
ffffffff  __TI_prof_data_start            
ffffffff  __binit__                       
ffffffff  binit                           
UNDEFED   __mpu_init                      
UNDEFED   _system_post_cinit              

[175 symbols]
