******************************************************************************
            TI ARM Clang Linker PC v4.0.4                      
******************************************************************************
>> Linked Tue Jul 28 13:33:58 2026

OUTPUT FILE NAME:   <ElcContestTest.out>
ENTRY POINT SYMBOL: "_c_int00_noargs"  address: 000055ad


MEMORY CONFIGURATION

         name            origin    length      used     unused   attr    fill
----------------------  --------  ---------  --------  --------  ----  --------
  FLASH                 00000000   00020000  00008e30  000171d0  R  X
  SRAM                  20200000   00008000  000004da  00007b26  RW X
  BCR_CONFIG            41c00000   000000ff  00000060  0000009f  R   
  BSL_CONFIG            41c00100   00000080  00000058  00000028  R   


SEGMENT ALLOCATION MAP

run origin  load origin   length   init length attrs members
----------  ----------- ---------- ----------- ----- -------
00000000    00000000    00005818   00005818    r-x
  00000000    00000000    000000c0   000000c0    r-- .intvecs
  000000c0    000000c0    00005758   00005758    r-x .text
00005820    00005820    00003618   00003618    r--
  00005820    00005820    000035d0   000035d0    r-- .rodata
  00008df0    00008df0    00000048   00000048    r-- .cinit
20200000    20200000    000002dc   00000000    rw-
  20200000    20200000    0000025a   00000000    rw- .bss
  2020025c    2020025c    00000080   00000000    rw- .data
20207e00    20207e00    00000200   00000000    rw-
  20207e00    20207e00    00000200   00000000    rw- .stack
41c00000    41c00000    00000060   00000060    r--
  41c00000    41c00000    00000060   00000060    r-- .BCRConfig
41c00100    41c00100    00000058   00000058    r--
  41c00100    41c00100    00000058   00000058    r-- .BSLConfig


SECTION ALLOCATION MAP

 output                                  attributes/
section   page    origin      length       input sections
--------  ----  ----------  ----------   ----------------
.intvecs   0    00000000    000000c0     
                  00000000    000000c0     startup_mspm0g350x_ticlang.o (.intvecs)

.text      0    000000c0    00005758     
                  000000c0    00000de8     lcd_init.o (.text.LCD_Init)
                  00000ea8    000009d0     libc.a : _printfi.c.obj (.text:__TI_printfi)
                  00001878    00000400     lcd.o (.text.LCD_ShowChar)
                  00001c78    000002c0     lcd.o (.text.LCD_Fill)
                  00001f38    00000294     IMU.o (.text.CopeSerial2Data)
                  000021cc    0000022c     lcd_init.o (.text.LCD_Address_Set)
                  000023f8    00000220     libc.a : _printfi.c.obj (.text._pconv_a)
                  00002618    0000021e     lcd.o (.text.LCD_ShowIntNum)
                  00002836    00000002     startup_mspm0g350x_ticlang.o (.text.Default_Handler)
                  00002838    000001e0     empty.o (.text.Show_Update)
                  00002a18    000001dc     libc.a : _printfi.c.obj (.text._pconv_g)
                  00002bf4    000001d8     empty.o (.text.Run_Track)
                  00002dcc    0000019a     lcd.o (.text.LCD_ShowFloatNum)
                  00002f66    00000002     libclang_rt.builtins.a : aeabi_div0.c.obj (.text.__aeabi_idiv0)
                  00002f68    00000192                            : adddf3.S.obj (.text.adddf3_subdf3)
                  000030fa    00000002                            : aeabi_div0.c.obj (.text.__aeabi_ldiv0)
                  000030fc    0000016c     empty.o (.text.PID_Get)
                  00003268    00000154     YAW_PID.o (.text.YawPID_Compute)
                  000033bc    0000013c     empty.o (.text.Show_Init)
                  000034f8    0000013c     libc.a : _printfi.c.obj (.text.fcvt)
                  00003634    00000124     ti_msp_dl_config.o (.text.SYSCFG_DL_GPIO_init)
                  00003758    00000120     libc.a : _printfi.c.obj (.text._pconv_e)
                  00003878    00000110     empty.o (.text.Run_Turn)
                  00003988    0000010c     libclang_rt.builtins.a : divdf3.S.obj (.text.__divdf3)
                  00003a94    00000104     driverlib.a : dl_timer.o (.text.DL_Timer_initFourCCPWMMode)
                  00003b98    000000fc                 : dl_timer.o (.text.DL_Timer_initTimerMode)
                  00003c94    000000e4     empty.o (.text.Run_AngleHold)
                  00003d78    000000e4     libclang_rt.builtins.a : muldf3.S.obj (.text.__muldf3)
                  00003e5c    000000e0     empty.o (.text.ALL_Init)
                  00003f3c    000000e0     empty.o (.text.Velocity_Get)
                  0000401c    000000d8     libc.a : s_scalbn.c.obj (.text.scalbn)
                  000040f4    000000d8     libclang_rt.builtins.a : addsf3.S.obj (.text)
                  000041cc    000000d4     board.o (.text.uart0_send_SendByte)
                  000042a0    000000b4     empty.o (.text.main)
                  00004354    000000a8     TRACK.o (.text.Track_Get)
                  000043fc    000000a2     libclang_rt.builtins.a : udivmoddi4.S.obj (.text)
                  0000449e    0000009a     libc.a : memcpy16.S.obj (.text:memcpy)
                  00004538    0000008c     libclang_rt.builtins.a : mulsf3.S.obj (.text.__mulsf3)
                  000045c4    00000082                            : divsf3.S.obj (.text.__divsf3)
                  00004646    00000002     --HOLE-- [fill = 0]
                  00004648    0000007c     libc.a : copy_decompress_lzss.c.obj (.text:decompress:lzss)
                  000046c4    00000074     ti_msp_dl_config.o (.text.SYSCFG_DL_PWM_0_init)
                  00004738    00000074     ti_msp_dl_config.o (.text.SYSCFG_DL_PWM_1_init)
                  000047ac    00000074     libclang_rt.builtins.a : comparedf2.c.obj (.text.__gedf2)
                  00004820    00000070     lcd_init.o (.text.LCD_WR_DATA)
                  00004890    00000070     ti_msp_dl_config.o (.text.SYSCFG_DL_UART_0_init)
                  00004900    00000070     ti_msp_dl_config.o (.text.SYSCFG_DL_UART_1_init)
                  00004970    00000070     ti_msp_dl_config.o (.text.SYSCFG_DL_initPower)
                  000049e0    00000068     libclang_rt.builtins.a : comparedf2.c.obj (.text.__ledf2)
                  00004a48    00000066     libc.a : _printfi.c.obj (.text._mcpy)
                  00004aae    00000002     --HOLE-- [fill = 0]
                  00004ab0    00000062     libclang_rt.builtins.a : aeabi_dcmp.S.obj (.text.__aeabi_dcmp)
                  00004b12    00000002     --HOLE-- [fill = 0]
                  00004b14    00000062                            : aeabi_fcmp.S.obj (.text.__aeabi_fcmp)
                  00004b76    00000062     libc.a : memset16.S.obj (.text:memset)
                  00004bd8    0000005c            : s_frexp.c.obj (.text.frexp)
                  00004c34    00000058     ENCODER.o (.text.GROUP1_IRQHandler)
                  00004c8c    00000058     libc.a : _ltoa.c.obj (.text.__TI_ltoa)
                  00004ce4    00000058            : _printfi.c.obj (.text._pconv_f)
                  00004d3c    00000056     libclang_rt.builtins.a : aeabi_idivmod.S.obj (.text.__aeabi_idivmod)
                  00004d92    00000052     libc.a : _printfi.c.obj (.text._ecpy)
                  00004de4    00000050     ti_msp_dl_config.o (.text.SYSCFG_DL_TIMER_TICK_init)
                  00004e34    0000004c     ti_msp_dl_config.o (.text.SYSCFG_DL_SPI_LCD_init)
                  00004e80    0000004c     ti_msp_dl_config.o (.text.SYSCFG_DL_SYSCTL_init)
                  00004ecc    0000004c     TRACK.o (.text.Track_GetBits)
                  00004f18    0000004a     lcd.o (.text.LCD_ShowString)
                  00004f62    00000002     --HOLE-- [fill = 0]
                  00004f64    0000004a     libclang_rt.builtins.a : fixdfsi.S.obj (.text.__fixdfsi)
                  00004fae    00000002     --HOLE-- [fill = 0]
                  00004fb0    00000048     driverlib.a : dl_uart.o (.text.DL_UART_init)
                  00004ff8    00000048     ti_msp_dl_config.o (.text.SYSCFG_DL_init)
                  00005040    00000044     driverlib.a : dl_spi.o (.text.DL_SPI_init)
                  00005084    00000044     board.o (.text.UART0_Init)
                  000050c8    00000040     libclang_rt.builtins.a : aeabi_uidivmod.S.obj (.text.__aeabi_uidivmod)
                  00005108    00000040                            : extendsfdf2.S.obj (.text.__extendsfdf2)
                  00005148    00000040     libc.a : atoi.c.obj (.text.atoi)
                  00005188    0000003c     MOTOR.o (.text.AO_Control)
                  000051c4    0000003c     MOTOR.o (.text.BO_Control)
                  00005200    0000003c     libclang_rt.builtins.a : floatsisf.S.obj (.text.__floatsisf)
                  0000523c    0000003c                            : comparesf2.S.obj (.text.__gtsf2)
                  00005278    0000003c     libc.a : autoinit.c.obj (.text:__TI_auto_init_nobinit_nopinit)
                  000052b4    0000003a     libclang_rt.builtins.a : comparesf2.S.obj (.text.__eqsf2)
                  000052ee    00000002     --HOLE-- [fill = 0]
                  000052f0    0000003a                            : muldsi3.S.obj (.text.__muldsi3)
                  0000532a    00000002     --HOLE-- [fill = 0]
                  0000532c    00000038     ENCODER.o (.text.Encoder_Get)
                  00005364    00000038     libclang_rt.builtins.a : fixsfsi.S.obj (.text.__fixsfsi)
                  0000539c    00000038     IMU.o (.text.sendCaliYawCommand)
                  000053d4    00000038     libc.a : sprintf.c.obj (.text.sprintf)
                  0000540c    00000034     YAW_PID.o (.text.YawPID_Init)
                  00005440    00000034     board.o (.text.uart1_sendString)
                  00005474    00000032     libclang_rt.builtins.a : fixunssfsi.S.obj (.text.__fixunssfsi)
                  000054a6    00000002     --HOLE-- [fill = 0]
                  000054a8    00000030     ENCODER.o (.text.Encoder_Init)
                  000054d8    00000030     libc.a : _printfi.c.obj (.text._fcpy)
                  00005508    0000002c     libclang_rt.builtins.a : floatsidf.S.obj (.text.__floatsidf)
                  00005534    00000028     empty.o (.text.TIMA1_IRQHandler)
                  0000555c    00000028     IMU.o (.text.UART0_IRQHandler)
                  00005584    00000028     libclang_rt.builtins.a : floatunsisf.S.obj (.text.__floatunsisf)
                  000055ac    00000028     libc.a : boot_cortex_m.c.obj (.text:_c_int00_noargs)
                  000055d4    00000024     libclang_rt.builtins.a : muldi3.S.obj (.text.__muldi3)
                  000055f8    00000022     libc.a : memccpy.c.obj (.text.memccpy)
                  0000561a    00000002     --HOLE-- [fill = 0]
                  0000561c    0000001e     libclang_rt.builtins.a : ashldi3.S.obj (.text.__ashldi3)
                  0000563a    00000002     --HOLE-- [fill = 0]
                  0000563c    0000001c     driverlib.a : dl_timer.o (.text.DL_Timer_setCaptCompUpdateMethod)
                  00005658    0000001c                 : dl_timer.o (.text.DL_Timer_setClockConfig)
                  00005674    00000018                 : dl_timer.o (.text.DL_Timer_setCaptureCompareOutCtl)
                  0000568c    00000018     YAW_PID.o (.text.YawPID_Enable)
                  000056a4    00000018     libc.a : sprintf.c.obj (.text._outs)
                  000056bc    00000016            : copy_zero_init.c.obj (.text:decompress:ZI:__TI_zero_init_nomemset)
                  000056d2    00000002     --HOLE-- [fill = 0]
                  000056d4    00000014     libclang_rt.builtins.a : aeabi_uldivmod.S.obj (.text.__aeabi_uldivmod)
                  000056e8    00000014     libc.a : _printfi.c.obj (.text.strchr)
                  000056fc    00000012     driverlib.a : dl_spi.o (.text.DL_SPI_setClockConfig)
                  0000570e    00000012                 : dl_uart.o (.text.DL_UART_setClockConfig)
                  00005720    00000012     libc.a : copy_decompress_none.c.obj (.text:decompress:none)
                  00005732    00000002     --HOLE-- [fill = 0]
                  00005734    00000010     driverlib.a : dl_timer.o (.text.DL_Timer_setCaptureCompareValue)
                  00005744    00000010     libc.a : wcslen.c.obj (.text.wcslen)
                  00005754    0000000e     board.o (.text.Delay_ms)
                  00005762    00000002     --HOLE-- [fill = 0]
                  00005764    0000000e     libclang_rt.builtins.a : aeabi_memset.S.obj (.text.__aeabi_memset)
                  00005772    0000000e     libc.a : _printfi.c.obj (.text.strlen)
                  00005780    0000000c     ZIGBEE.o (.text.UART2_IRQHandler)
                  0000578c    0000000c     IMU.o (.text.Yaw)
                  00005798    0000000c     YAW_PID.o (.text.YawPID_ResetIntegral)
                  000057a4    0000000c     YAW_PID.o (.text.YawPID_SetTarget)
                  000057b0    0000000a     driverlib.a : dl_common.o (.text.DL_Common_delayCycles)
                  000057ba    0000000a     libc.a : _printfi.c.obj (.text.OUTLINED_FUNCTION_0)
                  000057c4    00000010     libclang_rt.builtins.a : adddf3.S.obj (.tramp.__aeabi_dsub.1)
                  000057d4    0000000a     libc.a : _printfi.c.obj (.text.OUTLINED_FUNCTION_1)
                  000057de    0000000a            : sprintf.c.obj (.text._outc)
                  000057e8    00000008     IMU.o (.text.IMU_Init)
                  000057f0    00000008     libc.a : aeabi_portable.c.obj (.text.__aeabi_errno_addr)
                  000057f8    00000008     libclang_rt.builtins.a : aeabi_memcpy.S.obj (.text.__aeabi_memcpy)
                  00005800    00000006     libc.a : exit.c.obj (.text:abort)
                  00005806    00000004     libsysbm.a : hostexit.c.obj (.text.HOSTexit)
                  0000580a    00000004     startup_mspm0g350x_ticlang.o (.text.Reset_Handler)
                  0000580e    00000004     libc.a : pre_init.c.obj (.text._system_pre_init)
                  00005812    00000006     --HOLE-- [fill = 0]

.cinit     0    00008df0    00000048     
                  00008df0    00000022     (.cinit..data.load) [load image, compression = lzss]
                  00008e12    00000002     --HOLE-- [fill = 0]
                  00008e14    0000000c     (__TI_handler_table)
                  00008e20    00000008     (.cinit..bss.load) [load image, compression = zero_init]
                  00008e28    00000010     (__TI_cinit_table)

.rodata    0    00005820    000035d0     
                  00005820    000017c0     lcd.o (.rodata.ascii_3216)
                  00006fe0    000011d0     lcd.o (.rodata.ascii_2412)
                  000081b0    000005f0     lcd.o (.rodata.ascii_1608)
                  000087a0    00000474     lcd.o (.rodata.ascii_1206)
                  00008c14    0000000a     ti_msp_dl_config.o (.rodata.gSPI_LCD_config)
                  00008c1e    00000002     ti_msp_dl_config.o (.rodata.gSPI_LCD_clockConfig)
                  00008c20    00000101     libc.a : aeabi_ctype.S.obj (.rodata:__aeabi_ctype_table_)
                  00008d21    00000003     ti_msp_dl_config.o (.rodata.gPWM_0ClockConfig)
                  00008d24    00000014     ti_msp_dl_config.o (.rodata.gTIMER_TICKTimerConfig)
                  00008d38    00000011     libc.a : _printfi.c.obj (.rodata.str1.10348868589481759720.1)
                  00008d49    00000011            : _printfi.c.obj (.rodata.str1.15363888844622738466.1)
                  00008d5a    0000000e     empty.o (.rodata.str1.9517790425240694019.1)
                  00008d68    0000000a     ti_msp_dl_config.o (.rodata.gUART_0Config)
                  00008d72    0000000a     ti_msp_dl_config.o (.rodata.gUART_1Config)
                  00008d7c    0000000a     empty.o (.rodata.str1.9410084661655729462.1)
                  00008d86    00000009     empty.o (.rodata.str1.11898133897667081452.1)
                  00008d8f    00000009     empty.o (.rodata.str1.14685083708502177989.1)
                  00008d98    00000009     empty.o (.rodata.str1.16704889451495720520.1)
                  00008da1    00000003     ti_msp_dl_config.o (.rodata.gPWM_1ClockConfig)
                  00008da4    00000008     ti_msp_dl_config.o (.rodata.gPWM_0Config)
                  00008dac    00000008     ti_msp_dl_config.o (.rodata.gPWM_1Config)
                  00008db4    00000008     empty.o (.rodata.str1.17669528882079347314.1)
                  00008dbc    00000008     empty.o (.rodata.str1.254342170260855183.1)
                  00008dc4    00000008     empty.o (.rodata.str1.7401042497206923953.1)
                  00008dcc    00000007     empty.o (.rodata.str1.17686411042290499047.1)
                  00008dd3    00000005     empty.o (.rodata.str1.7386103758396746866.1)
                  00008dd8    00000004     empty.o (.rodata.str1.150872071346279890.1)
                  00008ddc    00000004     empty.o (.rodata.str1.15706828512682300538.1)
                  00008de0    00000004     empty.o (.rodata.str1.2196762768037919588.1)
                  00008de4    00000003     ti_msp_dl_config.o (.rodata.gTIMER_TICKClockConfig)
                  00008de7    00000002     ti_msp_dl_config.o (.rodata.gUART_0ClockConfig)
                  00008de9    00000002     ti_msp_dl_config.o (.rodata.gUART_1ClockConfig)
                  00008deb    00000005     --HOLE-- [fill = 0]

.init_array 
*          0    00000000    00000000     UNINITIALIZED

.binit     0    00000000    00000000     

.bss       0    20200000    0000025a     UNINITIALIZED
                  20200000    000000bc     (.common:gPWM_0Backup)
                  202000bc    000000bc     (.common:gTIMER_TICKBackup)
                  20200178    00000030     (.common:Yaw_Circle)
                  202001a8    00000028     (.common:Wheel_Left)
                  202001d0    00000028     (.common:Wheel_Right)
                  202001f8    00000028     (.common:gSPI_LCDBackup)
                  20200220    0000000c     ENCODER.o (.bss.motor_encoder1)
                  2020022c    0000000c     ENCODER.o (.bss.motor_encoder2)
                  20200238    0000000b     IMU.o (.bss.CopeSerial2Data.ucRxBuffer)
                  20200243    00000001     (.common:Mode)
                  20200244    00000004     (.common:Distance)
                  20200248    00000004     (.common:Target_Yaw)
                  2020024c    00000004     (.common:Velocity_Counter)
                  20200250    00000004     (.common:Yaw_Value)
                  20200254    00000004     (.common:time)
                  20200258    00000001     (.common:Track_Value)
                  20200259    00000001     (.common:Turn_State)

.data      0    2020025c    00000080     UNINITIALIZED
                  2020025c    00000014     IMU.o (.data.stcAccel)
                  20200270    00000014     IMU.o (.data.stcGyro)
                  20200284    00000010     IMU.o (.data.stcQuat)
                  20200294    0000000c     IMU.o (.data.stcAngle)
                  202002a0    0000000c     ZIGBEE.o (.data.zigbee_data)
                  202002ac    00000005     IMU.o (.data.Key)
                  202002b1    00000005     IMU.o (.data.Save)
                  202002b6    00000005     IMU.o (.data.Yaw_Zero)
                  202002bb    00000001     IMU.o (.data.CopeSerial2Data.ucRxCnt)
                  202002bc    00000004     empty.o (.data.PID_KD)
                  202002c0    00000004     empty.o (.data.PID_KI)
                  202002c4    00000004     empty.o (.data.PID_KP)
                  202002c8    00000004     empty.o (.data.Run_AngleHold.Last_Direction)
                  202002cc    00000004     empty.o (.data.Run_Track.Last_Error)
                  202002d0    00000004     empty.o (.data.Turn_Start_Yaw)
                  202002d4    00000004     libc.a : aeabi_portable.c.obj (.data.__aeabi_errno)
                  202002d8    00000001     empty.o (.data.Run_Track.Last_Track_Bits)
                  202002d9    00000001     empty.o (.data.Run_Track.Tracking_Flag)
                  202002da    00000001     TRACK.o (.data.Track_Get.Track_Value)
                  202002db    00000001     IMU.o (.data.uart_data)

.stack     0    20207e00    00000200     UNINITIALIZED
                  20207e00    00000004     libc.a : boot_cortex_m.c.obj (.stack)
                  20207e04    000001fc     --HOLE--

.BCRConfig 
*          0    41c00000    00000060     
                  41c00000    00000060     boot_config.o (.BCRConfig)

.BSLConfig 
*          0    41c00100    00000058     
                  41c00100    00000058     boot_config.o (.BSLConfig)

__llvm_prf_cnts 
*          0    20200000    00000000     UNINITIALIZED

__llvm_prf_bits 
*          0    20200000    00000000     UNINITIALIZED

MODULE SUMMARY

       Module                         code    ro data   rw data
       ------                         ----    -------   -------
    .\
       empty.o                        2800    99        129    
       ti_msp_dl_config.o             1164    81        416    
       startup_mspm0g350x_ticlang.o   6       192       0      
       boot_config.o                  0       184       0      
    +--+------------------------------+-------+---------+---------+
       Total:                         3970    556       545    
                                                               
    .\BPS\Board\
       board.o                        346     0         0      
    +--+------------------------------+-------+---------+---------+
       Total:                         346     0         0      
                                                               
    .\BPS\lcd\
       lcd.o                          2754    13300     0      
       lcd_init.o                     4228    0         0      
    +--+------------------------------+-------+---------+---------+
       Total:                         6982    13300     0      
                                                               
    .\BPS\src\
       IMU.o                          776     0         96     
       YAW_PID.o                      440     0         48     
       TRACK.o                        244     0         1      
       ENCODER.o                      192     0         24     
       MOTOR.o                        120     0         0      
       ZIGBEE.o                       12      0         12     
    +--+------------------------------+-------+---------+---------+
       Total:                         1784    0         181    
                                                               
    E:/SDK/Ti/mspm0_sdk_2_10_00_04/mspm0_sdk_2_11_00_07/source/ti/driverlib/lib/ticlang/m0p/mspm0g1x0x_g3x0x/driverlib.a
       dl_timer.o                     608     0         0      
       dl_uart.o                      90      0         0      
       dl_spi.o                       86      0         0      
       dl_common.o                    10      0         0      
    +--+------------------------------+-------+---------+---------+
       Total:                         794     0         0      
                                                               
    E:\software\IDE\Code Composer Studio\ccs\tools\compiler\ti-cgt-armllvm_4.0.4.LTS\lib\armv6m-ti-none-eabi/c/libc.a
       _printfi.c.obj                 4510    34        0      
       aeabi_ctype.S.obj              0       257       0      
       s_scalbn.c.obj                 216     0         0      
       memcpy16.S.obj                 154     0         0      
       copy_decompress_lzss.c.obj     124     0         0      
       memset16.S.obj                 98      0         0      
       s_frexp.c.obj                  92      0         0      
       sprintf.c.obj                  90      0         0      
       _ltoa.c.obj                    88      0         0      
       atoi.c.obj                     64      0         0      
       autoinit.c.obj                 60      0         0      
       boot_cortex_m.c.obj            40      0         0      
       memccpy.c.obj                  34      0         0      
       copy_zero_init.c.obj           22      0         0      
       copy_decompress_none.c.obj     18      0         0      
       wcslen.c.obj                   16      0         0      
       aeabi_portable.c.obj           8       0         4      
       exit.c.obj                     6       0         0      
       pre_init.c.obj                 4       0         0      
    +--+------------------------------+-------+---------+---------+
       Total:                         5644    291       4      
                                                               
    E:\software\IDE\Code Composer Studio\ccs\tools\compiler\ti-cgt-armllvm_4.0.4.LTS\lib\armv6m-ti-none-eabi/c/libsysbm.a
       hostexit.c.obj                 4       0         0      
    +--+------------------------------+-------+---------+---------+
       Total:                         4       0         0      
                                                               
    E:\software\IDE\Code Composer Studio\ccs\tools\compiler\ti-cgt-armllvm_4.0.4.LTS\lib\armv6m-ti-none-eabi/libclang_rt.builtins.a
       adddf3.S.obj                   418     0         0      
       divdf3.S.obj                   268     0         0      
       muldf3.S.obj                   228     0         0      
       comparedf2.c.obj               220     0         0      
       addsf3.S.obj                   216     0         0      
       udivmoddi4.S.obj               162     0         0      
       mulsf3.S.obj                   140     0         0      
       divsf3.S.obj                   130     0         0      
       comparesf2.S.obj               118     0         0      
       aeabi_dcmp.S.obj               98      0         0      
       aeabi_fcmp.S.obj               98      0         0      
       aeabi_idivmod.S.obj            86      0         0      
       fixdfsi.S.obj                  74      0         0      
       aeabi_uidivmod.S.obj           64      0         0      
       extendsfdf2.S.obj              64      0         0      
       floatsisf.S.obj                60      0         0      
       muldsi3.S.obj                  58      0         0      
       fixsfsi.S.obj                  56      0         0      
       fixunssfsi.S.obj               50      0         0      
       floatsidf.S.obj                44      0         0      
       floatunsisf.S.obj              40      0         0      
       muldi3.S.obj                   36      0         0      
       ashldi3.S.obj                  30      0         0      
       aeabi_uldivmod.S.obj           20      0         0      
       aeabi_memset.S.obj             14      0         0      
       aeabi_memcpy.S.obj             8       0         0      
       aeabi_div0.c.obj               4       0         0      
    +--+------------------------------+-------+---------+---------+
       Total:                         2804    0         0      
                                                               
       Stack:                         0       0         512    
       Linker Generated:              0       70        0      
    +--+------------------------------+-------+---------+---------+
       Grand Total:                   22328   14217     1242   


LINKER GENERATED COPY TABLES

__TI_cinit_table @ 00008e28 records: 2, size/record: 8, table size: 16
	.data: load addr=00008df0, load size=00000022 bytes, run addr=2020025c, run size=00000080 bytes, compression=lzss
	.bss: load addr=00008e20, load size=00000008 bytes, run addr=20200000, run size=0000025a bytes, compression=zero_init


LINKER GENERATED HANDLER TABLE

__TI_handler_table @ 00008e14 records: 3, size/record: 4, table size: 12
	index: 0, handler: __TI_decompress_lzss
	index: 1, handler: __TI_decompress_none
	index: 2, handler: __TI_zero_init


FAR CALL TRAMPOLINES

callee name               trampoline name
   callee addr  tramp addr   call addr  call info
--------------  -----------  ---------  ----------------
__aeabi_dsub              $Tramp$TT$L$PI$$__aeabi_dsub
   00002f69     000057c4     000057c2   libc.a : _printfi.c.obj (.text.OUTLINED_FUNCTION_0)

[1 trampolines]
[1 trampoline calls]


GLOBAL SYMBOLS: SORTED ALPHABETICALLY BY Name 

address   name                            
-------   ----                            
00002837  ADC0_IRQHandler                 
00002837  ADC1_IRQHandler                 
00002837  AES_IRQHandler                  
00003e5d  ALL_Init                        
00005189  AO_Control                      
41c00000  BCRConfig                       
000051c5  BO_Control                      
41c00100  BSLConfig                       
00005806  C$$EXIT                         
00002837  CANFD0_IRQHandler               
00001f39  CopeSerial2Data                 
00002837  DAC0_IRQHandler                 
000057b1  DL_Common_delayCycles           
00005041  DL_SPI_init                     
000056fd  DL_SPI_setClockConfig           
00003a95  DL_Timer_initFourCCPWMMode      
00003b99  DL_Timer_initTimerMode          
0000563d  DL_Timer_setCaptCompUpdateMethod
00005675  DL_Timer_setCaptureCompareOutCtl
00005735  DL_Timer_setCaptureCompareValue 
00005659  DL_Timer_setClockConfig         
00004fb1  DL_UART_init                    
0000570f  DL_UART_setClockConfig          
00002837  DMA_IRQHandler                  
00002837  Default_Handler                 
00005755  Delay_ms                        
20200244  Distance                        
0000532d  Encoder_Get                     
000054a9  Encoder_Init                    
00002837  GROUP0_IRQHandler               
00004c35  GROUP1_IRQHandler               
00005807  HOSTexit                        
00002837  HardFault_Handler               
00002837  I2C0_IRQHandler                 
00002837  I2C1_IRQHandler                 
000057e9  IMU_Init                        
202002ac  Key                             
000021cd  LCD_Address_Set                 
00001c79  LCD_Fill                        
000000c1  LCD_Init                        
00001879  LCD_ShowChar                    
00002dcd  LCD_ShowFloatNum                
00002619  LCD_ShowIntNum                  
00004f19  LCD_ShowString                  
00004821  LCD_WR_DATA                     
20200243  Mode                            
00002837  NMI_Handler                     
202002bc  PID_KD                          
202002c0  PID_KI                          
202002c4  PID_KP                          
00002837  PendSV_Handler                  
00002837  RTC_IRQHandler                  
0000580b  Reset_Handler                   
00003c95  Run_AngleHold                   
00002bf5  Run_Track                       
00003879  Run_Turn                        
00002837  SPI0_IRQHandler                 
00002837  SPI1_IRQHandler                 
00002837  SVC_Handler                     
00003635  SYSCFG_DL_GPIO_init             
000046c5  SYSCFG_DL_PWM_0_init            
00004739  SYSCFG_DL_PWM_1_init            
00004e35  SYSCFG_DL_SPI_LCD_init          
00004e81  SYSCFG_DL_SYSCTL_init           
00004de5  SYSCFG_DL_TIMER_TICK_init       
00004891  SYSCFG_DL_UART_0_init           
00004901  SYSCFG_DL_UART_1_init           
00004ff9  SYSCFG_DL_init                  
00004971  SYSCFG_DL_initPower             
202002b1  Save                            
000033bd  Show_Init                       
00002839  Show_Update                     
00002837  SysTick_Handler                 
00002837  TIMA0_IRQHandler                
00005535  TIMA1_IRQHandler                
00002837  TIMG0_IRQHandler                
00002837  TIMG12_IRQHandler               
00002837  TIMG6_IRQHandler                
00002837  TIMG7_IRQHandler                
00002837  TIMG8_IRQHandler                
20200248  Target_Yaw                      
00004355  Track_Get                       
00004ecd  Track_GetBits                   
20200258  Track_Value                     
202002d0  Turn_Start_Yaw                  
20200259  Turn_State                      
0000555d  UART0_IRQHandler                
00005085  UART0_Init                      
00002837  UART1_IRQHandler                
00005781  UART2_IRQHandler                
00002837  UART3_IRQHandler                
2020024c  Velocity_Counter                
00003f3d  Velocity_Get                    
202001a8  Wheel_Left                      
202001d0  Wheel_Right                     
0000578d  Yaw                             
00003269  YawPID_Compute                  
0000568d  YawPID_Enable                   
0000540d  YawPID_Init                     
00005799  YawPID_ResetIntegral            
000057a5  YawPID_SetTarget                
20200178  Yaw_Circle                      
20200250  Yaw_Value                       
202002b6  Yaw_Zero                        
20208000  __STACK_END                     
00000200  __STACK_SIZE                    
00000000  __TI_ATRegion0_region_sz        
00000000  __TI_ATRegion0_src_addr         
00000000  __TI_ATRegion0_trg_addr         
00000000  __TI_ATRegion1_region_sz        
00000000  __TI_ATRegion1_src_addr         
00000000  __TI_ATRegion1_trg_addr         
00000000  __TI_ATRegion2_region_sz        
00000000  __TI_ATRegion2_src_addr         
00000000  __TI_ATRegion2_trg_addr         
00008e28  __TI_CINIT_Base                 
00008e38  __TI_CINIT_Limit                
00008e38  __TI_CINIT_Warm                 
00008e14  __TI_Handler_Table_Base         
00008e20  __TI_Handler_Table_Limit        
00005279  __TI_auto_init_nobinit_nopinit  
00004649  __TI_decompress_lzss            
00005721  __TI_decompress_none            
00004c8d  __TI_ltoa                       
ffffffff  __TI_pprof_out_hndl             
00000ea9  __TI_printfi                    
ffffffff  __TI_prof_data_size             
ffffffff  __TI_prof_data_start            
00000000  __TI_static_base__              
000056bd  __TI_zero_init_nomemset         
00002f73  __adddf3                        
000040ff  __addsf3                        
00008c20  __aeabi_ctype_table_            
00008c20  __aeabi_ctype_table_C           
00004f65  __aeabi_d2iz                    
00002f73  __aeabi_dadd                    
00004ab1  __aeabi_dcmpeq                  
00004aed  __aeabi_dcmpge                  
00004b01  __aeabi_dcmpgt                  
00004ad9  __aeabi_dcmple                  
00004ac5  __aeabi_dcmplt                  
00003989  __aeabi_ddiv                    
00003d79  __aeabi_dmul                    
00002f69  __aeabi_dsub                    
202002d4  __aeabi_errno                   
000057f1  __aeabi_errno_addr              
00005109  __aeabi_f2d                     
00005365  __aeabi_f2iz                    
00005475  __aeabi_f2uiz                   
000040ff  __aeabi_fadd                    
00004b15  __aeabi_fcmpeq                  
00004b51  __aeabi_fcmpge                  
00004b65  __aeabi_fcmpgt                  
00004b3d  __aeabi_fcmple                  
00004b29  __aeabi_fcmplt                  
000045c5  __aeabi_fdiv                    
00004539  __aeabi_fmul                    
000040f5  __aeabi_fsub                    
00005509  __aeabi_i2d                     
00005201  __aeabi_i2f                     
00004d3d  __aeabi_idiv                    
00002f67  __aeabi_idiv0                   
00004d3d  __aeabi_idivmod                 
000030fb  __aeabi_ldiv0                   
0000561d  __aeabi_llsl                    
000055d5  __aeabi_lmul                    
000057f9  __aeabi_memcpy                  
000057f9  __aeabi_memcpy4                 
000057f9  __aeabi_memcpy8                 
00005765  __aeabi_memset                  
00005765  __aeabi_memset4                 
00005765  __aeabi_memset8                 
00005585  __aeabi_ui2f                    
000050c9  __aeabi_uidiv                   
000050c9  __aeabi_uidivmod                
000056d5  __aeabi_uldivmod                
0000561d  __ashldi3                       
ffffffff  __binit__                       
000049e1  __cmpdf2                        
000052b5  __cmpsf2                        
00003989  __divdf3                        
000045c5  __divsf3                        
000049e1  __eqdf2                         
000052b5  __eqsf2                         
00005109  __extendsfdf2                   
00004f65  __fixdfsi                       
00005365  __fixsfsi                       
00005475  __fixunssfsi                    
00005509  __floatsidf                     
00005201  __floatsisf                     
00005585  __floatunsisf                   
000047ad  __gedf2                         
0000523d  __gesf2                         
000047ad  __gtdf2                         
0000523d  __gtsf2                         
000049e1  __ledf2                         
000052b5  __lesf2                         
000049e1  __ltdf2                         
000052b5  __ltsf2                         
UNDEFED   __mpu_init                      
00003d79  __muldf3                        
000055d5  __muldi3                        
000052f1  __muldsi3                       
00004539  __mulsf3                        
000049e1  __nedf2                         
000052b5  __nesf2                         
20207e00  __stack                         
20200000  __start___llvm_prf_bits         
20200000  __start___llvm_prf_cnts         
20200000  __stop___llvm_prf_bits          
20200000  __stop___llvm_prf_cnts          
00002f69  __subdf3                        
000040f5  __subsf3                        
000043fd  __udivmoddi4                    
000055ad  _c_int00_noargs                 
UNDEFED   _system_post_cinit              
0000580f  _system_pre_init                
00005801  abort                           
000087a0  ascii_1206                      
000081b0  ascii_1608                      
00006fe0  ascii_2412                      
00005820  ascii_3216                      
00005149  atoi                            
ffffffff  binit                           
00004bd9  frexp                           
00004bd9  frexpl                          
20200000  gPWM_0Backup                    
202001f8  gSPI_LCDBackup                  
202000bc  gTIMER_TICKBackup               
00000000  interruptVectors                
0000401d  ldexp                           
0000401d  ldexpl                          
000042a1  main                            
000055f9  memccpy                         
0000449f  memcpy                          
00004b77  memset                          
0000401d  scalbn                          
0000401d  scalbnl                         
0000539d  sendCaliYawCommand              
000053d5  sprintf                         
2020025c  stcAccel                        
20200294  stcAngle                        
20200270  stcGyro                         
20200284  stcQuat                         
20200254  time                            
000041cd  uart0_send_SendByte             
00005441  uart1_sendString                
202002db  uart_data                       
00005745  wcslen                          
202002a0  zigbee_data                     


GLOBAL SYMBOLS: SORTED BY Symbol Address 

address   name                            
-------   ----                            
00000000  __TI_ATRegion0_region_sz        
00000000  __TI_ATRegion0_src_addr         
00000000  __TI_ATRegion0_trg_addr         
00000000  __TI_ATRegion1_region_sz        
00000000  __TI_ATRegion1_src_addr         
00000000  __TI_ATRegion1_trg_addr         
00000000  __TI_ATRegion2_region_sz        
00000000  __TI_ATRegion2_src_addr         
00000000  __TI_ATRegion2_trg_addr         
00000000  __TI_static_base__              
00000000  interruptVectors                
000000c1  LCD_Init                        
00000200  __STACK_SIZE                    
00000ea9  __TI_printfi                    
00001879  LCD_ShowChar                    
00001c79  LCD_Fill                        
00001f39  CopeSerial2Data                 
000021cd  LCD_Address_Set                 
00002619  LCD_ShowIntNum                  
00002837  ADC0_IRQHandler                 
00002837  ADC1_IRQHandler                 
00002837  AES_IRQHandler                  
00002837  CANFD0_IRQHandler               
00002837  DAC0_IRQHandler                 
00002837  DMA_IRQHandler                  
00002837  Default_Handler                 
00002837  GROUP0_IRQHandler               
00002837  HardFault_Handler               
00002837  I2C0_IRQHandler                 
00002837  I2C1_IRQHandler                 
00002837  NMI_Handler                     
00002837  PendSV_Handler                  
00002837  RTC_IRQHandler                  
00002837  SPI0_IRQHandler                 
00002837  SPI1_IRQHandler                 
00002837  SVC_Handler                     
00002837  SysTick_Handler                 
00002837  TIMA0_IRQHandler                
00002837  TIMG0_IRQHandler                
00002837  TIMG12_IRQHandler               
00002837  TIMG6_IRQHandler                
00002837  TIMG7_IRQHandler                
00002837  TIMG8_IRQHandler                
00002837  UART1_IRQHandler                
00002837  UART3_IRQHandler                
00002839  Show_Update                     
00002bf5  Run_Track                       
00002dcd  LCD_ShowFloatNum                
00002f67  __aeabi_idiv0                   
00002f69  __aeabi_dsub                    
00002f69  __subdf3                        
00002f73  __adddf3                        
00002f73  __aeabi_dadd                    
000030fb  __aeabi_ldiv0                   
00003269  YawPID_Compute                  
000033bd  Show_Init                       
00003635  SYSCFG_DL_GPIO_init             
00003879  Run_Turn                        
00003989  __aeabi_ddiv                    
00003989  __divdf3                        
00003a95  DL_Timer_initFourCCPWMMode      
00003b99  DL_Timer_initTimerMode          
00003c95  Run_AngleHold                   
00003d79  __aeabi_dmul                    
00003d79  __muldf3                        
00003e5d  ALL_Init                        
00003f3d  Velocity_Get                    
0000401d  ldexp                           
0000401d  ldexpl                          
0000401d  scalbn                          
0000401d  scalbnl                         
000040f5  __aeabi_fsub                    
000040f5  __subsf3                        
000040ff  __addsf3                        
000040ff  __aeabi_fadd                    
000041cd  uart0_send_SendByte             
000042a1  main                            
00004355  Track_Get                       
000043fd  __udivmoddi4                    
0000449f  memcpy                          
00004539  __aeabi_fmul                    
00004539  __mulsf3                        
000045c5  __aeabi_fdiv                    
000045c5  __divsf3                        
00004649  __TI_decompress_lzss            
000046c5  SYSCFG_DL_PWM_0_init            
00004739  SYSCFG_DL_PWM_1_init            
000047ad  __gedf2                         
000047ad  __gtdf2                         
00004821  LCD_WR_DATA                     
00004891  SYSCFG_DL_UART_0_init           
00004901  SYSCFG_DL_UART_1_init           
00004971  SYSCFG_DL_initPower             
000049e1  __cmpdf2                        
000049e1  __eqdf2                         
000049e1  __ledf2                         
000049e1  __ltdf2                         
000049e1  __nedf2                         
00004ab1  __aeabi_dcmpeq                  
00004ac5  __aeabi_dcmplt                  
00004ad9  __aeabi_dcmple                  
00004aed  __aeabi_dcmpge                  
00004b01  __aeabi_dcmpgt                  
00004b15  __aeabi_fcmpeq                  
00004b29  __aeabi_fcmplt                  
00004b3d  __aeabi_fcmple                  
00004b51  __aeabi_fcmpge                  
00004b65  __aeabi_fcmpgt                  
00004b77  memset                          
00004bd9  frexp                           
00004bd9  frexpl                          
00004c35  GROUP1_IRQHandler               
00004c8d  __TI_ltoa                       
00004d3d  __aeabi_idiv                    
00004d3d  __aeabi_idivmod                 
00004de5  SYSCFG_DL_TIMER_TICK_init       
00004e35  SYSCFG_DL_SPI_LCD_init          
00004e81  SYSCFG_DL_SYSCTL_init           
00004ecd  Track_GetBits                   
00004f19  LCD_ShowString                  
00004f65  __aeabi_d2iz                    
00004f65  __fixdfsi                       
00004fb1  DL_UART_init                    
00004ff9  SYSCFG_DL_init                  
00005041  DL_SPI_init                     
00005085  UART0_Init                      
000050c9  __aeabi_uidiv                   
000050c9  __aeabi_uidivmod                
00005109  __aeabi_f2d                     
00005109  __extendsfdf2                   
00005149  atoi                            
00005189  AO_Control                      
000051c5  BO_Control                      
00005201  __aeabi_i2f                     
00005201  __floatsisf                     
0000523d  __gesf2                         
0000523d  __gtsf2                         
00005279  __TI_auto_init_nobinit_nopinit  
000052b5  __cmpsf2                        
000052b5  __eqsf2                         
000052b5  __lesf2                         
000052b5  __ltsf2                         
000052b5  __nesf2                         
000052f1  __muldsi3                       
0000532d  Encoder_Get                     
00005365  __aeabi_f2iz                    
00005365  __fixsfsi                       
0000539d  sendCaliYawCommand              
000053d5  sprintf                         
0000540d  YawPID_Init                     
00005441  uart1_sendString                
00005475  __aeabi_f2uiz                   
00005475  __fixunssfsi                    
000054a9  Encoder_Init                    
00005509  __aeabi_i2d                     
00005509  __floatsidf                     
00005535  TIMA1_IRQHandler                
0000555d  UART0_IRQHandler                
00005585  __aeabi_ui2f                    
00005585  __floatunsisf                   
000055ad  _c_int00_noargs                 
000055d5  __aeabi_lmul                    
000055d5  __muldi3                        
000055f9  memccpy                         
0000561d  __aeabi_llsl                    
0000561d  __ashldi3                       
0000563d  DL_Timer_setCaptCompUpdateMethod
00005659  DL_Timer_setClockConfig         
00005675  DL_Timer_setCaptureCompareOutCtl
0000568d  YawPID_Enable                   
000056bd  __TI_zero_init_nomemset         
000056d5  __aeabi_uldivmod                
000056fd  DL_SPI_setClockConfig           
0000570f  DL_UART_setClockConfig          
00005721  __TI_decompress_none            
00005735  DL_Timer_setCaptureCompareValue 
00005745  wcslen                          
00005755  Delay_ms                        
00005765  __aeabi_memset                  
00005765  __aeabi_memset4                 
00005765  __aeabi_memset8                 
00005781  UART2_IRQHandler                
0000578d  Yaw                             
00005799  YawPID_ResetIntegral            
000057a5  YawPID_SetTarget                
000057b1  DL_Common_delayCycles           
000057e9  IMU_Init                        
000057f1  __aeabi_errno_addr              
000057f9  __aeabi_memcpy                  
000057f9  __aeabi_memcpy4                 
000057f9  __aeabi_memcpy8                 
00005801  abort                           
00005806  C$$EXIT                         
00005807  HOSTexit                        
0000580b  Reset_Handler                   
0000580f  _system_pre_init                
00005820  ascii_3216                      
00006fe0  ascii_2412                      
000081b0  ascii_1608                      
000087a0  ascii_1206                      
00008c20  __aeabi_ctype_table_            
00008c20  __aeabi_ctype_table_C           
00008e14  __TI_Handler_Table_Base         
00008e20  __TI_Handler_Table_Limit        
00008e28  __TI_CINIT_Base                 
00008e38  __TI_CINIT_Limit                
00008e38  __TI_CINIT_Warm                 
20200000  __start___llvm_prf_bits         
20200000  __start___llvm_prf_cnts         
20200000  __stop___llvm_prf_bits          
20200000  __stop___llvm_prf_cnts          
20200000  gPWM_0Backup                    
202000bc  gTIMER_TICKBackup               
20200178  Yaw_Circle                      
202001a8  Wheel_Left                      
202001d0  Wheel_Right                     
202001f8  gSPI_LCDBackup                  
20200243  Mode                            
20200244  Distance                        
20200248  Target_Yaw                      
2020024c  Velocity_Counter                
20200250  Yaw_Value                       
20200254  time                            
20200258  Track_Value                     
20200259  Turn_State                      
2020025c  stcAccel                        
20200270  stcGyro                         
20200284  stcQuat                         
20200294  stcAngle                        
202002a0  zigbee_data                     
202002ac  Key                             
202002b1  Save                            
202002b6  Yaw_Zero                        
202002bc  PID_KD                          
202002c0  PID_KI                          
202002c4  PID_KP                          
202002d0  Turn_Start_Yaw                  
202002d4  __aeabi_errno                   
202002db  uart_data                       
20207e00  __stack                         
20208000  __STACK_END                     
41c00000  BCRConfig                       
41c00100  BSLConfig                       
ffffffff  __TI_pprof_out_hndl             
ffffffff  __TI_prof_data_size             
ffffffff  __TI_prof_data_start            
ffffffff  __binit__                       
ffffffff  binit                           
UNDEFED   __mpu_init                      
UNDEFED   _system_post_cinit              

[250 symbols]
