******************************************************************************
            TI ARM Clang Linker PC v4.0.4                      
******************************************************************************
>> Linked Mon Jul 27 21:01:20 2026

OUTPUT FILE NAME:   <ElcContestTest.out>
ENTRY POINT SYMBOL: "_c_int00_noargs"  address: 00005695


MEMORY CONFIGURATION

         name            origin    length      used     unused   attr    fill
----------------------  --------  ---------  --------  --------  ----  --------
  FLASH                 00000000   00020000  00008f08  000170f8  R  X
  SRAM                  20200000   00008000  000004e3  00007b1d  RW X
  BCR_CONFIG            41c00000   000000ff  00000060  0000009f  R   
  BSL_CONFIG            41c00100   00000080  00000058  00000028  R   


SEGMENT ALLOCATION MAP

run origin  load origin   length   init length attrs members
----------  ----------- ---------- ----------- ----- -------
00000000    00000000    00008f08   00008f08    r-x
  00000000    00000000    000000c0   000000c0    r-- .intvecs
  000000c0    000000c0    00005830   00005830    r-x .text
  000058f0    000058f0    000035d0   000035d0    r-- .rodata
  00008ec0    00008ec0    00000048   00000048    r-- .cinit
20200000    20200000    000002e5   00000000    rw-
  20200000    20200000    0000025a   00000000    rw- .bss
  2020025c    2020025c    00000089   00000000    rw- .data
20207e00    20207e00    00000200   00000000    rw-
  20207e00    20207e00    00000200   00000000    rw- .stack
41c00000    41c00000    00000060   00000060    r--
  41c00000    41c00000    00000060   00000060    r-- .BCRConfig
41c00100    41c00100    00000058   00000058    r--
  41c00100    41c00100    00000058   00000058    r-- .BSLConfig


SECTION ALLOCATION MAP

 output                                  attributes/
section   page    origin      length       input sections
--------  ----  ----------  ----------   ----------------
.intvecs   0    00000000    000000c0     
                  00000000    000000c0     startup_mspm0g350x_ticlang.o (.intvecs)

.text      0    000000c0    00005830     
                  000000c0    00000de8     lcd_init.o (.text.LCD_Init)
                  00000ea8    000009d0     libc.a : _printfi.c.obj (.text:__TI_printfi)
                  00001878    00000400     lcd.o (.text.LCD_ShowChar)
                  00001c78    000002c0     lcd.o (.text.LCD_Fill)
                  00001f38    00000294     IMU.o (.text.CopeSerial2Data)
                  000021cc    0000022c     lcd_init.o (.text.LCD_Address_Set)
                  000023f8    00000220     libc.a : _printfi.c.obj (.text._pconv_a)
                  00002618    0000021e     lcd.o (.text.LCD_ShowIntNum)
                  00002836    00000002     startup_mspm0g350x_ticlang.o (.text.Default_Handler)
                  00002838    00000218     empty.o (.text.Run_Turn)
                  00002a50    000001e0     empty.o (.text.Show_Update)
                  00002c30    000001dc     libc.a : _printfi.c.obj (.text._pconv_g)
                  00002e0c    0000019a     lcd.o (.text.LCD_ShowFloatNum)
                  00002fa6    00000002     libclang_rt.builtins.a : aeabi_div0.c.obj (.text.__aeabi_idiv0)
                  00002fa8    00000192                            : adddf3.S.obj (.text.adddf3_subdf3)
                  0000313a    00000002                            : aeabi_div0.c.obj (.text.__aeabi_ldiv0)
                  0000313c    00000180     empty.o (.text.Run_Track)
                  000032bc    0000016c     empty.o (.text.PID_Get)
                  00003428    00000154     YAW_PID.o (.text.YawPID_Compute)
                  0000357c    0000013c     empty.o (.text.Show_Init)
                  000036b8    0000013c     libc.a : _printfi.c.obj (.text.fcvt)
                  000037f4    00000124     ti_msp_dl_config.o (.text.SYSCFG_DL_GPIO_init)
                  00003918    00000120     libc.a : _printfi.c.obj (.text._pconv_e)
                  00003a38    0000010c     libclang_rt.builtins.a : divdf3.S.obj (.text.__divdf3)
                  00003b44    00000104     driverlib.a : dl_timer.o (.text.DL_Timer_initFourCCPWMMode)
                  00003c48    000000fc                 : dl_timer.o (.text.DL_Timer_initTimerMode)
                  00003d44    000000e4     empty.o (.text.Run_AngleHold)
                  00003e28    000000e4     libclang_rt.builtins.a : muldf3.S.obj (.text.__muldf3)
                  00003f0c    000000e0     empty.o (.text.ALL_Init)
                  00003fec    000000e0     empty.o (.text.Velocity_Get)
                  000040cc    000000d8     libc.a : s_scalbn.c.obj (.text.scalbn)
                  000041a4    000000d8     libclang_rt.builtins.a : addsf3.S.obj (.text)
                  0000427c    000000d4     board.o (.text.uart0_send_SendByte)
                  00004350    000000b8     empty.o (.text.main)
                  00004408    000000a8     TRACK.o (.text.Track_Get)
                  000044b0    000000a2     libclang_rt.builtins.a : udivmoddi4.S.obj (.text)
                  00004552    0000009a     libc.a : memcpy16.S.obj (.text:memcpy)
                  000045ec    0000008c     libclang_rt.builtins.a : mulsf3.S.obj (.text.__mulsf3)
                  00004678    00000082                            : divsf3.S.obj (.text.__divsf3)
                  000046fa    00000002     --HOLE-- [fill = 0]
                  000046fc    0000007c     libc.a : copy_decompress_lzss.c.obj (.text:decompress:lzss)
                  00004778    00000074     ti_msp_dl_config.o (.text.SYSCFG_DL_PWM_0_init)
                  000047ec    00000074     ti_msp_dl_config.o (.text.SYSCFG_DL_PWM_1_init)
                  00004860    00000074     libclang_rt.builtins.a : comparedf2.c.obj (.text.__gedf2)
                  000048d4    0000000c     ZIGBEE.o (.text.UART2_IRQHandler)
                  000048e0    00000074     libclang_rt.builtins.a : truncdfsf2.S.obj (.text.__truncdfsf2)
                  00004954    00000070     lcd_init.o (.text.LCD_WR_DATA)
                  000049c4    00000070     ti_msp_dl_config.o (.text.SYSCFG_DL_UART_0_init)
                  00004a34    00000070     ti_msp_dl_config.o (.text.SYSCFG_DL_UART_1_init)
                  00004aa4    00000070     ti_msp_dl_config.o (.text.SYSCFG_DL_initPower)
                  00004b14    00000068     libclang_rt.builtins.a : comparedf2.c.obj (.text.__ledf2)
                  00004b7c    00000066     libc.a : _printfi.c.obj (.text._mcpy)
                  00004be2    00000002     --HOLE-- [fill = 0]
                  00004be4    00000062     libclang_rt.builtins.a : aeabi_dcmp.S.obj (.text.__aeabi_dcmp)
                  00004c46    00000002     --HOLE-- [fill = 0]
                  00004c48    00000062                            : aeabi_fcmp.S.obj (.text.__aeabi_fcmp)
                  00004caa    00000062     libc.a : memset16.S.obj (.text:memset)
                  00004d0c    0000005c            : s_frexp.c.obj (.text.frexp)
                  00004d68    00000058     ENCODER.o (.text.GROUP1_IRQHandler)
                  00004dc0    00000058     libc.a : _ltoa.c.obj (.text.__TI_ltoa)
                  00004e18    00000058            : _printfi.c.obj (.text._pconv_f)
                  00004e70    00000056     libclang_rt.builtins.a : aeabi_idivmod.S.obj (.text.__aeabi_idivmod)
                  00004ec6    00000052     libc.a : _printfi.c.obj (.text._ecpy)
                  00004f18    00000050     ti_msp_dl_config.o (.text.SYSCFG_DL_TIMER_TICK_init)
                  00004f68    0000004c     ti_msp_dl_config.o (.text.SYSCFG_DL_SPI_LCD_init)
                  00004fb4    0000004c     ti_msp_dl_config.o (.text.SYSCFG_DL_SYSCTL_init)
                  00005000    0000004a     lcd.o (.text.LCD_ShowString)
                  0000504a    00000002     --HOLE-- [fill = 0]
                  0000504c    0000004a     libclang_rt.builtins.a : fixdfsi.S.obj (.text.__fixdfsi)
                  00005096    00000002     --HOLE-- [fill = 0]
                  00005098    00000048     driverlib.a : dl_uart.o (.text.DL_UART_init)
                  000050e0    00000048     ti_msp_dl_config.o (.text.SYSCFG_DL_init)
                  00005128    00000044     driverlib.a : dl_spi.o (.text.DL_SPI_init)
                  0000516c    00000044     board.o (.text.UART0_Init)
                  000051b0    00000040     libclang_rt.builtins.a : aeabi_uidivmod.S.obj (.text.__aeabi_uidivmod)
                  000051f0    00000040                            : extendsfdf2.S.obj (.text.__extendsfdf2)
                  00005230    00000040     libc.a : atoi.c.obj (.text.atoi)
                  00005270    0000003c     MOTOR.o (.text.AO_Control)
                  000052ac    0000003c     MOTOR.o (.text.BO_Control)
                  000052e8    0000003c     libclang_rt.builtins.a : floatsisf.S.obj (.text.__floatsisf)
                  00005324    0000003c                            : comparesf2.S.obj (.text.__gtsf2)
                  00005360    0000003c     libc.a : autoinit.c.obj (.text:__TI_auto_init_nobinit_nopinit)
                  0000539c    0000003a     libclang_rt.builtins.a : comparesf2.S.obj (.text.__eqsf2)
                  000053d6    00000002     --HOLE-- [fill = 0]
                  000053d8    0000003a                            : muldsi3.S.obj (.text.__muldsi3)
                  00005412    00000002     --HOLE-- [fill = 0]
                  00005414    00000038     ENCODER.o (.text.Encoder_Get)
                  0000544c    00000038     libclang_rt.builtins.a : fixsfsi.S.obj (.text.__fixsfsi)
                  00005484    00000038     IMU.o (.text.sendCaliYawCommand)
                  000054bc    00000038     libc.a : sprintf.c.obj (.text.sprintf)
                  000054f4    00000034     YAW_PID.o (.text.YawPID_Init)
                  00005528    00000034     board.o (.text.uart1_sendString)
                  0000555c    00000032     libclang_rt.builtins.a : fixunssfsi.S.obj (.text.__fixunssfsi)
                  0000558e    00000002     --HOLE-- [fill = 0]
                  00005590    00000030     ENCODER.o (.text.Encoder_Init)
                  000055c0    00000030     libc.a : _printfi.c.obj (.text._fcpy)
                  000055f0    0000002c     libclang_rt.builtins.a : floatsidf.S.obj (.text.__floatsidf)
                  0000561c    00000028     empty.o (.text.TIMA1_IRQHandler)
                  00005644    00000028     IMU.o (.text.UART0_IRQHandler)
                  0000566c    00000028     libclang_rt.builtins.a : floatunsisf.S.obj (.text.__floatunsisf)
                  00005694    00000028     libc.a : boot_cortex_m.c.obj (.text:_c_int00_noargs)
                  000056bc    00000024     libclang_rt.builtins.a : muldi3.S.obj (.text.__muldi3)
                  000056e0    00000022     libc.a : memccpy.c.obj (.text.memccpy)
                  00005702    00000002     --HOLE-- [fill = 0]
                  00005704    0000001e     libclang_rt.builtins.a : ashldi3.S.obj (.text.__ashldi3)
                  00005722    00000002     --HOLE-- [fill = 0]
                  00005724    0000001c     driverlib.a : dl_timer.o (.text.DL_Timer_setCaptCompUpdateMethod)
                  00005740    0000001c                 : dl_timer.o (.text.DL_Timer_setClockConfig)
                  0000575c    00000018                 : dl_timer.o (.text.DL_Timer_setCaptureCompareOutCtl)
                  00005774    00000018     YAW_PID.o (.text.YawPID_Enable)
                  0000578c    00000018     libc.a : sprintf.c.obj (.text._outs)
                  000057a4    00000016            : copy_zero_init.c.obj (.text:decompress:ZI:__TI_zero_init_nomemset)
                  000057ba    00000002     --HOLE-- [fill = 0]
                  000057bc    00000014     libclang_rt.builtins.a : aeabi_uldivmod.S.obj (.text.__aeabi_uldivmod)
                  000057d0    00000014     libc.a : _printfi.c.obj (.text.strchr)
                  000057e4    00000012     driverlib.a : dl_spi.o (.text.DL_SPI_setClockConfig)
                  000057f6    00000012                 : dl_uart.o (.text.DL_UART_setClockConfig)
                  00005808    00000012     libc.a : copy_decompress_none.c.obj (.text:decompress:none)
                  0000581a    00000002     --HOLE-- [fill = 0]
                  0000581c    00000010     driverlib.a : dl_timer.o (.text.DL_Timer_setCaptureCompareValue)
                  0000582c    00000010     libc.a : wcslen.c.obj (.text.wcslen)
                  0000583c    0000000e     board.o (.text.Delay_ms)
                  0000584a    00000002     --HOLE-- [fill = 0]
                  0000584c    0000000e     libclang_rt.builtins.a : aeabi_memset.S.obj (.text.__aeabi_memset)
                  0000585a    0000000e     libc.a : _printfi.c.obj (.text.strlen)
                  00005868    0000000c     IMU.o (.text.Yaw)
                  00005874    0000000c     YAW_PID.o (.text.YawPID_ResetIntegral)
                  00005880    0000000c     YAW_PID.o (.text.YawPID_SetTarget)
                  0000588c    0000000a     driverlib.a : dl_common.o (.text.DL_Common_delayCycles)
                  00005896    0000000a     libc.a : _printfi.c.obj (.text.OUTLINED_FUNCTION_0)
                  000058a0    00000010     libclang_rt.builtins.a : adddf3.S.obj (.tramp.__aeabi_dsub.1)
                  000058b0    0000000a     libc.a : _printfi.c.obj (.text.OUTLINED_FUNCTION_1)
                  000058ba    0000000a            : sprintf.c.obj (.text._outc)
                  000058c4    00000008     IMU.o (.text.IMU_Init)
                  000058cc    00000008     libc.a : aeabi_portable.c.obj (.text.__aeabi_errno_addr)
                  000058d4    00000008     libclang_rt.builtins.a : aeabi_memcpy.S.obj (.text.__aeabi_memcpy)
                  000058dc    00000006     libc.a : exit.c.obj (.text:abort)
                  000058e2    00000004     libsysbm.a : hostexit.c.obj (.text.HOSTexit)
                  000058e6    00000004     startup_mspm0g350x_ticlang.o (.text.Reset_Handler)
                  000058ea    00000004     libc.a : pre_init.c.obj (.text._system_pre_init)
                  000058ee    00000002     --HOLE-- [fill = 0]

.cinit     0    00008ec0    00000048     
                  00008ec0    00000022     (.cinit..data.load) [load image, compression = lzss]
                  00008ee2    00000002     --HOLE-- [fill = 0]
                  00008ee4    0000000c     (__TI_handler_table)
                  00008ef0    00000008     (.cinit..bss.load) [load image, compression = zero_init]
                  00008ef8    00000010     (__TI_cinit_table)

.rodata    0    000058f0    000035d0     
                  000058f0    000017c0     lcd.o (.rodata.ascii_3216)
                  000070b0    000011d0     lcd.o (.rodata.ascii_2412)
                  00008280    000005f0     lcd.o (.rodata.ascii_1608)
                  00008870    00000474     lcd.o (.rodata.ascii_1206)
                  00008ce4    0000000a     ti_msp_dl_config.o (.rodata.gSPI_LCD_config)
                  00008cee    00000002     ti_msp_dl_config.o (.rodata.gSPI_LCD_clockConfig)
                  00008cf0    00000101     libc.a : aeabi_ctype.S.obj (.rodata:__aeabi_ctype_table_)
                  00008df1    00000003     ti_msp_dl_config.o (.rodata.gPWM_0ClockConfig)
                  00008df4    00000014     ti_msp_dl_config.o (.rodata.gTIMER_TICKTimerConfig)
                  00008e08    00000011     libc.a : _printfi.c.obj (.rodata.str1.10348868589481759720.1)
                  00008e19    00000011            : _printfi.c.obj (.rodata.str1.15363888844622738466.1)
                  00008e2a    0000000e     empty.o (.rodata.str1.9517790425240694019.1)
                  00008e38    0000000a     ti_msp_dl_config.o (.rodata.gUART_0Config)
                  00008e42    0000000a     ti_msp_dl_config.o (.rodata.gUART_1Config)
                  00008e4c    0000000a     empty.o (.rodata.str1.9410084661655729462.1)
                  00008e56    00000009     empty.o (.rodata.str1.11898133897667081452.1)
                  00008e5f    00000009     empty.o (.rodata.str1.14685083708502177989.1)
                  00008e68    00000009     empty.o (.rodata.str1.16704889451495720520.1)
                  00008e71    00000003     ti_msp_dl_config.o (.rodata.gPWM_1ClockConfig)
                  00008e74    00000008     ti_msp_dl_config.o (.rodata.gPWM_0Config)
                  00008e7c    00000008     ti_msp_dl_config.o (.rodata.gPWM_1Config)
                  00008e84    00000008     empty.o (.rodata.str1.17669528882079347314.1)
                  00008e8c    00000008     empty.o (.rodata.str1.254342170260855183.1)
                  00008e94    00000008     empty.o (.rodata.str1.7401042497206923953.1)
                  00008e9c    00000007     empty.o (.rodata.str1.17686411042290499047.1)
                  00008ea3    00000005     empty.o (.rodata.str1.7386103758396746866.1)
                  00008ea8    00000004     empty.o (.rodata.str1.150872071346279890.1)
                  00008eac    00000004     empty.o (.rodata.str1.15706828512682300538.1)
                  00008eb0    00000004     empty.o (.rodata.str1.2196762768037919588.1)
                  00008eb4    00000003     ti_msp_dl_config.o (.rodata.gTIMER_TICKClockConfig)
                  00008eb7    00000002     ti_msp_dl_config.o (.rodata.gUART_0ClockConfig)
                  00008eb9    00000002     ti_msp_dl_config.o (.rodata.gUART_1ClockConfig)
                  00008ebb    00000005     --HOLE-- [fill = 0]

.init_array 
*          0    00000000    00000000     UNINITIALIZED

.binit     0    00000000    00000000     

.bss       0    20200000    0000025a     UNINITIALIZED
                  20200000    000000bc     (.common:gPWM_0Backup)
                  202000bc    000000bc     (.common:gTIMER_TICKBackup)
                  20200178    00000030     (.common:Yaw_Circle)
                  202001a8    00000028     (.common:Wheel_Left)
                  202001d0    00000028     (.common:Wheel_Right)
                  202001f8    00000028     (.common:gSPI_LCDBackup)
                  20200220    0000000c     ENCODER.o (.bss.motor_encoder1)
                  2020022c    0000000c     ENCODER.o (.bss.motor_encoder2)
                  20200238    0000000b     IMU.o (.bss.CopeSerial2Data.ucRxBuffer)
                  20200243    00000001     (.common:Mode)
                  20200244    00000004     (.common:Distance)
                  20200248    00000004     (.common:Target_Yaw)
                  2020024c    00000004     (.common:Velocity_Counter)
                  20200250    00000004     (.common:Yaw_Value)
                  20200254    00000004     (.common:time)
                  20200258    00000001     (.common:Track_Value)
                  20200259    00000001     (.common:Turn_State)

.data      0    2020025c    00000089     UNINITIALIZED
                  2020025c    00000014     IMU.o (.data.stcAccel)
                  20200270    00000014     IMU.o (.data.stcGyro)
                  20200284    00000010     IMU.o (.data.stcQuat)
                  20200294    0000000c     IMU.o (.data.stcAngle)
                  202002a0    0000000c     ZIGBEE.o (.data.zigbee_data)
                  202002ac    00000005     IMU.o (.data.Key)
                  202002b1    00000005     IMU.o (.data.Save)
                  202002b6    00000005     IMU.o (.data.Yaw_Zero)
                  202002bb    00000001     IMU.o (.data.CopeSerial2Data.ucRxCnt)
                  202002bc    00000004     empty.o (.data.PID_KD)
                  202002c0    00000004     empty.o (.data.PID_KI)
                  202002c4    00000004     empty.o (.data.PID_KP)
                  202002c8    00000004     empty.o (.data.Run_AngleHold.Last_Direction)
                  202002cc    00000004     empty.o (.data.Run_Track.Last_Error)
                  202002d0    00000004     empty.o (.data.Run_Turn.Backup_Start_Enconder_L)
                  202002d4    00000004     empty.o (.data.Run_Turn.Backup_Start_Enconder_R)
                  202002d8    00000004     empty.o (.data.Turn_Start_Yaw)
                  202002dc    00000004     libc.a : aeabi_portable.c.obj (.data.__aeabi_errno)
                  202002e0    00000001     empty.o (.data.Run_Track.Tracking_Flag)
                  202002e1    00000001     empty.o (.data.Run_Turn.Last_Turn_State)
                  202002e2    00000001     empty.o (.data.Run_Turn.Phase)
                  202002e3    00000001     TRACK.o (.data.Track_Get.Track_Value)
                  202002e4    00000001     IMU.o (.data.uart_data)

.stack     0    20207e00    00000200     UNINITIALIZED
                  20207e00    00000004     libc.a : boot_cortex_m.c.obj (.stack)
                  20207e04    000001fc     --HOLE--

.BCRConfig 
*          0    41c00000    00000060     
                  41c00000    00000060     boot_config.o (.BCRConfig)

.BSLConfig 
*          0    41c00100    00000058     
                  41c00100    00000058     boot_config.o (.BSLConfig)

__llvm_prf_cnts 
*          0    20200000    00000000     UNINITIALIZED

__llvm_prf_bits 
*          0    20200000    00000000     UNINITIALIZED

MODULE SUMMARY

       Module                         code    ro data   rw data
       ------                         ----    -------   -------
    .\
       empty.o                        2980    99        138    
       ti_msp_dl_config.o             1164    81        416    
       startup_mspm0g350x_ticlang.o   6       192       0      
       boot_config.o                  0       184       0      
    +--+------------------------------+-------+---------+---------+
       Total:                         4150    556       554    
                                                               
    .\BPS\Board\
       board.o                        346     0         0      
    +--+------------------------------+-------+---------+---------+
       Total:                         346     0         0      
                                                               
    .\BPS\lcd\
       lcd.o                          2754    13300     0      
       lcd_init.o                     4228    0         0      
    +--+------------------------------+-------+---------+---------+
       Total:                         6982    13300     0      
                                                               
    .\BPS\src\
       IMU.o                          776     0         96     
       YAW_PID.o                      440     0         48     
       ENCODER.o                      192     0         24     
       TRACK.o                        168     0         1      
       MOTOR.o                        120     0         0      
       ZIGBEE.o                       12      0         12     
    +--+------------------------------+-------+---------+---------+
       Total:                         1708    0         181    
                                                               
    E:/SDK/Ti/mspm0_sdk_2_10_00_04/mspm0_sdk_2_11_00_07/source/ti/driverlib/lib/ticlang/m0p/mspm0g1x0x_g3x0x/driverlib.a
       dl_timer.o                     608     0         0      
       dl_uart.o                      90      0         0      
       dl_spi.o                       86      0         0      
       dl_common.o                    10      0         0      
    +--+------------------------------+-------+---------+---------+
       Total:                         794     0         0      
                                                               
    E:\software\IDE\Code Composer Studio\ccs\tools\compiler\ti-cgt-armllvm_4.0.4.LTS\lib\armv6m-ti-none-eabi/c/libc.a
       _printfi.c.obj                 4510    34        0      
       aeabi_ctype.S.obj              0       257       0      
       s_scalbn.c.obj                 216     0         0      
       memcpy16.S.obj                 154     0         0      
       copy_decompress_lzss.c.obj     124     0         0      
       memset16.S.obj                 98      0         0      
       s_frexp.c.obj                  92      0         0      
       sprintf.c.obj                  90      0         0      
       _ltoa.c.obj                    88      0         0      
       atoi.c.obj                     64      0         0      
       autoinit.c.obj                 60      0         0      
       boot_cortex_m.c.obj            40      0         0      
       memccpy.c.obj                  34      0         0      
       copy_zero_init.c.obj           22      0         0      
       copy_decompress_none.c.obj     18      0         0      
       wcslen.c.obj                   16      0         0      
       aeabi_portable.c.obj           8       0         4      
       exit.c.obj                     6       0         0      
       pre_init.c.obj                 4       0         0      
    +--+------------------------------+-------+---------+---------+
       Total:                         5644    291       4      
                                                               
    E:\software\IDE\Code Composer Studio\ccs\tools\compiler\ti-cgt-armllvm_4.0.4.LTS\lib\armv6m-ti-none-eabi/c/libsysbm.a
       hostexit.c.obj                 4       0         0      
    +--+------------------------------+-------+---------+---------+
       Total:                         4       0         0      
                                                               
    E:\software\IDE\Code Composer Studio\ccs\tools\compiler\ti-cgt-armllvm_4.0.4.LTS\lib\armv6m-ti-none-eabi/libclang_rt.builtins.a
       adddf3.S.obj                   418     0         0      
       divdf3.S.obj                   268     0         0      
       muldf3.S.obj                   228     0         0      
       comparedf2.c.obj               220     0         0      
       addsf3.S.obj                   216     0         0      
       udivmoddi4.S.obj               162     0         0      
       mulsf3.S.obj                   140     0         0      
       divsf3.S.obj                   130     0         0      
       comparesf2.S.obj               118     0         0      
       truncdfsf2.S.obj               116     0         0      
       aeabi_dcmp.S.obj               98      0         0      
       aeabi_fcmp.S.obj               98      0         0      
       aeabi_idivmod.S.obj            86      0         0      
       fixdfsi.S.obj                  74      0         0      
       aeabi_uidivmod.S.obj           64      0         0      
       extendsfdf2.S.obj              64      0         0      
       floatsisf.S.obj                60      0         0      
       muldsi3.S.obj                  58      0         0      
       fixsfsi.S.obj                  56      0         0      
       fixunssfsi.S.obj               50      0         0      
       floatsidf.S.obj                44      0         0      
       floatunsisf.S.obj              40      0         0      
       muldi3.S.obj                   36      0         0      
       ashldi3.S.obj                  30      0         0      
       aeabi_uldivmod.S.obj           20      0         0      
       aeabi_memset.S.obj             14      0         0      
       aeabi_memcpy.S.obj             8       0         0      
       aeabi_div0.c.obj               4       0         0      
    +--+------------------------------+-------+---------+---------+
       Total:                         2920    0         0      
                                                               
       Stack:                         0       0         512    
       Linker Generated:              0       70        0      
    +--+------------------------------+-------+---------+---------+
       Grand Total:                   22548   14217     1251   


LINKER GENERATED COPY TABLES

__TI_cinit_table @ 00008ef8 records: 2, size/record: 8, table size: 16
	.data: load addr=00008ec0, load size=00000022 bytes, run addr=2020025c, run size=00000089 bytes, compression=lzss
	.bss: load addr=00008ef0, load size=00000008 bytes, run addr=20200000, run size=0000025a bytes, compression=zero_init


LINKER GENERATED HANDLER TABLE

__TI_handler_table @ 00008ee4 records: 3, size/record: 4, table size: 12
	index: 0, handler: __TI_decompress_lzss
	index: 1, handler: __TI_decompress_none
	index: 2, handler: __TI_zero_init


FAR CALL TRAMPOLINES

callee name               trampoline name
   callee addr  tramp addr   call addr  call info
--------------  -----------  ---------  ----------------
__aeabi_dsub              $Tramp$TT$L$PI$$__aeabi_dsub
   00002fa9     000058a0     0000589e   libc.a : _printfi.c.obj (.text.OUTLINED_FUNCTION_0)

[1 trampolines]
[1 trampoline calls]


GLOBAL SYMBOLS: SORTED ALPHABETICALLY BY Name 

address   name                            
-------   ----                            
00002837  ADC0_IRQHandler                 
00002837  ADC1_IRQHandler                 
00002837  AES_IRQHandler                  
00003f0d  ALL_Init                        
00005271  AO_Control                      
41c00000  BCRConfig                       
000052ad  BO_Control                      
41c00100  BSLConfig                       
000058e2  C$$EXIT                         
00002837  CANFD0_IRQHandler               
00001f39  CopeSerial2Data                 
00002837  DAC0_IRQHandler                 
0000588d  DL_Common_delayCycles           
00005129  DL_SPI_init                     
000057e5  DL_SPI_setClockConfig           
00003b45  DL_Timer_initFourCCPWMMode      
00003c49  DL_Timer_initTimerMode          
00005725  DL_Timer_setCaptCompUpdateMethod
0000575d  DL_Timer_setCaptureCompareOutCtl
0000581d  DL_Timer_setCaptureCompareValue 
00005741  DL_Timer_setClockConfig         
00005099  DL_UART_init                    
000057f7  DL_UART_setClockConfig          
00002837  DMA_IRQHandler                  
00002837  Default_Handler                 
0000583d  Delay_ms                        
20200244  Distance                        
00005415  Encoder_Get                     
00005591  Encoder_Init                    
00002837  GROUP0_IRQHandler               
00004d69  GROUP1_IRQHandler               
000058e3  HOSTexit                        
00002837  HardFault_Handler               
00002837  I2C0_IRQHandler                 
00002837  I2C1_IRQHandler                 
000058c5  IMU_Init                        
202002ac  Key                             
000021cd  LCD_Address_Set                 
00001c79  LCD_Fill                        
000000c1  LCD_Init                        
00001879  LCD_ShowChar                    
00002e0d  LCD_ShowFloatNum                
00002619  LCD_ShowIntNum                  
00005001  LCD_ShowString                  
00004955  LCD_WR_DATA                     
20200243  Mode                            
00002837  NMI_Handler                     
202002bc  PID_KD                          
202002c0  PID_KI                          
202002c4  PID_KP                          
00002837  PendSV_Handler                  
00002837  RTC_IRQHandler                  
000058e7  Reset_Handler                   
00003d45  Run_AngleHold                   
0000313d  Run_Track                       
00002839  Run_Turn                        
00002837  SPI0_IRQHandler                 
00002837  SPI1_IRQHandler                 
00002837  SVC_Handler                     
000037f5  SYSCFG_DL_GPIO_init             
00004779  SYSCFG_DL_PWM_0_init            
000047ed  SYSCFG_DL_PWM_1_init            
00004f69  SYSCFG_DL_SPI_LCD_init          
00004fb5  SYSCFG_DL_SYSCTL_init           
00004f19  SYSCFG_DL_TIMER_TICK_init       
000049c5  SYSCFG_DL_UART_0_init           
00004a35  SYSCFG_DL_UART_1_init           
000050e1  SYSCFG_DL_init                  
00004aa5  SYSCFG_DL_initPower             
202002b1  Save                            
0000357d  Show_Init                       
00002a51  Show_Update                     
00002837  SysTick_Handler                 
00002837  TIMA0_IRQHandler                
0000561d  TIMA1_IRQHandler                
00002837  TIMG0_IRQHandler                
00002837  TIMG12_IRQHandler               
00002837  TIMG6_IRQHandler                
00002837  TIMG7_IRQHandler                
00002837  TIMG8_IRQHandler                
20200248  Target_Yaw                      
00004409  Track_Get                       
20200258  Track_Value                     
202002d8  Turn_Start_Yaw                  
20200259  Turn_State                      
00005645  UART0_IRQHandler                
0000516d  UART0_Init                      
00002837  UART1_IRQHandler                
000048d5  UART2_IRQHandler                
00002837  UART3_IRQHandler                
2020024c  Velocity_Counter                
00003fed  Velocity_Get                    
202001a8  Wheel_Left                      
202001d0  Wheel_Right                     
00005869  Yaw                             
00003429  YawPID_Compute                  
00005775  YawPID_Enable                   
000054f5  YawPID_Init                     
00005875  YawPID_ResetIntegral            
00005881  YawPID_SetTarget                
20200178  Yaw_Circle                      
20200250  Yaw_Value                       
202002b6  Yaw_Zero                        
20208000  __STACK_END                     
00000200  __STACK_SIZE                    
00000000  __TI_ATRegion0_region_sz        
00000000  __TI_ATRegion0_src_addr         
00000000  __TI_ATRegion0_trg_addr         
00000000  __TI_ATRegion1_region_sz        
00000000  __TI_ATRegion1_src_addr         
00000000  __TI_ATRegion1_trg_addr         
00000000  __TI_ATRegion2_region_sz        
00000000  __TI_ATRegion2_src_addr         
00000000  __TI_ATRegion2_trg_addr         
00008ef8  __TI_CINIT_Base                 
00008f08  __TI_CINIT_Limit                
00008f08  __TI_CINIT_Warm                 
00008ee4  __TI_Handler_Table_Base         
00008ef0  __TI_Handler_Table_Limit        
00005361  __TI_auto_init_nobinit_nopinit  
000046fd  __TI_decompress_lzss            
00005809  __TI_decompress_none            
00004dc1  __TI_ltoa                       
ffffffff  __TI_pprof_out_hndl             
00000ea9  __TI_printfi                    
ffffffff  __TI_prof_data_size             
ffffffff  __TI_prof_data_start            
00000000  __TI_static_base__              
000057a5  __TI_zero_init_nomemset         
00002fb3  __adddf3                        
000041af  __addsf3                        
00008cf0  __aeabi_ctype_table_            
00008cf0  __aeabi_ctype_table_C           
000048e1  __aeabi_d2f                     
0000504d  __aeabi_d2iz                    
00002fb3  __aeabi_dadd                    
00004be5  __aeabi_dcmpeq                  
00004c21  __aeabi_dcmpge                  
00004c35  __aeabi_dcmpgt                  
00004c0d  __aeabi_dcmple                  
00004bf9  __aeabi_dcmplt                  
00003a39  __aeabi_ddiv                    
00003e29  __aeabi_dmul                    
00002fa9  __aeabi_dsub                    
202002dc  __aeabi_errno                   
000058cd  __aeabi_errno_addr              
000051f1  __aeabi_f2d                     
0000544d  __aeabi_f2iz                    
0000555d  __aeabi_f2uiz                   
000041af  __aeabi_fadd                    
00004c49  __aeabi_fcmpeq                  
00004c85  __aeabi_fcmpge                  
00004c99  __aeabi_fcmpgt                  
00004c71  __aeabi_fcmple                  
00004c5d  __aeabi_fcmplt                  
00004679  __aeabi_fdiv                    
000045ed  __aeabi_fmul                    
000041a5  __aeabi_fsub                    
000055f1  __aeabi_i2d                     
000052e9  __aeabi_i2f                     
00004e71  __aeabi_idiv                    
00002fa7  __aeabi_idiv0                   
00004e71  __aeabi_idivmod                 
0000313b  __aeabi_ldiv0                   
00005705  __aeabi_llsl                    
000056bd  __aeabi_lmul                    
000058d5  __aeabi_memcpy                  
000058d5  __aeabi_memcpy4                 
000058d5  __aeabi_memcpy8                 
0000584d  __aeabi_memset                  
0000584d  __aeabi_memset4                 
0000584d  __aeabi_memset8                 
0000566d  __aeabi_ui2f                    
000051b1  __aeabi_uidiv                   
000051b1  __aeabi_uidivmod                
000057bd  __aeabi_uldivmod                
00005705  __ashldi3                       
ffffffff  __binit__                       
00004b15  __cmpdf2                        
0000539d  __cmpsf2                        
00003a39  __divdf3                        
00004679  __divsf3                        
00004b15  __eqdf2                         
0000539d  __eqsf2                         
000051f1  __extendsfdf2                   
0000504d  __fixdfsi                       
0000544d  __fixsfsi                       
0000555d  __fixunssfsi                    
000055f1  __floatsidf                     
000052e9  __floatsisf                     
0000566d  __floatunsisf                   
00004861  __gedf2                         
00005325  __gesf2                         
00004861  __gtdf2                         
00005325  __gtsf2                         
00004b15  __ledf2                         
0000539d  __lesf2                         
00004b15  __ltdf2                         
0000539d  __ltsf2                         
UNDEFED   __mpu_init                      
00003e29  __muldf3                        
000056bd  __muldi3                        
000053d9  __muldsi3                       
000045ed  __mulsf3                        
00004b15  __nedf2                         
0000539d  __nesf2                         
20207e00  __stack                         
20200000  __start___llvm_prf_bits         
20200000  __start___llvm_prf_cnts         
20200000  __stop___llvm_prf_bits          
20200000  __stop___llvm_prf_cnts          
00002fa9  __subdf3                        
000041a5  __subsf3                        
000048e1  __truncdfsf2                    
000044b1  __udivmoddi4                    
00005695  _c_int00_noargs                 
UNDEFED   _system_post_cinit              
000058eb  _system_pre_init                
000058dd  abort                           
00008870  ascii_1206                      
00008280  ascii_1608                      
000070b0  ascii_2412                      
000058f0  ascii_3216                      
00005231  atoi                            
ffffffff  binit                           
00004d0d  frexp                           
00004d0d  frexpl                          
20200000  gPWM_0Backup                    
202001f8  gSPI_LCDBackup                  
202000bc  gTIMER_TICKBackup               
00000000  interruptVectors                
000040cd  ldexp                           
000040cd  ldexpl                          
00004351  main                            
000056e1  memccpy                         
00004553  memcpy                          
00004cab  memset                          
000040cd  scalbn                          
000040cd  scalbnl                         
00005485  sendCaliYawCommand              
000054bd  sprintf                         
2020025c  stcAccel                        
20200294  stcAngle                        
20200270  stcGyro                         
20200284  stcQuat                         
20200254  time                            
0000427d  uart0_send_SendByte             
00005529  uart1_sendString                
202002e4  uart_data                       
0000582d  wcslen                          
202002a0  zigbee_data                     


GLOBAL SYMBOLS: SORTED BY Symbol Address 

address   name                            
-------   ----                            
00000000  __TI_ATRegion0_region_sz        
00000000  __TI_ATRegion0_src_addr         
00000000  __TI_ATRegion0_trg_addr         
00000000  __TI_ATRegion1_region_sz        
00000000  __TI_ATRegion1_src_addr         
00000000  __TI_ATRegion1_trg_addr         
00000000  __TI_ATRegion2_region_sz        
00000000  __TI_ATRegion2_src_addr         
00000000  __TI_ATRegion2_trg_addr         
00000000  __TI_static_base__              
00000000  interruptVectors                
000000c1  LCD_Init                        
00000200  __STACK_SIZE                    
00000ea9  __TI_printfi                    
00001879  LCD_ShowChar                    
00001c79  LCD_Fill                        
00001f39  CopeSerial2Data                 
000021cd  LCD_Address_Set                 
00002619  LCD_ShowIntNum                  
00002837  ADC0_IRQHandler                 
00002837  ADC1_IRQHandler                 
00002837  AES_IRQHandler                  
00002837  CANFD0_IRQHandler               
00002837  DAC0_IRQHandler                 
00002837  DMA_IRQHandler                  
00002837  Default_Handler                 
00002837  GROUP0_IRQHandler               
00002837  HardFault_Handler               
00002837  I2C0_IRQHandler                 
00002837  I2C1_IRQHandler                 
00002837  NMI_Handler                     
00002837  PendSV_Handler                  
00002837  RTC_IRQHandler                  
00002837  SPI0_IRQHandler                 
00002837  SPI1_IRQHandler                 
00002837  SVC_Handler                     
00002837  SysTick_Handler                 
00002837  TIMA0_IRQHandler                
00002837  TIMG0_IRQHandler                
00002837  TIMG12_IRQHandler               
00002837  TIMG6_IRQHandler                
00002837  TIMG7_IRQHandler                
00002837  TIMG8_IRQHandler                
00002837  UART1_IRQHandler                
00002837  UART3_IRQHandler                
00002839  Run_Turn                        
00002a51  Show_Update                     
00002e0d  LCD_ShowFloatNum                
00002fa7  __aeabi_idiv0                   
00002fa9  __aeabi_dsub                    
00002fa9  __subdf3                        
00002fb3  __adddf3                        
00002fb3  __aeabi_dadd                    
0000313b  __aeabi_ldiv0                   
0000313d  Run_Track                       
00003429  YawPID_Compute                  
0000357d  Show_Init                       
000037f5  SYSCFG_DL_GPIO_init             
00003a39  __aeabi_ddiv                    
00003a39  __divdf3                        
00003b45  DL_Timer_initFourCCPWMMode      
00003c49  DL_Timer_initTimerMode          
00003d45  Run_AngleHold                   
00003e29  __aeabi_dmul                    
00003e29  __muldf3                        
00003f0d  ALL_Init                        
00003fed  Velocity_Get                    
000040cd  ldexp                           
000040cd  ldexpl                          
000040cd  scalbn                          
000040cd  scalbnl                         
000041a5  __aeabi_fsub                    
000041a5  __subsf3                        
000041af  __addsf3                        
000041af  __aeabi_fadd                    
0000427d  uart0_send_SendByte             
00004351  main                            
00004409  Track_Get                       
000044b1  __udivmoddi4                    
00004553  memcpy                          
000045ed  __aeabi_fmul                    
000045ed  __mulsf3                        
00004679  __aeabi_fdiv                    
00004679  __divsf3                        
000046fd  __TI_decompress_lzss            
00004779  SYSCFG_DL_PWM_0_init            
000047ed  SYSCFG_DL_PWM_1_init            
00004861  __gedf2                         
00004861  __gtdf2                         
000048d5  UART2_IRQHandler                
000048e1  __aeabi_d2f                     
000048e1  __truncdfsf2                    
00004955  LCD_WR_DATA                     
000049c5  SYSCFG_DL_UART_0_init           
00004a35  SYSCFG_DL_UART_1_init           
00004aa5  SYSCFG_DL_initPower             
00004b15  __cmpdf2                        
00004b15  __eqdf2                         
00004b15  __ledf2                         
00004b15  __ltdf2                         
00004b15  __nedf2                         
00004be5  __aeabi_dcmpeq                  
00004bf9  __aeabi_dcmplt                  
00004c0d  __aeabi_dcmple                  
00004c21  __aeabi_dcmpge                  
00004c35  __aeabi_dcmpgt                  
00004c49  __aeabi_fcmpeq                  
00004c5d  __aeabi_fcmplt                  
00004c71  __aeabi_fcmple                  
00004c85  __aeabi_fcmpge                  
00004c99  __aeabi_fcmpgt                  
00004cab  memset                          
00004d0d  frexp                           
00004d0d  frexpl                          
00004d69  GROUP1_IRQHandler               
00004dc1  __TI_ltoa                       
00004e71  __aeabi_idiv                    
00004e71  __aeabi_idivmod                 
00004f19  SYSCFG_DL_TIMER_TICK_init       
00004f69  SYSCFG_DL_SPI_LCD_init          
00004fb5  SYSCFG_DL_SYSCTL_init           
00005001  LCD_ShowString                  
0000504d  __aeabi_d2iz                    
0000504d  __fixdfsi                       
00005099  DL_UART_init                    
000050e1  SYSCFG_DL_init                  
00005129  DL_SPI_init                     
0000516d  UART0_Init                      
000051b1  __aeabi_uidiv                   
000051b1  __aeabi_uidivmod                
000051f1  __aeabi_f2d                     
000051f1  __extendsfdf2                   
00005231  atoi                            
00005271  AO_Control                      
000052ad  BO_Control                      
000052e9  __aeabi_i2f                     
000052e9  __floatsisf                     
00005325  __gesf2                         
00005325  __gtsf2                         
00005361  __TI_auto_init_nobinit_nopinit  
0000539d  __cmpsf2                        
0000539d  __eqsf2                         
0000539d  __lesf2                         
0000539d  __ltsf2                         
0000539d  __nesf2                         
000053d9  __muldsi3                       
00005415  Encoder_Get                     
0000544d  __aeabi_f2iz                    
0000544d  __fixsfsi                       
00005485  sendCaliYawCommand              
000054bd  sprintf                         
000054f5  YawPID_Init                     
00005529  uart1_sendString                
0000555d  __aeabi_f2uiz                   
0000555d  __fixunssfsi                    
00005591  Encoder_Init                    
000055f1  __aeabi_i2d                     
000055f1  __floatsidf                     
0000561d  TIMA1_IRQHandler                
00005645  UART0_IRQHandler                
0000566d  __aeabi_ui2f                    
0000566d  __floatunsisf                   
00005695  _c_int00_noargs                 
000056bd  __aeabi_lmul                    
000056bd  __muldi3                        
000056e1  memccpy                         
00005705  __aeabi_llsl                    
00005705  __ashldi3                       
00005725  DL_Timer_setCaptCompUpdateMethod
00005741  DL_Timer_setClockConfig         
0000575d  DL_Timer_setCaptureCompareOutCtl
00005775  YawPID_Enable                   
000057a5  __TI_zero_init_nomemset         
000057bd  __aeabi_uldivmod                
000057e5  DL_SPI_setClockConfig           
000057f7  DL_UART_setClockConfig          
00005809  __TI_decompress_none            
0000581d  DL_Timer_setCaptureCompareValue 
0000582d  wcslen                          
0000583d  Delay_ms                        
0000584d  __aeabi_memset                  
0000584d  __aeabi_memset4                 
0000584d  __aeabi_memset8                 
00005869  Yaw                             
00005875  YawPID_ResetIntegral            
00005881  YawPID_SetTarget                
0000588d  DL_Common_delayCycles           
000058c5  IMU_Init                        
000058cd  __aeabi_errno_addr              
000058d5  __aeabi_memcpy                  
000058d5  __aeabi_memcpy4                 
000058d5  __aeabi_memcpy8                 
000058dd  abort                           
000058e2  C$$EXIT                         
000058e3  HOSTexit                        
000058e7  Reset_Handler                   
000058eb  _system_pre_init                
000058f0  ascii_3216                      
000070b0  ascii_2412                      
00008280  ascii_1608                      
00008870  ascii_1206                      
00008cf0  __aeabi_ctype_table_            
00008cf0  __aeabi_ctype_table_C           
00008ee4  __TI_Handler_Table_Base         
00008ef0  __TI_Handler_Table_Limit        
00008ef8  __TI_CINIT_Base                 
00008f08  __TI_CINIT_Limit                
00008f08  __TI_CINIT_Warm                 
20200000  __start___llvm_prf_bits         
20200000  __start___llvm_prf_cnts         
20200000  __stop___llvm_prf_bits          
20200000  __stop___llvm_prf_cnts          
20200000  gPWM_0Backup                    
202000bc  gTIMER_TICKBackup               
20200178  Yaw_Circle                      
202001a8  Wheel_Left                      
202001d0  Wheel_Right                     
202001f8  gSPI_LCDBackup                  
20200243  Mode                            
20200244  Distance                        
20200248  Target_Yaw                      
2020024c  Velocity_Counter                
20200250  Yaw_Value                       
20200254  time                            
20200258  Track_Value                     
20200259  Turn_State                      
2020025c  stcAccel                        
20200270  stcGyro                         
20200284  stcQuat                         
20200294  stcAngle                        
202002a0  zigbee_data                     
202002ac  Key                             
202002b1  Save                            
202002b6  Yaw_Zero                        
202002bc  PID_KD                          
202002c0  PID_KI                          
202002c4  PID_KP                          
202002d8  Turn_Start_Yaw                  
202002dc  __aeabi_errno                   
202002e4  uart_data                       
20207e00  __stack                         
20208000  __STACK_END                     
41c00000  BCRConfig                       
41c00100  BSLConfig                       
ffffffff  __TI_pprof_out_hndl             
ffffffff  __TI_prof_data_size             
ffffffff  __TI_prof_data_start            
ffffffff  __binit__                       
ffffffff  binit                           
UNDEFED   __mpu_init                      
UNDEFED   _system_post_cinit              

[251 symbols]
