******************************************************************************
            TI ARM Clang Linker PC v4.0.4                      
******************************************************************************
>> Linked Fri Jul 31 11:21:07 2026

OUTPUT FILE NAME:   <ElcContestTest.out>
ENTRY POINT SYMBOL: "_c_int00_noargs"  address: 0000658d


MEMORY CONFIGURATION

         name            origin    length      used     unused   attr    fill
----------------------  --------  ---------  --------  --------  ----  --------
  FLASH                 00000000   00020000  00009f18  000160e8  R  X
  SRAM                  20200000   00008000  000005a4  00007a5c  RW X
  BCR_CONFIG            41c00000   000000ff  00000060  0000009f  R   
  BSL_CONFIG            41c00100   00000080  00000058  00000028  R   


SEGMENT ALLOCATION MAP

run origin  load origin   length   init length attrs members
----------  ----------- ---------- ----------- ----- -------
00000000    00000000    00009f18   00009f18    r-x
  00000000    00000000    000000c0   000000c0    r-- .intvecs
  000000c0    000000c0    00006750   00006750    r-x .text
  00006810    00006810    000036c0   000036c0    r-- .rodata
  00009ed0    00009ed0    00000048   00000048    r-- .cinit
20200000    20200000    000003a7   00000000    rw-
  20200000    20200000    00000321   00000000    rw- .bss
  20200324    20200324    00000083   00000000    rw- .data
20207e00    20207e00    00000200   00000000    rw-
  20207e00    20207e00    00000200   00000000    rw- .stack
41c00000    41c00000    00000060   00000060    r--
  41c00000    41c00000    00000060   00000060    r-- .BCRConfig
41c00100    41c00100    00000058   00000058    r--
  41c00100    41c00100    00000058   00000058    r-- .BSLConfig


SECTION ALLOCATION MAP

 output                                  attributes/
section   page    origin      length       input sections
--------  ----  ----------  ----------   ----------------
.intvecs   0    00000000    000000c0     
                  00000000    000000c0     startup_mspm0g350x_ticlang.o (.intvecs)

.text      0    000000c0    00006750     
                  000000c0    00000de8     lcd_init.o (.text.LCD_Init)
                  00000ea8    00000bdc     empty.o (.text.Mode_Question_Three)
                  00001a84    00000bdc     libc.a : _scanfi.c.obj (.text.__TI_scanfi)
                  00002660    00000400     lcd.o (.text.LCD_ShowChar)
                  00002a60    000003b8     libc.a : strtod.c.obj (.text.strtod)
                  00002e18    00000334     empty.o (.text.Run_Track)
                  0000314c    000002c0     lcd.o (.text.LCD_Fill)
                  0000340c    000002a4     IMU.o (.text.CopeSerial2Data)
                  000036b0    0000022c     lcd_init.o (.text.LCD_Address_Set)
                  000038dc    00000224     empty.o (.text.main)
                  00003b00    000001e0     libc.a : strtoll.c.obj (.text.strtoll)
                  00003ce0    0000019c     empty.o (.text.Show_Init)
                  00003e7c    00000192     libclang_rt.builtins.a : adddf3.S.obj (.text.adddf3_subdf3)
                  0000400e    00000002     startup_mspm0g350x_ticlang.o (.text.Default_Handler)
                  00004010    00000184     empty.o (.text.Mode_Question_Two)
                  00004194    00000178     empty.o (.text.PID_Get)
                  0000430c    0000016c     libc.a : strtoull.c.obj (.text.strtoull)
                  00004478    00000144            : strtol.c.obj (.text.strtol)
                  000045bc    0000013c     TRACK.o (.text.Track_Update1ms)
                  000046f8    0000012c     libc.a : strtoul.c.obj (.text.strtoul)
                  00004824    00000124     ti_msp_dl_config.o (.text.SYSCFG_DL_GPIO_init)
                  00004948    0000010c     libclang_rt.builtins.a : divdf3.S.obj (.text.__divdf3)
                  00004a54    00000104     driverlib.a : dl_timer.o (.text.DL_Timer_initFourCCPWMMode)
                  00004b58    000000fc                 : dl_timer.o (.text.DL_Timer_initTimerMode)
                  00004c54    000000e4     empty.o (.text.Velocity_Get)
                  00004d38    000000e4     libclang_rt.builtins.a : muldf3.S.obj (.text.__muldf3)
                  00004e1c    000000d8     libc.a : s_scalbn.c.obj (.text.scalbn)
                  00004ef4    000000d8     libclang_rt.builtins.a : addsf3.S.obj (.text)
                  00004fcc    000000d4     board.o (.text.uart0_send_SendByte)
                  000050a0    000000d0     MAXICAM.o (.text.UART3_IRQHandler)
                  00005170    000000b8     TRACK.o (.text.Track_ReadRaw)
                  00005228    000000a4     empty.o (.text.Stable30_Curve_Amount)
                  000052cc    000000a2     libclang_rt.builtins.a : udivmoddi4.S.obj (.text)
                  0000536e    0000009a     libc.a : memcpy16.S.obj (.text:memcpy)
                  00005408    0000008c     libclang_rt.builtins.a : mulsf3.S.obj (.text.__mulsf3)
                  00005494    00000088     ti_msp_dl_config.o (.text.SYSCFG_DL_initPower)
                  0000551c    00000082     libclang_rt.builtins.a : divsf3.S.obj (.text.__divsf3)
                  0000559e    00000002                            : aeabi_div0.c.obj (.text.__aeabi_idiv0)
                  000055a0    0000007c     empty.o (.text.System_Init)
                  0000561c    0000007c     TRACK.o (.text.Track_ReadStable)
                  00005698    0000007c     libc.a : copy_decompress_lzss.c.obj (.text:decompress:lzss)
                  00005714    00000074     ti_msp_dl_config.o (.text.SYSCFG_DL_PWM_0_init)
                  00005788    00000074     ti_msp_dl_config.o (.text.SYSCFG_DL_PWM_1_init)
                  000057fc    00000074     ZIGBEE.o (.text.UART1_IRQHandler)
                  00005870    00000074     libclang_rt.builtins.a : comparedf2.c.obj (.text.__gedf2)
                  000058e4    0000000c     IMU.o (.text.GyroUpdateCount)
                  000058f0    00000074     libclang_rt.builtins.a : truncdfsf2.S.obj (.text.__truncdfsf2)
                  00005964    00000074     libc.a : sscanf.c.obj (.text._chkmbc)
                  000059d8    00000070     lcd_init.o (.text.LCD_WR_DATA)
                  00005a48    00000070     ti_msp_dl_config.o (.text.SYSCFG_DL_UART_0_init)
                  00005ab8    00000070     ti_msp_dl_config.o (.text.SYSCFG_DL_UART_1_init)
                  00005b28    00000070     ti_msp_dl_config.o (.text.SYSCFG_DL_UART_2_init)
                  00005b98    00000070     ti_msp_dl_config.o (.text.SYSCFG_DL_UART_3_init)
                  00005c08    00000068     libclang_rt.builtins.a : comparedf2.c.obj (.text.__ledf2)
                  00005c70    00000064     My_STEPMOTOR.o (.text.StepMotor_Init)
                  00005cd4    00000062     libclang_rt.builtins.a : aeabi_dcmp.S.obj (.text.__aeabi_dcmp)
                  00005d36    00000002                            : aeabi_div0.c.obj (.text.__aeabi_ldiv0)
                  00005d38    00000062                            : aeabi_fcmp.S.obj (.text.__aeabi_fcmp)
                  00005d9a    00000062     libc.a : memset16.S.obj (.text:memset)
                  00005dfc    00000058     ENCODER.o (.text.GROUP1_IRQHandler)
                  00005e54    00000058     ti_msp_dl_config.o (.text.SYSCFG_DL_init)
                  00005eac    00000050     ti_msp_dl_config.o (.text.SYSCFG_DL_TIMER_TICK_init)
                  00005efc    0000004c     ti_msp_dl_config.o (.text.SYSCFG_DL_SPI_LCD_init)
                  00005f48    0000004c     ti_msp_dl_config.o (.text.SYSCFG_DL_SYSCTL_init)
                  00005f94    0000004a     lcd.o (.text.LCD_ShowString)
                  00005fde    00000002     --HOLE-- [fill = 0]
                  00005fe0    00000048     driverlib.a : dl_uart.o (.text.DL_UART_init)
                  00006028    00000044                 : dl_spi.o (.text.DL_SPI_init)
                  0000606c    00000044     board.o (.text.UART0_Init)
                  000060b0    00000044     board.o (.text.UART1_Init)
                  000060f4    00000044     board.o (.text.UART3_Init)
                  00006138    00000040     libclang_rt.builtins.a : aeabi_uidivmod.S.obj (.text.__aeabi_uidivmod)
                  00006178    00000040     libc.a : atoi.c.obj (.text.atoi)
                  000061b8    00000040     STEP_MOTOR.o (.text.zdt_emm_enable_no_reply)
                  000061f8    0000003c     MOTOR.o (.text.AO_Control)
                  00006234    0000003c     MOTOR.o (.text.BO_Control)
                  00006270    0000003c     libclang_rt.builtins.a : floatsisf.S.obj (.text.__floatsisf)
                  000062ac    0000003c                            : comparesf2.S.obj (.text.__gtsf2)
                  000062e8    0000003c     libc.a : autoinit.c.obj (.text:__TI_auto_init_nobinit_nopinit)
                  00006324    0000003a     libclang_rt.builtins.a : comparesf2.S.obj (.text.__eqsf2)
                  0000635e    00000002     --HOLE-- [fill = 0]
                  00006360    0000003a                            : muldsi3.S.obj (.text.__muldsi3)
                  0000639a    00000002     --HOLE-- [fill = 0]
                  0000639c    00000038     ENCODER.o (.text.Encoder_Get)
                  000063d4    00000038     libclang_rt.builtins.a : fixsfsi.S.obj (.text.__fixsfsi)
                  0000640c    00000038     IMU.o (.text.sendCaliYawCommand)
                  00006444    00000034     YAW_PID.o (.text.YawPID_Init)
                  00006478    00000032     libclang_rt.builtins.a : fixunssfsi.S.obj (.text.__fixunssfsi)
                  000064aa    00000002     --HOLE-- [fill = 0]
                  000064ac    00000030     driverlib.a : dl_uart.o (.text.DL_UART_transmitDataBlocking)
                  000064dc    00000030     ENCODER.o (.text.Encoder_Init)
                  0000650c    00000030     libc.a : sscanf.c.obj (.text.sscanf)
                  0000653c    00000028     IMU.o (.text.UART0_IRQHandler)
                  00006564    00000028     libclang_rt.builtins.a : floatunsisf.S.obj (.text.__floatunsisf)
                  0000658c    00000028     libc.a : boot_cortex_m.c.obj (.text:_c_int00_noargs)
                  000065b4    00000024     libclang_rt.builtins.a : muldi3.S.obj (.text.__muldi3)
                  000065d8    00000020     TRACK.o (.text.Track_ResetStable)
                  000065f8    0000001e     libclang_rt.builtins.a : ashldi3.S.obj (.text.__ashldi3)
                  00006616    00000002     --HOLE-- [fill = 0]
                  00006618    0000001c     driverlib.a : dl_timer.o (.text.DL_Timer_setCaptCompUpdateMethod)
                  00006634    0000001c                 : dl_timer.o (.text.DL_Timer_setClockConfig)
                  00006650    0000001c     empty.o (.text.TIMA1_IRQHandler)
                  0000666c    00000018     driverlib.a : dl_timer.o (.text.DL_Timer_setCaptureCompareOutCtl)
                  00006684    00000018     YAW_PID.o (.text.YawPID_Enable)
                  0000669c    00000016     libc.a : copy_zero_init.c.obj (.text:decompress:ZI:__TI_zero_init_nomemset)
                  000066b2    00000002     --HOLE-- [fill = 0]
                  000066b4    00000014     libclang_rt.builtins.a : aeabi_uldivmod.S.obj (.text.__aeabi_uldivmod)
                  000066c8    00000014     libc.a : sscanf.c.obj (.text._inpchar)
                  000066dc    00000012     driverlib.a : dl_spi.o (.text.DL_SPI_setClockConfig)
                  000066ee    00000012                 : dl_uart.o (.text.DL_UART_setClockConfig)
                  00006700    00000012     libc.a : copy_decompress_none.c.obj (.text:decompress:none)
                  00006712    00000002     --HOLE-- [fill = 0]
                  00006714    00000010     driverlib.a : dl_timer.o (.text.DL_Timer_setCaptureCompareValue)
                  00006724    0000000e     board.o (.text.Delay_ms)
                  00006732    0000000e     libc.a : _scanfi.c.obj (.text.OUTLINED_FUNCTION_1)
                  00006740    0000000e            : _scanfi.c.obj (.text.OUTLINED_FUNCTION_2)
                  0000674e    0000000e            : _scanfi.c.obj (.text.OUTLINED_FUNCTION_4)
                  0000675c    0000000c     IMU.o (.text.GyroZ)
                  00006768    0000000c     IMU.o (.text.Yaw)
                  00006774    0000000c     YAW_PID.o (.text.YawPID_SetTarget)
                  00006780    0000000c     libclang_rt.builtins.a : aeabi_memset.S.obj (.text.__aeabi_memclr)
                  0000678c    0000000a     driverlib.a : dl_common.o (.text.DL_Common_delayCycles)
                  00006796    00000008     IMU.o (.text.IMU_Init)
                  0000679e    00000008     MAXICAM.o (.text.MAIXCAM_Init)
                  000067a6    00000008     libc.a : _scanfi.c.obj (.text.OUTLINED_FUNCTION_0)
                  000067ae    00000008            : strtod.c.obj (.text.OUTLINED_FUNCTION_0)
                  000067b6    00000008            : strtod.c.obj (.text.OUTLINED_FUNCTION_1)
                  000067be    00000002     --HOLE-- [fill = 0]
                  000067c0    00000010     libclang_rt.builtins.a : aeabi_dcmp.S.obj (.tramp.__aeabi_dcmpeq.1)
                  000067d0    00000008     TRACK.o (.text.Track_Read)
                  000067d8    00000008     ZIGBEE.o (.text.Zigbee_Init)
                  000067e0    00000008     libc.a : aeabi_portable.c.obj (.text.__aeabi_errno_addr)
                  000067e8    00000008     libclang_rt.builtins.a : aeabi_memcpy.S.obj (.text.__aeabi_memcpy)
                  000067f0    00000008     libc.a : sscanf.c.obj (.text._uninpchar)
                  000067f8    00000006            : _scanfi.c.obj (.text.OUTLINED_FUNCTION_3)
                  000067fe    00000006            : exit.c.obj (.text:abort)
                  00006804    00000004     libsysbm.a : hostexit.c.obj (.text.HOSTexit)
                  00006808    00000004     startup_mspm0g350x_ticlang.o (.text.Reset_Handler)
                  0000680c    00000004     libc.a : pre_init.c.obj (.text._system_pre_init)

.cinit     0    00009ed0    00000048     
                  00009ed0    00000022     (.cinit..data.load) [load image, compression = lzss]
                  00009ef2    00000002     --HOLE-- [fill = 0]
                  00009ef4    0000000c     (__TI_handler_table)
                  00009f00    00000008     (.cinit..bss.load) [load image, compression = zero_init]
                  00009f08    00000010     (__TI_cinit_table)

.rodata    0    00006810    000036c0     
                  00006810    000017c0     lcd.o (.rodata.ascii_3216)
                  00007fd0    000011d0     lcd.o (.rodata.ascii_2412)
                  000091a0    000005f0     lcd.o (.rodata.ascii_1608)
                  00009790    00000474     lcd.o (.rodata.ascii_1206)
                  00009c04    0000000a     ti_msp_dl_config.o (.rodata.gSPI_LCD_config)
                  00009c0e    00000002     ti_msp_dl_config.o (.rodata.gSPI_LCD_clockConfig)
                  00009c10    00000101     libc.a : aeabi_ctype.S.obj (.rodata:__aeabi_ctype_table_)
                  00009d11    00000007            : _scanfi.c.obj (.rodata._sproc_int.flit)
                  00009d18    00000080            : strtod.c.obj (.rodata.digits)
                  00009d98    00000048            : strtod.c.obj (.rodata.powerof10)
                  00009de0    00000014     ti_msp_dl_config.o (.rodata.gTIMER_TICKTimerConfig)
                  00009df4    0000000a     ti_msp_dl_config.o (.rodata.gUART_0Config)
                  00009dfe    0000000a     ti_msp_dl_config.o (.rodata.gUART_1Config)
                  00009e08    0000000a     ti_msp_dl_config.o (.rodata.gUART_2Config)
                  00009e12    0000000a     ti_msp_dl_config.o (.rodata.gUART_3Config)
                  00009e1c    0000000a     empty.o (.rodata.str1.17686411042290499047.1)
                  00009e26    00000009     libc.a : _scanfi.c.obj (.rodata.str1.12964984209033246150.1)
                  00009e2f    00000009     ZIGBEE.o (.rodata.str1.17608243100409044478.1)
                  00009e38    00000009     empty.o (.rodata.str1.17669528882079347314.1)
                  00009e41    00000009     empty.o (.rodata.str1.254342170260855183.1)
                  00009e4a    00000009     empty.o (.rodata.str1.7401042497206923953.1)
                  00009e53    00000001     --HOLE-- [fill = 0]
                  00009e54    00000008     libc.a : _scanfi.c.obj (.rodata..L__const._sproc_float.special)
                  00009e5c    00000008     ti_msp_dl_config.o (.rodata.gPWM_0Config)
                  00009e64    00000008     ti_msp_dl_config.o (.rodata.gPWM_1Config)
                  00009e6c    00000008     empty.o (.rodata.str1.11898133897667081452.1)
                  00009e74    00000008     empty.o (.rodata.str1.14685083708502177989.1)
                  00009e7c    00000008     empty.o (.rodata.str1.5792233746214848027.1)
                  00009e84    00000008     empty.o (.rodata.str1.9517790425240694019.1)
                  00009e8c    00000007     empty.o (.rodata.str1.2196762768037919588.1)
                  00009e93    00000006     libc.a : _scanfi.c.obj (.rodata._sproc_int.barr)
                  00009e99    00000006     empty.o (.rodata.str1.15170238581331914936.1)
                  00009e9f    00000006     empty.o (.rodata.str1.7386103758396746866.1)
                  00009ea5    00000005     empty.o (.rodata.str1.11822412164550770238.1)
                  00009eaa    00000005     empty.o (.rodata.str1.9410084661655729462.1)
                  00009eaf    00000004     empty.o (.rodata.str1.150872071346279890.1)
                  00009eb3    00000004     empty.o (.rodata.str1.15706828512682300538.1)
                  00009eb7    00000004     empty.o (.rodata.str1.16704889451495720520.1)
                  00009ebb    00000004     libc.a : _scanfi.c.obj (.rodata.str1.3403580589742030990.1)
                  00009ebf    00000003     ti_msp_dl_config.o (.rodata.gPWM_0ClockConfig)
                  00009ec2    00000003     ti_msp_dl_config.o (.rodata.gPWM_1ClockConfig)
                  00009ec5    00000003     ti_msp_dl_config.o (.rodata.gTIMER_TICKClockConfig)
                  00009ec8    00000002     ti_msp_dl_config.o (.rodata.gUART_0ClockConfig)
                  00009eca    00000002     ti_msp_dl_config.o (.rodata.gUART_1ClockConfig)
                  00009ecc    00000002     ti_msp_dl_config.o (.rodata.gUART_2ClockConfig)
                  00009ece    00000002     ti_msp_dl_config.o (.rodata.gUART_3ClockConfig)

.init_array 
*          0    00000000    00000000     UNINITIALIZED

.binit     0    00000000    00000000     

.bss       0    20200000    00000321     UNINITIALIZED
                  20200000    000000bc     (.common:gPWM_0Backup)
                  202000bc    000000bc     (.common:gTIMER_TICKBackup)
                  20200178    00000030     (.common:Yaw_Circle)
                  202001a8    00000030     (.common:gUART_3Backup)
                  202001d8    00000028     (.common:Wheel_Left)
                  20200200    00000028     (.common:Wheel_Right)
                  20200228    00000028     (.common:gSPI_LCDBackup)
                  20200250    00000020     ZIGBEE.o (.bss.UART1_IRQHandler.rx_buf)
                  20200270    0000000c     ENCODER.o (.bss.motor_encoder1)
                  2020027c    0000000c     ENCODER.o (.bss.motor_encoder2)
                  20200288    0000000b     IMU.o (.bss.CopeSerial2Data.ucRxBuffer)
                  20200293    00000006     TRACK.o (.bss.g_track_filter_count)
                  20200299    00000001     empty.o (.bss.Q2_Finish_Hit_Count)
                  2020029a    00000001     empty.o (.bss.Q2_Finish_Latched)
                  2020029b    00000001     empty.o (.bss.Track_Last_Direction)
                  2020029c    00000004     empty.o (.bss.Q2_Distance_Last)
                  202002a0    00000004     empty.o (.bss.Q2_Finish_Last_Sample)
                  202002a4    00000004     empty.o (.bss.Q2_Finish_Latched_Route_Distance)
                  202002a8    00000004     empty.o (.bss.Q2_Route_Distance)
                  202002ac    00000004     empty.o (.bss.Q2_Run_Start_Time)
                  202002b0    00000004     empty.o (.bss.Stable30_Distance_Last)
                  202002b4    00000004     empty.o (.bss.Stable30_Route_Distance)
                  202002b8    00000004     empty.o (.bss.Stable30_Run_Start_Time)
                  202002bc    00000004     empty.o (.bss.Stable30_Track.0)
                  202002c0    00000004     empty.o (.bss.Stable30_Track.1)
                  202002c4    00000004     empty.o (.bss.Stable30_Track.2)
                  202002c8    00000004     empty.o (.bss.Stable30_Track.3)
                  202002cc    00000004     empty.o (.bss.Stable30_Track.4)
                  202002d0    00000004     empty.o (.bss.Stable30_Track.5)
                  202002d4    00000004     empty.o (.bss.Stable30_Track.6)
                  202002d8    00000004     empty.o (.bss.Stable30_Track.7)
                  202002dc    00000004     empty.o (.bss.Track_Filtered_Derivative)
                  202002e0    00000004     empty.o (.bss.Track_Filtered_Error)
                  202002e4    00000004     empty.o (.bss.Track_Last_Error)
                  202002e8    00000004     empty.o (.bss.Track_Left_Target_Last)
                  202002ec    00000004     empty.o (.bss.Track_Lost_Since)
                  202002f0    00000004     empty.o (.bss.Track_Right_Target_Last)
                  202002f4    00000004     empty.o (.bss.Velocity_Last_Time)
                  202002f8    00000004     TRACK.o (.bss.g_track_last_sample)
                  202002fc    00000004     (.common:Distance)
                  20200300    00000004     (.common:Target_Yaw)
                  20200304    00000004     (.common:Yaw_Value)
                  20200308    00000004     (.common:time)
                  2020030c    00000001     empty.o (.bss.Stable30_Track.10)
                  2020030d    00000001     empty.o (.bss.Track_Lost)
                  2020030e    00000001     TRACK.o (.bss.g_track_stable_bits)
                  2020030f    00000001     (.common:Mode)
                  20200310    00000001     empty.o (.bss.Stable30_Track.11)
                  20200311    00000001     (.common:Track_Value)
                  20200312    00000001     (.common:rx_debug_flag)
                  20200313    00000001     --HOLE--
                  20200314    00000001     empty.o (.bss.Stable30_Track.12)
                  20200315    00000003     --HOLE--
                  20200318    00000001     empty.o (.bss.Stable30_Track.13)
                  20200319    00000003     --HOLE--
                  2020031c    00000001     empty.o (.bss.Stable30_Track.8)
                  2020031d    00000003     --HOLE--
                  20200320    00000001     empty.o (.bss.Stable30_Track.9)

.data      0    20200324    00000083     UNINITIALIZED
                  20200324    00000014     IMU.o (.data.stcAccel)
                  20200338    00000014     IMU.o (.data.stcGyro)
                  2020034c    00000010     IMU.o (.data.stcQuat)
                  2020035c    0000000c     IMU.o (.data.stcAngle)
                  20200368    0000000c     ZIGBEE.o (.data.zigbee_data)
                  20200374    00000005     IMU.o (.data.Key)
                  20200379    00000005     IMU.o (.data.Save)
                  2020037e    00000005     IMU.o (.data.Yaw_Zero)
                  20200383    00000001     IMU.o (.data.CopeSerial2Data.ucRxCnt)
                  20200384    00000004     empty.o (.data.PID_KD)
                  20200388    00000004     empty.o (.data.PID_KI)
                  2020038c    00000004     empty.o (.data.PID_KP)
                  20200390    00000004     MAXICAM.o (.data.UART3_IRQHandler.buffer)
                  20200394    00000004     libc.a : aeabi_portable.c.obj (.data.__aeabi_errno)
                  20200398    00000004     IMU.o (.data.g_imu_gyro_update_count)
                  2020039c    00000004     MAXICAM.o (.data.maixcam_data)
                  202003a0    00000001     empty.o (.data.Mode_Question_Three.started)
                  202003a1    00000001     empty.o (.data.Mode_Question_Two.started)
                  202003a2    00000001     ZIGBEE.o (.data.UART1_IRQHandler.rx_idx)
                  202003a3    00000001     MAXICAM.o (.data.UART3_IRQHandler.shift)
                  202003a4    00000001     MAXICAM.o (.data.UART3_IRQHandler.state)
                  202003a5    00000001     MAXICAM.o (.data.maixcam_rx_ready)
                  202003a6    00000001     IMU.o (.data.uart_data)

.stack     0    20207e00    00000200     UNINITIALIZED
                  20207e00    00000004     libc.a : boot_cortex_m.c.obj (.stack)
                  20207e04    000001fc     --HOLE--

.BCRConfig 
*          0    41c00000    00000060     
                  41c00000    00000060     boot_config.o (.BCRConfig)

.BSLConfig 
*          0    41c00100    00000058     
                  41c00100    00000058     boot_config.o (.BSLConfig)

__llvm_prf_cnts 
*          0    20200000    00000000     UNINITIALIZED

__llvm_prf_bits 
*          0    20200000    00000000     UNINITIALIZED

MODULE SUMMARY

       Module                         code    ro data   rw data
       ------                         ----    -------   -------
    .\
       empty.o                        6124    110       214    
       ti_msp_dl_config.o             1428    105       464    
       startup_mspm0g350x_ticlang.o   6       192       0      
       boot_config.o                  0       184       0      
    +--+------------------------------+-------+---------+---------+
       Total:                         7558    591       678    
                                                               
    .\BPS\Board\
       board.o                        430     0         0      
    +--+------------------------------+-------+---------+---------+
       Total:                         430     0         0      
                                                               
    .\BPS\lcd\
       lcd.o                          1802    13300     0      
       lcd_init.o                     4228    0         0      
    +--+------------------------------+-------+---------+---------+
       Total:                         6030    13300     0      
                                                               
    .\BPS\src\
       IMU.o                          816     0         100    
       TRACK.o                        664     0         11     
       MAXICAM.o                      216     0         11     
       ENCODER.o                      192     0         24     
       ZIGBEE.o                       124     9         46     
       YAW_PID.o                      88      0         48     
       MOTOR.o                        120     0         0      
       My_STEPMOTOR.o                 100     0         0      
       STEP_MOTOR.o                   64      0         0      
    +--+------------------------------+-------+---------+---------+
       Total:                         2384    9         240    
                                                               
    E:/SDK/Ti/mspm0_sdk_2_10_00_04/mspm0_sdk_2_11_00_07/source/ti/driverlib/lib/ticlang/m0p/mspm0g1x0x_g3x0x/driverlib.a
       dl_timer.o                     608     0         0      
       dl_uart.o                      138     0         0      
       dl_spi.o                       86      0         0      
       dl_common.o                    10      0         0      
    +--+------------------------------+-------+---------+---------+
       Total:                         842     0         0      
                                                               
    E:\software\IDE\Code Composer Studio\ccs\tools\compiler\ti-cgt-armllvm_4.0.4.LTS\lib\armv6m-ti-none-eabi/c/libc.a
       _scanfi.c.obj                  3092    34        0      
       strtod.c.obj                   968     200       0      
       strtoll.c.obj                  480     0         0      
       strtoull.c.obj                 364     0         0      
       strtol.c.obj                   324     0         0      
       strtoul.c.obj                  300     0         0      
       aeabi_ctype.S.obj              0       257       0      
       s_scalbn.c.obj                 216     0         0      
       sscanf.c.obj                   192     0         0      
       memcpy16.S.obj                 154     0         0      
       copy_decompress_lzss.c.obj     124     0         0      
       memset16.S.obj                 98      0         0      
       atoi.c.obj                     64      0         0      
       autoinit.c.obj                 60      0         0      
       boot_cortex_m.c.obj            40      0         0      
       copy_zero_init.c.obj           22      0         0      
       copy_decompress_none.c.obj     18      0         0      
       aeabi_portable.c.obj           8       0         4      
       exit.c.obj                     6       0         0      
       pre_init.c.obj                 4       0         0      
    +--+------------------------------+-------+---------+---------+
       Total:                         6534    491       4      
                                                               
    E:\software\IDE\Code Composer Studio\ccs\tools\compiler\ti-cgt-armllvm_4.0.4.LTS\lib\armv6m-ti-none-eabi/c/libsysbm.a
       hostexit.c.obj                 4       0         0      
    +--+------------------------------+-------+---------+---------+
       Total:                         4       0         0      
                                                               
    E:\software\IDE\Code Composer Studio\ccs\tools\compiler\ti-cgt-armllvm_4.0.4.LTS\lib\armv6m-ti-none-eabi/libclang_rt.builtins.a
       adddf3.S.obj                   402     0         0      
       divdf3.S.obj                   268     0         0      
       muldf3.S.obj                   228     0         0      
       comparedf2.c.obj               220     0         0      
       addsf3.S.obj                   216     0         0      
       udivmoddi4.S.obj               162     0         0      
       mulsf3.S.obj                   140     0         0      
       divsf3.S.obj                   130     0         0      
       comparesf2.S.obj               118     0         0      
       truncdfsf2.S.obj               116     0         0      
       aeabi_dcmp.S.obj               114     0         0      
       aeabi_fcmp.S.obj               98      0         0      
       aeabi_uidivmod.S.obj           64      0         0      
       floatsisf.S.obj                60      0         0      
       muldsi3.S.obj                  58      0         0      
       fixsfsi.S.obj                  56      0         0      
       fixunssfsi.S.obj               50      0         0      
       floatunsisf.S.obj              40      0         0      
       muldi3.S.obj                   36      0         0      
       ashldi3.S.obj                  30      0         0      
       aeabi_uldivmod.S.obj           20      0         0      
       aeabi_memset.S.obj             12      0         0      
       aeabi_memcpy.S.obj             8       0         0      
       aeabi_div0.c.obj               4       0         0      
    +--+------------------------------+-------+---------+---------+
       Total:                         2650    0         0      
                                                               
       Stack:                         0       0         512    
       Linker Generated:              0       70        0      
    +--+------------------------------+-------+---------+---------+
       Grand Total:                   26432   14461     1434   


LINKER GENERATED COPY TABLES

__TI_cinit_table @ 00009f08 records: 2, size/record: 8, table size: 16
	.data: load addr=00009ed0, load size=00000022 bytes, run addr=20200324, run size=00000083 bytes, compression=lzss
	.bss: load addr=00009f00, load size=00000008 bytes, run addr=20200000, run size=00000321 bytes, compression=zero_init


LINKER GENERATED HANDLER TABLE

__TI_handler_table @ 00009ef4 records: 3, size/record: 4, table size: 12
	index: 0, handler: __TI_decompress_lzss
	index: 1, handler: __TI_decompress_none
	index: 2, handler: __TI_zero_init


FAR CALL TRAMPOLINES

callee name               trampoline name
   callee addr  tramp addr   call addr  call info
--------------  -----------  ---------  ----------------
__aeabi_dcmpeq            $Tramp$TT$L$PI$$__aeabi_dcmpeq
   00005cd5     000067c0     000067bc   libc.a : strtod.c.obj (.text.OUTLINED_FUNCTION_1)

[1 trampolines]
[1 trampoline calls]


GLOBAL SYMBOLS: SORTED ALPHABETICALLY BY Name 

address   name                            
-------   ----                            
0000400f  ADC0_IRQHandler                 
0000400f  ADC1_IRQHandler                 
0000400f  AES_IRQHandler                  
000061f9  AO_Control                      
41c00000  BCRConfig                       
00006235  BO_Control                      
41c00100  BSLConfig                       
00006804  C$$EXIT                         
0000400f  CANFD0_IRQHandler               
0000340d  CopeSerial2Data                 
0000400f  DAC0_IRQHandler                 
0000678d  DL_Common_delayCycles           
00006029  DL_SPI_init                     
000066dd  DL_SPI_setClockConfig           
00004a55  DL_Timer_initFourCCPWMMode      
00004b59  DL_Timer_initTimerMode          
00006619  DL_Timer_setCaptCompUpdateMethod
0000666d  DL_Timer_setCaptureCompareOutCtl
00006715  DL_Timer_setCaptureCompareValue 
00006635  DL_Timer_setClockConfig         
00005fe1  DL_UART_init                    
000066ef  DL_UART_setClockConfig          
000064ad  DL_UART_transmitDataBlocking    
0000400f  DMA_IRQHandler                  
0000400f  Default_Handler                 
00006725  Delay_ms                        
202002fc  Distance                        
0000639d  Encoder_Get                     
000064dd  Encoder_Init                    
0000400f  GROUP0_IRQHandler               
00005dfd  GROUP1_IRQHandler               
000058e5  GyroUpdateCount                 
0000675d  GyroZ                           
00006805  HOSTexit                        
0000400f  HardFault_Handler               
0000400f  I2C0_IRQHandler                 
0000400f  I2C1_IRQHandler                 
00006797  IMU_Init                        
20200374  Key                             
000036b1  LCD_Address_Set                 
0000314d  LCD_Fill                        
000000c1  LCD_Init                        
00002661  LCD_ShowChar                    
00005f95  LCD_ShowString                  
000059d9  LCD_WR_DATA                     
0000679f  MAIXCAM_Init                    
2020030f  Mode                            
00000ea9  Mode_Question_Three             
00004011  Mode_Question_Two               
0000400f  NMI_Handler                     
20200384  PID_KD                          
20200388  PID_KI                          
2020038c  PID_KP                          
0000400f  PendSV_Handler                  
0000400f  RTC_IRQHandler                  
00006809  Reset_Handler                   
00002e19  Run_Track                       
0000400f  SPI0_IRQHandler                 
0000400f  SPI1_IRQHandler                 
0000400f  SVC_Handler                     
00004825  SYSCFG_DL_GPIO_init             
00005715  SYSCFG_DL_PWM_0_init            
00005789  SYSCFG_DL_PWM_1_init            
00005efd  SYSCFG_DL_SPI_LCD_init          
00005f49  SYSCFG_DL_SYSCTL_init           
00005ead  SYSCFG_DL_TIMER_TICK_init       
00005a49  SYSCFG_DL_UART_0_init           
00005ab9  SYSCFG_DL_UART_1_init           
00005b29  SYSCFG_DL_UART_2_init           
00005b99  SYSCFG_DL_UART_3_init           
00005e55  SYSCFG_DL_init                  
00005495  SYSCFG_DL_initPower             
20200379  Save                            
00003ce1  Show_Init                       
00005c71  StepMotor_Init                  
0000400f  SysTick_Handler                 
000055a1  System_Init                     
0000400f  TIMA0_IRQHandler                
00006651  TIMA1_IRQHandler                
0000400f  TIMG0_IRQHandler                
0000400f  TIMG12_IRQHandler               
0000400f  TIMG6_IRQHandler                
0000400f  TIMG7_IRQHandler                
0000400f  TIMG8_IRQHandler                
20200300  Target_Yaw                      
000067d1  Track_Read                      
00005171  Track_ReadRaw                   
0000561d  Track_ReadStable                
000065d9  Track_ResetStable               
000045bd  Track_Update1ms                 
20200311  Track_Value                     
0000653d  UART0_IRQHandler                
0000606d  UART0_Init                      
000057fd  UART1_IRQHandler                
000060b1  UART1_Init                      
0000400f  UART2_IRQHandler                
000050a1  UART3_IRQHandler                
000060f5  UART3_Init                      
00004c55  Velocity_Get                    
202001d8  Wheel_Left                      
20200200  Wheel_Right                     
00006769  Yaw                             
00006685  YawPID_Enable                   
00006445  YawPID_Init                     
00006775  YawPID_SetTarget                
20200178  Yaw_Circle                      
20200304  Yaw_Value                       
2020037e  Yaw_Zero                        
000067d9  Zigbee_Init                     
20208000  __STACK_END                     
00000200  __STACK_SIZE                    
00000000  __TI_ATRegion0_region_sz        
00000000  __TI_ATRegion0_src_addr         
00000000  __TI_ATRegion0_trg_addr         
00000000  __TI_ATRegion1_region_sz        
00000000  __TI_ATRegion1_src_addr         
00000000  __TI_ATRegion1_trg_addr         
00000000  __TI_ATRegion2_region_sz        
00000000  __TI_ATRegion2_src_addr         
00000000  __TI_ATRegion2_trg_addr         
00009f08  __TI_CINIT_Base                 
00009f18  __TI_CINIT_Limit                
00009f18  __TI_CINIT_Warm                 
00009ef4  __TI_Handler_Table_Base         
00009f00  __TI_Handler_Table_Limit        
000062e9  __TI_auto_init_nobinit_nopinit  
00005699  __TI_decompress_lzss            
00006701  __TI_decompress_none            
ffffffff  __TI_pprof_out_hndl             
ffffffff  __TI_prof_data_size             
ffffffff  __TI_prof_data_start            
00001a85  __TI_scanfi                     
00000000  __TI_static_base__              
0000669d  __TI_zero_init_nomemset         
00003e87  __adddf3                        
00004eff  __addsf3                        
00009c10  __aeabi_ctype_table_            
00009c10  __aeabi_ctype_table_C           
000058f1  __aeabi_d2f                     
00003e87  __aeabi_dadd                    
00005cd5  __aeabi_dcmpeq                  
00005d11  __aeabi_dcmpge                  
00005d25  __aeabi_dcmpgt                  
00005cfd  __aeabi_dcmple                  
00005ce9  __aeabi_dcmplt                  
00004949  __aeabi_ddiv                    
00004d39  __aeabi_dmul                    
00003e7d  __aeabi_dsub                    
20200394  __aeabi_errno                   
000067e1  __aeabi_errno_addr              
000063d5  __aeabi_f2iz                    
00006479  __aeabi_f2uiz                   
00004eff  __aeabi_fadd                    
00005d39  __aeabi_fcmpeq                  
00005d75  __aeabi_fcmpge                  
00005d89  __aeabi_fcmpgt                  
00005d61  __aeabi_fcmple                  
00005d4d  __aeabi_fcmplt                  
0000551d  __aeabi_fdiv                    
00005409  __aeabi_fmul                    
00004ef5  __aeabi_fsub                    
00006271  __aeabi_i2f                     
0000559f  __aeabi_idiv0                   
00005d37  __aeabi_ldiv0                   
000065f9  __aeabi_llsl                    
000065b5  __aeabi_lmul                    
00006781  __aeabi_memclr                  
00006781  __aeabi_memclr4                 
00006781  __aeabi_memclr8                 
000067e9  __aeabi_memcpy                  
000067e9  __aeabi_memcpy4                 
000067e9  __aeabi_memcpy8                 
00006565  __aeabi_ui2f                    
00006139  __aeabi_uidiv                   
00006139  __aeabi_uidivmod                
000066b5  __aeabi_uldivmod                
000065f9  __ashldi3                       
ffffffff  __binit__                       
00005c09  __cmpdf2                        
00006325  __cmpsf2                        
00004949  __divdf3                        
0000551d  __divsf3                        
00005c09  __eqdf2                         
00006325  __eqsf2                         
000063d5  __fixsfsi                       
00006479  __fixunssfsi                    
00006271  __floatsisf                     
00006565  __floatunsisf                   
00005871  __gedf2                         
000062ad  __gesf2                         
00005871  __gtdf2                         
000062ad  __gtsf2                         
00005c09  __ledf2                         
00006325  __lesf2                         
00005c09  __ltdf2                         
00006325  __ltsf2                         
UNDEFED   __mpu_init                      
00004d39  __muldf3                        
000065b5  __muldi3                        
00006361  __muldsi3                       
00005409  __mulsf3                        
00005c09  __nedf2                         
00006325  __nesf2                         
20207e00  __stack                         
20200000  __start___llvm_prf_bits         
20200000  __start___llvm_prf_cnts         
20200000  __stop___llvm_prf_bits          
20200000  __stop___llvm_prf_cnts          
00003e7d  __subdf3                        
00004ef5  __subsf3                        
000058f1  __truncdfsf2                    
000052cd  __udivmoddi4                    
0000658d  _c_int00_noargs                 
UNDEFED   _system_post_cinit              
0000680d  _system_pre_init                
000067ff  abort                           
00009790  ascii_1206                      
000091a0  ascii_1608                      
00007fd0  ascii_2412                      
00006810  ascii_3216                      
00006179  atoi                            
ffffffff  binit                           
20200000  gPWM_0Backup                    
20200228  gSPI_LCDBackup                  
202000bc  gTIMER_TICKBackup               
202001a8  gUART_3Backup                   
20200398  g_imu_gyro_update_count         
00000000  interruptVectors                
00004e1d  ldexp                           
00004e1d  ldexpl                          
000038dd  main                            
2020039c  maixcam_data                    
202003a5  maixcam_rx_ready                
0000536f  memcpy                          
00005d9b  memset                          
20200312  rx_debug_flag                   
00004e1d  scalbn                          
00004e1d  scalbnl                         
0000640d  sendCaliYawCommand              
0000650d  sscanf                          
20200324  stcAccel                        
2020035c  stcAngle                        
20200338  stcGyro                         
2020034c  stcQuat                         
00002a61  strtod                          
00004479  strtol                          
00002a61  strtold                         
00003b01  strtoll                         
000046f9  strtoul                         
0000430d  strtoull                        
20200308  time                            
00004fcd  uart0_send_SendByte             
202003a6  uart_data                       
000061b9  zdt_emm_enable_no_reply         
20200368  zigbee_data                     


GLOBAL SYMBOLS: SORTED BY Symbol Address 

address   name                            
-------   ----                            
00000000  __TI_ATRegion0_region_sz        
00000000  __TI_ATRegion0_src_addr         
00000000  __TI_ATRegion0_trg_addr         
00000000  __TI_ATRegion1_region_sz        
00000000  __TI_ATRegion1_src_addr         
00000000  __TI_ATRegion1_trg_addr         
00000000  __TI_ATRegion2_region_sz        
00000000  __TI_ATRegion2_src_addr         
00000000  __TI_ATRegion2_trg_addr         
00000000  __TI_static_base__              
00000000  interruptVectors                
000000c1  LCD_Init                        
00000200  __STACK_SIZE                    
00000ea9  Mode_Question_Three             
00001a85  __TI_scanfi                     
00002661  LCD_ShowChar                    
00002a61  strtod                          
00002a61  strtold                         
00002e19  Run_Track                       
0000314d  LCD_Fill                        
0000340d  CopeSerial2Data                 
000036b1  LCD_Address_Set                 
000038dd  main                            
00003b01  strtoll                         
00003ce1  Show_Init                       
00003e7d  __aeabi_dsub                    
00003e7d  __subdf3                        
00003e87  __adddf3                        
00003e87  __aeabi_dadd                    
0000400f  ADC0_IRQHandler                 
0000400f  ADC1_IRQHandler                 
0000400f  AES_IRQHandler                  
0000400f  CANFD0_IRQHandler               
0000400f  DAC0_IRQHandler                 
0000400f  DMA_IRQHandler                  
0000400f  Default_Handler                 
0000400f  GROUP0_IRQHandler               
0000400f  HardFault_Handler               
0000400f  I2C0_IRQHandler                 
0000400f  I2C1_IRQHandler                 
0000400f  NMI_Handler                     
0000400f  PendSV_Handler                  
0000400f  RTC_IRQHandler                  
0000400f  SPI0_IRQHandler                 
0000400f  SPI1_IRQHandler                 
0000400f  SVC_Handler                     
0000400f  SysTick_Handler                 
0000400f  TIMA0_IRQHandler                
0000400f  TIMG0_IRQHandler                
0000400f  TIMG12_IRQHandler               
0000400f  TIMG6_IRQHandler                
0000400f  TIMG7_IRQHandler                
0000400f  TIMG8_IRQHandler                
0000400f  UART2_IRQHandler                
00004011  Mode_Question_Two               
0000430d  strtoull                        
00004479  strtol                          
000045bd  Track_Update1ms                 
000046f9  strtoul                         
00004825  SYSCFG_DL_GPIO_init             
00004949  __aeabi_ddiv                    
00004949  __divdf3                        
00004a55  DL_Timer_initFourCCPWMMode      
00004b59  DL_Timer_initTimerMode          
00004c55  Velocity_Get                    
00004d39  __aeabi_dmul                    
00004d39  __muldf3                        
00004e1d  ldexp                           
00004e1d  ldexpl                          
00004e1d  scalbn                          
00004e1d  scalbnl                         
00004ef5  __aeabi_fsub                    
00004ef5  __subsf3                        
00004eff  __addsf3                        
00004eff  __aeabi_fadd                    
00004fcd  uart0_send_SendByte             
000050a1  UART3_IRQHandler                
00005171  Track_ReadRaw                   
000052cd  __udivmoddi4                    
0000536f  memcpy                          
00005409  __aeabi_fmul                    
00005409  __mulsf3                        
00005495  SYSCFG_DL_initPower             
0000551d  __aeabi_fdiv                    
0000551d  __divsf3                        
0000559f  __aeabi_idiv0                   
000055a1  System_Init                     
0000561d  Track_ReadStable                
00005699  __TI_decompress_lzss            
00005715  SYSCFG_DL_PWM_0_init            
00005789  SYSCFG_DL_PWM_1_init            
000057fd  UART1_IRQHandler                
00005871  __gedf2                         
00005871  __gtdf2                         
000058e5  GyroUpdateCount                 
000058f1  __aeabi_d2f                     
000058f1  __truncdfsf2                    
000059d9  LCD_WR_DATA                     
00005a49  SYSCFG_DL_UART_0_init           
00005ab9  SYSCFG_DL_UART_1_init           
00005b29  SYSCFG_DL_UART_2_init           
00005b99  SYSCFG_DL_UART_3_init           
00005c09  __cmpdf2                        
00005c09  __eqdf2                         
00005c09  __ledf2                         
00005c09  __ltdf2                         
00005c09  __nedf2                         
00005c71  StepMotor_Init                  
00005cd5  __aeabi_dcmpeq                  
00005ce9  __aeabi_dcmplt                  
00005cfd  __aeabi_dcmple                  
00005d11  __aeabi_dcmpge                  
00005d25  __aeabi_dcmpgt                  
00005d37  __aeabi_ldiv0                   
00005d39  __aeabi_fcmpeq                  
00005d4d  __aeabi_fcmplt                  
00005d61  __aeabi_fcmple                  
00005d75  __aeabi_fcmpge                  
00005d89  __aeabi_fcmpgt                  
00005d9b  memset                          
00005dfd  GROUP1_IRQHandler               
00005e55  SYSCFG_DL_init                  
00005ead  SYSCFG_DL_TIMER_TICK_init       
00005efd  SYSCFG_DL_SPI_LCD_init          
00005f49  SYSCFG_DL_SYSCTL_init           
00005f95  LCD_ShowString                  
00005fe1  DL_UART_init                    
00006029  DL_SPI_init                     
0000606d  UART0_Init                      
000060b1  UART1_Init                      
000060f5  UART3_Init                      
00006139  __aeabi_uidiv                   
00006139  __aeabi_uidivmod                
00006179  atoi                            
000061b9  zdt_emm_enable_no_reply         
000061f9  AO_Control                      
00006235  BO_Control                      
00006271  __aeabi_i2f                     
00006271  __floatsisf                     
000062ad  __gesf2                         
000062ad  __gtsf2                         
000062e9  __TI_auto_init_nobinit_nopinit  
00006325  __cmpsf2                        
00006325  __eqsf2                         
00006325  __lesf2                         
00006325  __ltsf2                         
00006325  __nesf2                         
00006361  __muldsi3                       
0000639d  Encoder_Get                     
000063d5  __aeabi_f2iz                    
000063d5  __fixsfsi                       
0000640d  sendCaliYawCommand              
00006445  YawPID_Init                     
00006479  __aeabi_f2uiz                   
00006479  __fixunssfsi                    
000064ad  DL_UART_transmitDataBlocking    
000064dd  Encoder_Init                    
0000650d  sscanf                          
0000653d  UART0_IRQHandler                
00006565  __aeabi_ui2f                    
00006565  __floatunsisf                   
0000658d  _c_int00_noargs                 
000065b5  __aeabi_lmul                    
000065b5  __muldi3                        
000065d9  Track_ResetStable               
000065f9  __aeabi_llsl                    
000065f9  __ashldi3                       
00006619  DL_Timer_setCaptCompUpdateMethod
00006635  DL_Timer_setClockConfig         
00006651  TIMA1_IRQHandler                
0000666d  DL_Timer_setCaptureCompareOutCtl
00006685  YawPID_Enable                   
0000669d  __TI_zero_init_nomemset         
000066b5  __aeabi_uldivmod                
000066dd  DL_SPI_setClockConfig           
000066ef  DL_UART_setClockConfig          
00006701  __TI_decompress_none            
00006715  DL_Timer_setCaptureCompareValue 
00006725  Delay_ms                        
0000675d  GyroZ                           
00006769  Yaw                             
00006775  YawPID_SetTarget                
00006781  __aeabi_memclr                  
00006781  __aeabi_memclr4                 
00006781  __aeabi_memclr8                 
0000678d  DL_Common_delayCycles           
00006797  IMU_Init                        
0000679f  MAIXCAM_Init                    
000067d1  Track_Read                      
000067d9  Zigbee_Init                     
000067e1  __aeabi_errno_addr              
000067e9  __aeabi_memcpy                  
000067e9  __aeabi_memcpy4                 
000067e9  __aeabi_memcpy8                 
000067ff  abort                           
00006804  C$$EXIT                         
00006805  HOSTexit                        
00006809  Reset_Handler                   
0000680d  _system_pre_init                
00006810  ascii_3216                      
00007fd0  ascii_2412                      
000091a0  ascii_1608                      
00009790  ascii_1206                      
00009c10  __aeabi_ctype_table_            
00009c10  __aeabi_ctype_table_C           
00009ef4  __TI_Handler_Table_Base         
00009f00  __TI_Handler_Table_Limit        
00009f08  __TI_CINIT_Base                 
00009f18  __TI_CINIT_Limit                
00009f18  __TI_CINIT_Warm                 
20200000  __start___llvm_prf_bits         
20200000  __start___llvm_prf_cnts         
20200000  __stop___llvm_prf_bits          
20200000  __stop___llvm_prf_cnts          
20200000  gPWM_0Backup                    
202000bc  gTIMER_TICKBackup               
20200178  Yaw_Circle                      
202001a8  gUART_3Backup                   
202001d8  Wheel_Left                      
20200200  Wheel_Right                     
20200228  gSPI_LCDBackup                  
202002fc  Distance                        
20200300  Target_Yaw                      
20200304  Yaw_Value                       
20200308  time                            
2020030f  Mode                            
20200311  Track_Value                     
20200312  rx_debug_flag                   
20200324  stcAccel                        
20200338  stcGyro                         
2020034c  stcQuat                         
2020035c  stcAngle                        
20200368  zigbee_data                     
20200374  Key                             
20200379  Save                            
2020037e  Yaw_Zero                        
20200384  PID_KD                          
20200388  PID_KI                          
2020038c  PID_KP                          
20200394  __aeabi_errno                   
20200398  g_imu_gyro_update_count         
2020039c  maixcam_data                    
202003a5  maixcam_rx_ready                
202003a6  uart_data                       
20207e00  __stack                         
20208000  __STACK_END                     
41c00000  BCRConfig                       
41c00100  BSLConfig                       
ffffffff  __TI_pprof_out_hndl             
ffffffff  __TI_prof_data_size             
ffffffff  __TI_prof_data_start            
ffffffff  __binit__                       
ffffffff  binit                           
UNDEFED   __mpu_init                      
UNDEFED   _system_post_cinit              

[255 symbols]
