******************************************************************************
            TI ARM Clang Linker PC v4.0.4                      
******************************************************************************
>> Linked Sat Jul 25 23:49:08 2026

OUTPUT FILE NAME:   <ElcContestTest.out>
ENTRY POINT SYMBOL: "_c_int00_noargs"  address: 00005081


MEMORY CONFIGURATION

         name            origin    length      used     unused   attr    fill
----------------------  --------  ---------  --------  --------  ----  --------
  FLASH                 00000000   00020000  000088f0  00017710  R  X
  SRAM                  20200000   00008000  000004ca  00007b36  RW X
  BCR_CONFIG            41c00000   000000ff  00000060  0000009f  R   
  BSL_CONFIG            41c00100   00000080  00000058  00000028  R   


SEGMENT ALLOCATION MAP

run origin  load origin   length   init length attrs members
----------  ----------- ---------- ----------- ----- -------
00000000    00000000    000052e8   000052e8    r-x
  00000000    00000000    000000c0   000000c0    r-- .intvecs
  000000c0    000000c0    00005228   00005228    r-x .text
000052f0    000052f0    00003608   00003608    r--
  000052f0    000052f0    000035c0   000035c0    r-- .rodata
  000088b0    000088b0    00000048   00000048    r-- .cinit
20200000    20200000    000002ca   00000000    rw-
  20200000    20200000    00000250   00000000    rw- .bss
  20200250    20200250    0000007a   00000000    rw- .data
20207e00    20207e00    00000200   00000000    rw-
  20207e00    20207e00    00000200   00000000    rw- .stack
41c00000    41c00000    00000060   00000060    r--
  41c00000    41c00000    00000060   00000060    r-- .BCRConfig
41c00100    41c00100    00000058   00000058    r--
  41c00100    41c00100    00000058   00000058    r-- .BSLConfig


SECTION ALLOCATION MAP

 output                                  attributes/
section   page    origin      length       input sections
--------  ----  ----------  ----------   ----------------
.intvecs   0    00000000    000000c0     
                  00000000    000000c0     startup_mspm0g350x_ticlang.o (.intvecs)

.text      0    000000c0    00005228     
                  000000c0    00000de8     lcd_init.o (.text.LCD_Init)
                  00000ea8    000009d0     libc.a : _printfi.c.obj (.text:__TI_printfi)
                  00001878    00000400     lcd.o (.text.LCD_ShowChar)
                  00001c78    000002c0     lcd.o (.text.LCD_Fill)
                  00001f38    00000294     IMU.o (.text.CopeSerial2Data)
                  000021cc    0000022c     lcd_init.o (.text.LCD_Address_Set)
                  000023f8    00000220     libc.a : _printfi.c.obj (.text._pconv_a)
                  00002618    0000021e     lcd.o (.text.LCD_ShowIntNum)
                  00002836    00000002     startup_mspm0g350x_ticlang.o (.text.Default_Handler)
                  00002838    000001e0     empty.o (.text.Show_Update)
                  00002a18    000001dc     libc.a : _printfi.c.obj (.text._pconv_g)
                  00002bf4    0000019a     lcd.o (.text.LCD_ShowFloatNum)
                  00002d8e    00000002     libclang_rt.builtins.a : aeabi_div0.c.obj (.text.__aeabi_idiv0)
                  00002d90    00000192                            : adddf3.S.obj (.text.adddf3_subdf3)
                  00002f22    00000002                            : aeabi_div0.c.obj (.text.__aeabi_ldiv0)
                  00002f24    00000154     YAW_PID.o (.text.YawPID_Compute)
                  00003078    0000013c     libc.a : _printfi.c.obj (.text.fcvt)
                  000031b4    00000134     empty.o (.text.Show_Init)
                  000032e8    00000124     ti_msp_dl_config.o (.text.SYSCFG_DL_GPIO_init)
                  0000340c    00000120     libc.a : _printfi.c.obj (.text._pconv_e)
                  0000352c    0000010c     libclang_rt.builtins.a : divdf3.S.obj (.text.__divdf3)
                  00003638    00000104     driverlib.a : dl_timer.o (.text.DL_Timer_initFourCCPWMMode)
                  0000373c    000000fc                 : dl_timer.o (.text.DL_Timer_initTimerMode)
                  00003838    000000e4     libclang_rt.builtins.a : muldf3.S.obj (.text.__muldf3)
                  0000391c    000000e0     empty.o (.text.Velocity_Get)
                  000039fc    000000d8     libc.a : s_scalbn.c.obj (.text.scalbn)
                  00003ad4    000000d8     libclang_rt.builtins.a : addsf3.S.obj (.text)
                  00003bac    000000d4     board.o (.text.uart0_send_SendByte)
                  00003c80    000000cc     empty.o (.text.Mode_AngleHold)
                  00003d4c    000000a8     TRACK.o (.text.Track_Get)
                  00003df4    000000a2     libclang_rt.builtins.a : udivmoddi4.S.obj (.text)
                  00003e96    00000002     --HOLE-- [fill = 0]
                  00003e98    0000009c     empty.o (.text.ALL_Init)
                  00003f34    0000009a     libc.a : memcpy16.S.obj (.text:memcpy)
                  00003fce    00000002     --HOLE-- [fill = 0]
                  00003fd0    0000008c     libclang_rt.builtins.a : mulsf3.S.obj (.text.__mulsf3)
                  0000405c    00000088     empty.o (.text.main)
                  000040e4    00000082     libclang_rt.builtins.a : divsf3.S.obj (.text.__divsf3)
                  00004166    00000002     --HOLE-- [fill = 0]
                  00004168    0000007c     libc.a : copy_decompress_lzss.c.obj (.text:decompress:lzss)
                  000041e4    00000074     ti_msp_dl_config.o (.text.SYSCFG_DL_PWM_0_init)
                  00004258    00000074     ti_msp_dl_config.o (.text.SYSCFG_DL_PWM_1_init)
                  000042cc    00000074     libclang_rt.builtins.a : comparedf2.c.obj (.text.__gedf2)
                  00004340    00000070     lcd_init.o (.text.LCD_WR_DATA)
                  000043b0    00000070     ti_msp_dl_config.o (.text.SYSCFG_DL_UART_0_init)
                  00004420    00000070     ti_msp_dl_config.o (.text.SYSCFG_DL_UART_1_init)
                  00004490    00000070     ti_msp_dl_config.o (.text.SYSCFG_DL_initPower)
                  00004500    00000068     libclang_rt.builtins.a : comparedf2.c.obj (.text.__ledf2)
                  00004568    00000066     libc.a : _printfi.c.obj (.text._mcpy)
                  000045ce    00000002     --HOLE-- [fill = 0]
                  000045d0    00000062     libclang_rt.builtins.a : aeabi_dcmp.S.obj (.text.__aeabi_dcmp)
                  00004632    00000002     --HOLE-- [fill = 0]
                  00004634    00000062                            : aeabi_fcmp.S.obj (.text.__aeabi_fcmp)
                  00004696    00000062     libc.a : memset16.S.obj (.text:memset)
                  000046f8    0000005c            : s_frexp.c.obj (.text.frexp)
                  00004754    00000058     ENCODER.o (.text.GROUP1_IRQHandler)
                  000047ac    00000058     libc.a : _ltoa.c.obj (.text.__TI_ltoa)
                  00004804    00000058            : _printfi.c.obj (.text._pconv_f)
                  0000485c    00000056     libclang_rt.builtins.a : aeabi_idivmod.S.obj (.text.__aeabi_idivmod)
                  000048b2    00000052     libc.a : _printfi.c.obj (.text._ecpy)
                  00004904    00000050     ti_msp_dl_config.o (.text.SYSCFG_DL_TIMER_TICK_init)
                  00004954    0000004c     ti_msp_dl_config.o (.text.SYSCFG_DL_SPI_LCD_init)
                  000049a0    0000004c     ti_msp_dl_config.o (.text.SYSCFG_DL_SYSCTL_init)
                  000049ec    0000004a     lcd.o (.text.LCD_ShowString)
                  00004a36    00000002     --HOLE-- [fill = 0]
                  00004a38    0000004a     libclang_rt.builtins.a : fixdfsi.S.obj (.text.__fixdfsi)
                  00004a82    00000002     --HOLE-- [fill = 0]
                  00004a84    00000048     driverlib.a : dl_uart.o (.text.DL_UART_init)
                  00004acc    00000048     ti_msp_dl_config.o (.text.SYSCFG_DL_init)
                  00004b14    00000044     driverlib.a : dl_spi.o (.text.DL_SPI_init)
                  00004b58    00000044     board.o (.text.UART0_Init)
                  00004b9c    00000040     libclang_rt.builtins.a : aeabi_uidivmod.S.obj (.text.__aeabi_uidivmod)
                  00004bdc    00000040                            : extendsfdf2.S.obj (.text.__extendsfdf2)
                  00004c1c    00000040     libc.a : atoi.c.obj (.text.atoi)
                  00004c5c    0000003c     MOTOR.o (.text.AO_Control)
                  00004c98    0000003c     MOTOR.o (.text.BO_Control)
                  00004cd4    0000003c     libclang_rt.builtins.a : floatsisf.S.obj (.text.__floatsisf)
                  00004d10    0000003c                            : comparesf2.S.obj (.text.__gtsf2)
                  00004d4c    0000003c     libc.a : autoinit.c.obj (.text:__TI_auto_init_nobinit_nopinit)
                  00004d88    0000003a     libclang_rt.builtins.a : comparesf2.S.obj (.text.__eqsf2)
                  00004dc2    00000002     --HOLE-- [fill = 0]
                  00004dc4    0000003a                            : muldsi3.S.obj (.text.__muldsi3)
                  00004dfe    00000002     --HOLE-- [fill = 0]
                  00004e00    00000038     ENCODER.o (.text.Encoder_Get)
                  00004e38    00000038     libclang_rt.builtins.a : fixsfsi.S.obj (.text.__fixsfsi)
                  00004e70    00000038     IMU.o (.text.sendCaliYawCommand)
                  00004ea8    00000038     libc.a : sprintf.c.obj (.text.sprintf)
                  00004ee0    00000034     YAW_PID.o (.text.YawPID_Init)
                  00004f14    00000034     board.o (.text.uart1_sendString)
                  00004f48    00000032     libclang_rt.builtins.a : fixunssfsi.S.obj (.text.__fixunssfsi)
                  00004f7a    00000002     --HOLE-- [fill = 0]
                  00004f7c    00000030     ENCODER.o (.text.Encoder_Init)
                  00004fac    00000030     libc.a : _printfi.c.obj (.text._fcpy)
                  00004fdc    0000002c     libclang_rt.builtins.a : floatsidf.S.obj (.text.__floatsidf)
                  00005008    00000028     empty.o (.text.TIMA1_IRQHandler)
                  00005030    00000028     IMU.o (.text.UART0_IRQHandler)
                  00005058    00000028     libclang_rt.builtins.a : floatunsisf.S.obj (.text.__floatunsisf)
                  00005080    00000028     libc.a : boot_cortex_m.c.obj (.text:_c_int00_noargs)
                  000050a8    00000024     libclang_rt.builtins.a : muldi3.S.obj (.text.__muldi3)
                  000050cc    00000022     libc.a : memccpy.c.obj (.text.memccpy)
                  000050ee    00000002     --HOLE-- [fill = 0]
                  000050f0    0000001e     libclang_rt.builtins.a : ashldi3.S.obj (.text.__ashldi3)
                  0000510e    00000002     --HOLE-- [fill = 0]
                  00005110    0000001c     driverlib.a : dl_timer.o (.text.DL_Timer_setCaptCompUpdateMethod)
                  0000512c    0000001c                 : dl_timer.o (.text.DL_Timer_setClockConfig)
                  00005148    00000018                 : dl_timer.o (.text.DL_Timer_setCaptureCompareOutCtl)
                  00005160    00000018     YAW_PID.o (.text.YawPID_Enable)
                  00005178    00000018     libc.a : sprintf.c.obj (.text._outs)
                  00005190    00000016            : copy_zero_init.c.obj (.text:decompress:ZI:__TI_zero_init_nomemset)
                  000051a6    00000002     --HOLE-- [fill = 0]
                  000051a8    00000014     libclang_rt.builtins.a : aeabi_uldivmod.S.obj (.text.__aeabi_uldivmod)
                  000051bc    00000014     libc.a : _printfi.c.obj (.text.strchr)
                  000051d0    00000012     driverlib.a : dl_spi.o (.text.DL_SPI_setClockConfig)
                  000051e2    00000012                 : dl_uart.o (.text.DL_UART_setClockConfig)
                  000051f4    00000012     libc.a : copy_decompress_none.c.obj (.text:decompress:none)
                  00005206    00000002     --HOLE-- [fill = 0]
                  00005208    00000010     driverlib.a : dl_timer.o (.text.DL_Timer_setCaptureCompareValue)
                  00005218    00000010     libc.a : wcslen.c.obj (.text.wcslen)
                  00005228    0000000e     board.o (.text.Delay_ms)
                  00005236    00000002     --HOLE-- [fill = 0]
                  00005238    0000000e     libclang_rt.builtins.a : aeabi_memset.S.obj (.text.__aeabi_memset)
                  00005246    0000000e     libc.a : _printfi.c.obj (.text.strlen)
                  00005254    0000000c     ZIGBEE.o (.text.UART2_IRQHandler)
                  00005260    0000000c     IMU.o (.text.Yaw)
                  0000526c    0000000c     YAW_PID.o (.text.YawPID_ResetIntegral)
                  00005278    0000000c     YAW_PID.o (.text.YawPID_SetTarget)
                  00005284    0000000a     driverlib.a : dl_common.o (.text.DL_Common_delayCycles)
                  0000528e    0000000a     libc.a : _printfi.c.obj (.text.OUTLINED_FUNCTION_0)
                  00005298    00000010     libclang_rt.builtins.a : adddf3.S.obj (.tramp.__aeabi_dsub.1)
                  000052a8    0000000a     libc.a : _printfi.c.obj (.text.OUTLINED_FUNCTION_1)
                  000052b2    0000000a            : sprintf.c.obj (.text._outc)
                  000052bc    00000008     IMU.o (.text.IMU_Init)
                  000052c4    00000008     libc.a : aeabi_portable.c.obj (.text.__aeabi_errno_addr)
                  000052cc    00000008     libclang_rt.builtins.a : aeabi_memcpy.S.obj (.text.__aeabi_memcpy)
                  000052d4    00000006     libc.a : exit.c.obj (.text:abort)
                  000052da    00000004     libsysbm.a : hostexit.c.obj (.text.HOSTexit)
                  000052de    00000004     startup_mspm0g350x_ticlang.o (.text.Reset_Handler)
                  000052e2    00000004     libc.a : pre_init.c.obj (.text._system_pre_init)
                  000052e6    00000002     --HOLE-- [fill = 0]

.cinit     0    000088b0    00000048     
                  000088b0    00000021     (.cinit..data.load) [load image, compression = lzss]
                  000088d1    00000003     --HOLE-- [fill = 0]
                  000088d4    0000000c     (__TI_handler_table)
                  000088e0    00000008     (.cinit..bss.load) [load image, compression = zero_init]
                  000088e8    00000010     (__TI_cinit_table)

.rodata    0    000052f0    000035c0     
                  000052f0    000017c0     lcd.o (.rodata.ascii_3216)
                  00006ab0    000011d0     lcd.o (.rodata.ascii_2412)
                  00007c80    000005f0     lcd.o (.rodata.ascii_1608)
                  00008270    00000474     lcd.o (.rodata.ascii_1206)
                  000086e4    0000000a     ti_msp_dl_config.o (.rodata.gSPI_LCD_config)
                  000086ee    00000002     ti_msp_dl_config.o (.rodata.gSPI_LCD_clockConfig)
                  000086f0    00000101     libc.a : aeabi_ctype.S.obj (.rodata:__aeabi_ctype_table_)
                  000087f1    00000003     ti_msp_dl_config.o (.rodata.gPWM_0ClockConfig)
                  000087f4    00000014     ti_msp_dl_config.o (.rodata.gTIMER_TICKTimerConfig)
                  00008808    00000011     libc.a : _printfi.c.obj (.rodata.str1.10348868589481759720.1)
                  00008819    00000011            : _printfi.c.obj (.rodata.str1.15363888844622738466.1)
                  0000882a    00000010     empty.o (.rodata.str1.9517790425240694019.1)
                  0000883a    0000000a     ti_msp_dl_config.o (.rodata.gUART_0Config)
                  00008844    0000000a     ti_msp_dl_config.o (.rodata.gUART_1Config)
                  0000884e    0000000a     empty.o (.rodata.str1.2196762768037919588.1)
                  00008858    00000008     ti_msp_dl_config.o (.rodata.gPWM_0Config)
                  00008860    00000008     ti_msp_dl_config.o (.rodata.gPWM_1Config)
                  00008868    00000008     empty.o (.rodata.str1.11898133897667081452.1)
                  00008870    00000008     empty.o (.rodata.str1.14685083708502177989.1)
                  00008878    00000008     empty.o (.rodata.str1.17669528882079347314.1)
                  00008880    00000008     empty.o (.rodata.str1.254342170260855183.1)
                  00008888    00000007     empty.o (.rodata.str1.15706828512682300538.1)
                  0000888f    00000005     empty.o (.rodata.str1.17686411042290499047.1)
                  00008894    00000004     empty.o (.rodata.str1.150872071346279890.1)
                  00008898    00000004     empty.o (.rodata.str1.16704889451495720520.1)
                  0000889c    00000004     empty.o (.rodata.str1.7401042497206923953.1)
                  000088a0    00000003     ti_msp_dl_config.o (.rodata.gPWM_1ClockConfig)
                  000088a3    00000003     ti_msp_dl_config.o (.rodata.gTIMER_TICKClockConfig)
                  000088a6    00000002     ti_msp_dl_config.o (.rodata.gUART_0ClockConfig)
                  000088a8    00000002     ti_msp_dl_config.o (.rodata.gUART_1ClockConfig)
                  000088aa    00000006     --HOLE-- [fill = 0]

.init_array 
*          0    00000000    00000000     UNINITIALIZED

.binit     0    00000000    00000000     

.bss       0    20200000    00000250     UNINITIALIZED
                  20200000    000000bc     (.common:gPWM_0Backup)
                  202000bc    000000bc     (.common:gTIMER_TICKBackup)
                  20200178    00000030     (.common:Yaw_Circle)
                  202001a8    00000028     (.common:Wheel_Left)
                  202001d0    00000028     (.common:Wheel_Right)
                  202001f8    00000028     (.common:gSPI_LCDBackup)
                  20200220    0000000c     ENCODER.o (.bss.motor_encoder1)
                  2020022c    0000000c     ENCODER.o (.bss.motor_encoder2)
                  20200238    0000000b     IMU.o (.bss.CopeSerial2Data.ucRxBuffer)
                  20200243    00000001     (.common:Track_Value)
                  20200244    00000004     (.common:Distance)
                  20200248    00000004     (.common:Velocity_Counter)
                  2020024c    00000004     (.common:Yaw_Value)

.data      0    20200250    0000007a     UNINITIALIZED
                  20200250    00000014     IMU.o (.data.stcAccel)
                  20200264    00000014     IMU.o (.data.stcGyro)
                  20200278    00000010     IMU.o (.data.stcQuat)
                  20200288    0000000c     IMU.o (.data.stcAngle)
                  20200294    0000000c     ZIGBEE.o (.data.zigbee_data)
                  202002a0    00000005     IMU.o (.data.Key)
                  202002a5    00000005     IMU.o (.data.Save)
                  202002aa    00000005     IMU.o (.data.Yaw_Zero)
                  202002af    00000001     IMU.o (.data.CopeSerial2Data.ucRxCnt)
                  202002b0    00000004     empty.o (.data.Mode_AngleHold.last_sign)
                  202002b4    00000004     empty.o (.data.PID_KD)
                  202002b8    00000004     empty.o (.data.PID_KI)
                  202002bc    00000004     empty.o (.data.PID_KP)
                  202002c0    00000004     libc.a : aeabi_portable.c.obj (.data.__aeabi_errno)
                  202002c4    00000004     empty.o (.data.time)
                  202002c8    00000001     TRACK.o (.data.Track_Get.Track_Value)
                  202002c9    00000001     IMU.o (.data.uart_data)

.stack     0    20207e00    00000200     UNINITIALIZED
                  20207e00    00000004     libc.a : boot_cortex_m.c.obj (.stack)
                  20207e04    000001fc     --HOLE--

.BCRConfig 
*          0    41c00000    00000060     
                  41c00000    00000060     boot_config.o (.BCRConfig)

.BSLConfig 
*          0    41c00100    00000058     
                  41c00100    00000058     boot_config.o (.BSLConfig)

__llvm_prf_cnts 
*          0    20200000    00000000     UNINITIALIZED

__llvm_prf_bits 
*          0    20200000    00000000     UNINITIALIZED

MODULE SUMMARY

       Module                         code    ro data   rw data
       ------                         ----    -------   -------
    .\
       empty.o                        1548    82        113    
       ti_msp_dl_config.o             1164    81        416    
       startup_mspm0g350x_ticlang.o   6       192       0      
       boot_config.o                  0       184       0      
    +--+------------------------------+-------+---------+---------+
       Total:                         2718    539       529    
                                                               
    .\BPS\Board\
       board.o                        346     0         0      
    +--+------------------------------+-------+---------+---------+
       Total:                         346     0         0      
                                                               
    .\BPS\lcd\
       lcd.o                          2754    13300     0      
       lcd_init.o                     4228    0         0      
    +--+------------------------------+-------+---------+---------+
       Total:                         6982    13300     0      
                                                               
    .\BPS\src\
       IMU.o                          776     0         96     
       YAW_PID.o                      440     0         48     
       ENCODER.o                      192     0         24     
       TRACK.o                        168     0         1      
       MOTOR.o                        120     0         0      
       ZIGBEE.o                       12      0         12     
    +--+------------------------------+-------+---------+---------+
       Total:                         1708    0         181    
                                                               
    E:/SDK/Ti/mspm0_sdk_2_10_00_04/mspm0_sdk_2_11_00_07/source/ti/driverlib/lib/ticlang/m0p/mspm0g1x0x_g3x0x/driverlib.a
       dl_timer.o                     608     0         0      
       dl_uart.o                      90      0         0      
       dl_spi.o                       86      0         0      
       dl_common.o                    10      0         0      
    +--+------------------------------+-------+---------+---------+
       Total:                         794     0         0      
                                                               
    E:\software\IDE\Code Composer Studio\ccs\tools\compiler\ti-cgt-armllvm_4.0.4.LTS\lib\armv6m-ti-none-eabi/c/libc.a
       _printfi.c.obj                 4510    34        0      
       aeabi_ctype.S.obj              0       257       0      
       s_scalbn.c.obj                 216     0         0      
       memcpy16.S.obj                 154     0         0      
       copy_decompress_lzss.c.obj     124     0         0      
       memset16.S.obj                 98      0         0      
       s_frexp.c.obj                  92      0         0      
       sprintf.c.obj                  90      0         0      
       _ltoa.c.obj                    88      0         0      
       atoi.c.obj                     64      0         0      
       autoinit.c.obj                 60      0         0      
       boot_cortex_m.c.obj            40      0         0      
       memccpy.c.obj                  34      0         0      
       copy_zero_init.c.obj           22      0         0      
       copy_decompress_none.c.obj     18      0         0      
       wcslen.c.obj                   16      0         0      
       aeabi_portable.c.obj           8       0         4      
       exit.c.obj                     6       0         0      
       pre_init.c.obj                 4       0         0      
    +--+------------------------------+-------+---------+---------+
       Total:                         5644    291       4      
                                                               
    E:\software\IDE\Code Composer Studio\ccs\tools\compiler\ti-cgt-armllvm_4.0.4.LTS\lib\armv6m-ti-none-eabi/c/libsysbm.a
       hostexit.c.obj                 4       0         0      
    +--+------------------------------+-------+---------+---------+
       Total:                         4       0         0      
                                                               
    E:\software\IDE\Code Composer Studio\ccs\tools\compiler\ti-cgt-armllvm_4.0.4.LTS\lib\armv6m-ti-none-eabi/libclang_rt.builtins.a
       adddf3.S.obj                   418     0         0      
       divdf3.S.obj                   268     0         0      
       muldf3.S.obj                   228     0         0      
       comparedf2.c.obj               220     0         0      
       addsf3.S.obj                   216     0         0      
       udivmoddi4.S.obj               162     0         0      
       mulsf3.S.obj                   140     0         0      
       divsf3.S.obj                   130     0         0      
       comparesf2.S.obj               118     0         0      
       aeabi_dcmp.S.obj               98      0         0      
       aeabi_fcmp.S.obj               98      0         0      
       aeabi_idivmod.S.obj            86      0         0      
       fixdfsi.S.obj                  74      0         0      
       aeabi_uidivmod.S.obj           64      0         0      
       extendsfdf2.S.obj              64      0         0      
       floatsisf.S.obj                60      0         0      
       muldsi3.S.obj                  58      0         0      
       fixsfsi.S.obj                  56      0         0      
       fixunssfsi.S.obj               50      0         0      
       floatsidf.S.obj                44      0         0      
       floatunsisf.S.obj              40      0         0      
       muldi3.S.obj                   36      0         0      
       ashldi3.S.obj                  30      0         0      
       aeabi_uldivmod.S.obj           20      0         0      
       aeabi_memset.S.obj             14      0         0      
       aeabi_memcpy.S.obj             8       0         0      
       aeabi_div0.c.obj               4       0         0      
    +--+------------------------------+-------+---------+---------+
       Total:                         2804    0         0      
                                                               
       Stack:                         0       0         512    
       Linker Generated:              0       69        0      
    +--+------------------------------+-------+---------+---------+
       Grand Total:                   21000   14199     1226   


LINKER GENERATED COPY TABLES

__TI_cinit_table @ 000088e8 records: 2, size/record: 8, table size: 16
	.data: load addr=000088b0, load size=00000021 bytes, run addr=20200250, run size=0000007a bytes, compression=lzss
	.bss: load addr=000088e0, load size=00000008 bytes, run addr=20200000, run size=00000250 bytes, compression=zero_init


LINKER GENERATED HANDLER TABLE

__TI_handler_table @ 000088d4 records: 3, size/record: 4, table size: 12
	index: 0, handler: __TI_decompress_lzss
	index: 1, handler: __TI_decompress_none
	index: 2, handler: __TI_zero_init


FAR CALL TRAMPOLINES

callee name               trampoline name
   callee addr  tramp addr   call addr  call info
--------------  -----------  ---------  ----------------
__aeabi_dsub              $Tramp$TT$L$PI$$__aeabi_dsub
   00002d91     00005298     00005296   libc.a : _printfi.c.obj (.text.OUTLINED_FUNCTION_0)

[1 trampolines]
[1 trampoline calls]


GLOBAL SYMBOLS: SORTED ALPHABETICALLY BY Name 

address   name                            
-------   ----                            
00002837  ADC0_IRQHandler                 
00002837  ADC1_IRQHandler                 
00002837  AES_IRQHandler                  
00003e99  ALL_Init                        
00004c5d  AO_Control                      
41c00000  BCRConfig                       
00004c99  BO_Control                      
41c00100  BSLConfig                       
000052da  C$$EXIT                         
00002837  CANFD0_IRQHandler               
00001f39  CopeSerial2Data                 
00002837  DAC0_IRQHandler                 
00005285  DL_Common_delayCycles           
00004b15  DL_SPI_init                     
000051d1  DL_SPI_setClockConfig           
00003639  DL_Timer_initFourCCPWMMode      
0000373d  DL_Timer_initTimerMode          
00005111  DL_Timer_setCaptCompUpdateMethod
00005149  DL_Timer_setCaptureCompareOutCtl
00005209  DL_Timer_setCaptureCompareValue 
0000512d  DL_Timer_setClockConfig         
00004a85  DL_UART_init                    
000051e3  DL_UART_setClockConfig          
00002837  DMA_IRQHandler                  
00002837  Default_Handler                 
00005229  Delay_ms                        
20200244  Distance                        
00004e01  Encoder_Get                     
00004f7d  Encoder_Init                    
00002837  GROUP0_IRQHandler               
00004755  GROUP1_IRQHandler               
000052db  HOSTexit                        
00002837  HardFault_Handler               
00002837  I2C0_IRQHandler                 
00002837  I2C1_IRQHandler                 
000052bd  IMU_Init                        
202002a0  Key                             
000021cd  LCD_Address_Set                 
00001c79  LCD_Fill                        
000000c1  LCD_Init                        
00001879  LCD_ShowChar                    
00002bf5  LCD_ShowFloatNum                
00002619  LCD_ShowIntNum                  
000049ed  LCD_ShowString                  
00004341  LCD_WR_DATA                     
00003c81  Mode_AngleHold                  
00002837  NMI_Handler                     
202002b4  PID_KD                          
202002b8  PID_KI                          
202002bc  PID_KP                          
00002837  PendSV_Handler                  
00002837  RTC_IRQHandler                  
000052df  Reset_Handler                   
00002837  SPI0_IRQHandler                 
00002837  SPI1_IRQHandler                 
00002837  SVC_Handler                     
000032e9  SYSCFG_DL_GPIO_init             
000041e5  SYSCFG_DL_PWM_0_init            
00004259  SYSCFG_DL_PWM_1_init            
00004955  SYSCFG_DL_SPI_LCD_init          
000049a1  SYSCFG_DL_SYSCTL_init           
00004905  SYSCFG_DL_TIMER_TICK_init       
000043b1  SYSCFG_DL_UART_0_init           
00004421  SYSCFG_DL_UART_1_init           
00004acd  SYSCFG_DL_init                  
00004491  SYSCFG_DL_initPower             
202002a5  Save                            
000031b5  Show_Init                       
00002839  Show_Update                     
00002837  SysTick_Handler                 
00002837  TIMA0_IRQHandler                
00005009  TIMA1_IRQHandler                
00002837  TIMG0_IRQHandler                
00002837  TIMG12_IRQHandler               
00002837  TIMG6_IRQHandler                
00002837  TIMG7_IRQHandler                
00002837  TIMG8_IRQHandler                
00003d4d  Track_Get                       
20200243  Track_Value                     
00005031  UART0_IRQHandler                
00004b59  UART0_Init                      
00002837  UART1_IRQHandler                
00005255  UART2_IRQHandler                
00002837  UART3_IRQHandler                
20200248  Velocity_Counter                
0000391d  Velocity_Get                    
202001a8  Wheel_Left                      
202001d0  Wheel_Right                     
00005261  Yaw                             
00002f25  YawPID_Compute                  
00005161  YawPID_Enable                   
00004ee1  YawPID_Init                     
0000526d  YawPID_ResetIntegral            
00005279  YawPID_SetTarget                
20200178  Yaw_Circle                      
2020024c  Yaw_Value                       
202002aa  Yaw_Zero                        
20208000  __STACK_END                     
00000200  __STACK_SIZE                    
00000000  __TI_ATRegion0_region_sz        
00000000  __TI_ATRegion0_src_addr         
00000000  __TI_ATRegion0_trg_addr         
00000000  __TI_ATRegion1_region_sz        
00000000  __TI_ATRegion1_src_addr         
00000000  __TI_ATRegion1_trg_addr         
00000000  __TI_ATRegion2_region_sz        
00000000  __TI_ATRegion2_src_addr         
00000000  __TI_ATRegion2_trg_addr         
000088e8  __TI_CINIT_Base                 
000088f8  __TI_CINIT_Limit                
000088f8  __TI_CINIT_Warm                 
000088d4  __TI_Handler_Table_Base         
000088e0  __TI_Handler_Table_Limit        
00004d4d  __TI_auto_init_nobinit_nopinit  
00004169  __TI_decompress_lzss            
000051f5  __TI_decompress_none            
000047ad  __TI_ltoa                       
ffffffff  __TI_pprof_out_hndl             
00000ea9  __TI_printfi                    
ffffffff  __TI_prof_data_size             
ffffffff  __TI_prof_data_start            
00000000  __TI_static_base__              
00005191  __TI_zero_init_nomemset         
00002d9b  __adddf3                        
00003adf  __addsf3                        
000086f0  __aeabi_ctype_table_            
000086f0  __aeabi_ctype_table_C           
00004a39  __aeabi_d2iz                    
00002d9b  __aeabi_dadd                    
000045d1  __aeabi_dcmpeq                  
0000460d  __aeabi_dcmpge                  
00004621  __aeabi_dcmpgt                  
000045f9  __aeabi_dcmple                  
000045e5  __aeabi_dcmplt                  
0000352d  __aeabi_ddiv                    
00003839  __aeabi_dmul                    
00002d91  __aeabi_dsub                    
202002c0  __aeabi_errno                   
000052c5  __aeabi_errno_addr              
00004bdd  __aeabi_f2d                     
00004e39  __aeabi_f2iz                    
00004f49  __aeabi_f2uiz                   
00003adf  __aeabi_fadd                    
00004635  __aeabi_fcmpeq                  
00004671  __aeabi_fcmpge                  
00004685  __aeabi_fcmpgt                  
0000465d  __aeabi_fcmple                  
00004649  __aeabi_fcmplt                  
000040e5  __aeabi_fdiv                    
00003fd1  __aeabi_fmul                    
00003ad5  __aeabi_fsub                    
00004fdd  __aeabi_i2d                     
00004cd5  __aeabi_i2f                     
0000485d  __aeabi_idiv                    
00002d8f  __aeabi_idiv0                   
0000485d  __aeabi_idivmod                 
00002f23  __aeabi_ldiv0                   
000050f1  __aeabi_llsl                    
000050a9  __aeabi_lmul                    
000052cd  __aeabi_memcpy                  
000052cd  __aeabi_memcpy4                 
000052cd  __aeabi_memcpy8                 
00005239  __aeabi_memset                  
00005239  __aeabi_memset4                 
00005239  __aeabi_memset8                 
00005059  __aeabi_ui2f                    
00004b9d  __aeabi_uidiv                   
00004b9d  __aeabi_uidivmod                
000051a9  __aeabi_uldivmod                
000050f1  __ashldi3                       
ffffffff  __binit__                       
00004501  __cmpdf2                        
00004d89  __cmpsf2                        
0000352d  __divdf3                        
000040e5  __divsf3                        
00004501  __eqdf2                         
00004d89  __eqsf2                         
00004bdd  __extendsfdf2                   
00004a39  __fixdfsi                       
00004e39  __fixsfsi                       
00004f49  __fixunssfsi                    
00004fdd  __floatsidf                     
00004cd5  __floatsisf                     
00005059  __floatunsisf                   
000042cd  __gedf2                         
00004d11  __gesf2                         
000042cd  __gtdf2                         
00004d11  __gtsf2                         
00004501  __ledf2                         
00004d89  __lesf2                         
00004501  __ltdf2                         
00004d89  __ltsf2                         
UNDEFED   __mpu_init                      
00003839  __muldf3                        
000050a9  __muldi3                        
00004dc5  __muldsi3                       
00003fd1  __mulsf3                        
00004501  __nedf2                         
00004d89  __nesf2                         
20207e00  __stack                         
20200000  __start___llvm_prf_bits         
20200000  __start___llvm_prf_cnts         
20200000  __stop___llvm_prf_bits          
20200000  __stop___llvm_prf_cnts          
00002d91  __subdf3                        
00003ad5  __subsf3                        
00003df5  __udivmoddi4                    
00005081  _c_int00_noargs                 
UNDEFED   _system_post_cinit              
000052e3  _system_pre_init                
000052d5  abort                           
00008270  ascii_1206                      
00007c80  ascii_1608                      
00006ab0  ascii_2412                      
000052f0  ascii_3216                      
00004c1d  atoi                            
ffffffff  binit                           
000046f9  frexp                           
000046f9  frexpl                          
20200000  gPWM_0Backup                    
202001f8  gSPI_LCDBackup                  
202000bc  gTIMER_TICKBackup               
00000000  interruptVectors                
000039fd  ldexp                           
000039fd  ldexpl                          
0000405d  main                            
000050cd  memccpy                         
00003f35  memcpy                          
00004697  memset                          
000039fd  scalbn                          
000039fd  scalbnl                         
00004e71  sendCaliYawCommand              
00004ea9  sprintf                         
20200250  stcAccel                        
20200288  stcAngle                        
20200264  stcGyro                         
20200278  stcQuat                         
202002c4  time                            
00003bad  uart0_send_SendByte             
00004f15  uart1_sendString                
202002c9  uart_data                       
00005219  wcslen                          
20200294  zigbee_data                     


GLOBAL SYMBOLS: SORTED BY Symbol Address 

address   name                            
-------   ----                            
00000000  __TI_ATRegion0_region_sz        
00000000  __TI_ATRegion0_src_addr         
00000000  __TI_ATRegion0_trg_addr         
00000000  __TI_ATRegion1_region_sz        
00000000  __TI_ATRegion1_src_addr         
00000000  __TI_ATRegion1_trg_addr         
00000000  __TI_ATRegion2_region_sz        
00000000  __TI_ATRegion2_src_addr         
00000000  __TI_ATRegion2_trg_addr         
00000000  __TI_static_base__              
00000000  interruptVectors                
000000c1  LCD_Init                        
00000200  __STACK_SIZE                    
00000ea9  __TI_printfi                    
00001879  LCD_ShowChar                    
00001c79  LCD_Fill                        
00001f39  CopeSerial2Data                 
000021cd  LCD_Address_Set                 
00002619  LCD_ShowIntNum                  
00002837  ADC0_IRQHandler                 
00002837  ADC1_IRQHandler                 
00002837  AES_IRQHandler                  
00002837  CANFD0_IRQHandler               
00002837  DAC0_IRQHandler                 
00002837  DMA_IRQHandler                  
00002837  Default_Handler                 
00002837  GROUP0_IRQHandler               
00002837  HardFault_Handler               
00002837  I2C0_IRQHandler                 
00002837  I2C1_IRQHandler                 
00002837  NMI_Handler                     
00002837  PendSV_Handler                  
00002837  RTC_IRQHandler                  
00002837  SPI0_IRQHandler                 
00002837  SPI1_IRQHandler                 
00002837  SVC_Handler                     
00002837  SysTick_Handler                 
00002837  TIMA0_IRQHandler                
00002837  TIMG0_IRQHandler                
00002837  TIMG12_IRQHandler               
00002837  TIMG6_IRQHandler                
00002837  TIMG7_IRQHandler                
00002837  TIMG8_IRQHandler                
00002837  UART1_IRQHandler                
00002837  UART3_IRQHandler                
00002839  Show_Update                     
00002bf5  LCD_ShowFloatNum                
00002d8f  __aeabi_idiv0                   
00002d91  __aeabi_dsub                    
00002d91  __subdf3                        
00002d9b  __adddf3                        
00002d9b  __aeabi_dadd                    
00002f23  __aeabi_ldiv0                   
00002f25  YawPID_Compute                  
000031b5  Show_Init                       
000032e9  SYSCFG_DL_GPIO_init             
0000352d  __aeabi_ddiv                    
0000352d  __divdf3                        
00003639  DL_Timer_initFourCCPWMMode      
0000373d  DL_Timer_initTimerMode          
00003839  __aeabi_dmul                    
00003839  __muldf3                        
0000391d  Velocity_Get                    
000039fd  ldexp                           
000039fd  ldexpl                          
000039fd  scalbn                          
000039fd  scalbnl                         
00003ad5  __aeabi_fsub                    
00003ad5  __subsf3                        
00003adf  __addsf3                        
00003adf  __aeabi_fadd                    
00003bad  uart0_send_SendByte             
00003c81  Mode_AngleHold                  
00003d4d  Track_Get                       
00003df5  __udivmoddi4                    
00003e99  ALL_Init                        
00003f35  memcpy                          
00003fd1  __aeabi_fmul                    
00003fd1  __mulsf3                        
0000405d  main                            
000040e5  __aeabi_fdiv                    
000040e5  __divsf3                        
00004169  __TI_decompress_lzss            
000041e5  SYSCFG_DL_PWM_0_init            
00004259  SYSCFG_DL_PWM_1_init            
000042cd  __gedf2                         
000042cd  __gtdf2                         
00004341  LCD_WR_DATA                     
000043b1  SYSCFG_DL_UART_0_init           
00004421  SYSCFG_DL_UART_1_init           
00004491  SYSCFG_DL_initPower             
00004501  __cmpdf2                        
00004501  __eqdf2                         
00004501  __ledf2                         
00004501  __ltdf2                         
00004501  __nedf2                         
000045d1  __aeabi_dcmpeq                  
000045e5  __aeabi_dcmplt                  
000045f9  __aeabi_dcmple                  
0000460d  __aeabi_dcmpge                  
00004621  __aeabi_dcmpgt                  
00004635  __aeabi_fcmpeq                  
00004649  __aeabi_fcmplt                  
0000465d  __aeabi_fcmple                  
00004671  __aeabi_fcmpge                  
00004685  __aeabi_fcmpgt                  
00004697  memset                          
000046f9  frexp                           
000046f9  frexpl                          
00004755  GROUP1_IRQHandler               
000047ad  __TI_ltoa                       
0000485d  __aeabi_idiv                    
0000485d  __aeabi_idivmod                 
00004905  SYSCFG_DL_TIMER_TICK_init       
00004955  SYSCFG_DL_SPI_LCD_init          
000049a1  SYSCFG_DL_SYSCTL_init           
000049ed  LCD_ShowString                  
00004a39  __aeabi_d2iz                    
00004a39  __fixdfsi                       
00004a85  DL_UART_init                    
00004acd  SYSCFG_DL_init                  
00004b15  DL_SPI_init                     
00004b59  UART0_Init                      
00004b9d  __aeabi_uidiv                   
00004b9d  __aeabi_uidivmod                
00004bdd  __aeabi_f2d                     
00004bdd  __extendsfdf2                   
00004c1d  atoi                            
00004c5d  AO_Control                      
00004c99  BO_Control                      
00004cd5  __aeabi_i2f                     
00004cd5  __floatsisf                     
00004d11  __gesf2                         
00004d11  __gtsf2                         
00004d4d  __TI_auto_init_nobinit_nopinit  
00004d89  __cmpsf2                        
00004d89  __eqsf2                         
00004d89  __lesf2                         
00004d89  __ltsf2                         
00004d89  __nesf2                         
00004dc5  __muldsi3                       
00004e01  Encoder_Get                     
00004e39  __aeabi_f2iz                    
00004e39  __fixsfsi                       
00004e71  sendCaliYawCommand              
00004ea9  sprintf                         
00004ee1  YawPID_Init                     
00004f15  uart1_sendString                
00004f49  __aeabi_f2uiz                   
00004f49  __fixunssfsi                    
00004f7d  Encoder_Init                    
00004fdd  __aeabi_i2d                     
00004fdd  __floatsidf                     
00005009  TIMA1_IRQHandler                
00005031  UART0_IRQHandler                
00005059  __aeabi_ui2f                    
00005059  __floatunsisf                   
00005081  _c_int00_noargs                 
000050a9  __aeabi_lmul                    
000050a9  __muldi3                        
000050cd  memccpy                         
000050f1  __aeabi_llsl                    
000050f1  __ashldi3                       
00005111  DL_Timer_setCaptCompUpdateMethod
0000512d  DL_Timer_setClockConfig         
00005149  DL_Timer_setCaptureCompareOutCtl
00005161  YawPID_Enable                   
00005191  __TI_zero_init_nomemset         
000051a9  __aeabi_uldivmod                
000051d1  DL_SPI_setClockConfig           
000051e3  DL_UART_setClockConfig          
000051f5  __TI_decompress_none            
00005209  DL_Timer_setCaptureCompareValue 
00005219  wcslen                          
00005229  Delay_ms                        
00005239  __aeabi_memset                  
00005239  __aeabi_memset4                 
00005239  __aeabi_memset8                 
00005255  UART2_IRQHandler                
00005261  Yaw                             
0000526d  YawPID_ResetIntegral            
00005279  YawPID_SetTarget                
00005285  DL_Common_delayCycles           
000052bd  IMU_Init                        
000052c5  __aeabi_errno_addr              
000052cd  __aeabi_memcpy                  
000052cd  __aeabi_memcpy4                 
000052cd  __aeabi_memcpy8                 
000052d5  abort                           
000052da  C$$EXIT                         
000052db  HOSTexit                        
000052df  Reset_Handler                   
000052e3  _system_pre_init                
000052f0  ascii_3216                      
00006ab0  ascii_2412                      
00007c80  ascii_1608                      
00008270  ascii_1206                      
000086f0  __aeabi_ctype_table_            
000086f0  __aeabi_ctype_table_C           
000088d4  __TI_Handler_Table_Base         
000088e0  __TI_Handler_Table_Limit        
000088e8  __TI_CINIT_Base                 
000088f8  __TI_CINIT_Limit                
000088f8  __TI_CINIT_Warm                 
20200000  __start___llvm_prf_bits         
20200000  __start___llvm_prf_cnts         
20200000  __stop___llvm_prf_bits          
20200000  __stop___llvm_prf_cnts          
20200000  gPWM_0Backup                    
202000bc  gTIMER_TICKBackup               
20200178  Yaw_Circle                      
202001a8  Wheel_Left                      
202001d0  Wheel_Right                     
202001f8  gSPI_LCDBackup                  
20200243  Track_Value                     
20200244  Distance                        
20200248  Velocity_Counter                
2020024c  Yaw_Value                       
20200250  stcAccel                        
20200264  stcGyro                         
20200278  stcQuat                         
20200288  stcAngle                        
20200294  zigbee_data                     
202002a0  Key                             
202002a5  Save                            
202002aa  Yaw_Zero                        
202002b4  PID_KD                          
202002b8  PID_KI                          
202002bc  PID_KP                          
202002c0  __aeabi_errno                   
202002c4  time                            
202002c9  uart_data                       
20207e00  __stack                         
20208000  __STACK_END                     
41c00000  BCRConfig                       
41c00100  BSLConfig                       
ffffffff  __TI_pprof_out_hndl             
ffffffff  __TI_prof_data_size             
ffffffff  __TI_prof_data_start            
ffffffff  __binit__                       
ffffffff  binit                           
UNDEFED   __mpu_init                      
UNDEFED   _system_post_cinit              

[243 symbols]
