******************************************************************************
            TI ARM Clang Linker PC v4.0.4                      
******************************************************************************
>> Linked Wed Jul 29 15:05:47 2026

OUTPUT FILE NAME:   <ElcContestTest.out>
ENTRY POINT SYMBOL: "_c_int00_noargs"  address: 000057b9


MEMORY CONFIGURATION

         name            origin    length      used     unused   attr    fill
----------------------  --------  ---------  --------  --------  ----  --------
  FLASH                 00000000   00020000  00009058  00016fa8  R  X
  SRAM                  20200000   00008000  00000502  00007afe  RW X
  BCR_CONFIG            41c00000   000000ff  00000060  0000009f  R   
  BSL_CONFIG            41c00100   00000080  00000058  00000028  R   


SEGMENT ALLOCATION MAP

run origin  load origin   length   init length attrs members
----------  ----------- ---------- ----------- ----- -------
00000000    00000000    00009058   00009058    r-x
  00000000    00000000    000000c0   000000c0    r-- .intvecs
  000000c0    000000c0    00005960   00005960    r-x .text
  00005a20    00005a20    000035f0   000035f0    r-- .rodata
  00009010    00009010    00000048   00000048    r-- .cinit
20200000    20200000    00000305   00000000    rw-
  20200000    20200000    00000289   00000000    rw- .bss
  2020028c    2020028c    00000079   00000000    rw- .data
20207e00    20207e00    00000200   00000000    rw-
  20207e00    20207e00    00000200   00000000    rw- .stack
41c00000    41c00000    00000060   00000060    r--
  41c00000    41c00000    00000060   00000060    r-- .BCRConfig
41c00100    41c00100    00000058   00000058    r--
  41c00100    41c00100    00000058   00000058    r-- .BSLConfig


SECTION ALLOCATION MAP

 output                                  attributes/
section   page    origin      length       input sections
--------  ----  ----------  ----------   ----------------
.intvecs   0    00000000    000000c0     
                  00000000    000000c0     startup_mspm0g350x_ticlang.o (.intvecs)

.text      0    000000c0    00005960     
                  000000c0    00000de8     lcd_init.o (.text.LCD_Init)
                  00000ea8    000009d0     libc.a : _printfi.c.obj (.text:__TI_printfi)
                  00001878    00000400     lcd.o (.text.LCD_ShowChar)
                  00001c78    000002c0     lcd.o (.text.LCD_Fill)
                  00001f38    00000294     IMU.o (.text.CopeSerial2Data)
                  000021cc    0000022c     lcd_init.o (.text.LCD_Address_Set)
                  000023f8    00000220     libc.a : _printfi.c.obj (.text._pconv_a)
                  00002618    0000021e     lcd.o (.text.LCD_ShowIntNum)
                  00002836    00000002     startup_mspm0g350x_ticlang.o (.text.Default_Handler)
                  00002838    000001dc     libc.a : _printfi.c.obj (.text._pconv_g)
                  00002a14    000001b4     empty.o (.text.main)
                  00002bc8    000001ac     empty.o (.text.Show_Update)
                  00002d74    0000019a     lcd.o (.text.LCD_ShowFloatNum)
                  00002f0e    00000002     libclang_rt.builtins.a : aeabi_div0.c.obj (.text.__aeabi_idiv0)
                  00002f10    00000192                            : adddf3.S.obj (.text.adddf3_subdf3)
                  000030a2    00000002                            : aeabi_div0.c.obj (.text.__aeabi_ldiv0)
                  000030a4    0000016c     empty.o (.text.PID_Get)
                  00003210    00000154     empty.o (.text.Show_Init)
                  00003364    00000154     YAW_PID.o (.text.YawPID_Compute)
                  000034b8    0000013c     libc.a : _printfi.c.obj (.text.fcvt)
                  000035f4    0000012c     ti_msp_dl_config.o (.text.SYSCFG_DL_GPIO_init)
                  00003720    00000124     empty.o (.text.Run_Track)
                  00003844    00000120     libc.a : _printfi.c.obj (.text._pconv_e)
                  00003964    0000010c     libclang_rt.builtins.a : divdf3.S.obj (.text.__divdf3)
                  00003a70    00000104     driverlib.a : dl_timer.o (.text.DL_Timer_initFourCCPWMMode)
                  00003b74    000000fc                 : dl_timer.o (.text.DL_Timer_initTimerMode)
                  00003c70    000000e4     empty.o (.text.Run_AngleHold)
                  00003d54    000000e4     libclang_rt.builtins.a : muldf3.S.obj (.text.__muldf3)
                  00003e38    000000e0     empty.o (.text.Velocity_Get)
                  00003f18    000000d8     libc.a : s_scalbn.c.obj (.text.scalbn)
                  00003ff0    000000d8     libclang_rt.builtins.a : addsf3.S.obj (.text)
                  000040c8    000000d4     board.o (.text.uart0_send_SendByte)
                  0000419c    000000d0     MAXICAM.o (.text.UART3_IRQHandler)
                  0000426c    000000b0     STEP_MOTOR.o (.text.zdt_emm_position_pulses_no_reply)
                  0000431c    000000a8     TRACK.o (.text.Track_Get)
                  000043c4    000000a2     libclang_rt.builtins.a : udivmoddi4.S.obj (.text)
                  00004466    0000009a     libc.a : memcpy16.S.obj (.text:memcpy)
                  00004500    0000008c     libclang_rt.builtins.a : mulsf3.S.obj (.text.__mulsf3)
                  0000458c    00000088     ti_msp_dl_config.o (.text.SYSCFG_DL_initPower)
                  00004614    00000082     libclang_rt.builtins.a : divsf3.S.obj (.text.__divsf3)
                  00004696    00000002     --HOLE-- [fill = 0]
                  00004698    0000007c     libc.a : copy_decompress_lzss.c.obj (.text:decompress:lzss)
                  00004714    00000074     ti_msp_dl_config.o (.text.SYSCFG_DL_PWM_0_init)
                  00004788    00000074     ti_msp_dl_config.o (.text.SYSCFG_DL_PWM_1_init)
                  000047fc    00000074     libclang_rt.builtins.a : comparedf2.c.obj (.text.__gedf2)
                  00004870    00000070     lcd_init.o (.text.LCD_WR_DATA)
                  000048e0    00000070     ti_msp_dl_config.o (.text.SYSCFG_DL_UART_0_init)
                  00004950    00000070     ti_msp_dl_config.o (.text.SYSCFG_DL_UART_1_init)
                  000049c0    00000070     ti_msp_dl_config.o (.text.SYSCFG_DL_UART_2_init)
                  00004a30    00000070     ti_msp_dl_config.o (.text.SYSCFG_DL_UART_3_init)
                  00004aa0    00000070     empty.o (.text.System_Init)
                  00004b10    00000068     libclang_rt.builtins.a : comparedf2.c.obj (.text.__ledf2)
                  00004b78    00000066     libc.a : _printfi.c.obj (.text._mcpy)
                  00004bde    00000002     --HOLE-- [fill = 0]
                  00004be0    00000064     My_STEPMOTOR.o (.text.StepMotor_Init)
                  00004c44    00000062     libclang_rt.builtins.a : aeabi_dcmp.S.obj (.text.__aeabi_dcmp)
                  00004ca6    00000002     --HOLE-- [fill = 0]
                  00004ca8    00000062                            : aeabi_fcmp.S.obj (.text.__aeabi_fcmp)
                  00004d0a    00000062     libc.a : memset16.S.obj (.text:memset)
                  00004d6c    0000005c            : s_frexp.c.obj (.text.frexp)
                  00004dc8    00000058     ENCODER.o (.text.GROUP1_IRQHandler)
                  00004e20    00000058     ti_msp_dl_config.o (.text.SYSCFG_DL_init)
                  00004e78    00000058     libc.a : _ltoa.c.obj (.text.__TI_ltoa)
                  00004ed0    00000058            : _printfi.c.obj (.text._pconv_f)
                  00004f28    00000056     libclang_rt.builtins.a : aeabi_idivmod.S.obj (.text.__aeabi_idivmod)
                  00004f7e    00000052     libc.a : _printfi.c.obj (.text._ecpy)
                  00004fd0    00000050     ti_msp_dl_config.o (.text.SYSCFG_DL_TIMER_TICK_init)
                  00005020    0000004c     ti_msp_dl_config.o (.text.SYSCFG_DL_SPI_LCD_init)
                  0000506c    0000004c     ti_msp_dl_config.o (.text.SYSCFG_DL_SYSCTL_init)
                  000050b8    0000004a     lcd.o (.text.LCD_ShowString)
                  00005102    00000002     --HOLE-- [fill = 0]
                  00005104    0000004a     libclang_rt.builtins.a : fixdfsi.S.obj (.text.__fixdfsi)
                  0000514e    00000002     --HOLE-- [fill = 0]
                  00005150    00000048     driverlib.a : dl_uart.o (.text.DL_UART_init)
                  00005198    00000044                 : dl_spi.o (.text.DL_SPI_init)
                  000051dc    00000044     board.o (.text.UART0_Init)
                  00005220    00000044     board.o (.text.UART3_Init)
                  00005264    00000040     libclang_rt.builtins.a : aeabi_uidivmod.S.obj (.text.__aeabi_uidivmod)
                  000052a4    00000040                            : extendsfdf2.S.obj (.text.__extendsfdf2)
                  000052e4    00000040     libc.a : atoi.c.obj (.text.atoi)
                  00005324    00000040     STEP_MOTOR.o (.text.zdt_emm_enable_no_reply)
                  00005364    0000003c     MOTOR.o (.text.AO_Control)
                  000053a0    0000003c     MOTOR.o (.text.BO_Control)
                  000053dc    0000003c     libclang_rt.builtins.a : floatsisf.S.obj (.text.__floatsisf)
                  00005418    0000003c                            : comparesf2.S.obj (.text.__gtsf2)
                  00005454    0000003c     libc.a : autoinit.c.obj (.text:__TI_auto_init_nobinit_nopinit)
                  00005490    0000003a     libclang_rt.builtins.a : comparesf2.S.obj (.text.__eqsf2)
                  000054ca    00000002     --HOLE-- [fill = 0]
                  000054cc    0000003a                            : muldsi3.S.obj (.text.__muldsi3)
                  00005506    00000002     --HOLE-- [fill = 0]
                  00005508    00000038     ENCODER.o (.text.Encoder_Get)
                  00005540    00000038     libclang_rt.builtins.a : fixsfsi.S.obj (.text.__fixsfsi)
                  00005578    00000038     IMU.o (.text.sendCaliYawCommand)
                  000055b0    00000038     libc.a : sprintf.c.obj (.text.sprintf)
                  000055e8    00000034     YAW_PID.o (.text.YawPID_Init)
                  0000561c    00000034     board.o (.text.uart2_sendString)
                  00005650    00000032     libclang_rt.builtins.a : fixunssfsi.S.obj (.text.__fixunssfsi)
                  00005682    00000002     --HOLE-- [fill = 0]
                  00005684    00000030     driverlib.a : dl_uart.o (.text.DL_UART_transmitDataBlocking)
                  000056b4    00000030     ENCODER.o (.text.Encoder_Init)
                  000056e4    00000030     libc.a : _printfi.c.obj (.text._fcpy)
                  00005714    0000002c     libclang_rt.builtins.a : floatsidf.S.obj (.text.__floatsidf)
                  00005740    00000028     empty.o (.text.TIMA1_IRQHandler)
                  00005768    00000028     IMU.o (.text.UART0_IRQHandler)
                  00005790    00000028     libclang_rt.builtins.a : floatunsisf.S.obj (.text.__floatunsisf)
                  000057b8    00000028     libc.a : boot_cortex_m.c.obj (.text:_c_int00_noargs)
                  000057e0    00000024     libclang_rt.builtins.a : muldi3.S.obj (.text.__muldi3)
                  00005804    00000022     libc.a : memccpy.c.obj (.text.memccpy)
                  00005826    00000002     --HOLE-- [fill = 0]
                  00005828    0000001e     libclang_rt.builtins.a : ashldi3.S.obj (.text.__ashldi3)
                  00005846    00000002     --HOLE-- [fill = 0]
                  00005848    0000001c     driverlib.a : dl_timer.o (.text.DL_Timer_setCaptCompUpdateMethod)
                  00005864    0000001c                 : dl_timer.o (.text.DL_Timer_setClockConfig)
                  00005880    00000018                 : dl_timer.o (.text.DL_Timer_setCaptureCompareOutCtl)
                  00005898    00000018     YAW_PID.o (.text.YawPID_Enable)
                  000058b0    00000018     libc.a : sprintf.c.obj (.text._outs)
                  000058c8    00000016            : copy_zero_init.c.obj (.text:decompress:ZI:__TI_zero_init_nomemset)
                  000058de    00000002     --HOLE-- [fill = 0]
                  000058e0    00000014     libclang_rt.builtins.a : aeabi_uldivmod.S.obj (.text.__aeabi_uldivmod)
                  000058f4    00000014     libc.a : _printfi.c.obj (.text.strchr)
                  00005908    00000012     driverlib.a : dl_spi.o (.text.DL_SPI_setClockConfig)
                  0000591a    00000012                 : dl_uart.o (.text.DL_UART_setClockConfig)
                  0000592c    00000012     libc.a : copy_decompress_none.c.obj (.text:decompress:none)
                  0000593e    00000002     --HOLE-- [fill = 0]
                  00005940    00000010     driverlib.a : dl_timer.o (.text.DL_Timer_setCaptureCompareValue)
                  00005950    00000010     libc.a : wcslen.c.obj (.text.wcslen)
                  00005960    0000000e     board.o (.text.Delay_ms)
                  0000596e    00000002     --HOLE-- [fill = 0]
                  00005970    0000000e     libclang_rt.builtins.a : aeabi_memset.S.obj (.text.__aeabi_memset)
                  0000597e    0000000e     libc.a : _printfi.c.obj (.text.strlen)
                  0000598c    0000000c     IMU.o (.text.Yaw)
                  00005998    0000000c     YAW_PID.o (.text.YawPID_ResetIntegral)
                  000059a4    0000000c     YAW_PID.o (.text.YawPID_SetTarget)
                  000059b0    0000000a     driverlib.a : dl_common.o (.text.DL_Common_delayCycles)
                  000059ba    0000000a     libc.a : _printfi.c.obj (.text.OUTLINED_FUNCTION_0)
                  000059c4    00000010     libclang_rt.builtins.a : adddf3.S.obj (.tramp.__aeabi_dsub.1)
                  000059d4    0000000a     libc.a : _printfi.c.obj (.text.OUTLINED_FUNCTION_1)
                  000059de    0000000a            : sprintf.c.obj (.text._outc)
                  000059e8    00000008     IMU.o (.text.IMU_Init)
                  000059f0    00000008     MAXICAM.o (.text.MAIXCAM_Init)
                  000059f8    00000008     libc.a : aeabi_portable.c.obj (.text.__aeabi_errno_addr)
                  00005a00    00000008     libclang_rt.builtins.a : aeabi_memcpy.S.obj (.text.__aeabi_memcpy)
                  00005a08    00000006     libc.a : exit.c.obj (.text:abort)
                  00005a0e    00000004     libsysbm.a : hostexit.c.obj (.text.HOSTexit)
                  00005a12    00000004     startup_mspm0g350x_ticlang.o (.text.Reset_Handler)
                  00005a16    00000004     libc.a : pre_init.c.obj (.text._system_pre_init)
                  00005a1a    00000006     --HOLE-- [fill = 0]

.cinit     0    00009010    00000048     
                  00009010    00000022     (.cinit..data.load) [load image, compression = lzss]
                  00009032    00000002     --HOLE-- [fill = 0]
                  00009034    0000000c     (__TI_handler_table)
                  00009040    00000008     (.cinit..bss.load) [load image, compression = zero_init]
                  00009048    00000010     (__TI_cinit_table)

.rodata    0    00005a20    000035f0     
                  00005a20    000017c0     lcd.o (.rodata.ascii_3216)
                  000071e0    000011d0     lcd.o (.rodata.ascii_2412)
                  000083b0    000005f0     lcd.o (.rodata.ascii_1608)
                  000089a0    00000474     lcd.o (.rodata.ascii_1206)
                  00008e14    0000000a     ti_msp_dl_config.o (.rodata.gSPI_LCD_config)
                  00008e1e    00000002     ti_msp_dl_config.o (.rodata.gSPI_LCD_clockConfig)
                  00008e20    00000101     libc.a : aeabi_ctype.S.obj (.rodata:__aeabi_ctype_table_)
                  00008f21    00000003     ti_msp_dl_config.o (.rodata.gPWM_0ClockConfig)
                  00008f24    00000014     ti_msp_dl_config.o (.rodata.gTIMER_TICKTimerConfig)
                  00008f38    00000011     libc.a : _printfi.c.obj (.rodata.str1.10348868589481759720.1)
                  00008f49    00000011            : _printfi.c.obj (.rodata.str1.15363888844622738466.1)
                  00008f5a    0000000e     empty.o (.rodata.str1.9517790425240694019.1)
                  00008f68    0000000a     ti_msp_dl_config.o (.rodata.gUART_0Config)
                  00008f72    0000000a     ti_msp_dl_config.o (.rodata.gUART_1Config)
                  00008f7c    0000000a     ti_msp_dl_config.o (.rodata.gUART_2Config)
                  00008f86    0000000a     ti_msp_dl_config.o (.rodata.gUART_3Config)
                  00008f90    0000000a     empty.o (.rodata.str1.9410084661655729462.1)
                  00008f9a    00000009     empty.o (.rodata.str1.11898133897667081452.1)
                  00008fa3    00000009     empty.o (.rodata.str1.14685083708502177989.1)
                  00008fac    00000009     empty.o (.rodata.str1.16704889451495720520.1)
                  00008fb5    00000003     ti_msp_dl_config.o (.rodata.gPWM_1ClockConfig)
                  00008fb8    00000008     ti_msp_dl_config.o (.rodata.gPWM_0Config)
                  00008fc0    00000008     ti_msp_dl_config.o (.rodata.gPWM_1Config)
                  00008fc8    00000008     empty.o (.rodata.str1.17669528882079347314.1)
                  00008fd0    00000008     empty.o (.rodata.str1.254342170260855183.1)
                  00008fd8    00000008     empty.o (.rodata.str1.7401042497206923953.1)
                  00008fe0    00000007     empty.o (.rodata.str1.17686411042290499047.1)
                  00008fe7    00000006     empty.o (.rodata.str1.15170238581331914936.1)
                  00008fed    00000005     empty.o (.rodata.str1.7386103758396746866.1)
                  00008ff2    00000004     empty.o (.rodata.str1.150872071346279890.1)
                  00008ff6    00000004     empty.o (.rodata.str1.15706828512682300538.1)
                  00008ffa    00000004     empty.o (.rodata.str1.2196762768037919588.1)
                  00008ffe    00000003     ti_msp_dl_config.o (.rodata.gTIMER_TICKClockConfig)
                  00009001    00000002     ti_msp_dl_config.o (.rodata.gUART_0ClockConfig)
                  00009003    00000002     ti_msp_dl_config.o (.rodata.gUART_1ClockConfig)
                  00009005    00000002     ti_msp_dl_config.o (.rodata.gUART_2ClockConfig)
                  00009007    00000002     ti_msp_dl_config.o (.rodata.gUART_3ClockConfig)
                  00009009    00000007     --HOLE-- [fill = 0]

.init_array 
*          0    00000000    00000000     UNINITIALIZED

.binit     0    00000000    00000000     

.bss       0    20200000    00000289     UNINITIALIZED
                  20200000    000000bc     (.common:gPWM_0Backup)
                  202000bc    000000bc     (.common:gTIMER_TICKBackup)
                  20200178    00000030     (.common:Yaw_Circle)
                  202001a8    00000030     (.common:gUART_3Backup)
                  202001d8    00000028     (.common:Wheel_Left)
                  20200200    00000028     (.common:Wheel_Right)
                  20200228    00000028     (.common:gSPI_LCDBackup)
                  20200250    0000000c     ENCODER.o (.bss.motor_encoder1)
                  2020025c    0000000c     ENCODER.o (.bss.motor_encoder2)
                  20200268    0000000b     IMU.o (.bss.CopeSerial2Data.ucRxBuffer)
                  20200273    00000001     (.common:Mode)
                  20200274    00000004     (.common:Distance)
                  20200278    00000004     (.common:Target_Yaw)
                  2020027c    00000004     (.common:Velocity_Counter)
                  20200280    00000004     (.common:Yaw_Value)
                  20200284    00000004     (.common:time)
                  20200288    00000001     (.common:Track_Value)

.data      0    2020028c    00000079     UNINITIALIZED
                  2020028c    00000014     IMU.o (.data.stcAccel)
                  202002a0    00000014     IMU.o (.data.stcGyro)
                  202002b4    00000010     IMU.o (.data.stcQuat)
                  202002c4    0000000c     IMU.o (.data.stcAngle)
                  202002d0    00000005     IMU.o (.data.Key)
                  202002d5    00000005     IMU.o (.data.Save)
                  202002da    00000005     IMU.o (.data.Yaw_Zero)
                  202002df    00000001     IMU.o (.data.CopeSerial2Data.ucRxCnt)
                  202002e0    00000004     empty.o (.data.PID_KD)
                  202002e4    00000004     empty.o (.data.PID_KI)
                  202002e8    00000004     empty.o (.data.PID_KP)
                  202002ec    00000004     empty.o (.data.Run_AngleHold.Last_Direction)
                  202002f0    00000004     empty.o (.data.Run_Track.Last_Error)
                  202002f4    00000004     MAXICAM.o (.data.UART3_IRQHandler.buffer)
                  202002f8    00000004     libc.a : aeabi_portable.c.obj (.data.__aeabi_errno)
                  202002fc    00000004     MAXICAM.o (.data.maixcam_data)
                  20200300    00000001     TRACK.o (.data.Track_Get.Track_Value)
                  20200301    00000001     MAXICAM.o (.data.UART3_IRQHandler.shift)
                  20200302    00000001     MAXICAM.o (.data.UART3_IRQHandler.state)
                  20200303    00000001     MAXICAM.o (.data.maixcam_rx_ready)
                  20200304    00000001     IMU.o (.data.uart_data)

.stack     0    20207e00    00000200     UNINITIALIZED
                  20207e00    00000004     libc.a : boot_cortex_m.c.obj (.stack)
                  20207e04    000001fc     --HOLE--

.BCRConfig 
*          0    41c00000    00000060     
                  41c00000    00000060     boot_config.o (.BCRConfig)

.BSLConfig 
*          0    41c00100    00000058     
                  41c00100    00000058     boot_config.o (.BSLConfig)

__llvm_prf_cnts 
*          0    20200000    00000000     UNINITIALIZED

__llvm_prf_bits 
*          0    20200000    00000000     UNINITIALIZED

MODULE SUMMARY

       Module                         code    ro data   rw data
       ------                         ----    -------   -------
    .\
       empty.o                        2464    105       122    
       ti_msp_dl_config.o             1436    105       464    
       startup_mspm0g350x_ticlang.o   6       192       0      
       boot_config.o                  0       184       0      
    +--+------------------------------+-------+---------+---------+
       Total:                         3906    586       586    
                                                               
    .\BPS\Board\
       board.o                        414     0         0      
    +--+------------------------------+-------+---------+---------+
       Total:                         414     0         0      
                                                               
    .\BPS\lcd\
       lcd.o                          2754    13300     0      
       lcd_init.o                     4228    0         0      
    +--+------------------------------+-------+---------+---------+
       Total:                         6982    13300     0      
                                                               
    .\BPS\src\
       IMU.o                          776     0         96     
       YAW_PID.o                      440     0         48     
       STEP_MOTOR.o                   240     0         0      
       MAXICAM.o                      216     0         11     
       ENCODER.o                      192     0         24     
       TRACK.o                        168     0         1      
       MOTOR.o                        120     0         0      
       My_STEPMOTOR.o                 100     0         0      
    +--+------------------------------+-------+---------+---------+
       Total:                         2252    0         180    
                                                               
    E:/SDK/Ti/mspm0_sdk_2_10_00_04/mspm0_sdk_2_11_00_07/source/ti/driverlib/lib/ticlang/m0p/mspm0g1x0x_g3x0x/driverlib.a
       dl_timer.o                     608     0         0      
       dl_uart.o                      138     0         0      
       dl_spi.o                       86      0         0      
       dl_common.o                    10      0         0      
    +--+------------------------------+-------+---------+---------+
       Total:                         842     0         0      
                                                               
    E:\software\IDE\Code Composer Studio\ccs\tools\compiler\ti-cgt-armllvm_4.0.4.LTS\lib\armv6m-ti-none-eabi/c/libc.a
       _printfi.c.obj                 4510    34        0      
       aeabi_ctype.S.obj              0       257       0      
       s_scalbn.c.obj                 216     0         0      
       memcpy16.S.obj                 154     0         0      
       copy_decompress_lzss.c.obj     124     0         0      
       memset16.S.obj                 98      0         0      
       s_frexp.c.obj                  92      0         0      
       sprintf.c.obj                  90      0         0      
       _ltoa.c.obj                    88      0         0      
       atoi.c.obj                     64      0         0      
       autoinit.c.obj                 60      0         0      
       boot_cortex_m.c.obj            40      0         0      
       memccpy.c.obj                  34      0         0      
       copy_zero_init.c.obj           22      0         0      
       copy_decompress_none.c.obj     18      0         0      
       wcslen.c.obj                   16      0         0      
       aeabi_portable.c.obj           8       0         4      
       exit.c.obj                     6       0         0      
       pre_init.c.obj                 4       0         0      
    +--+------------------------------+-------+---------+---------+
       Total:                         5644    291       4      
                                                               
    E:\software\IDE\Code Composer Studio\ccs\tools\compiler\ti-cgt-armllvm_4.0.4.LTS\lib\armv6m-ti-none-eabi/c/libsysbm.a
       hostexit.c.obj                 4       0         0      
    +--+------------------------------+-------+---------+---------+
       Total:                         4       0         0      
                                                               
    E:\software\IDE\Code Composer Studio\ccs\tools\compiler\ti-cgt-armllvm_4.0.4.LTS\lib\armv6m-ti-none-eabi/libclang_rt.builtins.a
       adddf3.S.obj                   418     0         0      
       divdf3.S.obj                   268     0         0      
       muldf3.S.obj                   228     0         0      
       comparedf2.c.obj               220     0         0      
       addsf3.S.obj                   216     0         0      
       udivmoddi4.S.obj               162     0         0      
       mulsf3.S.obj                   140     0         0      
       divsf3.S.obj                   130     0         0      
       comparesf2.S.obj               118     0         0      
       aeabi_dcmp.S.obj               98      0         0      
       aeabi_fcmp.S.obj               98      0         0      
       aeabi_idivmod.S.obj            86      0         0      
       fixdfsi.S.obj                  74      0         0      
       aeabi_uidivmod.S.obj           64      0         0      
       extendsfdf2.S.obj              64      0         0      
       floatsisf.S.obj                60      0         0      
       muldsi3.S.obj                  58      0         0      
       fixsfsi.S.obj                  56      0         0      
       fixunssfsi.S.obj               50      0         0      
       floatsidf.S.obj                44      0         0      
       floatunsisf.S.obj              40      0         0      
       muldi3.S.obj                   36      0         0      
       ashldi3.S.obj                  30      0         0      
       aeabi_uldivmod.S.obj           20      0         0      
       aeabi_memset.S.obj             14      0         0      
       aeabi_memcpy.S.obj             8       0         0      
       aeabi_div0.c.obj               4       0         0      
    +--+------------------------------+-------+---------+---------+
       Total:                         2804    0         0      
                                                               
       Stack:                         0       0         512    
       Linker Generated:              0       70        0      
    +--+------------------------------+-------+---------+---------+
       Grand Total:                   22848   14247     1282   


LINKER GENERATED COPY TABLES

__TI_cinit_table @ 00009048 records: 2, size/record: 8, table size: 16
	.data: load addr=00009010, load size=00000022 bytes, run addr=2020028c, run size=00000079 bytes, compression=lzss
	.bss: load addr=00009040, load size=00000008 bytes, run addr=20200000, run size=00000289 bytes, compression=zero_init


LINKER GENERATED HANDLER TABLE

__TI_handler_table @ 00009034 records: 3, size/record: 4, table size: 12
	index: 0, handler: __TI_decompress_lzss
	index: 1, handler: __TI_decompress_none
	index: 2, handler: __TI_zero_init


FAR CALL TRAMPOLINES

callee name               trampoline name
   callee addr  tramp addr   call addr  call info
--------------  -----------  ---------  ----------------
__aeabi_dsub              $Tramp$TT$L$PI$$__aeabi_dsub
   00002f11     000059c4     000059c2   libc.a : _printfi.c.obj (.text.OUTLINED_FUNCTION_0)

[1 trampolines]
[1 trampoline calls]


GLOBAL SYMBOLS: SORTED ALPHABETICALLY BY Name 

address   name                            
-------   ----                            
00002837  ADC0_IRQHandler                 
00002837  ADC1_IRQHandler                 
00002837  AES_IRQHandler                  
00005365  AO_Control                      
41c00000  BCRConfig                       
000053a1  BO_Control                      
41c00100  BSLConfig                       
00005a0e  C$$EXIT                         
00002837  CANFD0_IRQHandler               
00001f39  CopeSerial2Data                 
00002837  DAC0_IRQHandler                 
000059b1  DL_Common_delayCycles           
00005199  DL_SPI_init                     
00005909  DL_SPI_setClockConfig           
00003a71  DL_Timer_initFourCCPWMMode      
00003b75  DL_Timer_initTimerMode          
00005849  DL_Timer_setCaptCompUpdateMethod
00005881  DL_Timer_setCaptureCompareOutCtl
00005941  DL_Timer_setCaptureCompareValue 
00005865  DL_Timer_setClockConfig         
00005151  DL_UART_init                    
0000591b  DL_UART_setClockConfig          
00005685  DL_UART_transmitDataBlocking    
00002837  DMA_IRQHandler                  
00002837  Default_Handler                 
00005961  Delay_ms                        
20200274  Distance                        
00005509  Encoder_Get                     
000056b5  Encoder_Init                    
00002837  GROUP0_IRQHandler               
00004dc9  GROUP1_IRQHandler               
00005a0f  HOSTexit                        
00002837  HardFault_Handler               
00002837  I2C0_IRQHandler                 
00002837  I2C1_IRQHandler                 
000059e9  IMU_Init                        
202002d0  Key                             
000021cd  LCD_Address_Set                 
00001c79  LCD_Fill                        
000000c1  LCD_Init                        
00001879  LCD_ShowChar                    
00002d75  LCD_ShowFloatNum                
00002619  LCD_ShowIntNum                  
000050b9  LCD_ShowString                  
00004871  LCD_WR_DATA                     
000059f1  MAIXCAM_Init                    
20200273  Mode                            
00002837  NMI_Handler                     
202002e0  PID_KD                          
202002e4  PID_KI                          
202002e8  PID_KP                          
00002837  PendSV_Handler                  
00002837  RTC_IRQHandler                  
00005a13  Reset_Handler                   
00003c71  Run_AngleHold                   
00003721  Run_Track                       
00002837  SPI0_IRQHandler                 
00002837  SPI1_IRQHandler                 
00002837  SVC_Handler                     
000035f5  SYSCFG_DL_GPIO_init             
00004715  SYSCFG_DL_PWM_0_init            
00004789  SYSCFG_DL_PWM_1_init            
00005021  SYSCFG_DL_SPI_LCD_init          
0000506d  SYSCFG_DL_SYSCTL_init           
00004fd1  SYSCFG_DL_TIMER_TICK_init       
000048e1  SYSCFG_DL_UART_0_init           
00004951  SYSCFG_DL_UART_1_init           
000049c1  SYSCFG_DL_UART_2_init           
00004a31  SYSCFG_DL_UART_3_init           
00004e21  SYSCFG_DL_init                  
0000458d  SYSCFG_DL_initPower             
202002d5  Save                            
00003211  Show_Init                       
00002bc9  Show_Update                     
00004be1  StepMotor_Init                  
00002837  SysTick_Handler                 
00004aa1  System_Init                     
00002837  TIMA0_IRQHandler                
00005741  TIMA1_IRQHandler                
00002837  TIMG0_IRQHandler                
00002837  TIMG12_IRQHandler               
00002837  TIMG6_IRQHandler                
00002837  TIMG7_IRQHandler                
00002837  TIMG8_IRQHandler                
20200278  Target_Yaw                      
0000431d  Track_Get                       
20200288  Track_Value                     
00005769  UART0_IRQHandler                
000051dd  UART0_Init                      
00002837  UART1_IRQHandler                
00002837  UART2_IRQHandler                
0000419d  UART3_IRQHandler                
00005221  UART3_Init                      
2020027c  Velocity_Counter                
00003e39  Velocity_Get                    
202001d8  Wheel_Left                      
20200200  Wheel_Right                     
0000598d  Yaw                             
00003365  YawPID_Compute                  
00005899  YawPID_Enable                   
000055e9  YawPID_Init                     
00005999  YawPID_ResetIntegral            
000059a5  YawPID_SetTarget                
20200178  Yaw_Circle                      
20200280  Yaw_Value                       
202002da  Yaw_Zero                        
20208000  __STACK_END                     
00000200  __STACK_SIZE                    
00000000  __TI_ATRegion0_region_sz        
00000000  __TI_ATRegion0_src_addr         
00000000  __TI_ATRegion0_trg_addr         
00000000  __TI_ATRegion1_region_sz        
00000000  __TI_ATRegion1_src_addr         
00000000  __TI_ATRegion1_trg_addr         
00000000  __TI_ATRegion2_region_sz        
00000000  __TI_ATRegion2_src_addr         
00000000  __TI_ATRegion2_trg_addr         
00009048  __TI_CINIT_Base                 
00009058  __TI_CINIT_Limit                
00009058  __TI_CINIT_Warm                 
00009034  __TI_Handler_Table_Base         
00009040  __TI_Handler_Table_Limit        
00005455  __TI_auto_init_nobinit_nopinit  
00004699  __TI_decompress_lzss            
0000592d  __TI_decompress_none            
00004e79  __TI_ltoa                       
ffffffff  __TI_pprof_out_hndl             
00000ea9  __TI_printfi                    
ffffffff  __TI_prof_data_size             
ffffffff  __TI_prof_data_start            
00000000  __TI_static_base__              
000058c9  __TI_zero_init_nomemset         
00002f1b  __adddf3                        
00003ffb  __addsf3                        
00008e20  __aeabi_ctype_table_            
00008e20  __aeabi_ctype_table_C           
00005105  __aeabi_d2iz                    
00002f1b  __aeabi_dadd                    
00004c45  __aeabi_dcmpeq                  
00004c81  __aeabi_dcmpge                  
00004c95  __aeabi_dcmpgt                  
00004c6d  __aeabi_dcmple                  
00004c59  __aeabi_dcmplt                  
00003965  __aeabi_ddiv                    
00003d55  __aeabi_dmul                    
00002f11  __aeabi_dsub                    
202002f8  __aeabi_errno                   
000059f9  __aeabi_errno_addr              
000052a5  __aeabi_f2d                     
00005541  __aeabi_f2iz                    
00005651  __aeabi_f2uiz                   
00003ffb  __aeabi_fadd                    
00004ca9  __aeabi_fcmpeq                  
00004ce5  __aeabi_fcmpge                  
00004cf9  __aeabi_fcmpgt                  
00004cd1  __aeabi_fcmple                  
00004cbd  __aeabi_fcmplt                  
00004615  __aeabi_fdiv                    
00004501  __aeabi_fmul                    
00003ff1  __aeabi_fsub                    
00005715  __aeabi_i2d                     
000053dd  __aeabi_i2f                     
00004f29  __aeabi_idiv                    
00002f0f  __aeabi_idiv0                   
00004f29  __aeabi_idivmod                 
000030a3  __aeabi_ldiv0                   
00005829  __aeabi_llsl                    
000057e1  __aeabi_lmul                    
00005a01  __aeabi_memcpy                  
00005a01  __aeabi_memcpy4                 
00005a01  __aeabi_memcpy8                 
00005971  __aeabi_memset                  
00005971  __aeabi_memset4                 
00005971  __aeabi_memset8                 
00005791  __aeabi_ui2f                    
00005265  __aeabi_uidiv                   
00005265  __aeabi_uidivmod                
000058e1  __aeabi_uldivmod                
00005829  __ashldi3                       
ffffffff  __binit__                       
00004b11  __cmpdf2                        
00005491  __cmpsf2                        
00003965  __divdf3                        
00004615  __divsf3                        
00004b11  __eqdf2                         
00005491  __eqsf2                         
000052a5  __extendsfdf2                   
00005105  __fixdfsi                       
00005541  __fixsfsi                       
00005651  __fixunssfsi                    
00005715  __floatsidf                     
000053dd  __floatsisf                     
00005791  __floatunsisf                   
000047fd  __gedf2                         
00005419  __gesf2                         
000047fd  __gtdf2                         
00005419  __gtsf2                         
00004b11  __ledf2                         
00005491  __lesf2                         
00004b11  __ltdf2                         
00005491  __ltsf2                         
UNDEFED   __mpu_init                      
00003d55  __muldf3                        
000057e1  __muldi3                        
000054cd  __muldsi3                       
00004501  __mulsf3                        
00004b11  __nedf2                         
00005491  __nesf2                         
20207e00  __stack                         
20200000  __start___llvm_prf_bits         
20200000  __start___llvm_prf_cnts         
20200000  __stop___llvm_prf_bits          
20200000  __stop___llvm_prf_cnts          
00002f11  __subdf3                        
00003ff1  __subsf3                        
000043c5  __udivmoddi4                    
000057b9  _c_int00_noargs                 
UNDEFED   _system_post_cinit              
00005a17  _system_pre_init                
00005a09  abort                           
000089a0  ascii_1206                      
000083b0  ascii_1608                      
000071e0  ascii_2412                      
00005a20  ascii_3216                      
000052e5  atoi                            
ffffffff  binit                           
00004d6d  frexp                           
00004d6d  frexpl                          
20200000  gPWM_0Backup                    
20200228  gSPI_LCDBackup                  
202000bc  gTIMER_TICKBackup               
202001a8  gUART_3Backup                   
00000000  interruptVectors                
00003f19  ldexp                           
00003f19  ldexpl                          
00002a15  main                            
202002fc  maixcam_data                    
20200303  maixcam_rx_ready                
00005805  memccpy                         
00004467  memcpy                          
00004d0b  memset                          
00003f19  scalbn                          
00003f19  scalbnl                         
00005579  sendCaliYawCommand              
000055b1  sprintf                         
2020028c  stcAccel                        
202002c4  stcAngle                        
202002a0  stcGyro                         
202002b4  stcQuat                         
20200284  time                            
000040c9  uart0_send_SendByte             
0000561d  uart2_sendString                
20200304  uart_data                       
00005951  wcslen                          
00005325  zdt_emm_enable_no_reply         
0000426d  zdt_emm_position_pulses_no_reply


GLOBAL SYMBOLS: SORTED BY Symbol Address 

address   name                            
-------   ----                            
00000000  __TI_ATRegion0_region_sz        
00000000  __TI_ATRegion0_src_addr         
00000000  __TI_ATRegion0_trg_addr         
00000000  __TI_ATRegion1_region_sz        
00000000  __TI_ATRegion1_src_addr         
00000000  __TI_ATRegion1_trg_addr         
00000000  __TI_ATRegion2_region_sz        
00000000  __TI_ATRegion2_src_addr         
00000000  __TI_ATRegion2_trg_addr         
00000000  __TI_static_base__              
00000000  interruptVectors                
000000c1  LCD_Init                        
00000200  __STACK_SIZE                    
00000ea9  __TI_printfi                    
00001879  LCD_ShowChar                    
00001c79  LCD_Fill                        
00001f39  CopeSerial2Data                 
000021cd  LCD_Address_Set                 
00002619  LCD_ShowIntNum                  
00002837  ADC0_IRQHandler                 
00002837  ADC1_IRQHandler                 
00002837  AES_IRQHandler                  
00002837  CANFD0_IRQHandler               
00002837  DAC0_IRQHandler                 
00002837  DMA_IRQHandler                  
00002837  Default_Handler                 
00002837  GROUP0_IRQHandler               
00002837  HardFault_Handler               
00002837  I2C0_IRQHandler                 
00002837  I2C1_IRQHandler                 
00002837  NMI_Handler                     
00002837  PendSV_Handler                  
00002837  RTC_IRQHandler                  
00002837  SPI0_IRQHandler                 
00002837  SPI1_IRQHandler                 
00002837  SVC_Handler                     
00002837  SysTick_Handler                 
00002837  TIMA0_IRQHandler                
00002837  TIMG0_IRQHandler                
00002837  TIMG12_IRQHandler               
00002837  TIMG6_IRQHandler                
00002837  TIMG7_IRQHandler                
00002837  TIMG8_IRQHandler                
00002837  UART1_IRQHandler                
00002837  UART2_IRQHandler                
00002a15  main                            
00002bc9  Show_Update                     
00002d75  LCD_ShowFloatNum                
00002f0f  __aeabi_idiv0                   
00002f11  __aeabi_dsub                    
00002f11  __subdf3                        
00002f1b  __adddf3                        
00002f1b  __aeabi_dadd                    
000030a3  __aeabi_ldiv0                   
00003211  Show_Init                       
00003365  YawPID_Compute                  
000035f5  SYSCFG_DL_GPIO_init             
00003721  Run_Track                       
00003965  __aeabi_ddiv                    
00003965  __divdf3                        
00003a71  DL_Timer_initFourCCPWMMode      
00003b75  DL_Timer_initTimerMode          
00003c71  Run_AngleHold                   
00003d55  __aeabi_dmul                    
00003d55  __muldf3                        
00003e39  Velocity_Get                    
00003f19  ldexp                           
00003f19  ldexpl                          
00003f19  scalbn                          
00003f19  scalbnl                         
00003ff1  __aeabi_fsub                    
00003ff1  __subsf3                        
00003ffb  __addsf3                        
00003ffb  __aeabi_fadd                    
000040c9  uart0_send_SendByte             
0000419d  UART3_IRQHandler                
0000426d  zdt_emm_position_pulses_no_reply
0000431d  Track_Get                       
000043c5  __udivmoddi4                    
00004467  memcpy                          
00004501  __aeabi_fmul                    
00004501  __mulsf3                        
0000458d  SYSCFG_DL_initPower             
00004615  __aeabi_fdiv                    
00004615  __divsf3                        
00004699  __TI_decompress_lzss            
00004715  SYSCFG_DL_PWM_0_init            
00004789  SYSCFG_DL_PWM_1_init            
000047fd  __gedf2                         
000047fd  __gtdf2                         
00004871  LCD_WR_DATA                     
000048e1  SYSCFG_DL_UART_0_init           
00004951  SYSCFG_DL_UART_1_init           
000049c1  SYSCFG_DL_UART_2_init           
00004a31  SYSCFG_DL_UART_3_init           
00004aa1  System_Init                     
00004b11  __cmpdf2                        
00004b11  __eqdf2                         
00004b11  __ledf2                         
00004b11  __ltdf2                         
00004b11  __nedf2                         
00004be1  StepMotor_Init                  
00004c45  __aeabi_dcmpeq                  
00004c59  __aeabi_dcmplt                  
00004c6d  __aeabi_dcmple                  
00004c81  __aeabi_dcmpge                  
00004c95  __aeabi_dcmpgt                  
00004ca9  __aeabi_fcmpeq                  
00004cbd  __aeabi_fcmplt                  
00004cd1  __aeabi_fcmple                  
00004ce5  __aeabi_fcmpge                  
00004cf9  __aeabi_fcmpgt                  
00004d0b  memset                          
00004d6d  frexp                           
00004d6d  frexpl                          
00004dc9  GROUP1_IRQHandler               
00004e21  SYSCFG_DL_init                  
00004e79  __TI_ltoa                       
00004f29  __aeabi_idiv                    
00004f29  __aeabi_idivmod                 
00004fd1  SYSCFG_DL_TIMER_TICK_init       
00005021  SYSCFG_DL_SPI_LCD_init          
0000506d  SYSCFG_DL_SYSCTL_init           
000050b9  LCD_ShowString                  
00005105  __aeabi_d2iz                    
00005105  __fixdfsi                       
00005151  DL_UART_init                    
00005199  DL_SPI_init                     
000051dd  UART0_Init                      
00005221  UART3_Init                      
00005265  __aeabi_uidiv                   
00005265  __aeabi_uidivmod                
000052a5  __aeabi_f2d                     
000052a5  __extendsfdf2                   
000052e5  atoi                            
00005325  zdt_emm_enable_no_reply         
00005365  AO_Control                      
000053a1  BO_Control                      
000053dd  __aeabi_i2f                     
000053dd  __floatsisf                     
00005419  __gesf2                         
00005419  __gtsf2                         
00005455  __TI_auto_init_nobinit_nopinit  
00005491  __cmpsf2                        
00005491  __eqsf2                         
00005491  __lesf2                         
00005491  __ltsf2                         
00005491  __nesf2                         
000054cd  __muldsi3                       
00005509  Encoder_Get                     
00005541  __aeabi_f2iz                    
00005541  __fixsfsi                       
00005579  sendCaliYawCommand              
000055b1  sprintf                         
000055e9  YawPID_Init                     
0000561d  uart2_sendString                
00005651  __aeabi_f2uiz                   
00005651  __fixunssfsi                    
00005685  DL_UART_transmitDataBlocking    
000056b5  Encoder_Init                    
00005715  __aeabi_i2d                     
00005715  __floatsidf                     
00005741  TIMA1_IRQHandler                
00005769  UART0_IRQHandler                
00005791  __aeabi_ui2f                    
00005791  __floatunsisf                   
000057b9  _c_int00_noargs                 
000057e1  __aeabi_lmul                    
000057e1  __muldi3                        
00005805  memccpy                         
00005829  __aeabi_llsl                    
00005829  __ashldi3                       
00005849  DL_Timer_setCaptCompUpdateMethod
00005865  DL_Timer_setClockConfig         
00005881  DL_Timer_setCaptureCompareOutCtl
00005899  YawPID_Enable                   
000058c9  __TI_zero_init_nomemset         
000058e1  __aeabi_uldivmod                
00005909  DL_SPI_setClockConfig           
0000591b  DL_UART_setClockConfig          
0000592d  __TI_decompress_none            
00005941  DL_Timer_setCaptureCompareValue 
00005951  wcslen                          
00005961  Delay_ms                        
00005971  __aeabi_memset                  
00005971  __aeabi_memset4                 
00005971  __aeabi_memset8                 
0000598d  Yaw                             
00005999  YawPID_ResetIntegral            
000059a5  YawPID_SetTarget                
000059b1  DL_Common_delayCycles           
000059e9  IMU_Init                        
000059f1  MAIXCAM_Init                    
000059f9  __aeabi_errno_addr              
00005a01  __aeabi_memcpy                  
00005a01  __aeabi_memcpy4                 
00005a01  __aeabi_memcpy8                 
00005a09  abort                           
00005a0e  C$$EXIT                         
00005a0f  HOSTexit                        
00005a13  Reset_Handler                   
00005a17  _system_pre_init                
00005a20  ascii_3216                      
000071e0  ascii_2412                      
000083b0  ascii_1608                      
000089a0  ascii_1206                      
00008e20  __aeabi_ctype_table_            
00008e20  __aeabi_ctype_table_C           
00009034  __TI_Handler_Table_Base         
00009040  __TI_Handler_Table_Limit        
00009048  __TI_CINIT_Base                 
00009058  __TI_CINIT_Limit                
00009058  __TI_CINIT_Warm                 
20200000  __start___llvm_prf_bits         
20200000  __start___llvm_prf_cnts         
20200000  __stop___llvm_prf_bits          
20200000  __stop___llvm_prf_cnts          
20200000  gPWM_0Backup                    
202000bc  gTIMER_TICKBackup               
20200178  Yaw_Circle                      
202001a8  gUART_3Backup                   
202001d8  Wheel_Left                      
20200200  Wheel_Right                     
20200228  gSPI_LCDBackup                  
20200273  Mode                            
20200274  Distance                        
20200278  Target_Yaw                      
2020027c  Velocity_Counter                
20200280  Yaw_Value                       
20200284  time                            
20200288  Track_Value                     
2020028c  stcAccel                        
202002a0  stcGyro                         
202002b4  stcQuat                         
202002c4  stcAngle                        
202002d0  Key                             
202002d5  Save                            
202002da  Yaw_Zero                        
202002e0  PID_KD                          
202002e4  PID_KI                          
202002e8  PID_KP                          
202002f8  __aeabi_errno                   
202002fc  maixcam_data                    
20200303  maixcam_rx_ready                
20200304  uart_data                       
20207e00  __stack                         
20208000  __STACK_END                     
41c00000  BCRConfig                       
41c00100  BSLConfig                       
ffffffff  __TI_pprof_out_hndl             
ffffffff  __TI_prof_data_size             
ffffffff  __TI_prof_data_start            
ffffffff  __binit__                       
ffffffff  binit                           
UNDEFED   __mpu_init                      
UNDEFED   _system_post_cinit              

[256 symbols]
